=== corner ff_125c_2.97v -- mismatch samples (sw_stat_mismatch=1) ===
sample 0 seed=1131555226: RESULT: write_trip_voltage_v = 1.64198
sample 1 seed=1990319786: RESULT: write_trip_voltage_v = 1.62712
sample 2 seed=1468688859: RESULT: write_trip_voltage_v = 1.63872
sample 3 seed=658960552: RESULT: write_trip_voltage_v = 1.64362
sample 4 seed=1506274485: RESULT: write_trip_voltage_v = 1.63926
sample 5 seed=315637668: RESULT: write_trip_voltage_v = 1.6409
sample 6 seed=486500991: RESULT: write_trip_voltage_v = 1.64525
sample 7 seed=1780242398: RESULT: write_trip_voltage_v = 1.64144
sample 8 seed=1448468111: RESULT: write_trip_voltage_v = 1.62784
sample 9 seed=1989849466: RESULT: write_trip_voltage_v = 1.63727
sample 10 seed=776314231: RESULT: write_trip_voltage_v = 1.64126
sample 11 seed=1293761456: RESULT: write_trip_voltage_v = 1.6418
sample 12 seed=233650495: RESULT: write_trip_voltage_v = 1.63618
sample 13 seed=729543444: RESULT: write_trip_voltage_v = 1.64289
sample 14 seed=1819380864: RESULT: write_trip_voltage_v = 1.64633
sample 15 seed=865329894: RESULT: write_trip_voltage_v = 1.64289
sample 16 seed=615681738: RESULT: write_trip_voltage_v = 1.64597
sample 17 seed=1378291573: RESULT: write_trip_voltage_v = 1.64325
sample 18 seed=846367859: RESULT: write_trip_voltage_v = 1.62911
sample 19 seed=856921692: RESULT: write_trip_voltage_v = 1.63292
sample 20 seed=1433637427: RESULT: write_trip_voltage_v = 1.62367
sample 21 seed=1095800316: RESULT: write_trip_voltage_v = 1.62839
sample 22 seed=1229065815: RESULT: write_trip_voltage_v = 1.63546
sample 23 seed=1333049396: RESULT: write_trip_voltage_v = 1.64108
sample 24 seed=1345928077: RESULT: write_trip_voltage_v = 1.65123
sample 25 seed=711588685: RESULT: write_trip_voltage_v = 1.62513
sample 26 seed=1416279637: RESULT: write_trip_voltage_v = 1.64071
sample 27 seed=1689577354: RESULT: write_trip_voltage_v = 1.63963
sample 28 seed=1656640872: RESULT: write_trip_voltage_v = 1.63365
sample 29 seed=609550803: RESULT: write_trip_voltage_v = 1.63165
sample 30 seed=1626835712: RESULT: write_trip_voltage_v = 1.63709
sample 31 seed=1155902892: RESULT: write_trip_voltage_v = 1.62893
sample 32 seed=1820316697: RESULT: write_trip_voltage_v = 1.64815
sample 33 seed=1997015599: RESULT: write_trip_voltage_v = 1.63818
sample 34 seed=1432952742: RESULT: write_trip_voltage_v = 1.63636
sample 35 seed=598833252: RESULT: write_trip_voltage_v = 1.64815
sample 36 seed=214823684: RESULT: write_trip_voltage_v = 1.64778
sample 37 seed=287099466: RESULT: write_trip_voltage_v = 1.64362
sample 38 seed=1342505434: RESULT: write_trip_voltage_v = 1.6351
sample 39 seed=1190875167: RESULT: write_trip_voltage_v = 1.63401
sample 40 seed=1560149375: RESULT: write_trip_voltage_v = 1.6447
sample 41 seed=1070635074: RESULT: write_trip_voltage_v = 1.64652
sample 42 seed=1275311203: RESULT: write_trip_voltage_v = 1.64996
sample 43 seed=1372384693: RESULT: write_trip_voltage_v = 1.63691
sample 44 seed=1735751790: RESULT: write_trip_voltage_v = 1.63836
sample 45 seed=160187662: RESULT: write_trip_voltage_v = 1.64362
sample 46 seed=1457471497: RESULT: write_trip_voltage_v = 1.6534
sample 47 seed=725971771: RESULT: write_trip_voltage_v = 1.64887
sample 48 seed=751772635: RESULT: write_trip_voltage_v = 1.6273
sample 49 seed=286072253: RESULT: write_trip_voltage_v = 1.6467
sample 50 seed=415629158: RESULT: write_trip_voltage_v = 1.64289
sample 51 seed=59240728: RESULT: write_trip_voltage_v = 1.63908
sample 52 seed=1147023730: RESULT: write_trip_voltage_v = 1.63836
sample 53 seed=1453631236: RESULT: write_trip_voltage_v = 1.64923
sample 54 seed=363903622: RESULT: write_trip_voltage_v = 1.63854
sample 55 seed=1518819901: RESULT: write_trip_voltage_v = 1.63926
sample 56 seed=948904963: RESULT: write_trip_voltage_v = 1.63437
sample 57 seed=1489134867: RESULT: write_trip_voltage_v = 1.64362
sample 58 seed=81585126: RESULT: write_trip_voltage_v = 1.63056
sample 59 seed=34233100: RESULT: write_trip_voltage_v = 1.63473
sample 60 seed=352299701: RESULT: write_trip_voltage_v = 1.64343
sample 61 seed=436191855: RESULT: write_trip_voltage_v = 1.63328
sample 62 seed=556134076: RESULT: write_trip_voltage_v = 1.63691
sample 63 seed=1849900117: RESULT: write_trip_voltage_v = 1.63219
sample 64 seed=372353964: RESULT: write_trip_voltage_v = 1.64235
sample 65 seed=881411466: RESULT: write_trip_voltage_v = 1.63836
sample 66 seed=255812385: RESULT: write_trip_voltage_v = 1.64071
sample 67 seed=877199277: RESULT: write_trip_voltage_v = 1.63582
sample 68 seed=1321310249: RESULT: write_trip_voltage_v = 1.63781
sample 69 seed=1366078645: RESULT: write_trip_voltage_v = 1.64235
sample 70 seed=146611001: RESULT: write_trip_voltage_v = 1.63854
sample 71 seed=261013064: RESULT: write_trip_voltage_v = 1.63818
sample 72 seed=930501012: RESULT: write_trip_voltage_v = 1.64652
sample 73 seed=779454978: RESULT: write_trip_voltage_v = 1.63093
sample 74 seed=1087826693: RESULT: write_trip_voltage_v = 1.64452
sample 75 seed=1987847198: RESULT: write_trip_voltage_v = 1.63691
sample 76 seed=781598648: RESULT: write_trip_voltage_v = 1.63854
sample 77 seed=1683876289: RESULT: write_trip_voltage_v = 1.63763
sample 78 seed=872176707: RESULT: write_trip_voltage_v = 1.64053
sample 79 seed=893864394: RESULT: write_trip_voltage_v = 1.63256
sample 80 seed=367460113: RESULT: write_trip_voltage_v = 1.638
sample 81 seed=359772776: RESULT: write_trip_voltage_v = 1.64996
sample 82 seed=172902799: RESULT: write_trip_voltage_v = 1.64017
sample 83 seed=1371990510: RESULT: write_trip_voltage_v = 1.64216
sample 84 seed=1091996795: RESULT: write_trip_voltage_v = 1.62422
sample 85 seed=1902797566: RESULT: write_trip_voltage_v = 1.64615
sample 86 seed=847742768: RESULT: write_trip_voltage_v = 1.63528
sample 87 seed=700081188: RESULT: write_trip_voltage_v = 1.64416
sample 88 seed=162400834: RESULT: write_trip_voltage_v = 1.64942
sample 89 seed=1771553252: RESULT: write_trip_voltage_v = 1.63963
sample 90 seed=1050650531: RESULT: write_trip_voltage_v = 1.64652
sample 91 seed=829448480: RESULT: write_trip_voltage_v = 1.64543
sample 92 seed=1209718517: RESULT: write_trip_voltage_v = 1.63564
sample 93 seed=1368745710: RESULT: write_trip_voltage_v = 1.6409
sample 94 seed=92495498: RESULT: write_trip_voltage_v = 1.64633
sample 95 seed=110758868: RESULT: write_trip_voltage_v = 1.64289
sample 96 seed=493648265: RESULT: write_trip_voltage_v = 1.64905
sample 97 seed=1455839907: RESULT: write_trip_voltage_v = 1.64742
sample 98 seed=1343898789: RESULT: write_trip_voltage_v = 1.64543
sample 99 seed=276046475: RESULT: write_trip_voltage_v = 1.63636
sample 100 seed=660334907: RESULT: write_trip_voltage_v = 1.63963
sample 101 seed=541980491: RESULT: write_trip_voltage_v = 1.63002
sample 102 seed=724465757: RESULT: write_trip_voltage_v = 1.65014
sample 103 seed=175509571: RESULT: write_trip_voltage_v = 1.64144
sample 104 seed=99866883: RESULT: write_trip_voltage_v = 1.64887
sample 105 seed=195109324: RESULT: write_trip_voltage_v = 1.64126
sample 106 seed=186123760: RESULT: write_trip_voltage_v = 1.64144
sample 107 seed=1118826085: RESULT: write_trip_voltage_v = 1.63926
sample 108 seed=377284179: RESULT: write_trip_voltage_v = 1.64035
sample 109 seed=1186062889: RESULT: write_trip_voltage_v = 1.63763
sample 110 seed=649122249: RESULT: write_trip_voltage_v = 1.62839
sample 111 seed=1848064063: RESULT: write_trip_voltage_v = 1.64108
sample 112 seed=1370533305: RESULT: write_trip_voltage_v = 1.64362
sample 113 seed=1523751883: RESULT: write_trip_voltage_v = 1.6438
sample 114 seed=1460516282: RESULT: write_trip_voltage_v = 1.64307
sample 115 seed=201778674: RESULT: write_trip_voltage_v = 1.6447
sample 116 seed=1112226211: RESULT: write_trip_voltage_v = 1.6554
sample 117 seed=1065549224: RESULT: write_trip_voltage_v = 1.6409
sample 118 seed=1739393176: RESULT: write_trip_voltage_v = 1.63636
sample 119 seed=1958722687: RESULT: write_trip_voltage_v = 1.6496
sample 120 seed=1273535855: RESULT: write_trip_voltage_v = 1.64253
sample 121 seed=284392292: RESULT: write_trip_voltage_v = 1.63727
sample 122 seed=832003129: RESULT: write_trip_voltage_v = 1.63165
sample 123 seed=1528294001: RESULT: write_trip_voltage_v = 1.64633
sample 124 seed=135315964: RESULT: write_trip_voltage_v = 1.63455
sample 125 seed=1272216857: RESULT: write_trip_voltage_v = 1.64235
sample 126 seed=1904781194: RESULT: write_trip_voltage_v = 1.64362
sample 127 seed=1300951365: RESULT: write_trip_voltage_v = 1.64253
sample 128 seed=1493571318: RESULT: write_trip_voltage_v = 1.6438
sample 129 seed=968837264: RESULT: write_trip_voltage_v = 1.64398
sample 130 seed=2889983: RESULT: write_trip_voltage_v = 1.64289
sample 131 seed=154549983: RESULT: write_trip_voltage_v = 1.6447
sample 132 seed=1033927183: RESULT: write_trip_voltage_v = 1.62839
sample 133 seed=588147954: RESULT: write_trip_voltage_v = 1.64742
sample 134 seed=203577140: RESULT: write_trip_voltage_v = 1.65014
sample 135 seed=1118080352: RESULT: write_trip_voltage_v = 1.65141
sample 136 seed=200309786: RESULT: write_trip_voltage_v = 1.64706
sample 137 seed=822206880: RESULT: write_trip_voltage_v = 1.64942
sample 138 seed=303087524: RESULT: write_trip_voltage_v = 1.64543
sample 139 seed=1233103193: RESULT: write_trip_voltage_v = 1.6389
sample 140 seed=944081056: RESULT: write_trip_voltage_v = 1.63473
sample 141 seed=972311218: RESULT: write_trip_voltage_v = 1.6505
sample 142 seed=1213567903: RESULT: write_trip_voltage_v = 1.63618
sample 143 seed=1402760420: RESULT: write_trip_voltage_v = 1.64144
sample 144 seed=1756068689: RESULT: write_trip_voltage_v = 1.63709
sample 145 seed=1365074456: RESULT: write_trip_voltage_v = 1.64797
sample 146 seed=255499568: RESULT: write_trip_voltage_v = 1.65359
sample 147 seed=156048872: RESULT: write_trip_voltage_v = 1.638
sample 148 seed=17901746: RESULT: write_trip_voltage_v = 1.63926
sample 149 seed=274522423: RESULT: write_trip_voltage_v = 1.64633
sample 150 seed=1908351932: RESULT: write_trip_voltage_v = 1.638
sample 151 seed=186985468: RESULT: write_trip_voltage_v = 1.64144
sample 152 seed=1762620143: RESULT: write_trip_voltage_v = 1.64216
sample 153 seed=1302642934: RESULT: write_trip_voltage_v = 1.6438
sample 154 seed=1334740140: RESULT: write_trip_voltage_v = 1.6467
sample 155 seed=68696874: RESULT: write_trip_voltage_v = 1.63691
sample 156 seed=843210375: RESULT: write_trip_voltage_v = 1.63691
sample 157 seed=635056169: RESULT: write_trip_voltage_v = 1.6418
sample 158 seed=1553966786: RESULT: write_trip_voltage_v = 1.64271
sample 159 seed=689196566: RESULT: write_trip_voltage_v = 1.64035
sample 160 seed=1757730885: RESULT: write_trip_voltage_v = 1.63908
sample 161 seed=1904221957: RESULT: write_trip_voltage_v = 1.63455
sample 162 seed=720929373: RESULT: write_trip_voltage_v = 1.63709
sample 163 seed=226207268: RESULT: write_trip_voltage_v = 1.64108
sample 164 seed=433378024: RESULT: write_trip_voltage_v = 1.63709
sample 165 seed=1589341332: RESULT: write_trip_voltage_v = 1.6534
sample 166 seed=221565545: RESULT: write_trip_voltage_v = 1.65504
sample 167 seed=623884604: RESULT: write_trip_voltage_v = 1.63238
sample 168 seed=481993419: RESULT: write_trip_voltage_v = 1.64216
sample 169 seed=1667989910: RESULT: write_trip_voltage_v = 1.6351
sample 170 seed=1180766873: RESULT: write_trip_voltage_v = 1.6409
sample 171 seed=1186388736: RESULT: write_trip_voltage_v = 1.63528
sample 172 seed=1112937052: RESULT: write_trip_voltage_v = 1.65576
sample 173 seed=146508721: RESULT: write_trip_voltage_v = 1.63763
sample 174 seed=1120897468: RESULT: write_trip_voltage_v = 1.65105
sample 175 seed=379622189: RESULT: write_trip_voltage_v = 1.64198
sample 176 seed=939352600: RESULT: write_trip_voltage_v = 1.64416
sample 177 seed=204156008: RESULT: write_trip_voltage_v = 1.62222
sample 178 seed=1513916405: RESULT: write_trip_voltage_v = 1.63183
sample 179 seed=92502174: RESULT: write_trip_voltage_v = 1.64869
sample 180 seed=69027928: RESULT: write_trip_voltage_v = 1.64507
sample 181 seed=16693761: RESULT: write_trip_voltage_v = 1.64216
sample 182 seed=526411193: RESULT: write_trip_voltage_v = 1.6409
sample 183 seed=1943894509: RESULT: write_trip_voltage_v = 1.64108
sample 184 seed=1113091362: RESULT: write_trip_voltage_v = 1.64597
sample 185 seed=209016242: RESULT: write_trip_voltage_v = 1.64543
sample 186 seed=1296680915: RESULT: write_trip_voltage_v = 1.64144
sample 187 seed=971747222: RESULT: write_trip_voltage_v = 1.64688
sample 188 seed=945201532: RESULT: write_trip_voltage_v = 1.64035
sample 189 seed=892172844: RESULT: write_trip_voltage_v = 1.6476
sample 190 seed=29667861: RESULT: write_trip_voltage_v = 1.63183
sample 191 seed=453082580: RESULT: write_trip_voltage_v = 1.638
sample 192 seed=1145601404: RESULT: write_trip_voltage_v = 1.64778
sample 193 seed=230935236: RESULT: write_trip_voltage_v = 1.64253
sample 194 seed=30962324: RESULT: write_trip_voltage_v = 1.63618
sample 195 seed=1116926345: RESULT: write_trip_voltage_v = 1.64307
sample 196 seed=1025277395: RESULT: write_trip_voltage_v = 1.6418
sample 197 seed=1539174911: RESULT: write_trip_voltage_v = 1.63129
sample 198 seed=1939067539: RESULT: write_trip_voltage_v = 1.63056
sample 199 seed=1424191934: RESULT: write_trip_voltage_v = 1.64362

=== corner ff_125c_2.97v -- determinism control (sw_stat_mismatch=0) ===
sample 0 seed=1649341764: RESULT: write_trip_voltage_v = 1.64053
sample 1 seed=100783393: RESULT: write_trip_voltage_v = 1.64053
sample 2 seed=738082558: RESULT: write_trip_voltage_v = 1.64053
sample 3 seed=1611945833: RESULT: write_trip_voltage_v = 1.64053

=== corner ff_125c_2.97v -- negative control (known-bad variant: supply collapsed to 0.60 V, far below spec/sram.md's ratified 2.97 V minimum, with per-instance mismatch drawn at 6x the PDK's own sigma -- a write that no longer completes inside the fixed 1.8 ns write pulse) ===
sample 0 seed=560795296: RESULT: write_trip_voltage_v = 0.199475
sample 1 seed=952187612: RESULT: write_trip_voltage_v = -3.66211e-05
sample 2 seed=115733606: RESULT: write_trip_voltage_v = 0.277185
sample 3 seed=290475026: RESULT: write_trip_voltage_v = -3.66211e-05
sample 4 seed=1996193703: RESULT: write_trip_voltage_v = 0.253674
sample 5 seed=458837477: RESULT: write_trip_voltage_v = -3.66211e-05
sample 6 seed=18259576: RESULT: write_trip_voltage_v = 0.106311
sample 7 seed=1802195907: RESULT: write_trip_voltage_v = 0.201892
sample 8 seed=1636381507: RESULT: write_trip_voltage_v = -3.66211e-05
sample 9 seed=1722785381: RESULT: write_trip_voltage_v = 0.107117
sample 10 seed=1678954568: RESULT: write_trip_voltage_v = 0.249939
sample 11 seed=1142187850: RESULT: write_trip_voltage_v = 0.100818
sample 12 seed=587752751: RESULT: write_trip_voltage_v = 0.122461
sample 13 seed=972431068: RESULT: write_trip_voltage_v = 0.0641235
sample 14 seed=453900602: RESULT: write_trip_voltage_v = 0.159302
sample 15 seed=1393400113: RESULT: write_trip_voltage_v = 0.110046
sample 16 seed=1323133935: RESULT: write_trip_voltage_v = 0.207678
sample 17 seed=1782869120: RESULT: write_trip_voltage_v = 0.153113
sample 18 seed=955605440: RESULT: write_trip_voltage_v = -3.66211e-05
sample 19 seed=886968130: RESULT: write_trip_voltage_v = 0.0381226
sample 20 seed=1388540883: RESULT: write_trip_voltage_v = 0.102795
sample 21 seed=1963615840: RESULT: write_trip_voltage_v = -3.66211e-05
sample 22 seed=400522738: RESULT: write_trip_voltage_v = -3.66211e-05
sample 23 seed=535831754: RESULT: write_trip_voltage_v = 0.151868
sample 24 seed=840548181: RESULT: write_trip_voltage_v = 0.137988
sample 25 seed=438677184: RESULT: write_trip_voltage_v = 0.0616699
sample 26 seed=1144741256: RESULT: write_trip_voltage_v = 0.112317
sample 27 seed=1278941444: RESULT: write_trip_voltage_v = -3.66211e-05
sample 28 seed=1741719904: OPEN -- RESULT-ERROR: write_trip_voltage -- write succeeded even with no bit-line differential (VWRITE = VDD)
sample 29 seed=1976270775: RESULT: write_trip_voltage_v = 0.0463257
sample 30 seed=525235330: RESULT: write_trip_voltage_v = 0.119055
sample 31 seed=399610581: RESULT: write_trip_voltage_v = 0.248474
sample 32 seed=1833217823: RESULT: write_trip_voltage_v = 0.0593994
sample 33 seed=1286853259: RESULT: write_trip_voltage_v = 0.20127
sample 34 seed=1204790560: RESULT: write_trip_voltage_v = 0.0433594
sample 35 seed=1096483562: RESULT: write_trip_voltage_v = -3.66211e-05
sample 36 seed=24092367: RESULT: write_trip_voltage_v = -3.66211e-05
sample 37 seed=1667346721: RESULT: write_trip_voltage_v = 0.0366943
sample 38 seed=1669152689: RESULT: write_trip_voltage_v = 0.199658
sample 39 seed=1162801888: RESULT: write_trip_voltage_v = 0.220605
sample 40 seed=972889171: RESULT: write_trip_voltage_v = 0.225513
sample 41 seed=527711458: RESULT: write_trip_voltage_v = 0.250781
sample 42 seed=1994083359: RESULT: write_trip_voltage_v = 0.196729
sample 43 seed=483722669: RESULT: write_trip_voltage_v = 0.170837
sample 44 seed=242945552: RESULT: write_trip_voltage_v = 0.194128
sample 45 seed=335517670: RESULT: write_trip_voltage_v = 0.222437
sample 46 seed=74440350: RESULT: write_trip_voltage_v = -3.66211e-05
sample 47 seed=1545015819: RESULT: write_trip_voltage_v = 0.20105
sample 48 seed=88392469: RESULT: write_trip_voltage_v = 0.26261
sample 49 seed=1957496257: RESULT: write_trip_voltage_v = 0.165894
sample 50 seed=750079256: RESULT: write_trip_voltage_v = 0.141687
sample 51 seed=1570412301: RESULT: write_trip_voltage_v = 0.167908
sample 52 seed=121991275: RESULT: write_trip_voltage_v = 0.27019
sample 53 seed=197267779: RESULT: write_trip_voltage_v = -3.66211e-05
sample 54 seed=1686530278: RESULT: write_trip_voltage_v = -3.66211e-05
sample 55 seed=1061997923: RESULT: write_trip_voltage_v = 0.0608643
sample 56 seed=563109167: RESULT: write_trip_voltage_v = 0.253455
sample 57 seed=782800727: RESULT: write_trip_voltage_v = 0.322119
sample 58 seed=187510300: RESULT: write_trip_voltage_v = 0.237561
sample 59 seed=119284251: RESULT: write_trip_voltage_v = 0.110962
sample 60 seed=199333031: RESULT: write_trip_voltage_v = 0.310034
sample 61 seed=1186781619: RESULT: write_trip_voltage_v = 0.115979
sample 62 seed=780481405: RESULT: write_trip_voltage_v = -3.66211e-05
sample 63 seed=1156789865: RESULT: write_trip_voltage_v = 0.218115
sample 64 seed=542871853: RESULT: write_trip_voltage_v = 0.0833496
sample 65 seed=1844946658: RESULT: write_trip_voltage_v = 0.341455
sample 66 seed=83855282: RESULT: write_trip_voltage_v = 0.256165
sample 67 seed=1764066545: RESULT: write_trip_voltage_v = 0.331897
sample 68 seed=1329858467: RESULT: write_trip_voltage_v = 0.273743
sample 69 seed=1689377225: RESULT: write_trip_voltage_v = 0.136194
sample 70 seed=23211309: RESULT: write_trip_voltage_v = 0.282239
sample 71 seed=1890864641: RESULT: write_trip_voltage_v = -3.66211e-05
sample 72 seed=1776500008: RESULT: write_trip_voltage_v = 0.293518
sample 73 seed=1688147895: RESULT: write_trip_voltage_v = 0.0514526
sample 74 seed=512180571: RESULT: write_trip_voltage_v = 0.250525
sample 75 seed=1377732964: RESULT: write_trip_voltage_v = 0.133154
sample 76 seed=1523325057: RESULT: write_trip_voltage_v = 0.199255
sample 77 seed=1556952735: RESULT: write_trip_voltage_v = 0.268286
sample 78 seed=1266175523: RESULT: write_trip_voltage_v = 0.317615
sample 79 seed=109580556: RESULT: write_trip_voltage_v = -3.66211e-05
sample 80 seed=897223000: RESULT: write_trip_voltage_v = 0.173621
sample 81 seed=723684978: RESULT: write_trip_voltage_v = 0.0548584
sample 82 seed=266079942: RESULT: write_trip_voltage_v = 0.092688
sample 83 seed=1460807468: RESULT: write_trip_voltage_v = 0.304102
sample 84 seed=1104736215: RESULT: write_trip_voltage_v = -3.66211e-05
sample 85 seed=1186925406: RESULT: write_trip_voltage_v = 0.397083
sample 86 seed=1355195508: RESULT: write_trip_voltage_v = 0.186548
sample 87 seed=1826398009: RESULT: write_trip_voltage_v = 0.0819214
sample 88 seed=699228377: RESULT: write_trip_voltage_v = 0.143884
sample 89 seed=119345688: RESULT: write_trip_voltage_v = 0.0915527
sample 90 seed=1756066094: RESULT: write_trip_voltage_v = 0.235181
sample 91 seed=1385264836: RESULT: write_trip_voltage_v = -3.66211e-05
sample 92 seed=1410903562: RESULT: write_trip_voltage_v = 0.101953
sample 93 seed=835842084: RESULT: write_trip_voltage_v = 0.0206543
sample 94 seed=9209652: RESULT: write_trip_voltage_v = 0.126489
sample 95 seed=111826228: RESULT: write_trip_voltage_v = 0.325671
sample 96 seed=1833264063: RESULT: write_trip_voltage_v = 0.182849
sample 97 seed=1884306172: RESULT: write_trip_voltage_v = -3.66211e-05
sample 98 seed=1108110624: RESULT: write_trip_voltage_v = 0.266785
sample 99 seed=321528429: RESULT: write_trip_voltage_v = 0.148352
