=== corner ff_25c_3.30v -- mismatch samples (sw_stat_mismatch=1) ===
sample 0 seed=1262034948: RESULT: write_trip_voltage_v = 1.87055
sample 1 seed=495745428: RESULT: write_trip_voltage_v = 1.87136
sample 2 seed=790030150: RESULT: write_trip_voltage_v = 1.86108
sample 3 seed=507481736: RESULT: write_trip_voltage_v = 1.86592
sample 4 seed=26757905: RESULT: write_trip_voltage_v = 1.86249
sample 5 seed=503186475: RESULT: write_trip_voltage_v = 1.86169
sample 6 seed=745704236: RESULT: write_trip_voltage_v = 1.87337
sample 7 seed=799350625: RESULT: write_trip_voltage_v = 1.86733
sample 8 seed=938832362: RESULT: write_trip_voltage_v = 1.87297
sample 9 seed=931646301: RESULT: write_trip_voltage_v = 1.86693
sample 10 seed=1720280152: RESULT: write_trip_voltage_v = 1.87619
sample 11 seed=1784220757: RESULT: write_trip_voltage_v = 1.86934
sample 12 seed=1452951824: RESULT: write_trip_voltage_v = 1.88304
sample 13 seed=1695534784: RESULT: write_trip_voltage_v = 1.86491
sample 14 seed=287042372: RESULT: write_trip_voltage_v = 1.86934
sample 15 seed=1529884123: RESULT: write_trip_voltage_v = 1.86249
sample 16 seed=1315760599: RESULT: write_trip_voltage_v = 1.87075
sample 17 seed=1092004855: RESULT: write_trip_voltage_v = 1.86451
sample 18 seed=63114333: RESULT: write_trip_voltage_v = 1.87015
sample 19 seed=7746841: RESULT: write_trip_voltage_v = 1.86552
sample 20 seed=1034321166: RESULT: write_trip_voltage_v = 1.86431
sample 21 seed=54169607: RESULT: write_trip_voltage_v = 1.87498
sample 22 seed=850040305: RESULT: write_trip_voltage_v = 1.86874
sample 23 seed=1944948284: RESULT: write_trip_voltage_v = 1.87075
sample 24 seed=1145047092: RESULT: write_trip_voltage_v = 1.86471
sample 25 seed=428578218: RESULT: write_trip_voltage_v = 1.87619
sample 26 seed=365951224: RESULT: write_trip_voltage_v = 1.87176
sample 27 seed=1121582196: RESULT: write_trip_voltage_v = 1.86108
sample 28 seed=845262785: RESULT: write_trip_voltage_v = 1.88123
sample 29 seed=1830887570: RESULT: write_trip_voltage_v = 1.87639
sample 30 seed=234086555: RESULT: write_trip_voltage_v = 1.86491
sample 31 seed=1687811951: RESULT: write_trip_voltage_v = 1.87659
sample 32 seed=1804770649: RESULT: write_trip_voltage_v = 1.86693
sample 33 seed=1138581918: RESULT: write_trip_voltage_v = 1.86632
sample 34 seed=147515473: RESULT: write_trip_voltage_v = 1.86934
sample 35 seed=1143886672: RESULT: write_trip_voltage_v = 1.85645
sample 36 seed=1221003714: RESULT: write_trip_voltage_v = 1.87075
sample 37 seed=1446382955: RESULT: write_trip_voltage_v = 1.86854
sample 38 seed=1099689991: RESULT: write_trip_voltage_v = 1.87317
sample 39 seed=644856170: RESULT: write_trip_voltage_v = 1.86753
sample 40 seed=1898508677: RESULT: write_trip_voltage_v = 1.87841
sample 41 seed=1383865667: RESULT: write_trip_voltage_v = 1.86894
sample 42 seed=1226474511: RESULT: write_trip_voltage_v = 1.85927
sample 43 seed=385731689: RESULT: write_trip_voltage_v = 1.87115
sample 44 seed=1010474070: RESULT: write_trip_voltage_v = 1.86874
sample 45 seed=178614526: RESULT: write_trip_voltage_v = 1.87357
sample 46 seed=709588734: RESULT: write_trip_voltage_v = 1.87357
sample 47 seed=1335075503: RESULT: write_trip_voltage_v = 1.87216
sample 48 seed=1318373146: RESULT: write_trip_voltage_v = 1.86592
sample 49 seed=207260270: RESULT: write_trip_voltage_v = 1.87337
sample 50 seed=577300705: RESULT: write_trip_voltage_v = 1.87357
sample 51 seed=1367581015: RESULT: write_trip_voltage_v = 1.87136
sample 52 seed=1534759220: RESULT: write_trip_voltage_v = 1.87377
sample 53 seed=560040047: RESULT: write_trip_voltage_v = 1.87075
sample 54 seed=981558646: RESULT: write_trip_voltage_v = 1.88203
sample 55 seed=180478226: RESULT: write_trip_voltage_v = 1.85544
sample 56 seed=790928230: RESULT: write_trip_voltage_v = 1.86813
sample 57 seed=1028318665: RESULT: write_trip_voltage_v = 1.88546
sample 58 seed=970293552: RESULT: write_trip_voltage_v = 1.87397
sample 59 seed=1147067880: RESULT: write_trip_voltage_v = 1.87277
sample 60 seed=809267009: RESULT: write_trip_voltage_v = 1.86713
sample 61 seed=116352983: RESULT: write_trip_voltage_v = 1.88525
sample 62 seed=1242999625: RESULT: write_trip_voltage_v = 1.87115
sample 63 seed=1894827558: RESULT: write_trip_voltage_v = 1.87337
sample 64 seed=844904442: RESULT: write_trip_voltage_v = 1.88807
sample 65 seed=1075561744: RESULT: write_trip_voltage_v = 1.87498
sample 66 seed=802007995: RESULT: write_trip_voltage_v = 1.85887
sample 67 seed=1336513973: RESULT: write_trip_voltage_v = 1.87921
sample 68 seed=1230728733: RESULT: write_trip_voltage_v = 1.87095
sample 69 seed=9643739: RESULT: write_trip_voltage_v = 1.86854
sample 70 seed=680453650: RESULT: write_trip_voltage_v = 1.87277
sample 71 seed=829564456: RESULT: write_trip_voltage_v = 1.87861
sample 72 seed=614881211: RESULT: write_trip_voltage_v = 1.87458
sample 73 seed=64566895: RESULT: write_trip_voltage_v = 1.87136
sample 74 seed=1766945827: RESULT: write_trip_voltage_v = 1.86995
sample 75 seed=1315678794: RESULT: write_trip_voltage_v = 1.88485
sample 76 seed=1886783525: RESULT: write_trip_voltage_v = 1.86149
sample 77 seed=1303553148: RESULT: write_trip_voltage_v = 1.8629
sample 78 seed=1373406730: RESULT: write_trip_voltage_v = 1.86753
sample 79 seed=1378064814: RESULT: write_trip_voltage_v = 1.87559
sample 80 seed=1021428226: RESULT: write_trip_voltage_v = 1.86813
sample 81 seed=757096773: RESULT: write_trip_voltage_v = 1.86914
sample 82 seed=587838873: RESULT: write_trip_voltage_v = 1.8639
sample 83 seed=1807831493: RESULT: write_trip_voltage_v = 1.86974
sample 84 seed=176218955: RESULT: write_trip_voltage_v = 1.87619
sample 85 seed=1603197796: RESULT: write_trip_voltage_v = 1.87216
sample 86 seed=1078729010: RESULT: write_trip_voltage_v = 1.87458
sample 87 seed=194728275: RESULT: write_trip_voltage_v = 1.87156
sample 88 seed=894174907: RESULT: write_trip_voltage_v = 1.87397
sample 89 seed=563238998: RESULT: write_trip_voltage_v = 1.86108
sample 90 seed=1488554776: RESULT: write_trip_voltage_v = 1.87438
sample 91 seed=1946056635: RESULT: write_trip_voltage_v = 1.86974
sample 92 seed=1903123410: RESULT: write_trip_voltage_v = 1.86833
sample 93 seed=138409740: RESULT: write_trip_voltage_v = 1.8635
sample 94 seed=26409864: RESULT: write_trip_voltage_v = 1.86209
sample 95 seed=1452001654: RESULT: write_trip_voltage_v = 1.86894
sample 96 seed=514589193: RESULT: write_trip_voltage_v = 1.87055
sample 97 seed=663389867: RESULT: write_trip_voltage_v = 1.86934
sample 98 seed=461377860: RESULT: write_trip_voltage_v = 1.86914
sample 99 seed=1320325920: RESULT: write_trip_voltage_v = 1.87639
sample 100 seed=679920960: RESULT: write_trip_voltage_v = 1.87216
sample 101 seed=1926309774: RESULT: write_trip_voltage_v = 1.86733
sample 102 seed=902514596: RESULT: write_trip_voltage_v = 1.87055
sample 103 seed=849877634: RESULT: write_trip_voltage_v = 1.86552
sample 104 seed=1380582771: RESULT: write_trip_voltage_v = 1.86189
sample 105 seed=128678386: RESULT: write_trip_voltage_v = 1.86753
sample 106 seed=320550156: RESULT: write_trip_voltage_v = 1.89331
sample 107 seed=1033145847: RESULT: write_trip_voltage_v = 1.87659
sample 108 seed=33066741: RESULT: write_trip_voltage_v = 1.86249
sample 109 seed=321946125: RESULT: write_trip_voltage_v = 1.85403
sample 110 seed=653484192: RESULT: write_trip_voltage_v = 1.88687
sample 111 seed=1667614713: RESULT: write_trip_voltage_v = 1.88022
sample 112 seed=833879623: RESULT: write_trip_voltage_v = 1.877
sample 113 seed=967288344: RESULT: write_trip_voltage_v = 1.86995
sample 114 seed=230264072: RESULT: write_trip_voltage_v = 1.86652
sample 115 seed=1511943775: RESULT: write_trip_voltage_v = 1.87679
sample 116 seed=300299563: RESULT: write_trip_voltage_v = 1.88626
sample 117 seed=288291429: RESULT: write_trip_voltage_v = 1.86612
sample 118 seed=681750809: RESULT: write_trip_voltage_v = 1.86995
sample 119 seed=644507455: RESULT: write_trip_voltage_v = 1.86149
sample 120 seed=1771430347: RESULT: write_trip_voltage_v = 1.86773
sample 121 seed=1386326301: RESULT: write_trip_voltage_v = 1.878
sample 122 seed=1938860302: RESULT: write_trip_voltage_v = 1.8635
sample 123 seed=543919897: RESULT: write_trip_voltage_v = 1.87015
sample 124 seed=1838085990: RESULT: write_trip_voltage_v = 1.87176
sample 125 seed=140122227: RESULT: write_trip_voltage_v = 1.87357
sample 126 seed=1912051211: RESULT: write_trip_voltage_v = 1.87478
sample 127 seed=553476025: RESULT: write_trip_voltage_v = 1.8778
sample 128 seed=201233290: RESULT: write_trip_voltage_v = 1.86753
sample 129 seed=1303765169: RESULT: write_trip_voltage_v = 1.8782
sample 130 seed=1724299916: RESULT: write_trip_voltage_v = 1.8639
sample 131 seed=222244940: RESULT: write_trip_voltage_v = 1.87256
sample 132 seed=1906488062: RESULT: write_trip_voltage_v = 1.87518
sample 133 seed=36860813: RESULT: write_trip_voltage_v = 1.87841
sample 134 seed=35658687: RESULT: write_trip_voltage_v = 1.87196
sample 135 seed=444095662: RESULT: write_trip_voltage_v = 1.88344
sample 136 seed=1498778757: RESULT: write_trip_voltage_v = 1.8629
sample 137 seed=1358345633: RESULT: write_trip_voltage_v = 1.87055
sample 138 seed=226918240: RESULT: write_trip_voltage_v = 1.86672
sample 139 seed=543125402: RESULT: write_trip_voltage_v = 1.85484
sample 140 seed=242674545: RESULT: write_trip_voltage_v = 1.87236
sample 141 seed=1859361193: RESULT: write_trip_voltage_v = 1.87035
sample 142 seed=968393813: RESULT: write_trip_voltage_v = 1.87075
sample 143 seed=887117843: RESULT: write_trip_voltage_v = 1.87216
sample 144 seed=1778772926: RESULT: write_trip_voltage_v = 1.87377
sample 145 seed=573766197: RESULT: write_trip_voltage_v = 1.87317
sample 146 seed=1286026721: RESULT: write_trip_voltage_v = 1.87377
sample 147 seed=1232971804: RESULT: write_trip_voltage_v = 1.86632
sample 148 seed=664992851: RESULT: write_trip_voltage_v = 1.86108
sample 149 seed=1819365763: RESULT: write_trip_voltage_v = 1.86431
sample 150 seed=1594078050: RESULT: write_trip_voltage_v = 1.86954
sample 151 seed=1463432065: RESULT: write_trip_voltage_v = 1.877
sample 152 seed=869356147: RESULT: write_trip_voltage_v = 1.87297
sample 153 seed=1769688064: RESULT: write_trip_voltage_v = 1.87075
sample 154 seed=970054541: RESULT: write_trip_voltage_v = 1.87458
sample 155 seed=930662730: RESULT: write_trip_voltage_v = 1.87881
sample 156 seed=127076051: RESULT: write_trip_voltage_v = 1.87317
sample 157 seed=886840584: RESULT: write_trip_voltage_v = 1.86713
sample 158 seed=682974391: RESULT: write_trip_voltage_v = 1.88304
sample 159 seed=777500641: RESULT: write_trip_voltage_v = 1.87478
sample 160 seed=497534234: RESULT: write_trip_voltage_v = 1.87156
sample 161 seed=1515937181: RESULT: write_trip_voltage_v = 1.87518
sample 162 seed=1699597481: RESULT: write_trip_voltage_v = 1.86632
sample 163 seed=1483942643: RESULT: write_trip_voltage_v = 1.878
sample 164 seed=176399066: RESULT: write_trip_voltage_v = 1.87317
sample 165 seed=1111850313: RESULT: write_trip_voltage_v = 1.86632
sample 166 seed=1251075784: RESULT: write_trip_voltage_v = 1.87982
sample 167 seed=1883815949: RESULT: write_trip_voltage_v = 1.87136
sample 168 seed=679385463: RESULT: write_trip_voltage_v = 1.88002
sample 169 seed=364594823: RESULT: write_trip_voltage_v = 1.85786
sample 170 seed=1575642840: RESULT: write_trip_voltage_v = 1.87236
sample 171 seed=1000272601: RESULT: write_trip_voltage_v = 1.86954
sample 172 seed=922674521: RESULT: write_trip_voltage_v = 1.86149
sample 173 seed=1491122607: RESULT: write_trip_voltage_v = 1.88062
sample 174 seed=1123132207: RESULT: write_trip_voltage_v = 1.86833
sample 175 seed=1099593275: RESULT: write_trip_voltage_v = 1.87095
sample 176 seed=76208779: RESULT: write_trip_voltage_v = 1.85927
sample 177 seed=178309038: RESULT: write_trip_voltage_v = 1.88042
sample 178 seed=1785799300: RESULT: write_trip_voltage_v = 1.87256
sample 179 seed=989098915: RESULT: write_trip_voltage_v = 1.86632
sample 180 seed=1074044084: RESULT: write_trip_voltage_v = 1.87236
sample 181 seed=1674780513: RESULT: write_trip_voltage_v = 1.87196
sample 182 seed=1017577455: RESULT: write_trip_voltage_v = 1.87659
sample 183 seed=965827026: RESULT: write_trip_voltage_v = 1.88243
sample 184 seed=1071795978: RESULT: write_trip_voltage_v = 1.87518
sample 185 seed=577245997: RESULT: write_trip_voltage_v = 1.86491
sample 186 seed=1256988528: RESULT: write_trip_voltage_v = 1.86672
sample 187 seed=1585367735: RESULT: write_trip_voltage_v = 1.85847
sample 188 seed=687605271: RESULT: write_trip_voltage_v = 1.86833
sample 189 seed=1897055677: RESULT: write_trip_voltage_v = 1.86954
sample 190 seed=1000062230: RESULT: write_trip_voltage_v = 1.88223
sample 191 seed=114595602: RESULT: write_trip_voltage_v = 1.85806
sample 192 seed=1122999540: RESULT: write_trip_voltage_v = 1.88384
sample 193 seed=609457132: RESULT: write_trip_voltage_v = 1.86531
sample 194 seed=142680949: RESULT: write_trip_voltage_v = 1.87035
sample 195 seed=20837543: RESULT: write_trip_voltage_v = 1.86995
sample 196 seed=297431500: RESULT: write_trip_voltage_v = 1.86229
sample 197 seed=1627246837: RESULT: write_trip_voltage_v = 1.86693
sample 198 seed=1614928963: RESULT: write_trip_voltage_v = 1.87075
sample 199 seed=1864593145: RESULT: write_trip_voltage_v = 1.87337

=== corner ff_25c_3.30v -- determinism control (sw_stat_mismatch=0) ===
sample 0 seed=439259334: RESULT: write_trip_voltage_v = 1.87075
sample 1 seed=248096166: RESULT: write_trip_voltage_v = 1.87075
sample 2 seed=223769338: RESULT: write_trip_voltage_v = 1.87075
sample 3 seed=1685821183: RESULT: write_trip_voltage_v = 1.87075

=== corner ff_25c_3.30v -- negative control (known-bad variant: supply collapsed to 0.60 V, far below spec/sram.md's ratified 2.97 V minimum, with per-instance mismatch drawn at 6x the PDK's own sigma -- a write that no longer completes inside the fixed 1.8 ns write pulse) ===
sample 0 seed=1716342789: RESULT: write_trip_voltage_v = 0.0335449
sample 1 seed=42404321: RESULT: write_trip_voltage_v = 0.265979
sample 2 seed=1286112586: RESULT: write_trip_voltage_v = 0.279272
sample 3 seed=451980827: RESULT: write_trip_voltage_v = -3.66211e-05
sample 4 seed=831110346: RESULT: write_trip_voltage_v = 0.239539
sample 5 seed=1892650506: RESULT: write_trip_voltage_v = 0.052478
sample 6 seed=1732656600: RESULT: write_trip_voltage_v = -3.66211e-05
sample 7 seed=227524216: RESULT: write_trip_voltage_v = 0.229138
sample 8 seed=1834271130: RESULT: write_trip_voltage_v = 0.0849609
sample 9 seed=541463336: RESULT: write_trip_voltage_v = 0.047168
sample 10 seed=1292643039: RESULT: write_trip_voltage_v = 0.0922119
sample 11 seed=237615440: RESULT: write_trip_voltage_v = 0.113525
sample 12 seed=264425127: RESULT: write_trip_voltage_v = 0.115686
sample 13 seed=208975599: RESULT: write_trip_voltage_v = 0.0530273
sample 14 seed=1143708191: RESULT: write_trip_voltage_v = 0.247156
sample 15 seed=1816709063: RESULT: write_trip_voltage_v = -3.66211e-05
sample 16 seed=275193578: RESULT: write_trip_voltage_v = -3.66211e-05
sample 17 seed=1584924360: RESULT: write_trip_voltage_v = -3.66211e-05
sample 18 seed=1009933715: RESULT: write_trip_voltage_v = 0.215002
sample 19 seed=1704640344: RESULT: write_trip_voltage_v = 0.0479736
sample 20 seed=159411795: RESULT: write_trip_voltage_v = 0.143335
sample 21 seed=1090063551: RESULT: write_trip_voltage_v = 0.0398804
sample 22 seed=976119859: RESULT: write_trip_voltage_v = -3.66211e-05
sample 23 seed=631247922: RESULT: write_trip_voltage_v = 0.191821
sample 24 seed=1739449009: RESULT: write_trip_voltage_v = 0.113525
sample 25 seed=1956532118: RESULT: write_trip_voltage_v = 0.179224
sample 26 seed=1389118899: RESULT: write_trip_voltage_v = 0.218665
sample 27 seed=278588413: RESULT: write_trip_voltage_v = 0.0794312
sample 28 seed=132417839: RESULT: write_trip_voltage_v = 0.0826172
sample 29 seed=148103090: RESULT: write_trip_voltage_v = 0.132678
sample 30 seed=980053276: RESULT: write_trip_voltage_v = 0.0634277
sample 31 seed=13762281: RESULT: write_trip_voltage_v = 0.0366943
sample 32 seed=1756465617: RESULT: write_trip_voltage_v = 0.0775269
sample 33 seed=1617646327: RESULT: write_trip_voltage_v = 0.185486
sample 34 seed=779894023: RESULT: write_trip_voltage_v = 0.13905
sample 35 seed=428838702: RESULT: write_trip_voltage_v = 0.296155
sample 36 seed=971483120: RESULT: write_trip_voltage_v = -3.66211e-05
sample 37 seed=1752540958: RESULT: write_trip_voltage_v = -3.66211e-05
sample 38 seed=1642298946: RESULT: write_trip_voltage_v = 0.275427
sample 39 seed=836821959: RESULT: write_trip_voltage_v = 0.12843
sample 40 seed=530948873: RESULT: write_trip_voltage_v = 0.0176514
sample 41 seed=482295387: RESULT: write_trip_voltage_v = 0.24137
sample 42 seed=1568773904: RESULT: write_trip_voltage_v = 0.293738
sample 43 seed=391684999: RESULT: write_trip_voltage_v = 0.224927
sample 44 seed=1901849808: RESULT: write_trip_voltage_v = 0.0428833
sample 45 seed=186540536: RESULT: write_trip_voltage_v = 0.0284546
sample 46 seed=1143102544: RESULT: write_trip_voltage_v = -3.66211e-05
sample 47 seed=1803365599: RESULT: write_trip_voltage_v = 0.284363
sample 48 seed=1048763656: RESULT: write_trip_voltage_v = 0.166919
sample 49 seed=723045845: RESULT: write_trip_voltage_v = 0.230566
sample 50 seed=1579503442: RESULT: write_trip_voltage_v = 0.258069
sample 51 seed=582649702: RESULT: write_trip_voltage_v = 0.0680054
sample 52 seed=688852428: RESULT: write_trip_voltage_v = -3.66211e-05
sample 53 seed=1351224551: RESULT: write_trip_voltage_v = 0.154504
sample 54 seed=1133128936: RESULT: write_trip_voltage_v = 0.0771973
sample 55 seed=1823557622: RESULT: write_trip_voltage_v = 0.0644897
sample 56 seed=1355531825: RESULT: write_trip_voltage_v = 0.0582642
sample 57 seed=304202508: RESULT: write_trip_voltage_v = 0.0483765
sample 58 seed=1200055637: RESULT: write_trip_voltage_v = 0.239941
sample 59 seed=1090521926: RESULT: write_trip_voltage_v = 0.144653
sample 60 seed=915899852: RESULT: write_trip_voltage_v = 0.208264
sample 61 seed=1937874970: RESULT: write_trip_voltage_v = 0.238916
sample 62 seed=907472530: RESULT: write_trip_voltage_v = -3.66211e-05
sample 63 seed=1423870415: RESULT: write_trip_voltage_v = 0.0413086
sample 64 seed=1304863370: RESULT: write_trip_voltage_v = 0.299341
sample 65 seed=162153747: RESULT: write_trip_voltage_v = 0.122864
sample 66 seed=650453980: RESULT: write_trip_voltage_v = 0.0962769
sample 67 seed=1019447476: RESULT: write_trip_voltage_v = 0.211267
sample 68 seed=260077806: RESULT: write_trip_voltage_v = 0.274292
sample 69 seed=319712085: RESULT: write_trip_voltage_v = 0.221228
sample 70 seed=285992268: RESULT: write_trip_voltage_v = 0.110266
sample 71 seed=710578962: RESULT: write_trip_voltage_v = 0.185486
sample 72 seed=158877337: RESULT: write_trip_voltage_v = 0.0290405
sample 73 seed=603413021: RESULT: write_trip_voltage_v = 0.108948
sample 74 seed=1198168846: RESULT: write_trip_voltage_v = 0.205261
sample 75 seed=696655740: RESULT: write_trip_voltage_v = 0.0729858
sample 76 seed=375020912: RESULT: write_trip_voltage_v = 0.124329
sample 77 seed=121104253: RESULT: write_trip_voltage_v = 0.213684
sample 78 seed=59368933: RESULT: write_trip_voltage_v = 0.0139526
sample 79 seed=699829779: RESULT: write_trip_voltage_v = -3.66211e-05
sample 80 seed=741476743: RESULT: write_trip_voltage_v = 0.240601
sample 81 seed=1126063064: RESULT: write_trip_voltage_v = 0.0519287
sample 82 seed=369287741: RESULT: write_trip_voltage_v = 0.085144
sample 83 seed=400039502: RESULT: write_trip_voltage_v = 0.21947
sample 84 seed=1850782996: RESULT: write_trip_voltage_v = 0.315784
sample 85 seed=26593850: RESULT: write_trip_voltage_v = 0.0661011
sample 86 seed=66224455: RESULT: write_trip_voltage_v = 0.013623
sample 87 seed=151105006: RESULT: write_trip_voltage_v = 0.188123
sample 88 seed=491930685: RESULT: write_trip_voltage_v = 0.0894287
sample 89 seed=534769535: RESULT: write_trip_voltage_v = 0.129126
sample 90 seed=256976290: RESULT: write_trip_voltage_v = 0.276709
sample 91 seed=1962838489: RESULT: write_trip_voltage_v = 0.138208
sample 92 seed=1447903065: RESULT: write_trip_voltage_v = 0.198926
sample 93 seed=1170807945: RESULT: write_trip_voltage_v = 0.017981
sample 94 seed=1104151027: RESULT: write_trip_voltage_v = 0.285059
sample 95 seed=1444556088: RESULT: write_trip_voltage_v = 0.11554
sample 96 seed=104319086: RESULT: write_trip_voltage_v = 0.234375
sample 97 seed=1511445239: RESULT: write_trip_voltage_v = 0.129163
sample 98 seed=229365996: RESULT: write_trip_voltage_v = 0.153589
sample 99 seed=120948599: RESULT: write_trip_voltage_v = 0.157617
