=== corner ss_-40c_3.63v -- mismatch samples (sw_stat_mismatch=1) ===
sample 0 seed=1939893398: RESULT: write_trip_voltage_v = 2.16905
sample 1 seed=1599957456: RESULT: write_trip_voltage_v = 2.17459
sample 2 seed=412369553: RESULT: write_trip_voltage_v = 2.1675
sample 3 seed=249326532: RESULT: write_trip_voltage_v = 2.16661
sample 4 seed=1528526550: RESULT: write_trip_voltage_v = 2.1562
sample 5 seed=1560395615: RESULT: write_trip_voltage_v = 2.17082
sample 6 seed=939340477: RESULT: write_trip_voltage_v = 2.15797
sample 7 seed=457318180: RESULT: write_trip_voltage_v = 2.17835
sample 8 seed=59883070: RESULT: write_trip_voltage_v = 2.17104
sample 9 seed=890990642: RESULT: write_trip_voltage_v = 2.17126
sample 10 seed=6751497: RESULT: write_trip_voltage_v = 2.17149
sample 11 seed=17299807: RESULT: write_trip_voltage_v = 2.17082
sample 12 seed=39033296: RESULT: write_trip_voltage_v = 2.1706
sample 13 seed=969279597: RESULT: write_trip_voltage_v = 2.1737
sample 14 seed=450714103: RESULT: write_trip_voltage_v = 2.16883
sample 15 seed=1193433984: RESULT: write_trip_voltage_v = 2.17304
sample 16 seed=30121483: RESULT: write_trip_voltage_v = 2.16994
sample 17 seed=584298014: RESULT: write_trip_voltage_v = 2.17414
sample 18 seed=1202760410: RESULT: write_trip_voltage_v = 2.17658
sample 19 seed=1001292146: RESULT: write_trip_voltage_v = 2.17082
sample 20 seed=178020753: RESULT: write_trip_voltage_v = 2.17991
sample 21 seed=1104405842: RESULT: write_trip_voltage_v = 2.18256
sample 22 seed=1656725028: RESULT: write_trip_voltage_v = 2.16905
sample 23 seed=349188461: RESULT: write_trip_voltage_v = 2.16528
sample 24 seed=452797349: RESULT: write_trip_voltage_v = 2.16883
sample 25 seed=1590464985: RESULT: write_trip_voltage_v = 2.17658
sample 26 seed=1450015101: RESULT: write_trip_voltage_v = 2.16351
sample 27 seed=1230287976: RESULT: write_trip_voltage_v = 2.16395
sample 28 seed=258664823: RESULT: write_trip_voltage_v = 2.17215
sample 29 seed=733176788: RESULT: write_trip_voltage_v = 2.16329
sample 30 seed=1739009584: RESULT: write_trip_voltage_v = 2.18234
sample 31 seed=946945757: RESULT: write_trip_voltage_v = 2.16838
sample 32 seed=150149149: RESULT: write_trip_voltage_v = 2.17703
sample 33 seed=1685439866: RESULT: write_trip_voltage_v = 2.17437
sample 34 seed=57471679: RESULT: write_trip_voltage_v = 2.17547
sample 35 seed=818614880: RESULT: write_trip_voltage_v = 2.16218
sample 36 seed=449634624: RESULT: write_trip_voltage_v = 2.17126
sample 37 seed=1461565503: RESULT: write_trip_voltage_v = 2.16927
sample 38 seed=134965291: RESULT: write_trip_voltage_v = 2.17437
sample 39 seed=1118760802: RESULT: write_trip_voltage_v = 2.17658
sample 40 seed=1870510741: RESULT: write_trip_voltage_v = 2.16794
sample 41 seed=1822490662: RESULT: write_trip_voltage_v = 2.17503
sample 42 seed=442532210: RESULT: write_trip_voltage_v = 2.17946
sample 43 seed=1312971679: RESULT: write_trip_voltage_v = 2.18301
sample 44 seed=278819827: RESULT: write_trip_voltage_v = 2.17902
sample 45 seed=286123478: RESULT: write_trip_voltage_v = 2.16218
sample 46 seed=1682157625: RESULT: write_trip_voltage_v = 2.16617
sample 47 seed=1141114355: RESULT: write_trip_voltage_v = 2.17991
sample 48 seed=15449914: RESULT: write_trip_voltage_v = 2.16683
sample 49 seed=1876086727: RESULT: write_trip_voltage_v = 2.16661
sample 50 seed=1917674574: RESULT: write_trip_voltage_v = 2.16861
sample 51 seed=1451211445: RESULT: write_trip_voltage_v = 2.1706
sample 52 seed=94854519: RESULT: write_trip_voltage_v = 2.16661
sample 53 seed=20814718: RESULT: write_trip_voltage_v = 2.17038
sample 54 seed=1305018466: RESULT: write_trip_voltage_v = 2.16041
sample 55 seed=1722574925: RESULT: write_trip_voltage_v = 2.16861
sample 56 seed=990565927: RESULT: write_trip_voltage_v = 2.17525
sample 57 seed=1861725074: RESULT: write_trip_voltage_v = 2.16262
sample 58 seed=1633985440: RESULT: write_trip_voltage_v = 2.17016
sample 59 seed=1675640686: RESULT: write_trip_voltage_v = 2.17437
sample 60 seed=814351143: RESULT: write_trip_voltage_v = 2.16971
sample 61 seed=398960572: RESULT: write_trip_voltage_v = 2.18301
sample 62 seed=465252940: RESULT: write_trip_voltage_v = 2.17592
sample 63 seed=182298122: RESULT: write_trip_voltage_v = 2.17082
sample 64 seed=1162345860: RESULT: write_trip_voltage_v = 2.16905
sample 65 seed=841423817: RESULT: write_trip_voltage_v = 2.16307
sample 66 seed=495421238: RESULT: write_trip_voltage_v = 2.16262
sample 67 seed=1909647431: RESULT: write_trip_voltage_v = 2.17636
sample 68 seed=1135877537: RESULT: write_trip_voltage_v = 2.1675
sample 69 seed=780140474: RESULT: write_trip_voltage_v = 2.1644
sample 70 seed=961952728: RESULT: write_trip_voltage_v = 2.16994
sample 71 seed=12504138: RESULT: write_trip_voltage_v = 2.1706
sample 72 seed=1798211919: RESULT: write_trip_voltage_v = 2.18744
sample 73 seed=1372433756: RESULT: write_trip_voltage_v = 2.17282
sample 74 seed=915681267: RESULT: write_trip_voltage_v = 2.16794
sample 75 seed=106124202: RESULT: write_trip_voltage_v = 2.17193
sample 76 seed=759951713: RESULT: write_trip_voltage_v = 2.17215
sample 77 seed=895081654: RESULT: write_trip_voltage_v = 2.17171
sample 78 seed=1315414611: RESULT: write_trip_voltage_v = 2.17902
sample 79 seed=1875313682: RESULT: write_trip_voltage_v = 2.16573
sample 80 seed=1522164578: RESULT: write_trip_voltage_v = 2.17149
sample 81 seed=412404752: RESULT: write_trip_voltage_v = 2.17016
sample 82 seed=229145816: RESULT: write_trip_voltage_v = 2.17946
sample 83 seed=825586566: RESULT: write_trip_voltage_v = 2.17725
sample 84 seed=1372305242: RESULT: write_trip_voltage_v = 2.17193
sample 85 seed=436855382: RESULT: write_trip_voltage_v = 2.18079
sample 86 seed=659332845: RESULT: write_trip_voltage_v = 2.16772
sample 87 seed=1898873663: RESULT: write_trip_voltage_v = 2.17082
sample 88 seed=1867531476: RESULT: write_trip_voltage_v = 2.16107
sample 89 seed=724915802: RESULT: write_trip_voltage_v = 2.17437
sample 90 seed=1632052180: RESULT: write_trip_voltage_v = 2.17614
sample 91 seed=290371026: RESULT: write_trip_voltage_v = 2.1644
sample 92 seed=15047444: RESULT: write_trip_voltage_v = 2.17237
sample 93 seed=572689512: RESULT: write_trip_voltage_v = 2.17459
sample 94 seed=1855803859: RESULT: write_trip_voltage_v = 2.18323
sample 95 seed=856236216: RESULT: write_trip_voltage_v = 2.16905
sample 96 seed=796439110: RESULT: write_trip_voltage_v = 2.16883
sample 97 seed=1234270798: RESULT: write_trip_voltage_v = 2.17902
sample 98 seed=704523035: RESULT: write_trip_voltage_v = 2.18168
sample 99 seed=1014340699: RESULT: write_trip_voltage_v = 2.17835
sample 100 seed=1684974136: RESULT: write_trip_voltage_v = 2.1624
sample 101 seed=93101359: RESULT: write_trip_voltage_v = 2.17437
sample 102 seed=1064658305: RESULT: write_trip_voltage_v = 2.17902
sample 103 seed=76373132: RESULT: write_trip_voltage_v = 2.16528
sample 104 seed=1190148348: RESULT: write_trip_voltage_v = 2.18101
sample 105 seed=43761891: RESULT: write_trip_voltage_v = 2.16706
sample 106 seed=1544944427: RESULT: write_trip_voltage_v = 2.17858
sample 107 seed=1305633330: RESULT: write_trip_voltage_v = 2.17193
sample 108 seed=44993890: RESULT: write_trip_voltage_v = 2.17481
sample 109 seed=1324888099: RESULT: write_trip_voltage_v = 2.1757
sample 110 seed=631908695: RESULT: write_trip_voltage_v = 2.16861
sample 111 seed=1312539300: RESULT: write_trip_voltage_v = 2.18411
sample 112 seed=813816706: RESULT: write_trip_voltage_v = 2.1768
sample 113 seed=455428618: RESULT: write_trip_voltage_v = 2.16706
sample 114 seed=995138630: RESULT: write_trip_voltage_v = 2.17414
sample 115 seed=1330241246: RESULT: write_trip_voltage_v = 2.17636
sample 116 seed=1699092433: RESULT: write_trip_voltage_v = 2.17703
sample 117 seed=96090168: RESULT: write_trip_voltage_v = 2.18168
sample 118 seed=1744254468: RESULT: write_trip_voltage_v = 2.18123
sample 119 seed=415366744: RESULT: write_trip_voltage_v = 2.17525
sample 120 seed=786115276: RESULT: write_trip_voltage_v = 2.17614
sample 121 seed=1085330012: RESULT: write_trip_voltage_v = 2.18057
sample 122 seed=964110495: RESULT: write_trip_voltage_v = 2.16395
sample 123 seed=1138902902: RESULT: write_trip_voltage_v = 2.19409
sample 124 seed=1576514691: RESULT: write_trip_voltage_v = 2.16174
sample 125 seed=1161337144: RESULT: write_trip_voltage_v = 2.17304
sample 126 seed=542496840: RESULT: write_trip_voltage_v = 2.1881
sample 127 seed=1171987610: RESULT: write_trip_voltage_v = 2.16395
sample 128 seed=71572655: RESULT: write_trip_voltage_v = 2.18522
sample 129 seed=1006170945: RESULT: write_trip_voltage_v = 2.1788
sample 130 seed=1904490965: RESULT: write_trip_voltage_v = 2.17658
sample 131 seed=1437958164: RESULT: write_trip_voltage_v = 2.16484
sample 132 seed=788565936: RESULT: write_trip_voltage_v = 2.17481
sample 133 seed=101414794: RESULT: write_trip_voltage_v = 2.17237
sample 134 seed=563473042: RESULT: write_trip_voltage_v = 2.18234
sample 135 seed=1989516872: RESULT: write_trip_voltage_v = 2.17902
sample 136 seed=1818039398: RESULT: write_trip_voltage_v = 2.16794
sample 137 seed=1832980956: RESULT: write_trip_voltage_v = 2.17703
sample 138 seed=689289935: RESULT: write_trip_voltage_v = 2.18123
sample 139 seed=1351517834: RESULT: write_trip_voltage_v = 2.18256
sample 140 seed=1932177721: RESULT: write_trip_voltage_v = 2.17171
sample 141 seed=1494260979: RESULT: write_trip_voltage_v = 2.18079
sample 142 seed=1555766153: RESULT: write_trip_voltage_v = 2.16462
sample 143 seed=1949626269: RESULT: write_trip_voltage_v = 2.17038
sample 144 seed=1621705120: RESULT: write_trip_voltage_v = 2.1706
sample 145 seed=39838626: RESULT: write_trip_voltage_v = 2.16905
sample 146 seed=1831143479: RESULT: write_trip_voltage_v = 2.17215
sample 147 seed=1224484575: RESULT: write_trip_voltage_v = 2.16417
sample 148 seed=619666258: RESULT: write_trip_voltage_v = 2.15997
sample 149 seed=280804055: RESULT: write_trip_voltage_v = 2.1655
sample 150 seed=1215982818: RESULT: write_trip_voltage_v = 2.17348
sample 151 seed=1989349872: RESULT: write_trip_voltage_v = 2.16528
sample 152 seed=1601477871: RESULT: write_trip_voltage_v = 2.16595
sample 153 seed=1215484455: RESULT: write_trip_voltage_v = 2.17592
sample 154 seed=1932930258: RESULT: write_trip_voltage_v = 2.17348
sample 155 seed=145424615: RESULT: write_trip_voltage_v = 2.16395
sample 156 seed=1679890279: RESULT: write_trip_voltage_v = 2.18234
sample 157 seed=229205129: RESULT: write_trip_voltage_v = 2.17304
sample 158 seed=1240608701: RESULT: write_trip_voltage_v = 2.16883
sample 159 seed=1185072260: RESULT: write_trip_voltage_v = 2.15886
sample 160 seed=237757548: RESULT: write_trip_voltage_v = 2.17016
sample 161 seed=1287274512: RESULT: write_trip_voltage_v = 2.17725
sample 162 seed=549521680: RESULT: write_trip_voltage_v = 2.17437
sample 163 seed=1944648555: RESULT: write_trip_voltage_v = 2.17016
sample 164 seed=398089984: RESULT: write_trip_voltage_v = 2.16971
sample 165 seed=1003717067: RESULT: write_trip_voltage_v = 2.17547
sample 166 seed=480121044: RESULT: write_trip_voltage_v = 2.16307
sample 167 seed=751666401: RESULT: write_trip_voltage_v = 2.17414
sample 168 seed=1889844444: RESULT: write_trip_voltage_v = 2.17459
sample 169 seed=909409024: RESULT: write_trip_voltage_v = 2.16617
sample 170 seed=191858925: RESULT: write_trip_voltage_v = 2.1768
sample 171 seed=11967409: RESULT: write_trip_voltage_v = 2.17747
sample 172 seed=1518249631: RESULT: write_trip_voltage_v = 2.1624
sample 173 seed=132690567: RESULT: write_trip_voltage_v = 2.15664
sample 174 seed=1394673716: RESULT: write_trip_voltage_v = 2.1768
sample 175 seed=833152764: RESULT: write_trip_voltage_v = 2.16927
sample 176 seed=135272133: RESULT: write_trip_voltage_v = 2.17658
sample 177 seed=809702535: RESULT: write_trip_voltage_v = 2.16639
sample 178 seed=423288843: RESULT: write_trip_voltage_v = 2.16971
sample 179 seed=1166780634: RESULT: write_trip_voltage_v = 2.16949
sample 180 seed=1170470539: RESULT: write_trip_voltage_v = 2.15841
sample 181 seed=924038572: RESULT: write_trip_voltage_v = 2.17016
sample 182 seed=1315850506: RESULT: write_trip_voltage_v = 2.17547
sample 183 seed=392077050: RESULT: write_trip_voltage_v = 2.16484
sample 184 seed=876935952: RESULT: write_trip_voltage_v = 2.17525
sample 185 seed=1600903635: RESULT: write_trip_voltage_v = 2.1737
sample 186 seed=110248747: RESULT: write_trip_voltage_v = 2.1788
sample 187 seed=1186581766: RESULT: write_trip_voltage_v = 2.1706
sample 188 seed=139409839: RESULT: write_trip_voltage_v = 2.16861
sample 189 seed=32534069: RESULT: write_trip_voltage_v = 2.17392
sample 190 seed=607751233: RESULT: write_trip_voltage_v = 2.18101
sample 191 seed=1731684696: RESULT: write_trip_voltage_v = 2.16816
sample 192 seed=1452192035: RESULT: write_trip_voltage_v = 2.17304
sample 193 seed=1044415778: RESULT: write_trip_voltage_v = 2.17193
sample 194 seed=169086423: RESULT: write_trip_voltage_v = 2.17769
sample 195 seed=1480084323: RESULT: write_trip_voltage_v = 2.16484
sample 196 seed=757446542: RESULT: write_trip_voltage_v = 2.18256
sample 197 seed=752356026: RESULT: write_trip_voltage_v = 2.16728
sample 198 seed=1575996442: RESULT: write_trip_voltage_v = 2.15487
sample 199 seed=964831555: RESULT: write_trip_voltage_v = 2.17348

=== corner ss_-40c_3.63v -- determinism control (sw_stat_mismatch=0) ===
sample 0 seed=705104721: RESULT: write_trip_voltage_v = 2.17259
sample 1 seed=1356988107: RESULT: write_trip_voltage_v = 2.17259
sample 2 seed=590075498: RESULT: write_trip_voltage_v = 2.17259
sample 3 seed=1301544967: RESULT: write_trip_voltage_v = 2.17259

=== corner ss_-40c_3.63v -- negative control (known-bad variant: supply collapsed to 0.60 V, far below spec/sram.md's ratified 2.97 V minimum, with per-instance mismatch drawn at 6x the PDK's own sigma -- a write that no longer completes inside the fixed 1.8 ns write pulse) ===
sample 0 seed=1123870671: RESULT: write_trip_voltage_v = -3.66211e-05
sample 1 seed=1050280724: RESULT: write_trip_voltage_v = -3.66211e-05
sample 2 seed=1712637592: RESULT: write_trip_voltage_v = -3.66211e-05
sample 3 seed=309573019: RESULT: write_trip_voltage_v = -3.66211e-05
sample 4 seed=133153641: RESULT: write_trip_voltage_v = -3.66211e-05
sample 5 seed=205424045: RESULT: write_trip_voltage_v = -3.66211e-05
sample 6 seed=1552501420: RESULT: write_trip_voltage_v = 0.101111
sample 7 seed=354163318: RESULT: write_trip_voltage_v = -3.66211e-05
sample 8 seed=1609188989: RESULT: write_trip_voltage_v = -3.66211e-05
sample 9 seed=803438090: RESULT: write_trip_voltage_v = 0.0830933
sample 10 seed=5935436: RESULT: write_trip_voltage_v = 0.0236572
sample 11 seed=445471490: RESULT: write_trip_voltage_v = -3.66211e-05
sample 12 seed=1056341325: RESULT: write_trip_voltage_v = -3.66211e-05
sample 13 seed=759435395: RESULT: write_trip_voltage_v = 0.0648926
sample 14 seed=198651335: RESULT: write_trip_voltage_v = -3.66211e-05
sample 15 seed=267426326: RESULT: write_trip_voltage_v = 0.126379
sample 16 seed=505324118: RESULT: write_trip_voltage_v = -3.66211e-05
sample 17 seed=1718446960: RESULT: write_trip_voltage_v = -3.66211e-05
sample 18 seed=250239767: RESULT: write_trip_voltage_v = -3.66211e-05
sample 19 seed=1552608936: RESULT: write_trip_voltage_v = 0.175745
sample 20 seed=1895745470: RESULT: write_trip_voltage_v = -3.66211e-05
sample 21 seed=1318263381: RESULT: write_trip_voltage_v = -3.66211e-05
sample 22 seed=1125002546: RESULT: write_trip_voltage_v = -3.66211e-05
sample 23 seed=1994334321: RESULT: write_trip_voltage_v = 0.0969727
sample 24 seed=1341999423: RESULT: write_trip_voltage_v = 0.0135498
sample 25 seed=1084371652: RESULT: write_trip_voltage_v = 0.011499
sample 26 seed=265408558: RESULT: write_trip_voltage_v = -3.66211e-05
sample 27 seed=1095822141: RESULT: write_trip_voltage_v = -3.66211e-05
sample 28 seed=163449185: RESULT: write_trip_voltage_v = 0.00333252
sample 29 seed=1515010503: RESULT: write_trip_voltage_v = 0.10752
sample 30 seed=1807159576: RESULT: write_trip_voltage_v = 0.0236938
sample 31 seed=735606490: RESULT: write_trip_voltage_v = 0.0265503
sample 32 seed=1392951717: RESULT: write_trip_voltage_v = -3.66211e-05
sample 33 seed=306538851: RESULT: write_trip_voltage_v = 0.0309814
sample 34 seed=913329380: RESULT: write_trip_voltage_v = 0.0600952
sample 35 seed=1210125001: RESULT: write_trip_voltage_v = 0.0800171
sample 36 seed=145469611: RESULT: write_trip_voltage_v = -3.66211e-05
sample 37 seed=29903591: RESULT: write_trip_voltage_v = -3.66211e-05
sample 38 seed=799862550: RESULT: write_trip_voltage_v = 0.153589
sample 39 seed=1849045130: RESULT: write_trip_voltage_v = 0.0893921
sample 40 seed=443759745: RESULT: write_trip_voltage_v = 0.221118
sample 41 seed=693041994: RESULT: write_trip_voltage_v = -3.66211e-05
sample 42 seed=928579037: RESULT: write_trip_voltage_v = 0.121838
sample 43 seed=1197970296: RESULT: write_trip_voltage_v = -3.66211e-05
sample 44 seed=921363687: RESULT: write_trip_voltage_v = 0.118066
sample 45 seed=1066479748: RESULT: write_trip_voltage_v = 0.244849
sample 46 seed=34504371: RESULT: write_trip_voltage_v = -3.66211e-05
sample 47 seed=415946728: RESULT: write_trip_voltage_v = 0.0143921
sample 48 seed=1485534950: RESULT: write_trip_voltage_v = -3.66211e-05
sample 49 seed=294843612: RESULT: write_trip_voltage_v = 0.0483032
sample 50 seed=62386698: RESULT: write_trip_voltage_v = -3.66211e-05
sample 51 seed=991619795: RESULT: write_trip_voltage_v = -3.66211e-05
sample 52 seed=1821954228: RESULT: write_trip_voltage_v = -3.66211e-05
sample 53 seed=1965811579: RESULT: write_trip_voltage_v = -3.66211e-05
sample 54 seed=1292764298: RESULT: write_trip_voltage_v = -3.66211e-05
sample 55 seed=1639325261: RESULT: write_trip_voltage_v = 0.0679321
sample 56 seed=1426204132: RESULT: write_trip_voltage_v = 0.0339478
sample 57 seed=196715065: RESULT: write_trip_voltage_v = -3.66211e-05
sample 58 seed=1539164782: RESULT: write_trip_voltage_v = 0.0147583
sample 59 seed=87741245: RESULT: write_trip_voltage_v = -3.66211e-05
sample 60 seed=172505851: RESULT: write_trip_voltage_v = 0.0397339
sample 61 seed=266215060: RESULT: write_trip_voltage_v = 0.113525
sample 62 seed=522502713: RESULT: write_trip_voltage_v = 0.110156
sample 63 seed=1843321710: RESULT: write_trip_voltage_v = 0.098584
sample 64 seed=1285796150: RESULT: write_trip_voltage_v = -3.66211e-05
sample 65 seed=1887141269: RESULT: write_trip_voltage_v = 0.0515259
sample 66 seed=277401427: RESULT: write_trip_voltage_v = -3.66211e-05
sample 67 seed=846661261: RESULT: write_trip_voltage_v = 0.0114258
sample 68 seed=1181062179: RESULT: write_trip_voltage_v = -3.66211e-05
sample 69 seed=1667563407: RESULT: write_trip_voltage_v = -3.66211e-05
sample 70 seed=125058346: RESULT: write_trip_voltage_v = -3.66211e-05
sample 71 seed=154846962: RESULT: write_trip_voltage_v = -3.66211e-05
sample 72 seed=1887311049: RESULT: write_trip_voltage_v = -3.66211e-05
sample 73 seed=424877055: RESULT: write_trip_voltage_v = -3.66211e-05
sample 74 seed=962567647: RESULT: write_trip_voltage_v = 0.226245
sample 75 seed=1317719733: RESULT: write_trip_voltage_v = -3.66211e-05
sample 76 seed=1016057610: RESULT: write_trip_voltage_v = 0.112097
sample 77 seed=931100367: RESULT: write_trip_voltage_v = -3.66211e-05
sample 78 seed=1765256409: RESULT: write_trip_voltage_v = -3.66211e-05
sample 79 seed=1335552545: RESULT: write_trip_voltage_v = -3.66211e-05
sample 80 seed=446914582: RESULT: write_trip_voltage_v = 0.13418
sample 81 seed=1480657702: RESULT: write_trip_voltage_v = 0.124658
sample 82 seed=521356621: RESULT: write_trip_voltage_v = -3.66211e-05
sample 83 seed=62437586: RESULT: write_trip_voltage_v = -3.66211e-05
sample 84 seed=1853403416: RESULT: write_trip_voltage_v = 0.0511963
sample 85 seed=354376357: RESULT: write_trip_voltage_v = 0.0377197
sample 86 seed=693628799: RESULT: write_trip_voltage_v = 0.13407
sample 87 seed=1318501453: RESULT: write_trip_voltage_v = 0.0899414
sample 88 seed=1211813292: RESULT: write_trip_voltage_v = -3.66211e-05
sample 89 seed=1859109779: RESULT: write_trip_voltage_v = -3.66211e-05
sample 90 seed=461286366: RESULT: write_trip_voltage_v = -3.66211e-05
sample 91 seed=635836853: RESULT: write_trip_voltage_v = -3.66211e-05
sample 92 seed=252154207: RESULT: write_trip_voltage_v = 0.140479
sample 93 seed=1034695294: RESULT: write_trip_voltage_v = -3.66211e-05
sample 94 seed=818852132: RESULT: write_trip_voltage_v = 0.0246094
sample 95 seed=515642980: RESULT: write_trip_voltage_v = -3.66211e-05
sample 96 seed=557733401: RESULT: write_trip_voltage_v = 0.0569458
sample 97 seed=1798519160: RESULT: write_trip_voltage_v = 0.107959
sample 98 seed=993418948: RESULT: write_trip_voltage_v = -3.66211e-05
sample 99 seed=1503026341: RESULT: write_trip_voltage_v = -3.66211e-05
