=== corner ss_25c_2.97v -- mismatch samples (sw_stat_mismatch=1) ===
sample 0 seed=1474519151: RESULT: write_trip_voltage_v = 1.73933
sample 1 seed=1617362279: RESULT: write_trip_voltage_v = 1.74114
sample 2 seed=540797266: RESULT: write_trip_voltage_v = 1.74585
sample 3 seed=1124895077: RESULT: write_trip_voltage_v = 1.74839
sample 4 seed=232924708: RESULT: write_trip_voltage_v = 1.7493
sample 5 seed=687498864: RESULT: write_trip_voltage_v = 1.7493
sample 6 seed=1189577616: RESULT: write_trip_voltage_v = 1.73679
sample 7 seed=679017023: RESULT: write_trip_voltage_v = 1.74567
sample 8 seed=40821809: RESULT: write_trip_voltage_v = 1.7406
sample 9 seed=1622138771: RESULT: write_trip_voltage_v = 1.7348
sample 10 seed=88898896: RESULT: write_trip_voltage_v = 1.74386
sample 11 seed=186941147: RESULT: write_trip_voltage_v = 1.73534
sample 12 seed=439012448: RESULT: write_trip_voltage_v = 1.73915
sample 13 seed=1543329497: RESULT: write_trip_voltage_v = 1.73498
sample 14 seed=107876930: RESULT: write_trip_voltage_v = 1.74966
sample 15 seed=598717872: RESULT: write_trip_voltage_v = 1.74604
sample 16 seed=850361882: RESULT: write_trip_voltage_v = 1.74422
sample 17 seed=904575139: RESULT: write_trip_voltage_v = 1.74585
sample 18 seed=1280518962: RESULT: write_trip_voltage_v = 1.74875
sample 19 seed=1825840262: RESULT: write_trip_voltage_v = 1.7319
sample 20 seed=294464080: RESULT: write_trip_voltage_v = 1.73697
sample 21 seed=1262296810: RESULT: write_trip_voltage_v = 1.74168
sample 22 seed=885458328: RESULT: write_trip_voltage_v = 1.74386
sample 23 seed=1424629832: RESULT: write_trip_voltage_v = 1.7473
sample 24 seed=6291457: RESULT: write_trip_voltage_v = 1.73407
sample 25 seed=75622176: RESULT: write_trip_voltage_v = 1.74295
sample 26 seed=730330566: RESULT: write_trip_voltage_v = 1.74313
sample 27 seed=1354035549: RESULT: write_trip_voltage_v = 1.74313
sample 28 seed=1287805285: RESULT: write_trip_voltage_v = 1.75256
sample 29 seed=260972891: RESULT: write_trip_voltage_v = 1.73987
sample 30 seed=531784594: RESULT: write_trip_voltage_v = 1.74332
sample 31 seed=1463615306: RESULT: write_trip_voltage_v = 1.7415
sample 32 seed=343985879: RESULT: write_trip_voltage_v = 1.74531
sample 33 seed=749183380: RESULT: write_trip_voltage_v = 1.75057
sample 34 seed=1275484462: RESULT: write_trip_voltage_v = 1.7406
sample 35 seed=283532702: RESULT: write_trip_voltage_v = 1.74404
sample 36 seed=1753190567: RESULT: write_trip_voltage_v = 1.7328
sample 37 seed=902505564: RESULT: write_trip_voltage_v = 1.74912
sample 38 seed=1826097528: RESULT: write_trip_voltage_v = 1.74114
sample 39 seed=202131427: RESULT: write_trip_voltage_v = 1.74712
sample 40 seed=740995972: RESULT: write_trip_voltage_v = 1.73625
sample 41 seed=1552113058: RESULT: write_trip_voltage_v = 1.73679
sample 42 seed=1538195573: RESULT: write_trip_voltage_v = 1.73371
sample 43 seed=1168852090: RESULT: write_trip_voltage_v = 1.74259
sample 44 seed=1575911906: RESULT: write_trip_voltage_v = 1.74277
sample 45 seed=143527589: RESULT: write_trip_voltage_v = 1.74604
sample 46 seed=284327308: RESULT: write_trip_voltage_v = 1.73588
sample 47 seed=1642892633: RESULT: write_trip_voltage_v = 1.74513
sample 48 seed=322192697: RESULT: write_trip_voltage_v = 1.74585
sample 49 seed=1184144196: RESULT: write_trip_voltage_v = 1.74658
sample 50 seed=1582200635: RESULT: write_trip_voltage_v = 1.73788
sample 51 seed=1376431996: RESULT: write_trip_voltage_v = 1.73951
sample 52 seed=578808433: RESULT: write_trip_voltage_v = 1.7444
sample 53 seed=1913917855: RESULT: write_trip_voltage_v = 1.75437
sample 54 seed=1000296959: RESULT: write_trip_voltage_v = 1.74749
sample 55 seed=664702746: RESULT: write_trip_voltage_v = 1.74313
sample 56 seed=200533590: RESULT: write_trip_voltage_v = 1.73915
sample 57 seed=1129751294: RESULT: write_trip_voltage_v = 1.73407
sample 58 seed=804991631: RESULT: write_trip_voltage_v = 1.74894
sample 59 seed=838773087: RESULT: write_trip_voltage_v = 1.75184
sample 60 seed=1406466785: RESULT: write_trip_voltage_v = 1.7473
sample 61 seed=107409196: RESULT: write_trip_voltage_v = 1.73933
sample 62 seed=983462173: RESULT: write_trip_voltage_v = 1.7415
sample 63 seed=156080692: RESULT: write_trip_voltage_v = 1.74295
sample 64 seed=1301545463: RESULT: write_trip_voltage_v = 1.7386
sample 65 seed=1592957913: RESULT: write_trip_voltage_v = 1.73697
sample 66 seed=1041839537: RESULT: write_trip_voltage_v = 1.74005
sample 67 seed=1878813475: RESULT: write_trip_voltage_v = 1.73915
sample 68 seed=1826798567: RESULT: write_trip_voltage_v = 1.74223
sample 69 seed=530329607: RESULT: write_trip_voltage_v = 1.73552
sample 70 seed=1597632713: RESULT: write_trip_voltage_v = 1.74513
sample 71 seed=1176799135: RESULT: write_trip_voltage_v = 1.74966
sample 72 seed=1903148203: RESULT: write_trip_voltage_v = 1.74767
sample 73 seed=611922219: RESULT: write_trip_voltage_v = 1.74332
sample 74 seed=1412510771: RESULT: write_trip_voltage_v = 1.74422
sample 75 seed=87394093: RESULT: write_trip_voltage_v = 1.7444
sample 76 seed=718117418: RESULT: write_trip_voltage_v = 1.74422
sample 77 seed=1034742558: RESULT: write_trip_voltage_v = 1.73371
sample 78 seed=3735835: RESULT: write_trip_voltage_v = 1.73915
sample 79 seed=806147060: RESULT: write_trip_voltage_v = 1.74132
sample 80 seed=1338104059: RESULT: write_trip_voltage_v = 1.73933
sample 81 seed=1264783535: RESULT: write_trip_voltage_v = 1.73443
sample 82 seed=828853355: RESULT: write_trip_voltage_v = 1.73987
sample 83 seed=1523551494: RESULT: write_trip_voltage_v = 1.74368
sample 84 seed=1286157366: RESULT: write_trip_voltage_v = 1.73752
sample 85 seed=786017229: RESULT: write_trip_voltage_v = 1.74531
sample 86 seed=1365050020: RESULT: write_trip_voltage_v = 1.74495
sample 87 seed=236966203: RESULT: write_trip_voltage_v = 1.74168
sample 88 seed=1346457414: RESULT: write_trip_voltage_v = 1.74585
sample 89 seed=1825851307: RESULT: write_trip_voltage_v = 1.74676
sample 90 seed=1011063521: RESULT: write_trip_voltage_v = 1.73643
sample 91 seed=280350005: RESULT: write_trip_voltage_v = 1.74132
sample 92 seed=121909639: RESULT: write_trip_voltage_v = 1.74422
sample 93 seed=162115289: RESULT: write_trip_voltage_v = 1.74386
sample 94 seed=39025175: RESULT: write_trip_voltage_v = 1.74332
sample 95 seed=1534010584: RESULT: write_trip_voltage_v = 1.74875
sample 96 seed=757940001: RESULT: write_trip_voltage_v = 1.73081
sample 97 seed=1193238128: RESULT: write_trip_voltage_v = 1.74096
sample 98 seed=424526644: RESULT: write_trip_voltage_v = 1.7444
sample 99 seed=1077880264: RESULT: write_trip_voltage_v = 1.74295
sample 100 seed=1766022676: RESULT: write_trip_voltage_v = 1.7299
sample 101 seed=964963301: RESULT: write_trip_voltage_v = 1.73715
sample 102 seed=572018276: RESULT: write_trip_voltage_v = 1.73679
sample 103 seed=1898824375: RESULT: write_trip_voltage_v = 1.74078
sample 104 seed=844892378: RESULT: write_trip_voltage_v = 1.74785
sample 105 seed=250268224: RESULT: write_trip_voltage_v = 1.74168
sample 106 seed=264256747: RESULT: write_trip_voltage_v = 1.7406
sample 107 seed=1633688376: RESULT: write_trip_voltage_v = 1.73878
sample 108 seed=1042428409: RESULT: write_trip_voltage_v = 1.74295
sample 109 seed=945572051: RESULT: write_trip_voltage_v = 1.74604
sample 110 seed=273683391: RESULT: write_trip_voltage_v = 1.74241
sample 111 seed=1754092122: RESULT: write_trip_voltage_v = 1.74513
sample 112 seed=266961423: RESULT: write_trip_voltage_v = 1.74912
sample 113 seed=447939124: RESULT: write_trip_voltage_v = 1.7415
sample 114 seed=1119924799: RESULT: write_trip_voltage_v = 1.73969
sample 115 seed=702861465: RESULT: write_trip_voltage_v = 1.73461
sample 116 seed=804144361: RESULT: write_trip_voltage_v = 1.74078
sample 117 seed=235177207: RESULT: write_trip_voltage_v = 1.74549
sample 118 seed=1911694674: RESULT: write_trip_voltage_v = 1.74567
sample 119 seed=435701338: RESULT: write_trip_voltage_v = 1.74205
sample 120 seed=1357650017: RESULT: write_trip_voltage_v = 1.74168
sample 121 seed=1742134816: RESULT: write_trip_voltage_v = 1.73461
sample 122 seed=1164780260: RESULT: write_trip_voltage_v = 1.7406
sample 123 seed=993262168: RESULT: write_trip_voltage_v = 1.74458
sample 124 seed=247095431: RESULT: write_trip_voltage_v = 1.73461
sample 125 seed=1667812447: RESULT: write_trip_voltage_v = 1.73806
sample 126 seed=853786285: RESULT: write_trip_voltage_v = 1.73806
sample 127 seed=1324620051: RESULT: write_trip_voltage_v = 1.7406
sample 128 seed=1559384759: RESULT: write_trip_voltage_v = 1.74078
sample 129 seed=1341237015: RESULT: write_trip_voltage_v = 1.74259
sample 130 seed=354651618: RESULT: write_trip_voltage_v = 1.74223
sample 131 seed=1405065974: RESULT: write_trip_voltage_v = 1.74549
sample 132 seed=1648478926: RESULT: write_trip_voltage_v = 1.73915
sample 133 seed=83470937: RESULT: write_trip_voltage_v = 1.73824
sample 134 seed=973524806: RESULT: write_trip_voltage_v = 1.7415
sample 135 seed=828061658: RESULT: write_trip_voltage_v = 1.74622
sample 136 seed=999655546: RESULT: write_trip_voltage_v = 1.74567
sample 137 seed=1145662932: RESULT: write_trip_voltage_v = 1.73461
sample 138 seed=41588069: RESULT: write_trip_voltage_v = 1.7435
sample 139 seed=1425923791: RESULT: write_trip_voltage_v = 1.7415
sample 140 seed=1650541770: RESULT: write_trip_voltage_v = 1.74549
sample 141 seed=223243647: RESULT: write_trip_voltage_v = 1.74966
sample 142 seed=1325456567: RESULT: write_trip_voltage_v = 1.74114
sample 143 seed=537835305: RESULT: write_trip_voltage_v = 1.74404
sample 144 seed=265063024: RESULT: write_trip_voltage_v = 1.73788
sample 145 seed=607039050: RESULT: write_trip_voltage_v = 1.73824
sample 146 seed=190617713: RESULT: write_trip_voltage_v = 1.74404
sample 147 seed=867729017: RESULT: write_trip_voltage_v = 1.73208
sample 148 seed=471334920: RESULT: write_trip_voltage_v = 1.74948
sample 149 seed=1606140037: RESULT: write_trip_voltage_v = 1.74259
sample 150 seed=1591641755: RESULT: write_trip_voltage_v = 1.74205
sample 151 seed=1573501950: RESULT: write_trip_voltage_v = 1.74531
sample 152 seed=468147906: RESULT: write_trip_voltage_v = 1.7415
sample 153 seed=1582514711: RESULT: write_trip_voltage_v = 1.73353
sample 154 seed=949935238: RESULT: write_trip_voltage_v = 1.74005
sample 155 seed=1179635073: RESULT: write_trip_voltage_v = 1.74295
sample 156 seed=1942920584: RESULT: write_trip_voltage_v = 1.73987
sample 157 seed=818702803: RESULT: write_trip_voltage_v = 1.73733
sample 158 seed=23676718: RESULT: write_trip_voltage_v = 1.73516
sample 159 seed=477775812: RESULT: write_trip_voltage_v = 1.75111
sample 160 seed=1052677078: RESULT: write_trip_voltage_v = 1.74368
sample 161 seed=1674949139: RESULT: write_trip_voltage_v = 1.74749
sample 162 seed=1346856701: RESULT: write_trip_voltage_v = 1.7435
sample 163 seed=788347327: RESULT: write_trip_voltage_v = 1.73752
sample 164 seed=1119123049: RESULT: write_trip_voltage_v = 1.7415
sample 165 seed=1013140977: RESULT: write_trip_voltage_v = 1.75147
sample 166 seed=6052501: RESULT: write_trip_voltage_v = 1.74223
sample 167 seed=1816088676: RESULT: write_trip_voltage_v = 1.74241
sample 168 seed=1772173031: RESULT: write_trip_voltage_v = 1.75202
sample 169 seed=419419669: RESULT: write_trip_voltage_v = 1.74078
sample 170 seed=1475025488: RESULT: write_trip_voltage_v = 1.74368
sample 171 seed=1763830036: RESULT: write_trip_voltage_v = 1.73552
sample 172 seed=1710086021: RESULT: write_trip_voltage_v = 1.73915
sample 173 seed=1694673336: RESULT: write_trip_voltage_v = 1.74005
sample 174 seed=251531689: RESULT: write_trip_voltage_v = 1.74585
sample 175 seed=228980017: RESULT: write_trip_voltage_v = 1.73715
sample 176 seed=113592481: RESULT: write_trip_voltage_v = 1.73516
sample 177 seed=687017620: RESULT: write_trip_voltage_v = 1.73715
sample 178 seed=277360351: RESULT: write_trip_voltage_v = 1.74096
sample 179 seed=1352905287: RESULT: write_trip_voltage_v = 1.7357
sample 180 seed=409197173: RESULT: write_trip_voltage_v = 1.73498
sample 181 seed=260468805: RESULT: write_trip_voltage_v = 1.74096
sample 182 seed=1586184224: RESULT: write_trip_voltage_v = 1.74857
sample 183 seed=614211462: RESULT: write_trip_voltage_v = 1.73425
sample 184 seed=1885701116: RESULT: write_trip_voltage_v = 1.73552
sample 185 seed=1326059287: RESULT: write_trip_voltage_v = 1.74313
sample 186 seed=833141137: RESULT: write_trip_voltage_v = 1.73389
sample 187 seed=1358866285: RESULT: write_trip_voltage_v = 1.74622
sample 188 seed=36684994: RESULT: write_trip_voltage_v = 1.74332
sample 189 seed=197584255: RESULT: write_trip_voltage_v = 1.73733
sample 190 seed=524910452: RESULT: write_trip_voltage_v = 1.7444
sample 191 seed=274911515: RESULT: write_trip_voltage_v = 1.73788
sample 192 seed=738532357: RESULT: write_trip_voltage_v = 1.73842
sample 193 seed=1038848601: RESULT: write_trip_voltage_v = 1.73244
sample 194 seed=344774706: RESULT: write_trip_voltage_v = 1.73752
sample 195 seed=30237858: RESULT: write_trip_voltage_v = 1.75147
sample 196 seed=1585421990: RESULT: write_trip_voltage_v = 1.73443
sample 197 seed=127273172: RESULT: write_trip_voltage_v = 1.7406
sample 198 seed=1849148657: RESULT: write_trip_voltage_v = 1.73933
sample 199 seed=35273674: RESULT: write_trip_voltage_v = 1.72773

=== corner ss_25c_2.97v -- determinism control (sw_stat_mismatch=0) ===
sample 0 seed=480026901: RESULT: write_trip_voltage_v = 1.74241
sample 1 seed=586062919: RESULT: write_trip_voltage_v = 1.74241
sample 2 seed=1596885052: RESULT: write_trip_voltage_v = 1.74241
sample 3 seed=1177329572: RESULT: write_trip_voltage_v = 1.74241

=== corner ss_25c_2.97v -- negative control (known-bad variant: supply collapsed to 0.60 V, far below spec/sram.md's ratified 2.97 V minimum, with per-instance mismatch drawn at 6x the PDK's own sigma -- a write that no longer completes inside the fixed 1.8 ns write pulse) ===
sample 0 seed=1753327253: RESULT: write_trip_voltage_v = -3.66211e-05
sample 1 seed=1606311745: RESULT: write_trip_voltage_v = 0.0473877
sample 2 seed=1237619214: RESULT: write_trip_voltage_v = 0.0861328
sample 3 seed=547824923: RESULT: write_trip_voltage_v = -3.66211e-05
sample 4 seed=1607925563: RESULT: write_trip_voltage_v = -3.66211e-05
sample 5 seed=687338774: RESULT: write_trip_voltage_v = 0.134473
sample 6 seed=1845485037: RESULT: write_trip_voltage_v = 0.020874
sample 7 seed=235082972: RESULT: write_trip_voltage_v = -3.66211e-05
sample 8 seed=444729226: RESULT: write_trip_voltage_v = 0.0648926
sample 9 seed=82022440: RESULT: write_trip_voltage_v = -3.66211e-05
sample 10 seed=423121110: RESULT: write_trip_voltage_v = -3.66211e-05
sample 11 seed=166897615: RESULT: write_trip_voltage_v = 0.106824
sample 12 seed=883950978: RESULT: write_trip_voltage_v = 0.345703
sample 13 seed=1067279124: RESULT: write_trip_voltage_v = -3.66211e-05
sample 14 seed=1936358271: RESULT: write_trip_voltage_v = 0.129822
sample 15 seed=1853485247: RESULT: write_trip_voltage_v = -3.66211e-05
sample 16 seed=907744810: RESULT: write_trip_voltage_v = -3.66211e-05
sample 17 seed=1577954753: RESULT: write_trip_voltage_v = 0.143848
sample 18 seed=520897577: RESULT: write_trip_voltage_v = 0.116089
sample 19 seed=1710722149: RESULT: write_trip_voltage_v = -3.66211e-05
sample 20 seed=13415816: RESULT: write_trip_voltage_v = 0.0781494
sample 21 seed=1803099699: RESULT: write_trip_voltage_v = 0.166626
sample 22 seed=1789965654: RESULT: write_trip_voltage_v = 0.0956177
sample 23 seed=365367257: RESULT: write_trip_voltage_v = -3.66211e-05
sample 24 seed=709490025: RESULT: write_trip_voltage_v = 0.166296
sample 25 seed=1389277511: RESULT: write_trip_voltage_v = -3.66211e-05
sample 26 seed=258106734: RESULT: write_trip_voltage_v = 0.0726929
sample 27 seed=800946585: RESULT: write_trip_voltage_v = 0.13689
sample 28 seed=508707537: RESULT: write_trip_voltage_v = -3.66211e-05
sample 29 seed=106258518: RESULT: write_trip_voltage_v = 0.0305786
sample 30 seed=1506205264: RESULT: write_trip_voltage_v = 0.168091
sample 31 seed=1313097478: RESULT: write_trip_voltage_v = 0.182959
sample 32 seed=1497128190: RESULT: write_trip_voltage_v = -3.66211e-05
sample 33 seed=53164441: RESULT: write_trip_voltage_v = -3.66211e-05
sample 34 seed=621706475: RESULT: write_trip_voltage_v = -3.66211e-05
sample 35 seed=273379262: RESULT: write_trip_voltage_v = -3.66211e-05
sample 36 seed=1762742591: RESULT: write_trip_voltage_v = -3.66211e-05
sample 37 seed=710767103: RESULT: write_trip_voltage_v = -3.66211e-05
sample 38 seed=710849669: RESULT: write_trip_voltage_v = -3.66211e-05
sample 39 seed=1033092149: RESULT: write_trip_voltage_v = -3.66211e-05
sample 40 seed=615039415: RESULT: write_trip_voltage_v = 0.180725
sample 41 seed=1295262576: RESULT: write_trip_voltage_v = 0.0534668
sample 42 seed=1826424211: RESULT: write_trip_voltage_v = 0.0254517
sample 43 seed=727484389: RESULT: write_trip_voltage_v = 0.0823242
sample 44 seed=615972762: RESULT: write_trip_voltage_v = -3.66211e-05
sample 45 seed=623911874: RESULT: write_trip_voltage_v = -3.66211e-05
sample 46 seed=1437757534: RESULT: write_trip_voltage_v = -3.66211e-05
sample 47 seed=439446378: RESULT: write_trip_voltage_v = 0.0368042
sample 48 seed=852647187: RESULT: write_trip_voltage_v = -3.66211e-05
sample 49 seed=1987160296: RESULT: write_trip_voltage_v = 0.088916
sample 50 seed=780306762: RESULT: write_trip_voltage_v = -3.66211e-05
sample 51 seed=719256068: RESULT: write_trip_voltage_v = 0.0570557
sample 52 seed=1407625906: RESULT: write_trip_voltage_v = 0.237524
sample 53 seed=308557058: RESULT: write_trip_voltage_v = 0.102942
sample 54 seed=200306521: RESULT: write_trip_voltage_v = -3.66211e-05
sample 55 seed=1991245679: RESULT: write_trip_voltage_v = -3.66211e-05
sample 56 seed=847556518: RESULT: write_trip_voltage_v = 0.0989502
sample 57 seed=842462342: RESULT: write_trip_voltage_v = -3.66211e-05
sample 58 seed=1222605820: RESULT: write_trip_voltage_v = -3.66211e-05
sample 59 seed=1871330732: RESULT: write_trip_voltage_v = -3.66211e-05
sample 60 seed=1485026674: RESULT: write_trip_voltage_v = 0.0681152
sample 61 seed=791294546: RESULT: write_trip_voltage_v = 0.093457
sample 62 seed=505274775: RESULT: write_trip_voltage_v = 0.0127808
sample 63 seed=839195436: RESULT: write_trip_voltage_v = 0.321863
sample 64 seed=760908543: RESULT: write_trip_voltage_v = 0.118616
sample 65 seed=930167267: RESULT: write_trip_voltage_v = -3.66211e-05
sample 66 seed=1885244295: RESULT: write_trip_voltage_v = -3.66211e-05
sample 67 seed=1254317890: RESULT: write_trip_voltage_v = -3.66211e-05
sample 68 seed=1539125326: RESULT: write_trip_voltage_v = 0.00369873
sample 69 seed=1347910141: RESULT: write_trip_voltage_v = 0.0194458
sample 70 seed=861352978: RESULT: write_trip_voltage_v = 0.0795776
sample 71 seed=120299462: RESULT: write_trip_voltage_v = -3.66211e-05
sample 72 seed=1921722102: RESULT: write_trip_voltage_v = 0.0825073
sample 73 seed=742326370: RESULT: write_trip_voltage_v = 0.100049
sample 74 seed=790986294: RESULT: write_trip_voltage_v = -3.66211e-05
sample 75 seed=1749189997: RESULT: write_trip_voltage_v = -3.66211e-05
sample 76 seed=713768120: RESULT: write_trip_voltage_v = 0.13623
sample 77 seed=848332314: RESULT: write_trip_voltage_v = 0.0266968
sample 78 seed=419797288: RESULT: write_trip_voltage_v = 0.0896851
sample 79 seed=832197398: RESULT: write_trip_voltage_v = 0.0887329
sample 80 seed=1490126250: RESULT: write_trip_voltage_v = -3.66211e-05
sample 81 seed=676739156: RESULT: write_trip_voltage_v = 0.0149414
sample 82 seed=1964447918: RESULT: write_trip_voltage_v = 0.19325
sample 83 seed=158758976: RESULT: write_trip_voltage_v = 0.0595459
sample 84 seed=596240966: RESULT: write_trip_voltage_v = 0.0926147
sample 85 seed=832463174: RESULT: write_trip_voltage_v = -3.66211e-05
sample 86 seed=370745586: RESULT: write_trip_voltage_v = 0.167175
sample 87 seed=138820630: RESULT: write_trip_voltage_v = 0.0637207
sample 88 seed=276661183: RESULT: write_trip_voltage_v = -3.66211e-05
sample 89 seed=139215962: RESULT: write_trip_voltage_v = -3.66211e-05
sample 90 seed=45012118: RESULT: write_trip_voltage_v = -3.66211e-05
sample 91 seed=1574299279: RESULT: write_trip_voltage_v = -3.66211e-05
sample 92 seed=1132240626: RESULT: write_trip_voltage_v = 0.27583
sample 93 seed=817272071: RESULT: write_trip_voltage_v = 0.0670166
sample 94 seed=1385819996: RESULT: write_trip_voltage_v = 0.141724
sample 95 seed=198167116: RESULT: write_trip_voltage_v = -3.66211e-05
sample 96 seed=971950186: RESULT: write_trip_voltage_v = 0.0263672
sample 97 seed=1577641437: RESULT: write_trip_voltage_v = 0.107446
sample 98 seed=107918599: RESULT: write_trip_voltage_v = 0.0197021
sample 99 seed=947042172: RESULT: write_trip_voltage_v = -3.66211e-05
