=== corner tt_125c_2.97v -- mismatch samples (sw_stat_mismatch=1) ===
sample 0 seed=1790082100: RESULT: write_trip_voltage_v = 1.68241
sample 1 seed=1535388499: RESULT: write_trip_voltage_v = 1.67026
sample 2 seed=106673681: RESULT: write_trip_voltage_v = 1.67733
sample 3 seed=1451846831: RESULT: write_trip_voltage_v = 1.67878
sample 4 seed=326807709: RESULT: write_trip_voltage_v = 1.67498
sample 5 seed=939531688: RESULT: write_trip_voltage_v = 1.67769
sample 6 seed=1867263473: RESULT: write_trip_voltage_v = 1.67389
sample 7 seed=1851392631: RESULT: write_trip_voltage_v = 1.67661
sample 8 seed=543704429: RESULT: write_trip_voltage_v = 1.67534
sample 9 seed=191278831: RESULT: write_trip_voltage_v = 1.66772
sample 10 seed=931299911: RESULT: write_trip_voltage_v = 1.68585
sample 11 seed=1295429054: RESULT: write_trip_voltage_v = 1.67769
sample 12 seed=302521439: RESULT: write_trip_voltage_v = 1.68422
sample 13 seed=70895137: RESULT: write_trip_voltage_v = 1.68168
sample 14 seed=599545349: RESULT: write_trip_voltage_v = 1.66917
sample 15 seed=878302135: RESULT: write_trip_voltage_v = 1.6806
sample 16 seed=960510115: RESULT: write_trip_voltage_v = 1.68476
sample 17 seed=1561865556: RESULT: write_trip_voltage_v = 1.6806
sample 18 seed=617167943: RESULT: write_trip_voltage_v = 1.68476
sample 19 seed=932590661: RESULT: write_trip_voltage_v = 1.67425
sample 20 seed=1060314745: RESULT: write_trip_voltage_v = 1.67896
sample 21 seed=1038500520: RESULT: write_trip_voltage_v = 1.67588
sample 22 seed=1157051269: RESULT: write_trip_voltage_v = 1.67969
sample 23 seed=700956212: RESULT: write_trip_voltage_v = 1.67425
sample 24 seed=1768323036: RESULT: write_trip_voltage_v = 1.67044
sample 25 seed=244651652: RESULT: write_trip_voltage_v = 1.67842
sample 26 seed=1142901848: RESULT: write_trip_voltage_v = 1.67643
sample 27 seed=1884419240: RESULT: write_trip_voltage_v = 1.67588
sample 28 seed=1153156727: RESULT: write_trip_voltage_v = 1.67498
sample 29 seed=1819419640: RESULT: write_trip_voltage_v = 1.67769
sample 30 seed=542445355: RESULT: write_trip_voltage_v = 1.68404
sample 31 seed=703370287: RESULT: write_trip_voltage_v = 1.67226
sample 32 seed=1146375802: RESULT: write_trip_voltage_v = 1.67933
sample 33 seed=231435523: RESULT: write_trip_voltage_v = 1.67769
sample 34 seed=725157534: RESULT: write_trip_voltage_v = 1.68277
sample 35 seed=161117351: RESULT: write_trip_voltage_v = 1.68585
sample 36 seed=405236321: RESULT: write_trip_voltage_v = 1.67661
sample 37 seed=1048274203: RESULT: write_trip_voltage_v = 1.68186
sample 38 seed=1365552640: RESULT: write_trip_voltage_v = 1.67914
sample 39 seed=570856568: RESULT: write_trip_voltage_v = 1.66827
sample 40 seed=468679360: RESULT: write_trip_voltage_v = 1.67896
sample 41 seed=174999678: RESULT: write_trip_voltage_v = 1.67588
sample 42 seed=316085053: RESULT: write_trip_voltage_v = 1.67262
sample 43 seed=1847474214: RESULT: write_trip_voltage_v = 1.67298
sample 44 seed=1737668958: RESULT: write_trip_voltage_v = 1.67334
sample 45 seed=1154233683: RESULT: write_trip_voltage_v = 1.6786
sample 46 seed=1313561724: RESULT: write_trip_voltage_v = 1.66917
sample 47 seed=75299418: RESULT: write_trip_voltage_v = 1.68132
sample 48 seed=700907272: RESULT: write_trip_voltage_v = 1.68295
sample 49 seed=24325668: RESULT: write_trip_voltage_v = 1.66428
sample 50 seed=1502874377: RESULT: write_trip_voltage_v = 1.67534
sample 51 seed=743622670: RESULT: write_trip_voltage_v = 1.69328
sample 52 seed=215457953: RESULT: write_trip_voltage_v = 1.67661
sample 53 seed=153342200: RESULT: write_trip_voltage_v = 1.68585
sample 54 seed=2416983: RESULT: write_trip_voltage_v = 1.67751
sample 55 seed=829554401: RESULT: write_trip_voltage_v = 1.67226
sample 56 seed=397538160: RESULT: write_trip_voltage_v = 1.67407
sample 57 seed=1473057193: RESULT: write_trip_voltage_v = 1.67661
sample 58 seed=1142229644: RESULT: write_trip_voltage_v = 1.68712
sample 59 seed=74072531: RESULT: write_trip_voltage_v = 1.68205
sample 60 seed=324686379: RESULT: write_trip_voltage_v = 1.67878
sample 61 seed=920501364: RESULT: write_trip_voltage_v = 1.67588
sample 62 seed=1950761742: RESULT: write_trip_voltage_v = 1.67461
sample 63 seed=171565673: RESULT: write_trip_voltage_v = 1.6699
sample 64 seed=98313935: RESULT: write_trip_voltage_v = 1.67969
sample 65 seed=1071604627: RESULT: write_trip_voltage_v = 1.67407
sample 66 seed=229215185: RESULT: write_trip_voltage_v = 1.67769
sample 67 seed=417656775: RESULT: write_trip_voltage_v = 1.68223
sample 68 seed=791843564: RESULT: write_trip_voltage_v = 1.66863
sample 69 seed=190646647: RESULT: write_trip_voltage_v = 1.67044
sample 70 seed=1018034614: RESULT: write_trip_voltage_v = 1.67878
sample 71 seed=79420357: RESULT: write_trip_voltage_v = 1.68621
sample 72 seed=464653160: RESULT: write_trip_voltage_v = 1.66791
sample 73 seed=477419362: RESULT: write_trip_voltage_v = 1.66827
sample 74 seed=57364698: RESULT: write_trip_voltage_v = 1.67914
sample 75 seed=878323360: RESULT: write_trip_voltage_v = 1.67534
sample 76 seed=1067626156: RESULT: write_trip_voltage_v = 1.68023
sample 77 seed=396253406: RESULT: write_trip_voltage_v = 1.67933
sample 78 seed=893946486: RESULT: write_trip_voltage_v = 1.68585
sample 79 seed=1905227111: RESULT: write_trip_voltage_v = 1.68241
sample 80 seed=1874846618: RESULT: write_trip_voltage_v = 1.67933
sample 81 seed=337139307: RESULT: write_trip_voltage_v = 1.67189
sample 82 seed=31751117: RESULT: write_trip_voltage_v = 1.67733
sample 83 seed=1067767487: RESULT: write_trip_voltage_v = 1.68132
sample 84 seed=1511194379: RESULT: write_trip_voltage_v = 1.68186
sample 85 seed=308118629: RESULT: write_trip_voltage_v = 1.67661
sample 86 seed=14605065: RESULT: write_trip_voltage_v = 1.68005
sample 87 seed=734754177: RESULT: write_trip_voltage_v = 1.67914
sample 88 seed=1500895208: RESULT: write_trip_voltage_v = 1.68205
sample 89 seed=1317965317: RESULT: write_trip_voltage_v = 1.68313
sample 90 seed=1352569354: RESULT: write_trip_voltage_v = 1.6757
sample 91 seed=1915238139: RESULT: write_trip_voltage_v = 1.68223
sample 92 seed=172297518: RESULT: write_trip_voltage_v = 1.67534
sample 93 seed=933677541: RESULT: write_trip_voltage_v = 1.66827
sample 94 seed=1244116600: RESULT: write_trip_voltage_v = 1.67552
sample 95 seed=1060192884: RESULT: write_trip_voltage_v = 1.67552
sample 96 seed=1634529804: RESULT: write_trip_voltage_v = 1.68621
sample 97 seed=1523292779: RESULT: write_trip_voltage_v = 1.67479
sample 98 seed=1480861879: RESULT: write_trip_voltage_v = 1.67461
sample 99 seed=90927038: RESULT: write_trip_voltage_v = 1.67208
sample 100 seed=979584992: RESULT: write_trip_voltage_v = 1.67914
sample 101 seed=128171371: RESULT: write_trip_voltage_v = 1.67371
sample 102 seed=72564163: RESULT: write_trip_voltage_v = 1.68331
sample 103 seed=513751320: RESULT: write_trip_voltage_v = 1.68313
sample 104 seed=1355321833: RESULT: write_trip_voltage_v = 1.67624
sample 105 seed=1324937976: RESULT: write_trip_voltage_v = 1.67788
sample 106 seed=1509347408: RESULT: write_trip_voltage_v = 1.67679
sample 107 seed=1063089235: RESULT: write_trip_voltage_v = 1.66827
sample 108 seed=1912184766: RESULT: write_trip_voltage_v = 1.67081
sample 109 seed=254682030: RESULT: write_trip_voltage_v = 1.68223
sample 110 seed=1863243291: RESULT: write_trip_voltage_v = 1.67498
sample 111 seed=266033322: RESULT: write_trip_voltage_v = 1.67008
sample 112 seed=81468261: RESULT: write_trip_voltage_v = 1.68603
sample 113 seed=1845322722: RESULT: write_trip_voltage_v = 1.67425
sample 114 seed=1509125262: RESULT: write_trip_voltage_v = 1.68531
sample 115 seed=1882769558: RESULT: write_trip_voltage_v = 1.68096
sample 116 seed=233694931: RESULT: write_trip_voltage_v = 1.67769
sample 117 seed=193275695: RESULT: write_trip_voltage_v = 1.68078
sample 118 seed=231982927: RESULT: write_trip_voltage_v = 1.67606
sample 119 seed=1530068087: RESULT: write_trip_voltage_v = 1.67806
sample 120 seed=1085118642: RESULT: write_trip_voltage_v = 1.68223
sample 121 seed=539431784: RESULT: write_trip_voltage_v = 1.68096
sample 122 seed=1039625677: RESULT: write_trip_voltage_v = 1.68386
sample 123 seed=1338647657: RESULT: write_trip_voltage_v = 1.67208
sample 124 seed=1923785104: RESULT: write_trip_voltage_v = 1.67498
sample 125 seed=83765797: RESULT: write_trip_voltage_v = 1.68096
sample 126 seed=996514545: RESULT: write_trip_voltage_v = 1.6893
sample 127 seed=80520597: RESULT: write_trip_voltage_v = 1.67588
sample 128 seed=748486097: RESULT: write_trip_voltage_v = 1.67189
sample 129 seed=1354221462: RESULT: write_trip_voltage_v = 1.66936
sample 130 seed=1550841420: RESULT: write_trip_voltage_v = 1.67334
sample 131 seed=784608898: RESULT: write_trip_voltage_v = 1.68005
sample 132 seed=1268499828: RESULT: write_trip_voltage_v = 1.6815
sample 133 seed=1506580243: RESULT: write_trip_voltage_v = 1.67407
sample 134 seed=451022262: RESULT: write_trip_voltage_v = 1.67443
sample 135 seed=314985329: RESULT: write_trip_voltage_v = 1.68168
sample 136 seed=1015598306: RESULT: write_trip_voltage_v = 1.6835
sample 137 seed=31082950: RESULT: write_trip_voltage_v = 1.67661
sample 138 seed=1224572954: RESULT: write_trip_voltage_v = 1.67806
sample 139 seed=902896087: RESULT: write_trip_voltage_v = 1.68295
sample 140 seed=1369999329: RESULT: write_trip_voltage_v = 1.6728
sample 141 seed=1040160787: RESULT: write_trip_voltage_v = 1.67588
sample 142 seed=1824923735: RESULT: write_trip_voltage_v = 1.65739
sample 143 seed=1255069888: RESULT: write_trip_voltage_v = 1.67298
sample 144 seed=1738466123: RESULT: write_trip_voltage_v = 1.67824
sample 145 seed=107023532: RESULT: write_trip_voltage_v = 1.68023
sample 146 seed=136920051: RESULT: write_trip_voltage_v = 1.68259
sample 147 seed=1718936402: RESULT: write_trip_voltage_v = 1.67751
sample 148 seed=96085492: RESULT: write_trip_voltage_v = 1.68513
sample 149 seed=639845884: RESULT: write_trip_voltage_v = 1.67371
sample 150 seed=1367784180: RESULT: write_trip_voltage_v = 1.68567
sample 151 seed=712544961: RESULT: write_trip_voltage_v = 1.67824
sample 152 seed=199477880: RESULT: write_trip_voltage_v = 1.67534
sample 153 seed=1627934780: RESULT: write_trip_voltage_v = 1.67914
sample 154 seed=856491248: RESULT: write_trip_voltage_v = 1.67371
sample 155 seed=718282504: RESULT: write_trip_voltage_v = 1.67407
sample 156 seed=1678098127: RESULT: write_trip_voltage_v = 1.67081
sample 157 seed=1200042778: RESULT: write_trip_voltage_v = 1.67878
sample 158 seed=19392572: RESULT: write_trip_voltage_v = 1.68259
sample 159 seed=82047505: RESULT: write_trip_voltage_v = 1.66646
sample 160 seed=194146509: RESULT: write_trip_voltage_v = 1.6757
sample 161 seed=1212210697: RESULT: write_trip_voltage_v = 1.67896
sample 162 seed=350025602: RESULT: write_trip_voltage_v = 1.66954
sample 163 seed=1213385109: RESULT: write_trip_voltage_v = 1.68513
sample 164 seed=897495758: RESULT: write_trip_voltage_v = 1.67516
sample 165 seed=742872299: RESULT: write_trip_voltage_v = 1.69057
sample 166 seed=174320519: RESULT: write_trip_voltage_v = 1.67498
sample 167 seed=580406047: RESULT: write_trip_voltage_v = 1.6757
sample 168 seed=1786117935: RESULT: write_trip_voltage_v = 1.68259
sample 169 seed=704744496: RESULT: write_trip_voltage_v = 1.68603
sample 170 seed=1765206307: RESULT: write_trip_voltage_v = 1.67788
sample 171 seed=189126174: RESULT: write_trip_voltage_v = 1.67697
sample 172 seed=1239822310: RESULT: write_trip_voltage_v = 1.67534
sample 173 seed=1164483141: RESULT: write_trip_voltage_v = 1.67552
sample 174 seed=1482642234: RESULT: write_trip_voltage_v = 1.67516
sample 175 seed=1507658619: RESULT: write_trip_voltage_v = 1.67733
sample 176 seed=512098295: RESULT: write_trip_voltage_v = 1.67643
sample 177 seed=401912043: RESULT: write_trip_voltage_v = 1.68331
sample 178 seed=639868008: RESULT: write_trip_voltage_v = 1.67552
sample 179 seed=695484306: RESULT: write_trip_voltage_v = 1.67842
sample 180 seed=1812713708: RESULT: write_trip_voltage_v = 1.68331
sample 181 seed=1842946193: RESULT: write_trip_voltage_v = 1.66809
sample 182 seed=1321471980: RESULT: write_trip_voltage_v = 1.68495
sample 183 seed=855944718: RESULT: write_trip_voltage_v = 1.67135
sample 184 seed=1611806630: RESULT: write_trip_voltage_v = 1.68603
sample 185 seed=585452687: RESULT: write_trip_voltage_v = 1.67208
sample 186 seed=11987202: RESULT: write_trip_voltage_v = 1.68567
sample 187 seed=53527746: RESULT: write_trip_voltage_v = 1.67806
sample 188 seed=813588865: RESULT: write_trip_voltage_v = 1.68005
sample 189 seed=1311845711: RESULT: write_trip_voltage_v = 1.67552
sample 190 seed=77915145: RESULT: write_trip_voltage_v = 1.67425
sample 191 seed=1216068222: RESULT: write_trip_voltage_v = 1.67262
sample 192 seed=702334063: RESULT: write_trip_voltage_v = 1.66682
sample 193 seed=568580002: RESULT: write_trip_voltage_v = 1.67969
sample 194 seed=1300269311: RESULT: write_trip_voltage_v = 1.67552
sample 195 seed=869858507: RESULT: write_trip_voltage_v = 1.67479
sample 196 seed=925741406: RESULT: write_trip_voltage_v = 1.67552
sample 197 seed=238801080: RESULT: write_trip_voltage_v = 1.67969
sample 198 seed=1188926134: RESULT: write_trip_voltage_v = 1.67044
sample 199 seed=288870833: RESULT: write_trip_voltage_v = 1.67552

=== corner tt_125c_2.97v -- determinism control (sw_stat_mismatch=0) ===
sample 0 seed=1840542995: RESULT: write_trip_voltage_v = 1.67751
sample 1 seed=82327263: RESULT: write_trip_voltage_v = 1.67751
sample 2 seed=25182720: RESULT: write_trip_voltage_v = 1.67751
sample 3 seed=466575408: RESULT: write_trip_voltage_v = 1.67751

=== corner tt_125c_2.97v -- negative control (known-bad variant: supply collapsed to 0.60 V, far below spec/sram.md's ratified 2.97 V minimum, with per-instance mismatch drawn at 6x the PDK's own sigma -- a write that no longer completes inside the fixed 1.8 ns write pulse) ===
sample 0 seed=1061035122: RESULT: write_trip_voltage_v = 0.195081
sample 1 seed=1659165926: RESULT: write_trip_voltage_v = -3.66211e-05
sample 2 seed=1643922144: RESULT: write_trip_voltage_v = 0.0144287
sample 3 seed=720084957: RESULT: write_trip_voltage_v = -3.66211e-05
sample 4 seed=256048298: RESULT: write_trip_voltage_v = -3.66211e-05
sample 5 seed=1549250121: RESULT: write_trip_voltage_v = -3.66211e-05
sample 6 seed=1591639660: OPEN -- RESULT-ERROR: write_trip_voltage -- write succeeded even with no bit-line differential (VWRITE = VDD)
sample 7 seed=764888966: RESULT: write_trip_voltage_v = -3.66211e-05
sample 8 seed=1977606904: RESULT: write_trip_voltage_v = 0.141101
sample 9 seed=1864167655: RESULT: write_trip_voltage_v = -3.66211e-05
sample 10 seed=1405935171: RESULT: write_trip_voltage_v = 0.218335
sample 11 seed=101285284: RESULT: write_trip_voltage_v = 0.0608276
sample 12 seed=451817725: RESULT: write_trip_voltage_v = 0.137952
sample 13 seed=1067196713: RESULT: write_trip_voltage_v = 0.172156
sample 14 seed=1052894435: RESULT: write_trip_voltage_v = 0.209766
sample 15 seed=1074647497: RESULT: write_trip_voltage_v = 0.141577
sample 16 seed=782696110: RESULT: write_trip_voltage_v = 0.143115
sample 17 seed=1843632600: RESULT: write_trip_voltage_v = 0.312122
sample 18 seed=1067538873: RESULT: write_trip_voltage_v = 0.0733521
sample 19 seed=1662026333: RESULT: write_trip_voltage_v = -3.66211e-05
sample 20 seed=279007632: RESULT: write_trip_voltage_v = 0.28656
sample 21 seed=1097071186: RESULT: write_trip_voltage_v = 0.284802
sample 22 seed=306313581: RESULT: write_trip_voltage_v = -3.66211e-05
sample 23 seed=1962491494: RESULT: write_trip_voltage_v = 0.200208
sample 24 seed=1639830550: RESULT: write_trip_voltage_v = -3.66211e-05
sample 25 seed=1260336283: RESULT: write_trip_voltage_v = 0.0919556
sample 26 seed=1405843772: RESULT: write_trip_voltage_v = 0.0911865
sample 27 seed=1633383641: RESULT: write_trip_voltage_v = 0.160107
sample 28 seed=405132148: RESULT: write_trip_voltage_v = 0.32179
sample 29 seed=147729462: RESULT: write_trip_voltage_v = 0.258508
sample 30 seed=189441922: RESULT: write_trip_voltage_v = 0.15813
sample 31 seed=362520957: RESULT: write_trip_voltage_v = 0.127148
sample 32 seed=121377565: RESULT: write_trip_voltage_v = 0.16311
sample 33 seed=798090752: RESULT: write_trip_voltage_v = -3.66211e-05
sample 34 seed=279643157: RESULT: write_trip_voltage_v = 0.236792
sample 35 seed=1488291459: RESULT: write_trip_voltage_v = -3.66211e-05
sample 36 seed=1182664264: RESULT: write_trip_voltage_v = 0.0575317
sample 37 seed=1353592001: RESULT: write_trip_voltage_v = 0.156519
sample 38 seed=1235667501: RESULT: write_trip_voltage_v = 0.0727661
sample 39 seed=1208891846: OPEN -- RESULT-ERROR: write_trip_voltage -- write succeeded even with no bit-line differential (VWRITE = VDD)
sample 40 seed=764658909: RESULT: write_trip_voltage_v = 0.0552246
sample 41 seed=433818677: RESULT: write_trip_voltage_v = -3.66211e-05
sample 42 seed=267072867: RESULT: write_trip_voltage_v = 0.287695
sample 43 seed=1961080773: RESULT: write_trip_voltage_v = 0.0822144
sample 44 seed=1853055496: RESULT: write_trip_voltage_v = 0.159814
sample 45 seed=211657391: RESULT: write_trip_voltage_v = -3.66211e-05
sample 46 seed=515638996: RESULT: write_trip_voltage_v = -3.66211e-05
sample 47 seed=1957417710: OPEN -- RESULT-ERROR: write_trip_voltage -- write succeeded even with no bit-line differential (VWRITE = VDD)
sample 48 seed=908463591: RESULT: write_trip_voltage_v = -3.66211e-05
sample 49 seed=997206859: RESULT: write_trip_voltage_v = 0.150549
sample 50 seed=192007083: RESULT: write_trip_voltage_v = 0.0874512
sample 51 seed=49001549: RESULT: write_trip_voltage_v = -3.66211e-05
sample 52 seed=419973407: RESULT: write_trip_voltage_v = 0.00450439
sample 53 seed=45006728: RESULT: write_trip_voltage_v = 0.290845
sample 54 seed=1926243342: RESULT: write_trip_voltage_v = 0.208594
sample 55 seed=936294883: RESULT: write_trip_voltage_v = 0.186365
sample 56 seed=1256593375: RESULT: write_trip_voltage_v = 0.057605
sample 57 seed=1145403080: RESULT: write_trip_voltage_v = 0.0808228
sample 58 seed=1340883206: RESULT: write_trip_voltage_v = -3.66211e-05
sample 59 seed=1418854103: RESULT: write_trip_voltage_v = -3.66211e-05
sample 60 seed=1218093231: RESULT: write_trip_voltage_v = -3.66211e-05
sample 61 seed=792386808: RESULT: write_trip_voltage_v = 0.068335
sample 62 seed=1267082564: RESULT: write_trip_voltage_v = -3.66211e-05
sample 63 seed=1005378933: RESULT: write_trip_voltage_v = 0.123706
sample 64 seed=477388356: RESULT: write_trip_voltage_v = 0.0947754
sample 65 seed=1314801792: RESULT: write_trip_voltage_v = -3.66211e-05
sample 66 seed=934904219: RESULT: write_trip_voltage_v = -3.66211e-05
sample 67 seed=1682710153: RESULT: write_trip_voltage_v = -3.66211e-05
sample 68 seed=203855670: RESULT: write_trip_voltage_v = 0.112793
sample 69 seed=113056222: RESULT: write_trip_voltage_v = 0.0645996
sample 70 seed=1725040355: RESULT: write_trip_voltage_v = -3.66211e-05
sample 71 seed=1844991831: RESULT: write_trip_voltage_v = 0.128357
sample 72 seed=1748017757: RESULT: write_trip_voltage_v = -3.66211e-05
sample 73 seed=1323351814: RESULT: write_trip_voltage_v = -3.66211e-05
sample 74 seed=447113511: OPEN -- RESULT-ERROR: write_trip_voltage -- write succeeded even with no bit-line differential (VWRITE = VDD)
sample 75 seed=271655460: RESULT: write_trip_voltage_v = 0.202551
sample 76 seed=1036253195: RESULT: write_trip_voltage_v = 0.245984
sample 77 seed=1100379067: RESULT: write_trip_voltage_v = -3.66211e-05
sample 78 seed=164524819: RESULT: write_trip_voltage_v = -3.66211e-05
sample 79 seed=424837943: RESULT: write_trip_voltage_v = 0.0527344
sample 80 seed=1675035493: RESULT: write_trip_voltage_v = 0.148828
sample 81 seed=983440157: RESULT: write_trip_voltage_v = 0.306079
sample 82 seed=798263841: OPEN -- RESULT-ERROR: write_trip_voltage -- write succeeded even with no bit-line differential (VWRITE = VDD)
sample 83 seed=784736227: RESULT: write_trip_voltage_v = -3.66211e-05
sample 84 seed=1415878799: RESULT: write_trip_voltage_v = 0.0766479
sample 85 seed=395098585: RESULT: write_trip_voltage_v = 0.0588867
sample 86 seed=596326061: RESULT: write_trip_voltage_v = 0.191162
sample 87 seed=43540435: RESULT: write_trip_voltage_v = -3.66211e-05
sample 88 seed=209336426: RESULT: write_trip_voltage_v = 0.191858
sample 89 seed=85608606: RESULT: write_trip_voltage_v = -3.66211e-05
sample 90 seed=683026193: RESULT: write_trip_voltage_v = 0.0623291
sample 91 seed=190253886: RESULT: write_trip_voltage_v = -3.66211e-05
sample 92 seed=66792208: RESULT: write_trip_voltage_v = 0.0032959
sample 93 seed=978200063: RESULT: write_trip_voltage_v = 0.197278
sample 94 seed=1517485642: RESULT: write_trip_voltage_v = 0.0165161
sample 95 seed=1289628490: RESULT: write_trip_voltage_v = 0.0841919
sample 96 seed=56541889: RESULT: write_trip_voltage_v = 0.0112793
sample 97 seed=696331868: RESULT: write_trip_voltage_v = 0.242761
sample 98 seed=631318021: RESULT: write_trip_voltage_v = 0.0975586
sample 99 seed=1805089558: RESULT: write_trip_voltage_v = 0.185486
