=== corner ff_-40c_2.97v -- mismatch samples (sw_stat_mismatch=1) ===
sample 0 seed=L=154443064,R=215875836: RESULT: hold_snm_v = 0.975199
sample 1 seed=L=126191877,R=1626989560: RESULT: hold_snm_v = 0.983263
sample 2 seed=L=972172943,R=702250091: RESULT: hold_snm_v = 1.041401
sample 3 seed=L=1692157437,R=1891067968: RESULT: hold_snm_v = 0.981804
sample 4 seed=L=204868659,R=1444599342: RESULT: hold_snm_v = 0.993199
sample 5 seed=L=104573144,R=1039368326: RESULT: hold_snm_v = 1.012715
sample 6 seed=L=982655211,R=1693059338: RESULT: hold_snm_v = 1.01136
sample 7 seed=L=25150885,R=471223972: RESULT: hold_snm_v = 0.978841
sample 8 seed=L=1655690764,R=1554455107: RESULT: hold_snm_v = 0.992451
sample 9 seed=L=1516835617,R=1913213613: RESULT: hold_snm_v = 1.003247
sample 10 seed=L=120261446,R=1896033446: RESULT: hold_snm_v = 1.036314
sample 11 seed=L=1604966524,R=205431851: RESULT: hold_snm_v = 1.011579
sample 12 seed=L=1469532018,R=709591650: RESULT: hold_snm_v = 0.983759
sample 13 seed=L=752305594,R=1538022888: RESULT: hold_snm_v = 0.991904
sample 14 seed=L=867706586,R=1458458961: RESULT: hold_snm_v = 0.985396
sample 15 seed=L=1525865306,R=1996531660: RESULT: hold_snm_v = 1.021697
sample 16 seed=L=1576195526,R=1366417930: RESULT: hold_snm_v = 0.97436
sample 17 seed=L=865455388,R=268694170: RESULT: hold_snm_v = 0.983993
sample 18 seed=L=239300271,R=272099921: RESULT: hold_snm_v = 0.995898
sample 19 seed=L=908223855,R=1494074585: RESULT: hold_snm_v = 1.01916
sample 20 seed=L=372060027,R=227840273: RESULT: hold_snm_v = 0.976595
sample 21 seed=L=1453117372,R=819460349: RESULT: hold_snm_v = 0.981581
sample 22 seed=L=57744514,R=722304152: RESULT: hold_snm_v = 1.013587
sample 23 seed=L=710605440,R=1714428975: RESULT: hold_snm_v = 0.994398
sample 24 seed=L=196394271,R=718750191: RESULT: hold_snm_v = 1.00089
sample 25 seed=L=1700271470,R=1143687425: RESULT: hold_snm_v = 0.971253
sample 26 seed=L=829016689,R=479412143: RESULT: hold_snm_v = 0.977332
sample 27 seed=L=325843185,R=1123694581: RESULT: hold_snm_v = 0.99343
sample 28 seed=L=89510119,R=959574752: RESULT: hold_snm_v = 1.025726
sample 29 seed=L=1567925929,R=437762385: RESULT: hold_snm_v = 0.993013
sample 30 seed=L=266095851,R=72087536: RESULT: hold_snm_v = 1.004927
sample 31 seed=L=1646502600,R=800910684: RESULT: hold_snm_v = 1.000617
sample 32 seed=L=888306280,R=1555566032: RESULT: hold_snm_v = 1.012289
sample 33 seed=L=1156809922,R=1151832876: RESULT: hold_snm_v = 1.022469
sample 34 seed=L=187255419,R=1887482784: RESULT: hold_snm_v = 0.990077
sample 35 seed=L=1576994306,R=1054616079: RESULT: hold_snm_v = 0.986641
sample 36 seed=L=42554503,R=1666429755: RESULT: hold_snm_v = 0.997271
sample 37 seed=L=50830768,R=1875024388: RESULT: hold_snm_v = 1.006888
sample 38 seed=L=1710927488,R=616970251: RESULT: hold_snm_v = 1.020097
sample 39 seed=L=806102561,R=694041918: RESULT: hold_snm_v = 0.97562
sample 40 seed=L=1210614375,R=1357424021: RESULT: hold_snm_v = 0.997215
sample 41 seed=L=1504028734,R=81611092: RESULT: hold_snm_v = 1.003145
sample 42 seed=L=1727763984,R=468600569: RESULT: hold_snm_v = 0.999071
sample 43 seed=L=1168812704,R=197777275: RESULT: hold_snm_v = 1.002497
sample 44 seed=L=1903817669,R=436200896: RESULT: hold_snm_v = 1.00746
sample 45 seed=L=1107697353,R=1691458614: RESULT: hold_snm_v = 0.98838
sample 46 seed=L=128618648,R=211708748: RESULT: hold_snm_v = 1.009725
sample 47 seed=L=1935762305,R=355116700: RESULT: hold_snm_v = 1.018593
sample 48 seed=L=895530091,R=1903907064: RESULT: hold_snm_v = 1.00155
sample 49 seed=L=1068974402,R=1669769595: RESULT: hold_snm_v = 0.987862
sample 50 seed=L=1353674678,R=106982923: RESULT: hold_snm_v = 1.022429
sample 51 seed=L=557822322,R=1596254898: RESULT: hold_snm_v = 0.952283
sample 52 seed=L=1278002870,R=1981438263: RESULT: hold_snm_v = 1.005172
sample 53 seed=L=177233469,R=1828830314: RESULT: hold_snm_v = 1.006681
sample 54 seed=L=1816603892,R=1725307650: RESULT: hold_snm_v = 0.967927
sample 55 seed=L=1615689659,R=1034940484: RESULT: hold_snm_v = 1.010552
sample 56 seed=L=1288968926,R=898022314: RESULT: hold_snm_v = 0.978923
sample 57 seed=L=711360732,R=974581633: RESULT: hold_snm_v = 0.999968
sample 58 seed=L=988303008,R=1978793895: RESULT: hold_snm_v = 1.025645
sample 59 seed=L=1952544872,R=952566647: RESULT: hold_snm_v = 1.021754
sample 60 seed=L=649561615,R=55922047: RESULT: hold_snm_v = 0.990529
sample 61 seed=L=642168570,R=1358321415: RESULT: hold_snm_v = 0.965588
sample 62 seed=L=130865698,R=796992084: RESULT: hold_snm_v = 0.980038
sample 63 seed=L=532653833,R=537499229: RESULT: hold_snm_v = 0.992837
sample 64 seed=L=808407325,R=1081979954: RESULT: hold_snm_v = 0.994482
sample 65 seed=L=113539964,R=1962965509: RESULT: hold_snm_v = 0.979336
sample 66 seed=L=206981769,R=54140052: RESULT: hold_snm_v = 1.021095
sample 67 seed=L=709227135,R=1250808883: RESULT: hold_snm_v = 0.992238
sample 68 seed=L=782468117,R=388367002: RESULT: hold_snm_v = 1.034841
sample 69 seed=L=920302872,R=275416127: RESULT: hold_snm_v = 0.998885
sample 70 seed=L=247407277,R=662184679: RESULT: hold_snm_v = 0.986516
sample 71 seed=L=973407467,R=1849939971: RESULT: hold_snm_v = 0.967035
sample 72 seed=L=1301055272,R=95871450: RESULT: hold_snm_v = 0.983994
sample 73 seed=L=1740647467,R=1820982310: RESULT: hold_snm_v = 0.984576
sample 74 seed=L=1219528425,R=217418887: RESULT: hold_snm_v = 0.975733
sample 75 seed=L=1481260493,R=789098080: RESULT: hold_snm_v = 0.997502
sample 76 seed=L=67831699,R=519283199: RESULT: hold_snm_v = 1.0104
sample 77 seed=L=718591942,R=1602723589: RESULT: hold_snm_v = 0.995762
sample 78 seed=L=1269720481,R=66398900: RESULT: hold_snm_v = 1.008503
sample 79 seed=L=1702222956,R=1759773510: RESULT: hold_snm_v = 1.012884
sample 80 seed=L=975333762,R=1298169832: RESULT: hold_snm_v = 1.019341
sample 81 seed=L=702107889,R=1660555914: RESULT: hold_snm_v = 1.002288
sample 82 seed=L=1329405111,R=891792105: RESULT: hold_snm_v = 1.025564
sample 83 seed=L=247779396,R=110533052: RESULT: hold_snm_v = 0.984413
sample 84 seed=L=1162740001,R=1810041971: RESULT: hold_snm_v = 0.986903
sample 85 seed=L=1143616979,R=123552933: RESULT: hold_snm_v = 0.995703
sample 86 seed=L=1330205305,R=1726962000: RESULT: hold_snm_v = 0.971594
sample 87 seed=L=347347481,R=1323319531: RESULT: hold_snm_v = 0.99654
sample 88 seed=L=1677047166,R=208605055: RESULT: hold_snm_v = 1.001618
sample 89 seed=L=1417130491,R=543481584: RESULT: hold_snm_v = 1.006497
sample 90 seed=L=1375281811,R=664705222: RESULT: hold_snm_v = 1.031928
sample 91 seed=L=950710431,R=1792093848: RESULT: hold_snm_v = 1.012908
sample 92 seed=L=883879336,R=1137678209: RESULT: hold_snm_v = 0.972733
sample 93 seed=L=1529436139,R=93729599: RESULT: hold_snm_v = 1.016404
sample 94 seed=L=1701345910,R=1280262341: RESULT: hold_snm_v = 0.991884
sample 95 seed=L=231761107,R=1306138210: RESULT: hold_snm_v = 0.979789
sample 96 seed=L=1729330820,R=479059712: RESULT: hold_snm_v = 1.000538
sample 97 seed=L=662765737,R=1472948094: RESULT: hold_snm_v = 1.035684
sample 98 seed=L=1647221557,R=1002971884: RESULT: hold_snm_v = 1.019672
sample 99 seed=L=28671699,R=562946852: RESULT: hold_snm_v = 1.010375
sample 100 seed=L=236581254,R=346385909: RESULT: hold_snm_v = 0.990742
sample 101 seed=L=162196906,R=44936045: RESULT: hold_snm_v = 1.009329
sample 102 seed=L=243299982,R=1678325660: RESULT: hold_snm_v = 1.022061
sample 103 seed=L=572447458,R=1119383094: RESULT: hold_snm_v = 0.987881
sample 104 seed=L=1634702799,R=191152821: RESULT: hold_snm_v = 0.998447
sample 105 seed=L=1563318948,R=1736918075: RESULT: hold_snm_v = 1.013463
sample 106 seed=L=1340252683,R=486138908: RESULT: hold_snm_v = 1.028817
sample 107 seed=L=894081614,R=502123131: RESULT: hold_snm_v = 0.970945
sample 108 seed=L=27341827,R=1526822362: RESULT: hold_snm_v = 1.005626
sample 109 seed=L=1811246516,R=342676879: RESULT: hold_snm_v = 1.004096
sample 110 seed=L=169594852,R=176051932: RESULT: hold_snm_v = 0.991997
sample 111 seed=L=1930644197,R=1074468006: RESULT: hold_snm_v = 1.008418
sample 112 seed=L=1499902678,R=936363085: RESULT: hold_snm_v = 0.994071
sample 113 seed=L=968838271,R=1661957552: RESULT: hold_snm_v = 1.01939
sample 114 seed=L=596367689,R=789571608: RESULT: hold_snm_v = 1.023465
sample 115 seed=L=949663443,R=342951538: RESULT: hold_snm_v = 1.003853
sample 116 seed=L=1079886708,R=1429694927: RESULT: hold_snm_v = 0.982842
sample 117 seed=L=74512161,R=1481063354: RESULT: hold_snm_v = 0.991762
sample 118 seed=L=42759635,R=1809734054: RESULT: hold_snm_v = 0.99408
sample 119 seed=L=467884849,R=682173742: RESULT: hold_snm_v = 0.978001
sample 120 seed=L=586211624,R=1280317619: RESULT: hold_snm_v = 1.007921
sample 121 seed=L=601508900,R=632762412: RESULT: hold_snm_v = 0.996509
sample 122 seed=L=20992763,R=1229475409: RESULT: hold_snm_v = 0.972991
sample 123 seed=L=1678780229,R=1856401206: RESULT: hold_snm_v = 1.012245
sample 124 seed=L=1580043002,R=732874067: RESULT: hold_snm_v = 0.995474
sample 125 seed=L=1378281651,R=726918848: RESULT: hold_snm_v = 0.9814
sample 126 seed=L=1932958114,R=115869499: RESULT: hold_snm_v = 0.981396
sample 127 seed=L=949590436,R=1798164517: RESULT: hold_snm_v = 1.013286
sample 128 seed=L=668192320,R=199916447: RESULT: hold_snm_v = 1.033537
sample 129 seed=L=13894113,R=1348660963: RESULT: hold_snm_v = 1.030393
sample 130 seed=L=1615590847,R=1844178731: RESULT: hold_snm_v = 0.964297
sample 131 seed=L=1581070181,R=10662386: RESULT: hold_snm_v = 1.002831
sample 132 seed=L=1923091746,R=33341030: RESULT: hold_snm_v = 1.019982
sample 133 seed=L=111621206,R=702252458: RESULT: hold_snm_v = 1.018931
sample 134 seed=L=1443341709,R=1165384510: RESULT: hold_snm_v = 0.996055
sample 135 seed=L=1247985994,R=1024207916: RESULT: hold_snm_v = 0.999126
sample 136 seed=L=1571893010,R=1024278698: RESULT: hold_snm_v = 0.985914
sample 137 seed=L=126641343,R=1062192300: RESULT: hold_snm_v = 1.028942
sample 138 seed=L=1050892489,R=624790904: RESULT: hold_snm_v = 1.009272
sample 139 seed=L=1781335883,R=1371895593: RESULT: hold_snm_v = 1.010455
sample 140 seed=L=635638572,R=935416535: RESULT: hold_snm_v = 0.975029
sample 141 seed=L=1769846411,R=1941991753: RESULT: hold_snm_v = 1.012693
sample 142 seed=L=720028022,R=855160125: RESULT: hold_snm_v = 1.016049
sample 143 seed=L=724265924,R=720756080: RESULT: hold_snm_v = 1.000738
sample 144 seed=L=1807656844,R=222777984: RESULT: hold_snm_v = 1.020374
sample 145 seed=L=82170266,R=970183792: RESULT: hold_snm_v = 0.979964
sample 146 seed=L=1567434831,R=119652580: RESULT: hold_snm_v = 1.008754
sample 147 seed=L=1731378631,R=1933895143: RESULT: hold_snm_v = 1.012496
sample 148 seed=L=112262058,R=1617695825: RESULT: hold_snm_v = 0.992455
sample 149 seed=L=481976693,R=146678568: RESULT: hold_snm_v = 1.008518
sample 150 seed=L=558122763,R=890392346: RESULT: hold_snm_v = 0.966899
sample 151 seed=L=243199186,R=1769829918: RESULT: hold_snm_v = 0.999487
sample 152 seed=L=1586170408,R=481906171: RESULT: hold_snm_v = 0.999584
sample 153 seed=L=117934419,R=40787330: RESULT: hold_snm_v = 0.99942
sample 154 seed=L=300977699,R=1448289607: RESULT: hold_snm_v = 1.031102
sample 155 seed=L=109154015,R=1425232703: RESULT: hold_snm_v = 0.999997
sample 156 seed=L=521050901,R=290182814: RESULT: hold_snm_v = 0.987069
sample 157 seed=L=706513742,R=150340631: RESULT: hold_snm_v = 1.012623
sample 158 seed=L=85591541,R=804576020: RESULT: hold_snm_v = 1.024072
sample 159 seed=L=996366384,R=1151912840: RESULT: hold_snm_v = 0.959809
sample 160 seed=L=1403289414,R=1561536862: RESULT: hold_snm_v = 0.985844
sample 161 seed=L=1029230681,R=195734621: RESULT: hold_snm_v = 0.983094
sample 162 seed=L=993155746,R=1732496929: RESULT: hold_snm_v = 1.026964
sample 163 seed=L=1809231680,R=1950040790: RESULT: hold_snm_v = 0.99552
sample 164 seed=L=692450350,R=96252035: RESULT: hold_snm_v = 1.017476
sample 165 seed=L=826491243,R=1157457956: RESULT: hold_snm_v = 1.011512
sample 166 seed=L=1773297877,R=48940096: RESULT: hold_snm_v = 1.005945
sample 167 seed=L=324598078,R=730443817: RESULT: hold_snm_v = 1.016419
sample 168 seed=L=143334697,R=77486690: RESULT: hold_snm_v = 0.994936
sample 169 seed=L=1280366034,R=1926558514: RESULT: hold_snm_v = 1.017215
sample 170 seed=L=849735250,R=299351457: RESULT: hold_snm_v = 1.01093
sample 171 seed=L=1141375235,R=690654799: RESULT: hold_snm_v = 0.977687
sample 172 seed=L=818329616,R=1849575921: RESULT: hold_snm_v = 1.013892
sample 173 seed=L=873507620,R=719726914: RESULT: hold_snm_v = 1.001402
sample 174 seed=L=870319203,R=1355481632: RESULT: hold_snm_v = 1.018222
sample 175 seed=L=670734175,R=518255356: RESULT: hold_snm_v = 1.004155
sample 176 seed=L=1195849568,R=1208650037: RESULT: hold_snm_v = 1.025975
sample 177 seed=L=1460345805,R=870174344: RESULT: hold_snm_v = 0.973779
sample 178 seed=L=552933648,R=1647546776: RESULT: hold_snm_v = 1.016343
sample 179 seed=L=539915937,R=1154071275: RESULT: hold_snm_v = 0.997636
sample 180 seed=L=1352797972,R=1879898613: RESULT: hold_snm_v = 0.987872
sample 181 seed=L=704144845,R=1283489007: RESULT: hold_snm_v = 1.00982
sample 182 seed=L=1323603740,R=1604963169: RESULT: hold_snm_v = 0.994191
sample 183 seed=L=1263889719,R=627764769: RESULT: hold_snm_v = 1.003768
sample 184 seed=L=1480697925,R=1680260630: RESULT: hold_snm_v = 0.996696
sample 185 seed=L=1331387155,R=824106232: RESULT: hold_snm_v = 0.996931
sample 186 seed=L=594038651,R=1894975882: RESULT: hold_snm_v = 1.00622
sample 187 seed=L=346143137,R=125665350: RESULT: hold_snm_v = 0.999083
sample 188 seed=L=1226900087,R=193356287: RESULT: hold_snm_v = 1.011187
sample 189 seed=L=596556193,R=1729832777: RESULT: hold_snm_v = 0.976175
sample 190 seed=L=1914723294,R=1051782371: RESULT: hold_snm_v = 0.974408
sample 191 seed=L=1797065199,R=1283489089: RESULT: hold_snm_v = 1.018635
sample 192 seed=L=241099470,R=976941711: RESULT: hold_snm_v = 1.017714
sample 193 seed=L=875931256,R=24880222: RESULT: hold_snm_v = 0.993716
sample 194 seed=L=436077845,R=1269892463: RESULT: hold_snm_v = 1.004922
sample 195 seed=L=110641949,R=215882936: RESULT: hold_snm_v = 1.02031
sample 196 seed=L=1835115193,R=733448653: RESULT: hold_snm_v = 1.014743
sample 197 seed=L=957535975,R=316605786: RESULT: hold_snm_v = 0.98432
sample 198 seed=L=493955078,R=1901708210: RESULT: hold_snm_v = 0.981222
sample 199 seed=L=1738019810,R=196068090: RESULT: hold_snm_v = 0.98356

=== corner ff_-40c_2.97v -- determinism control (sw_stat_mismatch=0) ===
sample 0 seed=L=1479356796,R=1235034667: RESULT: hold_snm_v = 0.999016
sample 1 seed=L=662271285,R=708230429: RESULT: hold_snm_v = 0.999016
sample 2 seed=L=69753409,R=217447997: RESULT: hold_snm_v = 0.999016
sample 3 seed=L=508815650,R=473112775: RESULT: hold_snm_v = 0.999016

=== corner ff_-40c_2.97v -- negative control (known-bad variant: sw_stat_mismatch=12 (12x the PDK's per-instance Vt/current-factor mismatch sigma), VDD=0.50 V (below spec/sram.md's ratified 2.97 V minimum)) ===
sample 0 seed=L=70210340,R=692150853: RESULT: hold_snm_v = 0.215138
sample 1 seed=L=1574805701,R=395346828: RESULT: hold_snm_v = -0.015
sample 2 seed=L=563637968,R=509281803: RESULT: hold_snm_v = -0.014999
sample 3 seed=L=1036721157,R=1681918609: RESULT: hold_snm_v = -0.014999
sample 4 seed=L=404961502,R=87446848: RESULT: hold_snm_v = -0.015
sample 5 seed=L=633738041,R=619800744: RESULT: hold_snm_v = 0.136792
sample 6 seed=L=996463420,R=45103451: RESULT: hold_snm_v = 0.142697
sample 7 seed=L=261421301,R=1603464426: RESULT: hold_snm_v = -0.015
sample 8 seed=L=192749634,R=1162325404: RESULT: hold_snm_v = 0.177032
sample 9 seed=L=615079901,R=1146762324: RESULT: hold_snm_v = -0.013305
sample 10 seed=L=1889208276,R=81354992: RESULT: hold_snm_v = 0.201526
sample 11 seed=L=1653747147,R=1212004552: RESULT: hold_snm_v = 0.120602
sample 12 seed=L=1388915099,R=1621806135: RESULT: hold_snm_v = 0.222412
sample 13 seed=L=1341333612,R=181695437: RESULT: hold_snm_v = -0.015
sample 14 seed=L=1486752057,R=897983449: RESULT: hold_snm_v = 0.014414
sample 15 seed=L=1100110399,R=1747986233: RESULT: hold_snm_v = -0.015
sample 16 seed=L=452624450,R=171037308: RESULT: hold_snm_v = -0.014999
sample 17 seed=L=823580829,R=482974933: RESULT: hold_snm_v = 0.088103
sample 18 seed=L=848726501,R=276629639: RESULT: hold_snm_v = 0.236037
sample 19 seed=L=510321955,R=663037014: RESULT: hold_snm_v = -0.015
sample 20 seed=L=1452254454,R=149578358: RESULT: hold_snm_v = 0.13193
sample 21 seed=L=1042776995,R=1092646120: RESULT: hold_snm_v = -0.012159
sample 22 seed=L=233939337,R=1474780357: RESULT: hold_snm_v = -0.01497
sample 23 seed=L=846687087,R=50834384: RESULT: hold_snm_v = -0.006145
sample 24 seed=L=1037285275,R=1890924285: RESULT: hold_snm_v = -0.014965
sample 25 seed=L=1721224600,R=520728661: RESULT: hold_snm_v = -0.015
sample 26 seed=L=282773766,R=1178084010: RESULT: hold_snm_v = 0.231775
sample 27 seed=L=73228478,R=985437855: RESULT: hold_snm_v = 0.113292
sample 28 seed=L=245936133,R=110139217: RESULT: hold_snm_v = -0.015
sample 29 seed=L=702939500,R=1517238874: RESULT: hold_snm_v = -0.010964
sample 30 seed=L=1122332231,R=778585423: RESULT: hold_snm_v = -0.010945
sample 31 seed=L=12732997,R=1178163741: RESULT: hold_snm_v = 0.076984
sample 32 seed=L=102502991,R=46170748: RESULT: hold_snm_v = -0.011297
sample 33 seed=L=1663782863,R=593685627: RESULT: hold_snm_v = -0.010939
sample 34 seed=L=310817878,R=1694986066: RESULT: hold_snm_v = -0.014749
sample 35 seed=L=1277360196,R=1422154570: RESULT: hold_snm_v = 0.20339
sample 36 seed=L=280065787,R=48022495: RESULT: hold_snm_v = 0.098332
sample 37 seed=L=1032704762,R=875539788: RESULT: hold_snm_v = 0.040251
sample 38 seed=L=1343226321,R=196899569: RESULT: hold_snm_v = -0.011298
sample 39 seed=L=381721288,R=731074729: RESULT: hold_snm_v = -0.010682
sample 40 seed=L=901983519,R=612650965: RESULT: hold_snm_v = -0.015
sample 41 seed=L=840749006,R=420424528: RESULT: hold_snm_v = -0.015
sample 42 seed=L=542669026,R=77795414: RESULT: hold_snm_v = -0.014974
sample 43 seed=L=434068643,R=1037239586: RESULT: hold_snm_v = 0.047867
sample 44 seed=L=37962615,R=1586931242: RESULT: hold_snm_v = -0.013606
sample 45 seed=L=1819113372,R=1769148634: RESULT: hold_snm_v = -0.014998
sample 46 seed=L=197232524,R=1301180192: RESULT: hold_snm_v = -1e-06
sample 47 seed=L=1972504213,R=1975074321: RESULT: hold_snm_v = -0.01
sample 48 seed=L=201486187,R=338646710: RESULT: hold_snm_v = 0.051186
sample 49 seed=L=116306078,R=1234438474: RESULT: hold_snm_v = 0.192462
sample 50 seed=L=1191992118,R=1883553023: RESULT: hold_snm_v = -0.012464
sample 51 seed=L=1440545042,R=595125673: RESULT: hold_snm_v = -0.01004
sample 52 seed=L=1751167975,R=128053322: RESULT: hold_snm_v = -0.013129
sample 53 seed=L=575565201,R=1846778121: RESULT: hold_snm_v = -0.011689
sample 54 seed=L=1617515512,R=605189412: RESULT: hold_snm_v = -0.014997
sample 55 seed=L=201544900,R=138537526: RESULT: hold_snm_v = -0.01
sample 56 seed=L=1166365531,R=1923092460: RESULT: hold_snm_v = 0.092037
sample 57 seed=L=1263456260,R=1095204270: RESULT: hold_snm_v = -0.015
sample 58 seed=L=1728624878,R=820516057: RESULT: hold_snm_v = 0.11097
sample 59 seed=L=227996194,R=1656206416: RESULT: hold_snm_v = -0.01
sample 60 seed=L=941579230,R=1836566663: RESULT: hold_snm_v = 0.118653
sample 61 seed=L=898655688,R=1659858126: RESULT: hold_snm_v = 0.009626
sample 62 seed=L=1887011164,R=537129211: RESULT: hold_snm_v = 0.174283
sample 63 seed=L=1797946553,R=1306625175: RESULT: hold_snm_v = -0.015
sample 64 seed=L=650678623,R=183201041: RESULT: hold_snm_v = -0.015
sample 65 seed=L=1632094859,R=1146710937: RESULT: hold_snm_v = -0.014999
sample 66 seed=L=1300615029,R=1039872324: RESULT: hold_snm_v = 0.137572
sample 67 seed=L=96939630,R=1581006691: RESULT: hold_snm_v = -0.014998
sample 68 seed=L=685643093,R=1283170364: RESULT: hold_snm_v = -0.011803
sample 69 seed=L=987886981,R=811531260: RESULT: hold_snm_v = -0.014999
sample 70 seed=L=1360521092,R=1863091994: RESULT: hold_snm_v = -0.012511
sample 71 seed=L=409589739,R=130679774: RESULT: hold_snm_v = -0.015
sample 72 seed=L=827489014,R=1318474374: RESULT: hold_snm_v = 0.113818
sample 73 seed=L=856526452,R=1167677653: RESULT: hold_snm_v = 0.087124
sample 74 seed=L=1358637114,R=728136658: RESULT: hold_snm_v = 0.025572
sample 75 seed=L=1065666322,R=191333744: RESULT: hold_snm_v = -0.01
sample 76 seed=L=1094050464,R=192569074: RESULT: hold_snm_v = -0.01166
sample 77 seed=L=973914069,R=1624748458: RESULT: hold_snm_v = 0.119782
sample 78 seed=L=1258625369,R=581093085: RESULT: hold_snm_v = -0.007896
sample 79 seed=L=69123478,R=1581689305: RESULT: hold_snm_v = -0.015
sample 80 seed=L=755126882,R=294624538: RESULT: hold_snm_v = -0.011708
sample 81 seed=L=1616589356,R=1692937783: RESULT: hold_snm_v = -0.015
sample 82 seed=L=1083209517,R=282545587: RESULT: hold_snm_v = -0.014998
sample 83 seed=L=1408277291,R=610230074: RESULT: hold_snm_v = -0.014485
sample 84 seed=L=1777132943,R=1135384130: RESULT: hold_snm_v = -0.014999
sample 85 seed=L=1968647362,R=991325640: RESULT: hold_snm_v = -0.014545
sample 86 seed=L=1139930093,R=20497833: RESULT: hold_snm_v = 0.208656
sample 87 seed=L=147002596,R=350466862: RESULT: hold_snm_v = 0.105195
sample 88 seed=L=775505347,R=492291408: RESULT: hold_snm_v = 0.080243
sample 89 seed=L=1786995375,R=1622615726: RESULT: hold_snm_v = -0.01
sample 90 seed=L=1980936524,R=1924346188: RESULT: hold_snm_v = 0.160336
sample 91 seed=L=1095413733,R=1956618191: RESULT: hold_snm_v = 0.020149
sample 92 seed=L=142734877,R=512735390: RESULT: hold_snm_v = 0.010388
sample 93 seed=L=956652137,R=935780111: RESULT: hold_snm_v = -0.010001
sample 94 seed=L=186881651,R=1548830157: RESULT: hold_snm_v = -0.015
sample 95 seed=L=1686963041,R=1335855915: RESULT: hold_snm_v = 0.182194
sample 96 seed=L=7754337,R=320748557: RESULT: hold_snm_v = 0.091438
sample 97 seed=L=275941955,R=444755130: RESULT: hold_snm_v = 0.073263
sample 98 seed=L=1200273839,R=244143108: RESULT: hold_snm_v = 0.062394
sample 99 seed=L=1195022078,R=681544407: RESULT: hold_snm_v = -0.014967
