=== corner ff_125c_2.97v -- mismatch samples (sw_stat_mismatch=1) ===
sample 0 seed=L=1961541726,R=1086616734: RESULT: hold_snm_v = 0.94547
sample 1 seed=L=1530767362,R=1587542215: RESULT: hold_snm_v = 0.94831
sample 2 seed=L=1526017097,R=1086760470: RESULT: hold_snm_v = 0.943586
sample 3 seed=L=262849613,R=72107258: RESULT: hold_snm_v = 0.950147
sample 4 seed=L=351854468,R=1036543170: RESULT: hold_snm_v = 0.931382
sample 5 seed=L=67706537,R=1111780622: RESULT: hold_snm_v = 0.948605
sample 6 seed=L=203954986,R=230340715: RESULT: hold_snm_v = 0.919388
sample 7 seed=L=1781129040,R=1201555560: RESULT: hold_snm_v = 0.92679
sample 8 seed=L=1755905299,R=220013451: RESULT: hold_snm_v = 0.94302
sample 9 seed=L=1919814533,R=106041409: RESULT: hold_snm_v = 0.920652
sample 10 seed=L=306425064,R=92573171: RESULT: hold_snm_v = 0.934118
sample 11 seed=L=1317641188,R=916145672: RESULT: hold_snm_v = 0.908163
sample 12 seed=L=972966614,R=1318682823: RESULT: hold_snm_v = 0.95161
sample 13 seed=L=51452332,R=1043166118: RESULT: hold_snm_v = 0.947883
sample 14 seed=L=453368830,R=714923156: RESULT: hold_snm_v = 0.908287
sample 15 seed=L=1804490513,R=1526053531: RESULT: hold_snm_v = 0.899535
sample 16 seed=L=379341234,R=116722500: RESULT: hold_snm_v = 0.936273
sample 17 seed=L=28331761,R=270102652: RESULT: hold_snm_v = 0.883313
sample 18 seed=L=272933897,R=1905021757: RESULT: hold_snm_v = 0.89226
sample 19 seed=L=1600237627,R=165773031: RESULT: hold_snm_v = 0.894924
sample 20 seed=L=180013075,R=726160716: RESULT: hold_snm_v = 0.919648
sample 21 seed=L=225353459,R=1964415993: RESULT: hold_snm_v = 0.923754
sample 22 seed=L=1319246461,R=935509990: RESULT: hold_snm_v = 0.925897
sample 23 seed=L=1130711433,R=1745782472: RESULT: hold_snm_v = 0.951212
sample 24 seed=L=1775851934,R=1573396172: RESULT: hold_snm_v = 0.919529
sample 25 seed=L=970256008,R=1764416305: RESULT: hold_snm_v = 0.935963
sample 26 seed=L=700104573,R=907014888: RESULT: hold_snm_v = 0.929779
sample 27 seed=L=646100640,R=1868245537: RESULT: hold_snm_v = 0.936996
sample 28 seed=L=1280786081,R=477343775: RESULT: hold_snm_v = 0.898133
sample 29 seed=L=1646411888,R=1355522294: RESULT: hold_snm_v = 0.925469
sample 30 seed=L=1272259309,R=1687275333: RESULT: hold_snm_v = 0.947346
sample 31 seed=L=493412197,R=1287449189: RESULT: hold_snm_v = 0.949477
sample 32 seed=L=1650976616,R=250608244: RESULT: hold_snm_v = 0.919962
sample 33 seed=L=1099940280,R=954367075: RESULT: hold_snm_v = 0.92912
sample 34 seed=L=875947160,R=1775671864: RESULT: hold_snm_v = 0.946457
sample 35 seed=L=547517234,R=1388439927: RESULT: hold_snm_v = 0.901621
sample 36 seed=L=1042298183,R=1642630116: RESULT: hold_snm_v = 0.952804
sample 37 seed=L=1090129640,R=1000939043: RESULT: hold_snm_v = 0.934102
sample 38 seed=L=518105618,R=545520995: RESULT: hold_snm_v = 0.947248
sample 39 seed=L=1575684707,R=1569673513: RESULT: hold_snm_v = 0.932265
sample 40 seed=L=208300933,R=1296984585: RESULT: hold_snm_v = 0.934446
sample 41 seed=L=1201818301,R=388883773: RESULT: hold_snm_v = 0.951397
sample 42 seed=L=1387836578,R=522632543: RESULT: hold_snm_v = 0.93053
sample 43 seed=L=727571813,R=745291139: RESULT: hold_snm_v = 0.905354
sample 44 seed=L=974689611,R=1965017091: RESULT: hold_snm_v = 0.89681
sample 45 seed=L=346629117,R=1766366263: RESULT: hold_snm_v = 0.903531
sample 46 seed=L=774460849,R=273074404: RESULT: hold_snm_v = 0.915143
sample 47 seed=L=1647304788,R=622745328: RESULT: hold_snm_v = 0.930613
sample 48 seed=L=164290953,R=1707894328: RESULT: hold_snm_v = 0.982075
sample 49 seed=L=294798339,R=925122341: RESULT: hold_snm_v = 0.954697
sample 50 seed=L=470925310,R=253607880: RESULT: hold_snm_v = 0.96305
sample 51 seed=L=161754127,R=1269975398: RESULT: hold_snm_v = 0.926002
sample 52 seed=L=108076631,R=919408360: RESULT: hold_snm_v = 0.937589
sample 53 seed=L=1049574858,R=1353081201: RESULT: hold_snm_v = 0.927781
sample 54 seed=L=1026009755,R=1298833097: RESULT: hold_snm_v = 0.944646
sample 55 seed=L=1396133491,R=669653125: RESULT: hold_snm_v = 0.935442
sample 56 seed=L=1522618885,R=253206624: RESULT: hold_snm_v = 0.922708
sample 57 seed=L=1549800037,R=85553589: RESULT: hold_snm_v = 0.952457
sample 58 seed=L=24867485,R=49942441: RESULT: hold_snm_v = 0.922721
sample 59 seed=L=1094330774,R=1242064815: RESULT: hold_snm_v = 0.940127
sample 60 seed=L=1736624888,R=1982711566: RESULT: hold_snm_v = 0.921048
sample 61 seed=L=252664204,R=891886834: RESULT: hold_snm_v = 0.928864
sample 62 seed=L=1697696354,R=58468090: RESULT: hold_snm_v = 0.913432
sample 63 seed=L=1522777517,R=1765940059: RESULT: hold_snm_v = 0.904341
sample 64 seed=L=255410093,R=581175336: RESULT: hold_snm_v = 0.945062
sample 65 seed=L=1170749823,R=805530896: RESULT: hold_snm_v = 0.950557
sample 66 seed=L=86322300,R=518112352: RESULT: hold_snm_v = 0.932453
sample 67 seed=L=133419690,R=807643161: RESULT: hold_snm_v = 0.912709
sample 68 seed=L=31891762,R=1025282041: RESULT: hold_snm_v = 0.919296
sample 69 seed=L=1706393503,R=758685472: RESULT: hold_snm_v = 0.921009
sample 70 seed=L=1579903364,R=1722303178: RESULT: hold_snm_v = 0.92824
sample 71 seed=L=811533028,R=292819621: RESULT: hold_snm_v = 0.968341
sample 72 seed=L=160698470,R=626052582: RESULT: hold_snm_v = 0.901588
sample 73 seed=L=1215511114,R=1766439885: RESULT: hold_snm_v = 0.907643
sample 74 seed=L=280164022,R=929583221: RESULT: hold_snm_v = 0.922499
sample 75 seed=L=1204660426,R=489304836: RESULT: hold_snm_v = 0.925276
sample 76 seed=L=600809710,R=1500744161: RESULT: hold_snm_v = 0.925063
sample 77 seed=L=187828923,R=450663177: RESULT: hold_snm_v = 0.929226
sample 78 seed=L=861629895,R=1711391288: RESULT: hold_snm_v = 0.951129
sample 79 seed=L=1292305006,R=1496275456: RESULT: hold_snm_v = 0.948325
sample 80 seed=L=1335037765,R=1324379680: RESULT: hold_snm_v = 0.917527
sample 81 seed=L=1256047222,R=761134355: RESULT: hold_snm_v = 0.92264
sample 82 seed=L=211472122,R=259403517: RESULT: hold_snm_v = 0.900764
sample 83 seed=L=1187711780,R=146263713: RESULT: hold_snm_v = 0.935684
sample 84 seed=L=1381348892,R=152792127: RESULT: hold_snm_v = 0.932605
sample 85 seed=L=644476155,R=884646962: RESULT: hold_snm_v = 0.911661
sample 86 seed=L=1074529664,R=423295051: RESULT: hold_snm_v = 0.895118
sample 87 seed=L=688109470,R=1847870347: RESULT: hold_snm_v = 0.920373
sample 88 seed=L=1306387061,R=1606240716: RESULT: hold_snm_v = 0.931823
sample 89 seed=L=874324688,R=774160725: RESULT: hold_snm_v = 0.889463
sample 90 seed=L=362164481,R=1044986953: RESULT: hold_snm_v = 0.971359
sample 91 seed=L=1413591196,R=1768739146: RESULT: hold_snm_v = 0.947937
sample 92 seed=L=920589279,R=1859469594: RESULT: hold_snm_v = 0.907299
sample 93 seed=L=597052478,R=1351054240: RESULT: hold_snm_v = 0.901082
sample 94 seed=L=788730508,R=761109393: RESULT: hold_snm_v = 0.917385
sample 95 seed=L=968441532,R=1031978444: RESULT: hold_snm_v = 0.951343
sample 96 seed=L=123308598,R=373431607: RESULT: hold_snm_v = 0.931332
sample 97 seed=L=751941406,R=1405129522: RESULT: hold_snm_v = 0.949581
sample 98 seed=L=1810738657,R=290089242: RESULT: hold_snm_v = 0.951849
sample 99 seed=L=770181365,R=457666964: RESULT: hold_snm_v = 0.886086
sample 100 seed=L=1775226099,R=214433857: RESULT: hold_snm_v = 0.907889
sample 101 seed=L=1357781253,R=1717470630: RESULT: hold_snm_v = 0.925313
sample 102 seed=L=885588743,R=1497008514: RESULT: hold_snm_v = 0.923867
sample 103 seed=L=1166748300,R=698946153: RESULT: hold_snm_v = 0.908591
sample 104 seed=L=472427915,R=1765524974: RESULT: hold_snm_v = 0.956558
sample 105 seed=L=900708017,R=809126085: RESULT: hold_snm_v = 0.925542
sample 106 seed=L=79380014,R=634275523: RESULT: hold_snm_v = 0.941978
sample 107 seed=L=846029419,R=283332795: RESULT: hold_snm_v = 0.948204
sample 108 seed=L=969328232,R=233349002: RESULT: hold_snm_v = 0.931885
sample 109 seed=L=272940207,R=1411893004: RESULT: hold_snm_v = 0.915629
sample 110 seed=L=1446824642,R=165608202: RESULT: hold_snm_v = 0.910085
sample 111 seed=L=150259276,R=28794688: RESULT: hold_snm_v = 0.933839
sample 112 seed=L=918318641,R=237220409: RESULT: hold_snm_v = 0.945652
sample 113 seed=L=1373632691,R=1355893787: RESULT: hold_snm_v = 0.920974
sample 114 seed=L=781574099,R=1207560160: RESULT: hold_snm_v = 0.953365
sample 115 seed=L=143296305,R=523292987: RESULT: hold_snm_v = 0.947657
sample 116 seed=L=1791555100,R=1002881434: RESULT: hold_snm_v = 0.919881
sample 117 seed=L=945307950,R=1347505399: RESULT: hold_snm_v = 0.938679
sample 118 seed=L=1656519541,R=1577612214: RESULT: hold_snm_v = 0.919901
sample 119 seed=L=179337514,R=476777464: RESULT: hold_snm_v = 0.928316
sample 120 seed=L=803678084,R=252060698: RESULT: hold_snm_v = 0.950284
sample 121 seed=L=1995368184,R=1804221538: RESULT: hold_snm_v = 0.941339
sample 122 seed=L=132928920,R=1518265725: RESULT: hold_snm_v = 0.940817
sample 123 seed=L=743217727,R=1322743358: RESULT: hold_snm_v = 0.986048
sample 124 seed=L=1124210500,R=1112974269: RESULT: hold_snm_v = 0.919107
sample 125 seed=L=766456628,R=1735440339: RESULT: hold_snm_v = 0.933992
sample 126 seed=L=1493567430,R=505452833: RESULT: hold_snm_v = 0.915415
sample 127 seed=L=113753199,R=372632938: RESULT: hold_snm_v = 0.923899
sample 128 seed=L=1394815145,R=541233326: RESULT: hold_snm_v = 0.875919
sample 129 seed=L=1272558826,R=1877574890: RESULT: hold_snm_v = 0.905949
sample 130 seed=L=244100569,R=1513840730: RESULT: hold_snm_v = 0.964144
sample 131 seed=L=1071427518,R=769168445: RESULT: hold_snm_v = 0.909264
sample 132 seed=L=1554385790,R=201771201: RESULT: hold_snm_v = 0.901918
sample 133 seed=L=437184396,R=960178733: RESULT: hold_snm_v = 0.92879
sample 134 seed=L=756655438,R=1959506581: RESULT: hold_snm_v = 0.928262
sample 135 seed=L=261239089,R=341824705: RESULT: hold_snm_v = 0.938294
sample 136 seed=L=1076067075,R=589875740: RESULT: hold_snm_v = 0.973133
sample 137 seed=L=20210415,R=1081126142: RESULT: hold_snm_v = 0.934611
sample 138 seed=L=503801836,R=311695178: RESULT: hold_snm_v = 0.927745
sample 139 seed=L=1432095728,R=357143614: RESULT: hold_snm_v = 0.973317
sample 140 seed=L=1450919545,R=232446836: RESULT: hold_snm_v = 0.911567
sample 141 seed=L=1813426643,R=321457259: RESULT: hold_snm_v = 0.951734
sample 142 seed=L=370109510,R=394673812: RESULT: hold_snm_v = 0.930741
sample 143 seed=L=1557501648,R=937815636: RESULT: hold_snm_v = 0.92258
sample 144 seed=L=801432749,R=854943302: RESULT: hold_snm_v = 0.943114
sample 145 seed=L=312960686,R=285457945: RESULT: hold_snm_v = 0.978669
sample 146 seed=L=291918334,R=646170621: RESULT: hold_snm_v = 0.931825
sample 147 seed=L=296569083,R=1954307921: RESULT: hold_snm_v = 0.938787
sample 148 seed=L=771447009,R=1121148019: RESULT: hold_snm_v = 0.960161
sample 149 seed=L=1198484490,R=1761759839: RESULT: hold_snm_v = 0.93375
sample 150 seed=L=669767140,R=1432864337: RESULT: hold_snm_v = 0.919227
sample 151 seed=L=1509323442,R=1385104828: RESULT: hold_snm_v = 0.911323
sample 152 seed=L=1251401608,R=1937004909: RESULT: hold_snm_v = 0.936784
sample 153 seed=L=1157283604,R=611996687: RESULT: hold_snm_v = 0.951164
sample 154 seed=L=992815633,R=1409401792: RESULT: hold_snm_v = 0.926466
sample 155 seed=L=1481241610,R=1531060400: RESULT: hold_snm_v = 0.904491
sample 156 seed=L=215523248,R=600311422: RESULT: hold_snm_v = 0.931775
sample 157 seed=L=781888654,R=1275001540: RESULT: hold_snm_v = 0.920004
sample 158 seed=L=259417474,R=100336334: RESULT: hold_snm_v = 0.911295
sample 159 seed=L=1030878030,R=184412918: RESULT: hold_snm_v = 0.909669
sample 160 seed=L=171231068,R=51310462: RESULT: hold_snm_v = 0.938176
sample 161 seed=L=142826649,R=874382955: RESULT: hold_snm_v = 0.922464
sample 162 seed=L=1832367279,R=1134347018: RESULT: hold_snm_v = 0.948085
sample 163 seed=L=1268718374,R=1656592758: RESULT: hold_snm_v = 0.937718
sample 164 seed=L=529684408,R=975560406: RESULT: hold_snm_v = 0.927986
sample 165 seed=L=88288623,R=1146344500: RESULT: hold_snm_v = 0.903579
sample 166 seed=L=661387284,R=1757108896: RESULT: hold_snm_v = 0.929173
sample 167 seed=L=217535398,R=1921559272: RESULT: hold_snm_v = 0.924901
sample 168 seed=L=529972584,R=1555920512: RESULT: hold_snm_v = 0.908148
sample 169 seed=L=1379644669,R=680065111: RESULT: hold_snm_v = 0.951295
sample 170 seed=L=594945776,R=24339567: RESULT: hold_snm_v = 0.945712
sample 171 seed=L=813313591,R=1667037317: RESULT: hold_snm_v = 0.92024
sample 172 seed=L=1207686824,R=1452641038: RESULT: hold_snm_v = 0.93523
sample 173 seed=L=1314822927,R=409377210: RESULT: hold_snm_v = 0.934371
sample 174 seed=L=990246498,R=1860594743: RESULT: hold_snm_v = 0.917474
sample 175 seed=L=493127919,R=149214469: RESULT: hold_snm_v = 0.935532
sample 176 seed=L=189212757,R=1041125287: RESULT: hold_snm_v = 0.927195
sample 177 seed=L=20191015,R=1580461545: RESULT: hold_snm_v = 0.916636
sample 178 seed=L=1369536996,R=574424387: RESULT: hold_snm_v = 0.915033
sample 179 seed=L=74827966,R=429504460: RESULT: hold_snm_v = 0.929455
sample 180 seed=L=1613883293,R=1342635243: RESULT: hold_snm_v = 0.951726
sample 181 seed=L=524185520,R=1976440522: RESULT: hold_snm_v = 0.930621
sample 182 seed=L=1204930782,R=257484991: RESULT: hold_snm_v = 0.900522
sample 183 seed=L=1842511906,R=1012926479: RESULT: hold_snm_v = 0.912938
sample 184 seed=L=925409367,R=1071272392: RESULT: hold_snm_v = 0.941722
sample 185 seed=L=362686477,R=558279347: RESULT: hold_snm_v = 0.936144
sample 186 seed=L=903790944,R=539722539: RESULT: hold_snm_v = 0.927504
sample 187 seed=L=1710831244,R=672440964: RESULT: hold_snm_v = 0.927322
sample 188 seed=L=661476250,R=400025706: RESULT: hold_snm_v = 0.956173
sample 189 seed=L=1302187279,R=536244158: RESULT: hold_snm_v = 0.925471
sample 190 seed=L=1285416956,R=1105727850: RESULT: hold_snm_v = 0.939053
sample 191 seed=L=1984003527,R=1956437661: RESULT: hold_snm_v = 0.917771
sample 192 seed=L=604529542,R=718645503: RESULT: hold_snm_v = 0.919355
sample 193 seed=L=1799313582,R=960203119: RESULT: hold_snm_v = 0.950787
sample 194 seed=L=211974633,R=193156658: RESULT: hold_snm_v = 0.938618
sample 195 seed=L=1471588495,R=531152157: RESULT: hold_snm_v = 0.935526
sample 196 seed=L=128826566,R=221571787: RESULT: hold_snm_v = 0.928202
sample 197 seed=L=1891367934,R=1734731546: RESULT: hold_snm_v = 0.934005
sample 198 seed=L=100084314,R=1710434342: RESULT: hold_snm_v = 0.938863
sample 199 seed=L=1479840921,R=701442509: RESULT: hold_snm_v = 0.927511

=== corner ff_125c_2.97v -- determinism control (sw_stat_mismatch=0) ===
sample 0 seed=L=652378453,R=1767715304: RESULT: hold_snm_v = 0.930461
sample 1 seed=L=601527983,R=272636663: RESULT: hold_snm_v = 0.930461
sample 2 seed=L=745310077,R=423434617: RESULT: hold_snm_v = 0.930461
sample 3 seed=L=1553070278,R=1039832177: RESULT: hold_snm_v = 0.930461

=== corner ff_125c_2.97v -- negative control (known-bad variant: sw_stat_mismatch=12 (12x the PDK's per-instance Vt/current-factor mismatch sigma), VDD=0.50 V (below spec/sram.md's ratified 2.97 V minimum)) ===
sample 0 seed=L=293410490,R=515232467: RESULT: hold_snm_v = 0.123425
sample 1 seed=L=1194619755,R=1274637542: RESULT: hold_snm_v = 0.042713
sample 2 seed=L=1151185975,R=1166575318: RESULT: hold_snm_v = 0.10239
sample 3 seed=L=1187023944,R=2420080: RESULT: hold_snm_v = 0.120946
sample 4 seed=L=1094813224,R=1931705059: RESULT: hold_snm_v = 0.064904
sample 5 seed=L=109251170,R=1350103334: RESULT: hold_snm_v = 0.05883
sample 6 seed=L=59846701,R=1976709389: RESULT: hold_snm_v = -0.015
sample 7 seed=L=83179556,R=60621411: RESULT: hold_snm_v = 0.035341
sample 8 seed=L=1233923120,R=1238945180: RESULT: hold_snm_v = 0.042536
sample 9 seed=L=800824529,R=131149162: RESULT: hold_snm_v = 0.03988
sample 10 seed=L=24060084,R=189766579: RESULT: hold_snm_v = 0.124563
sample 11 seed=L=1864721845,R=1757594236: RESULT: hold_snm_v = -0.015
sample 12 seed=L=155301688,R=1585256187: RESULT: hold_snm_v = 0.135284
sample 13 seed=L=1323528853,R=1695963011: RESULT: hold_snm_v = 0.127812
sample 14 seed=L=20672519,R=1277291707: RESULT: hold_snm_v = 0.079995
sample 15 seed=L=594826843,R=449149485: RESULT: hold_snm_v = -0.014247
sample 16 seed=L=857251720,R=662531114: RESULT: hold_snm_v = -0.008959
sample 17 seed=L=868431486,R=1289847835: RESULT: hold_snm_v = 0.240377
sample 18 seed=L=345550942,R=468349837: RESULT: hold_snm_v = 0.174936
sample 19 seed=L=1349752637,R=1759740236: RESULT: hold_snm_v = -0.012914
sample 20 seed=L=247322915,R=1575807749: RESULT: hold_snm_v = 0.155447
sample 21 seed=L=146727282,R=103399286: RESULT: hold_snm_v = 0.095646
sample 22 seed=L=272066327,R=299004587: RESULT: hold_snm_v = -0.012252
sample 23 seed=L=1741767204,R=1335894378: RESULT: hold_snm_v = 0.023122
sample 24 seed=L=17414133,R=162006801: RESULT: hold_snm_v = 0.134573
sample 25 seed=L=1616458180,R=299616083: RESULT: hold_snm_v = -0.01466
sample 26 seed=L=85319681,R=778790103: RESULT: hold_snm_v = 0.002197
sample 27 seed=L=462131203,R=827934558: RESULT: hold_snm_v = -0.012395
sample 28 seed=L=100038671,R=1791793184: RESULT: hold_snm_v = 0.125644
sample 29 seed=L=1690657167,R=554882840: RESULT: hold_snm_v = -0.015
sample 30 seed=L=1423681676,R=1078016767: RESULT: hold_snm_v = -0.014985
sample 31 seed=L=1538592654,R=177466574: RESULT: hold_snm_v = -0.015
sample 32 seed=L=1602200084,R=33607332: RESULT: hold_snm_v = 0.168129
sample 33 seed=L=994229090,R=1313926395: RESULT: hold_snm_v = 0.17132
sample 34 seed=L=1320857618,R=594183189: RESULT: hold_snm_v = 0.197197
sample 35 seed=L=1667912235,R=111818765: RESULT: hold_snm_v = -0.011894
sample 36 seed=L=177209569,R=757391344: RESULT: hold_snm_v = -0.011785
sample 37 seed=L=1178248002,R=857038733: RESULT: hold_snm_v = 0.181185
sample 38 seed=L=693679114,R=7131103: RESULT: hold_snm_v = 0.208305
sample 39 seed=L=7962098,R=428739143: RESULT: hold_snm_v = -0.015
sample 40 seed=L=273015434,R=80573551: RESULT: hold_snm_v = -0.01467
sample 41 seed=L=876018587,R=1331437798: RESULT: hold_snm_v = 0.167975
sample 42 seed=L=1400752396,R=511589868: RESULT: hold_snm_v = 0.029929
sample 43 seed=L=911565709,R=1578512822: RESULT: hold_snm_v = 0.1572
sample 44 seed=L=573415825,R=1087750337: RESULT: hold_snm_v = 0.009717
sample 45 seed=L=1810249521,R=825280045: RESULT: hold_snm_v = -0.015
sample 46 seed=L=1363934817,R=435816573: RESULT: hold_snm_v = -0.015
sample 47 seed=L=1552901355,R=490422078: RESULT: hold_snm_v = 0.084096
sample 48 seed=L=212654586,R=176979380: RESULT: hold_snm_v = 0.158811
sample 49 seed=L=732339397,R=324543596: RESULT: hold_snm_v = 0.125877
sample 50 seed=L=1513706092,R=387144795: RESULT: hold_snm_v = 0.184835
sample 51 seed=L=1394560936,R=342743532: RESULT: hold_snm_v = 0.005618
sample 52 seed=L=244464240,R=698693572: RESULT: hold_snm_v = -0.013683
sample 53 seed=L=1801015388,R=997006378: RESULT: hold_snm_v = 0.028392
sample 54 seed=L=1515412525,R=1004384882: RESULT: hold_snm_v = -0.014995
sample 55 seed=L=26457126,R=652582711: RESULT: hold_snm_v = 0.146917
sample 56 seed=L=986219133,R=350294031: RESULT: hold_snm_v = -0.014983
sample 57 seed=L=409020195,R=1709300651: RESULT: hold_snm_v = 0.088069
sample 58 seed=L=163266738,R=1842861088: RESULT: hold_snm_v = 0.088721
sample 59 seed=L=1348583867,R=717309226: RESULT: hold_snm_v = -0.014762
sample 60 seed=L=1705167229,R=500494296: RESULT: hold_snm_v = 0.164378
sample 61 seed=L=1957504341,R=454551220: RESULT: hold_snm_v = -0.015
sample 62 seed=L=293195348,R=1841444853: RESULT: hold_snm_v = -0.014997
sample 63 seed=L=1298044210,R=1241599140: RESULT: hold_snm_v = 0.059175
sample 64 seed=L=1245187096,R=31270304: RESULT: hold_snm_v = 0.088048
sample 65 seed=L=1322878545,R=52808696: RESULT: hold_snm_v = 0.145983
sample 66 seed=L=251560011,R=581815496: RESULT: hold_snm_v = 0.03602
sample 67 seed=L=226137302,R=1548514444: RESULT: hold_snm_v = -0.014844
sample 68 seed=L=222214068,R=1881584671: RESULT: hold_snm_v = -0.015
sample 69 seed=L=442323751,R=1383421754: RESULT: hold_snm_v = 0.123256
sample 70 seed=L=84701932,R=153919417: RESULT: hold_snm_v = 0.063079
sample 71 seed=L=137407487,R=1603168938: RESULT: hold_snm_v = -0.012021
sample 72 seed=L=1988560660,R=53376372: RESULT: hold_snm_v = 0.123107
sample 73 seed=L=638545637,R=407355370: RESULT: hold_snm_v = 0.041754
sample 74 seed=L=1681122262,R=1228741741: RESULT: hold_snm_v = 0.039513
sample 75 seed=L=794067640,R=1330816839: RESULT: hold_snm_v = 0.114792
sample 76 seed=L=1541835562,R=1470262021: RESULT: hold_snm_v = 0.198137
sample 77 seed=L=1479631474,R=1626787498: RESULT: hold_snm_v = -0.011783
sample 78 seed=L=1606040335,R=1004454738: RESULT: hold_snm_v = 0.094729
sample 79 seed=L=1722235502,R=257396721: RESULT: hold_snm_v = -0.015
sample 80 seed=L=1774569138,R=1402789328: RESULT: hold_snm_v = 0.108747
sample 81 seed=L=739998406,R=1372299636: RESULT: hold_snm_v = 0.099535
sample 82 seed=L=1283249622,R=1045154667: RESULT: hold_snm_v = 0.200867
sample 83 seed=L=701104462,R=100710182: RESULT: hold_snm_v = -0.014984
sample 84 seed=L=1086371160,R=1434672499: RESULT: hold_snm_v = 0.119623
sample 85 seed=L=1085659375,R=211974285: RESULT: hold_snm_v = 0.093355
sample 86 seed=L=762398532,R=1460855586: RESULT: hold_snm_v = 0.15389
sample 87 seed=L=1845751875,R=1761970079: RESULT: hold_snm_v = 0.103269
sample 88 seed=L=478912420,R=853962247: RESULT: hold_snm_v = -0.010886
sample 89 seed=L=503995309,R=118572409: RESULT: hold_snm_v = 0.100887
sample 90 seed=L=1562412624,R=62946583: RESULT: hold_snm_v = -0.011971
sample 91 seed=L=709303026,R=116013560: RESULT: hold_snm_v = 0.214085
sample 92 seed=L=1349711235,R=1394209745: RESULT: hold_snm_v = -0.014998
sample 93 seed=L=1418094169,R=1169241456: RESULT: hold_snm_v = -0.01348
sample 94 seed=L=887473302,R=12974551: RESULT: hold_snm_v = 0.135604
sample 95 seed=L=1260680288,R=1007814343: RESULT: hold_snm_v = -0.015
sample 96 seed=L=1452629843,R=1505026040: RESULT: hold_snm_v = 0.094434
sample 97 seed=L=1469303640,R=297524736: RESULT: hold_snm_v = -0.014993
sample 98 seed=L=468796850,R=1450439909: RESULT: hold_snm_v = 0.154046
sample 99 seed=L=40400125,R=795222375: RESULT: hold_snm_v = 0.065732
