=== corner ss_-40c_3.63v -- mismatch samples (sw_stat_mismatch=1) ===
sample 0 seed=L=873889528,R=462912262: RESULT: hold_snm_v = 1.252911
sample 1 seed=L=820038911,R=498480225: RESULT: hold_snm_v = 1.27305
sample 2 seed=L=161775501,R=481699770: RESULT: hold_snm_v = 1.262687
sample 3 seed=L=1304567384,R=1786012895: RESULT: hold_snm_v = 1.252186
sample 4 seed=L=913168886,R=570423124: RESULT: hold_snm_v = 1.270541
sample 5 seed=L=549976036,R=1976353944: RESULT: hold_snm_v = 1.240256
sample 6 seed=L=1123106521,R=1837223680: RESULT: hold_snm_v = 1.277188
sample 7 seed=L=1752629302,R=719188327: RESULT: hold_snm_v = 1.262147
sample 8 seed=L=602515461,R=1303083159: RESULT: hold_snm_v = 1.267719
sample 9 seed=L=1510034767,R=50881730: RESULT: hold_snm_v = 1.260214
sample 10 seed=L=705543602,R=1352351: RESULT: hold_snm_v = 1.27551
sample 11 seed=L=462317096,R=1976437092: RESULT: hold_snm_v = 1.270344
sample 12 seed=L=148470264,R=945473364: RESULT: hold_snm_v = 1.243949
sample 13 seed=L=263757702,R=730009549: RESULT: hold_snm_v = 1.285219
sample 14 seed=L=1529265982,R=918854714: RESULT: hold_snm_v = 1.287959
sample 15 seed=L=265758890,R=967967518: RESULT: hold_snm_v = 1.266147
sample 16 seed=L=1134689753,R=776063026: RESULT: hold_snm_v = 1.244967
sample 17 seed=L=1817634737,R=797901144: RESULT: hold_snm_v = 1.274297
sample 18 seed=L=136769938,R=1103101199: RESULT: hold_snm_v = 1.293457
sample 19 seed=L=356665147,R=510489913: RESULT: hold_snm_v = 1.263877
sample 20 seed=L=1282904536,R=731124267: RESULT: hold_snm_v = 1.238842
sample 21 seed=L=1805887922,R=878214592: RESULT: hold_snm_v = 1.278674
sample 22 seed=L=1645619067,R=153092278: RESULT: hold_snm_v = 1.268282
sample 23 seed=L=655359580,R=256736887: RESULT: hold_snm_v = 1.244982
sample 24 seed=L=794704345,R=1374471439: RESULT: hold_snm_v = 1.285604
sample 25 seed=L=1023469785,R=798289832: RESULT: hold_snm_v = 1.244916
sample 26 seed=L=1293970917,R=257910090: RESULT: hold_snm_v = 1.268067
sample 27 seed=L=1494096046,R=1443465766: RESULT: hold_snm_v = 1.279498
sample 28 seed=L=494206952,R=488864638: RESULT: hold_snm_v = 1.260596
sample 29 seed=L=1128157891,R=1091419656: RESULT: hold_snm_v = 1.283371
sample 30 seed=L=1136864791,R=761663504: RESULT: hold_snm_v = 1.236774
sample 31 seed=L=1186836524,R=1252523184: RESULT: hold_snm_v = 1.254939
sample 32 seed=L=1917433115,R=1892910447: RESULT: hold_snm_v = 1.259263
sample 33 seed=L=99017127,R=949238474: RESULT: hold_snm_v = 1.261847
sample 34 seed=L=110180469,R=787185680: RESULT: hold_snm_v = 1.263865
sample 35 seed=L=752338465,R=1936634143: RESULT: hold_snm_v = 1.286537
sample 36 seed=L=101773367,R=613347250: RESULT: hold_snm_v = 1.263802
sample 37 seed=L=703631224,R=56389547: RESULT: hold_snm_v = 1.257649
sample 38 seed=L=1786966664,R=1069565197: RESULT: hold_snm_v = 1.294892
sample 39 seed=L=1543933754,R=692997403: RESULT: hold_snm_v = 1.259365
sample 40 seed=L=1328422515,R=1571550642: RESULT: hold_snm_v = 1.266374
sample 41 seed=L=1346047082,R=1704649200: RESULT: hold_snm_v = 1.271109
sample 42 seed=L=1054558908,R=324811278: RESULT: hold_snm_v = 1.261653
sample 43 seed=L=131884125,R=278931182: RESULT: hold_snm_v = 1.268185
sample 44 seed=L=681284007,R=1000673921: RESULT: hold_snm_v = 1.281489
sample 45 seed=L=1820161573,R=782881854: RESULT: hold_snm_v = 1.27533
sample 46 seed=L=254275585,R=1009408559: RESULT: hold_snm_v = 1.247951
sample 47 seed=L=192901103,R=126492635: RESULT: hold_snm_v = 1.263297
sample 48 seed=L=989409661,R=210754159: RESULT: hold_snm_v = 1.287402
sample 49 seed=L=555070415,R=111639522: RESULT: hold_snm_v = 1.263287
sample 50 seed=L=226992128,R=1901589221: RESULT: hold_snm_v = 1.259409
sample 51 seed=L=1027464359,R=1444531850: RESULT: hold_snm_v = 1.253843
sample 52 seed=L=1648378858,R=698953464: RESULT: hold_snm_v = 1.292901
sample 53 seed=L=92241966,R=107943449: RESULT: hold_snm_v = 1.300493
sample 54 seed=L=1128317745,R=1311768921: RESULT: hold_snm_v = 1.271242
sample 55 seed=L=710028148,R=1906274131: RESULT: hold_snm_v = 1.269198
sample 56 seed=L=1711228475,R=722346739: RESULT: hold_snm_v = 1.282118
sample 57 seed=L=276294363,R=27856942: RESULT: hold_snm_v = 1.240252
sample 58 seed=L=1002227951,R=1147142315: RESULT: hold_snm_v = 1.273263
sample 59 seed=L=558040711,R=1989628022: RESULT: hold_snm_v = 1.269257
sample 60 seed=L=1744354366,R=462262412: RESULT: hold_snm_v = 1.287851
sample 61 seed=L=556596261,R=638199256: RESULT: hold_snm_v = 1.276285
sample 62 seed=L=19891942,R=1876043752: RESULT: hold_snm_v = 1.292017
sample 63 seed=L=629404016,R=1656891782: RESULT: hold_snm_v = 1.266057
sample 64 seed=L=189097837,R=194598855: RESULT: hold_snm_v = 1.251836
sample 65 seed=L=554940696,R=382641065: RESULT: hold_snm_v = 1.277325
sample 66 seed=L=662049396,R=1301511266: RESULT: hold_snm_v = 1.273919
sample 67 seed=L=47031052,R=58224088: RESULT: hold_snm_v = 1.249463
sample 68 seed=L=223797375,R=1172164931: RESULT: hold_snm_v = 1.270857
sample 69 seed=L=1731309920,R=1050233592: RESULT: hold_snm_v = 1.292593
sample 70 seed=L=1896948205,R=1331176895: RESULT: hold_snm_v = 1.269349
sample 71 seed=L=575805861,R=1888450773: RESULT: hold_snm_v = 1.284154
sample 72 seed=L=1060716690,R=477259004: RESULT: hold_snm_v = 1.268805
sample 73 seed=L=1894830266,R=772278223: RESULT: hold_snm_v = 1.282969
sample 74 seed=L=1768240937,R=185300126: RESULT: hold_snm_v = 1.294406
sample 75 seed=L=546461093,R=189875262: RESULT: hold_snm_v = 1.264224
sample 76 seed=L=1064385733,R=1612030497: RESULT: hold_snm_v = 1.279375
sample 77 seed=L=832928592,R=750224657: RESULT: hold_snm_v = 1.241038
sample 78 seed=L=71298340,R=39812723: RESULT: hold_snm_v = 1.276659
sample 79 seed=L=1652647576,R=1792814681: RESULT: hold_snm_v = 1.299912
sample 80 seed=L=1589937774,R=174439262: RESULT: hold_snm_v = 1.253172
sample 81 seed=L=1546433150,R=1105095207: RESULT: hold_snm_v = 1.265708
sample 82 seed=L=524293331,R=147225690: RESULT: hold_snm_v = 1.269348
sample 83 seed=L=99732477,R=469039941: RESULT: hold_snm_v = 1.286563
sample 84 seed=L=627635669,R=1032143536: RESULT: hold_snm_v = 1.235435
sample 85 seed=L=552975,R=1824776394: RESULT: hold_snm_v = 1.264512
sample 86 seed=L=1420417438,R=1762386613: RESULT: hold_snm_v = 1.271718
sample 87 seed=L=43027498,R=1394660749: RESULT: hold_snm_v = 1.286353
sample 88 seed=L=80453416,R=1060441151: RESULT: hold_snm_v = 1.273651
sample 89 seed=L=1545855616,R=788287631: RESULT: hold_snm_v = 1.274729
sample 90 seed=L=791037866,R=1081886586: RESULT: hold_snm_v = 1.278391
sample 91 seed=L=650281370,R=1824672931: RESULT: hold_snm_v = 1.270267
sample 92 seed=L=363906673,R=1678224073: RESULT: hold_snm_v = 1.261696
sample 93 seed=L=1325054816,R=1912365251: RESULT: hold_snm_v = 1.260704
sample 94 seed=L=1673282314,R=378500123: RESULT: hold_snm_v = 1.305277
sample 95 seed=L=69440348,R=1634602148: RESULT: hold_snm_v = 1.266779
sample 96 seed=L=1965755319,R=1449344569: RESULT: hold_snm_v = 1.286141
sample 97 seed=L=217102121,R=1872177096: RESULT: hold_snm_v = 1.28019
sample 98 seed=L=638678236,R=1130840306: RESULT: hold_snm_v = 1.266347
sample 99 seed=L=177554408,R=59972594: RESULT: hold_snm_v = 1.263165
sample 100 seed=L=772095575,R=987274769: RESULT: hold_snm_v = 1.257515
sample 101 seed=L=622949473,R=879662720: RESULT: hold_snm_v = 1.288893
sample 102 seed=L=1042464465,R=600541613: RESULT: hold_snm_v = 1.250309
sample 103 seed=L=1562520226,R=1831313015: RESULT: hold_snm_v = 1.294301
sample 104 seed=L=1586783732,R=682908875: RESULT: hold_snm_v = 1.266631
sample 105 seed=L=1667603564,R=1922790387: RESULT: hold_snm_v = 1.27008
sample 106 seed=L=347327897,R=711634931: RESULT: hold_snm_v = 1.278666
sample 107 seed=L=1610995744,R=11576411: RESULT: hold_snm_v = 1.268693
sample 108 seed=L=139911,R=170912089: RESULT: hold_snm_v = 1.280285
sample 109 seed=L=973258694,R=1958677478: RESULT: hold_snm_v = 1.291699
sample 110 seed=L=192130076,R=773737977: RESULT: hold_snm_v = 1.284948
sample 111 seed=L=791452306,R=1493548750: RESULT: hold_snm_v = 1.298934
sample 112 seed=L=1265690253,R=1210416148: RESULT: hold_snm_v = 1.286265
sample 113 seed=L=1801074752,R=336586152: RESULT: hold_snm_v = 1.280177
sample 114 seed=L=784956791,R=1398849201: RESULT: hold_snm_v = 1.242485
sample 115 seed=L=1496508375,R=1489427942: RESULT: hold_snm_v = 1.264517
sample 116 seed=L=1158603314,R=815177697: RESULT: hold_snm_v = 1.256111
sample 117 seed=L=1717858665,R=1940255317: RESULT: hold_snm_v = 1.273249
sample 118 seed=L=1472028967,R=1382461068: RESULT: hold_snm_v = 1.255607
sample 119 seed=L=722363439,R=114506847: RESULT: hold_snm_v = 1.243229
sample 120 seed=L=834134632,R=1569101593: RESULT: hold_snm_v = 1.288643
sample 121 seed=L=844130480,R=828263598: RESULT: hold_snm_v = 1.290349
sample 122 seed=L=1974515600,R=1137913623: RESULT: hold_snm_v = 1.262543
sample 123 seed=L=701690275,R=152608324: RESULT: hold_snm_v = 1.250939
sample 124 seed=L=1232513934,R=1177115887: RESULT: hold_snm_v = 1.256931
sample 125 seed=L=611201156,R=830820624: RESULT: hold_snm_v = 1.260527
sample 126 seed=L=187180876,R=1342450362: RESULT: hold_snm_v = 1.283442
sample 127 seed=L=1424428383,R=1535322139: RESULT: hold_snm_v = 1.249515
sample 128 seed=L=350493797,R=302045415: RESULT: hold_snm_v = 1.303158
sample 129 seed=L=1330332852,R=290088329: RESULT: hold_snm_v = 1.2819
sample 130 seed=L=454754635,R=1948251689: RESULT: hold_snm_v = 1.257279
sample 131 seed=L=1936602890,R=1237348599: RESULT: hold_snm_v = 1.299416
sample 132 seed=L=874835380,R=1676557775: RESULT: hold_snm_v = 1.242103
sample 133 seed=L=204978028,R=1264624817: RESULT: hold_snm_v = 1.28673
sample 134 seed=L=54216854,R=751953791: RESULT: hold_snm_v = 1.225753
sample 135 seed=L=1313062556,R=1238484471: RESULT: hold_snm_v = 1.28025
sample 136 seed=L=184626980,R=1012846240: RESULT: hold_snm_v = 1.258118
sample 137 seed=L=483927577,R=316894288: RESULT: hold_snm_v = 1.243456
sample 138 seed=L=1371988308,R=1324291401: RESULT: hold_snm_v = 1.252736
sample 139 seed=L=129960578,R=984097333: RESULT: hold_snm_v = 1.276418
sample 140 seed=L=512887259,R=237628158: RESULT: hold_snm_v = 1.245147
sample 141 seed=L=228853289,R=1298857342: RESULT: hold_snm_v = 1.274635
sample 142 seed=L=408279886,R=337520899: RESULT: hold_snm_v = 1.249333
sample 143 seed=L=336129771,R=463815778: RESULT: hold_snm_v = 1.229529
sample 144 seed=L=635390641,R=1686946983: RESULT: hold_snm_v = 1.271928
sample 145 seed=L=363599003,R=183756296: RESULT: hold_snm_v = 1.262298
sample 146 seed=L=576636827,R=1812843827: RESULT: hold_snm_v = 1.236875
sample 147 seed=L=452088657,R=1061429628: RESULT: hold_snm_v = 1.227488
sample 148 seed=L=1972842281,R=239766889: RESULT: hold_snm_v = 1.254841
sample 149 seed=L=1129367689,R=1152568766: RESULT: hold_snm_v = 1.261069
sample 150 seed=L=113655613,R=1771320781: RESULT: hold_snm_v = 1.282024
sample 151 seed=L=1398158202,R=688915087: RESULT: hold_snm_v = 1.248394
sample 152 seed=L=1745836291,R=1889502992: RESULT: hold_snm_v = 1.251846
sample 153 seed=L=566475526,R=1122543352: RESULT: hold_snm_v = 1.248599
sample 154 seed=L=781075983,R=674726814: RESULT: hold_snm_v = 1.252631
sample 155 seed=L=1479856520,R=154475004: RESULT: hold_snm_v = 1.294221
sample 156 seed=L=1536553299,R=11812003: RESULT: hold_snm_v = 1.255006
sample 157 seed=L=133479839,R=367174324: RESULT: hold_snm_v = 1.278339
sample 158 seed=L=702708386,R=635337332: RESULT: hold_snm_v = 1.264035
sample 159 seed=L=443840699,R=1824385935: RESULT: hold_snm_v = 1.258888
sample 160 seed=L=508053856,R=403903679: RESULT: hold_snm_v = 1.265054
sample 161 seed=L=132233850,R=1178853820: RESULT: hold_snm_v = 1.275046
sample 162 seed=L=1050304467,R=794315921: RESULT: hold_snm_v = 1.253636
sample 163 seed=L=1090033349,R=197813257: RESULT: hold_snm_v = 1.290533
sample 164 seed=L=229036791,R=336905746: RESULT: hold_snm_v = 1.24865
sample 165 seed=L=779299572,R=860484016: RESULT: hold_snm_v = 1.27483
sample 166 seed=L=862600520,R=1904954640: RESULT: hold_snm_v = 1.254169
sample 167 seed=L=216583769,R=16952545: RESULT: hold_snm_v = 1.270752
sample 168 seed=L=360687565,R=1880194293: RESULT: hold_snm_v = 1.265248
sample 169 seed=L=757176988,R=589667875: RESULT: hold_snm_v = 1.246834
sample 170 seed=L=436685844,R=1032424650: RESULT: hold_snm_v = 1.302808
sample 171 seed=L=1004350371,R=1381438976: RESULT: hold_snm_v = 1.28776
sample 172 seed=L=1322437671,R=729260362: RESULT: hold_snm_v = 1.27547
sample 173 seed=L=904765773,R=228343382: RESULT: hold_snm_v = 1.280075
sample 174 seed=L=1841533551,R=1603103869: RESULT: hold_snm_v = 1.286821
sample 175 seed=L=305051956,R=811911891: RESULT: hold_snm_v = 1.260489
sample 176 seed=L=632615033,R=528749061: RESULT: hold_snm_v = 1.257509
sample 177 seed=L=552683760,R=1084425385: RESULT: hold_snm_v = 1.245815
sample 178 seed=L=1325320257,R=648842008: RESULT: hold_snm_v = 1.288373
sample 179 seed=L=132949321,R=521267336: RESULT: hold_snm_v = 1.274099
sample 180 seed=L=685444539,R=1916961949: RESULT: hold_snm_v = 1.296687
sample 181 seed=L=73639937,R=604162036: RESULT: hold_snm_v = 1.257777
sample 182 seed=L=1806171734,R=1722105842: RESULT: hold_snm_v = 1.250356
sample 183 seed=L=15445881,R=636987423: RESULT: hold_snm_v = 1.260566
sample 184 seed=L=50219845,R=482958848: RESULT: hold_snm_v = 1.2619
sample 185 seed=L=949782794,R=552297840: RESULT: hold_snm_v = 1.275987
sample 186 seed=L=212759066,R=1177082842: RESULT: hold_snm_v = 1.247871
sample 187 seed=L=1994709646,R=1192960593: RESULT: hold_snm_v = 1.271326
sample 188 seed=L=290729166,R=306258156: RESULT: hold_snm_v = 1.285833
sample 189 seed=L=746830726,R=441158824: RESULT: hold_snm_v = 1.293538
sample 190 seed=L=1347988186,R=108050635: RESULT: hold_snm_v = 1.246184
sample 191 seed=L=9396562,R=1594041916: RESULT: hold_snm_v = 1.247774
sample 192 seed=L=1714042098,R=72501937: RESULT: hold_snm_v = 1.275712
sample 193 seed=L=361850777,R=1793907200: RESULT: hold_snm_v = 1.305579
sample 194 seed=L=175702868,R=1019038904: RESULT: hold_snm_v = 1.284664
sample 195 seed=L=837286324,R=373379822: RESULT: hold_snm_v = 1.242915
sample 196 seed=L=460282112,R=1600273568: RESULT: hold_snm_v = 1.27426
sample 197 seed=L=1460260623,R=216490007: RESULT: hold_snm_v = 1.271074
sample 198 seed=L=1003198112,R=157992180: RESULT: hold_snm_v = 1.278145
sample 199 seed=L=1896546373,R=949350366: RESULT: hold_snm_v = 1.251887

=== corner ss_-40c_3.63v -- determinism control (sw_stat_mismatch=0) ===
sample 0 seed=L=1507906684,R=1900487874: RESULT: hold_snm_v = 1.268809
sample 1 seed=L=1397760471,R=1422989442: RESULT: hold_snm_v = 1.268809
sample 2 seed=L=298195306,R=835823934: RESULT: hold_snm_v = 1.268809
sample 3 seed=L=1944647909,R=743164129: RESULT: hold_snm_v = 1.268809

=== corner ss_-40c_3.63v -- negative control (known-bad variant: sw_stat_mismatch=12 (12x the PDK's per-instance Vt/current-factor mismatch sigma), VDD=0.50 V (below spec/sram.md's ratified 2.97 V minimum)) ===
sample 0 seed=L=1790263276,R=359077946: RESULT: hold_snm_v = -0.011295
sample 1 seed=L=1287025876,R=369833926: RESULT: hold_snm_v = -0.011664
sample 2 seed=L=347196102,R=1349648201: RESULT: hold_snm_v = -0.011673
sample 3 seed=L=1717177519,R=1171851543: RESULT: hold_snm_v = -0.01
sample 4 seed=L=630321901,R=1315771110: RESULT: hold_snm_v = -0.010122
sample 5 seed=L=1793769216,R=449189550: RESULT: hold_snm_v = -0.011522
sample 6 seed=L=1679648525,R=1914741844: RESULT: hold_snm_v = -0.00477
sample 7 seed=L=68286686,R=1930326846: RESULT: hold_snm_v = -0.015
sample 8 seed=L=1528137123,R=456103244: RESULT: hold_snm_v = 0.045034
sample 9 seed=L=1615404496,R=1913840624: RESULT: hold_snm_v = -0.011668
sample 10 seed=L=1163858587,R=205765425: RESULT: hold_snm_v = -0.010244
sample 11 seed=L=660353226,R=162418148: RESULT: hold_snm_v = -0.014871
sample 12 seed=L=73877332,R=647724868: RESULT: hold_snm_v = 0.07613
sample 13 seed=L=1521984509,R=302023174: RESULT: hold_snm_v = -0.010226
sample 14 seed=L=1348759067,R=856191492: RESULT: hold_snm_v = 0.137064
sample 15 seed=L=1236146507,R=1584093929: RESULT: hold_snm_v = -0.014993
sample 16 seed=L=1569379035,R=1667057841: RESULT: hold_snm_v = -0.009488
sample 17 seed=L=221355714,R=586758330: RESULT: hold_snm_v = 0.036978
sample 18 seed=L=1727017535,R=1242165346: RESULT: hold_snm_v = -0.011675
sample 19 seed=L=362835272,R=722691128: RESULT: hold_snm_v = 0.033369
sample 20 seed=L=1603098286,R=250336404: RESULT: hold_snm_v = -0.011121
sample 21 seed=L=674471711,R=974691424: RESULT: hold_snm_v = -0.014956
sample 22 seed=L=1193806710,R=140856896: RESULT: hold_snm_v = -0.010111
sample 23 seed=L=401574599,R=218944480: RESULT: hold_snm_v = 0.036027
sample 24 seed=L=58649189,R=271163712: RESULT: hold_snm_v = -0.014507
sample 25 seed=L=1952110894,R=136929947: RESULT: hold_snm_v = -0.01487
sample 26 seed=L=1272176546,R=971353321: RESULT: hold_snm_v = 0.018664
sample 27 seed=L=1187892331,R=1133251997: RESULT: hold_snm_v = -0.011673
sample 28 seed=L=1657343700,R=1895565616: RESULT: hold_snm_v = -0.011674
sample 29 seed=L=260151767,R=1812839624: RESULT: hold_snm_v = -0.008327
sample 30 seed=L=1061018008,R=672064132: RESULT: hold_snm_v = -0.014999
sample 31 seed=L=1590641561,R=1064414358: RESULT: hold_snm_v = -0.011821
sample 32 seed=L=760080746,R=917022336: RESULT: hold_snm_v = 0.137249
sample 33 seed=L=217014371,R=109343345: RESULT: hold_snm_v = 0.030995
sample 34 seed=L=1781163442,R=920265115: RESULT: hold_snm_v = -0.011446
sample 35 seed=L=267863544,R=66093048: RESULT: hold_snm_v = -0.012057
sample 36 seed=L=968612567,R=1085014666: RESULT: hold_snm_v = -0.011552
sample 37 seed=L=1231592707,R=1093011223: RESULT: hold_snm_v = -0.011672
sample 38 seed=L=1894016270,R=1918469181: RESULT: hold_snm_v = -0.014967
sample 39 seed=L=1330216932,R=1818793605: RESULT: hold_snm_v = -0.015
sample 40 seed=L=1223236605,R=627734067: RESULT: hold_snm_v = 0.051553
sample 41 seed=L=1282746803,R=1262930175: RESULT: hold_snm_v = -0.014493
sample 42 seed=L=1721796670,R=37563659: RESULT: hold_snm_v = 0.141623
sample 43 seed=L=1066255690,R=83352337: RESULT: hold_snm_v = 0.148774
sample 44 seed=L=166061079,R=513821333: RESULT: hold_snm_v = -0.014445
sample 45 seed=L=1231315829,R=712708236: RESULT: hold_snm_v = -0.014996
sample 46 seed=L=130456348,R=172291829: RESULT: hold_snm_v = -0.015
sample 47 seed=L=706732572,R=1015709359: RESULT: hold_snm_v = 0.046541
sample 48 seed=L=675982000,R=1547879461: RESULT: hold_snm_v = -0.014272
sample 49 seed=L=1088316512,R=1906241468: RESULT: hold_snm_v = -0.014945
sample 50 seed=L=608246786,R=1880787085: RESULT: hold_snm_v = -0.011674
sample 51 seed=L=80649291,R=1202599146: RESULT: hold_snm_v = 0.002412
sample 52 seed=L=1324591833,R=1281296923: RESULT: hold_snm_v = -0.015
sample 53 seed=L=418421153,R=1973696086: RESULT: hold_snm_v = -0.014727
sample 54 seed=L=365329061,R=105176854: RESULT: hold_snm_v = -0.015
sample 55 seed=L=818873569,R=701390754: RESULT: hold_snm_v = -0.011673
sample 56 seed=L=1586676684,R=1155393878: RESULT: hold_snm_v = -0.014673
sample 57 seed=L=1592758867,R=253163225: RESULT: hold_snm_v = 0.075088
sample 58 seed=L=293307238,R=44403532: RESULT: hold_snm_v = -0.011674
sample 59 seed=L=658695498,R=1480621451: RESULT: hold_snm_v = 0.210741
sample 60 seed=L=1782416094,R=572047085: RESULT: hold_snm_v = -0.014876
sample 61 seed=L=17502401,R=1370335055: RESULT: hold_snm_v = -0.01191
sample 62 seed=L=1838361146,R=183842074: RESULT: hold_snm_v = -0.015
sample 63 seed=L=1364360721,R=1074020413: RESULT: hold_snm_v = -0.013334
sample 64 seed=L=1696235956,R=309492027: RESULT: hold_snm_v = -0.014936
sample 65 seed=L=170491730,R=1063191081: RESULT: hold_snm_v = -0.011673
sample 66 seed=L=253228143,R=443133410: RESULT: hold_snm_v = -0.014999
sample 67 seed=L=1604554050,R=359443023: RESULT: hold_snm_v = -0.011679
sample 68 seed=L=362226622,R=808031458: RESULT: hold_snm_v = 0.009341
sample 69 seed=L=1150222810,R=652174126: RESULT: hold_snm_v = -0.011674
sample 70 seed=L=1440098830,R=636016615: RESULT: hold_snm_v = -0.014999
sample 71 seed=L=1406691950,R=13771196: RESULT: hold_snm_v = -0.015
sample 72 seed=L=649621577,R=380774813: RESULT: hold_snm_v = -0.015
sample 73 seed=L=668970453,R=1519807242: RESULT: hold_snm_v = -0.011548
sample 74 seed=L=1366003980,R=1649304118: RESULT: hold_snm_v = -0.014879
sample 75 seed=L=1001846829,R=1079868077: RESULT: hold_snm_v = -0.014999
sample 76 seed=L=1673479696,R=895242844: RESULT: hold_snm_v = 0.110336
sample 77 seed=L=1759109289,R=1877303230: RESULT: hold_snm_v = -0.005895
sample 78 seed=L=1163975298,R=308503779: RESULT: hold_snm_v = -0.014981
sample 79 seed=L=264144319,R=1225557337: RESULT: hold_snm_v = -0.011674
sample 80 seed=L=728124458,R=1020020850: RESULT: hold_snm_v = -0.014998
sample 81 seed=L=992980587,R=1485190347: RESULT: hold_snm_v = -0.011675
sample 82 seed=L=1889460644,R=212977831: RESULT: hold_snm_v = -0.011673
sample 83 seed=L=1829112736,R=770063174: RESULT: hold_snm_v = 0.006958
sample 84 seed=L=1591790262,R=792321527: RESULT: hold_snm_v = -0.010633
sample 85 seed=L=626132986,R=1005228948: RESULT: hold_snm_v = -0.011606
sample 86 seed=L=1719248475,R=408327920: RESULT: hold_snm_v = 0.046931
sample 87 seed=L=1819569601,R=1208845611: RESULT: hold_snm_v = -0.013179
sample 88 seed=L=978712796,R=541813028: RESULT: hold_snm_v = -0.015
sample 89 seed=L=391804912,R=794277462: RESULT: hold_snm_v = -0.015
sample 90 seed=L=1195809988,R=532038064: RESULT: hold_snm_v = -0.014727
sample 91 seed=L=989084952,R=23383881: RESULT: hold_snm_v = -0.011673
sample 92 seed=L=589566623,R=1114164487: RESULT: hold_snm_v = 0.032496
sample 93 seed=L=1111186516,R=84536870: RESULT: hold_snm_v = -0.010477
sample 94 seed=L=302917402,R=1913787888: RESULT: hold_snm_v = -0.004158
sample 95 seed=L=791851616,R=1162460306: RESULT: hold_snm_v = -0.011554
sample 96 seed=L=747531304,R=1588412285: RESULT: hold_snm_v = -0.0116
sample 97 seed=L=551419432,R=1787625160: RESULT: hold_snm_v = 0.022493
sample 98 seed=L=206893678,R=853213499: RESULT: hold_snm_v = -0.010701
sample 99 seed=L=280839082,R=1742502068: RESULT: hold_snm_v = 0.005465
