=== corner ss_25c_2.97v -- mismatch samples (sw_stat_mismatch=1) ===
sample 0 seed=L=296056005,R=1351873392: RESULT: hold_snm_v = 1.072266
sample 1 seed=L=1946925785,R=346966354: RESULT: hold_snm_v = 1.052533
sample 2 seed=L=375320660,R=1631501474: RESULT: hold_snm_v = 1.085114
sample 3 seed=L=356266240,R=360718613: RESULT: hold_snm_v = 1.093336
sample 4 seed=L=908082387,R=1157954621: RESULT: hold_snm_v = 1.112066
sample 5 seed=L=1612929668,R=142816325: RESULT: hold_snm_v = 1.070981
sample 6 seed=L=692912792,R=837840819: RESULT: hold_snm_v = 1.12969
sample 7 seed=L=1348883038,R=1248420522: RESULT: hold_snm_v = 1.07516
sample 8 seed=L=829042385,R=981748073: RESULT: hold_snm_v = 1.099941
sample 9 seed=L=1786811594,R=834375456: RESULT: hold_snm_v = 1.053184
sample 10 seed=L=20467990,R=1439456977: RESULT: hold_snm_v = 1.106989
sample 11 seed=L=1462962872,R=941936697: RESULT: hold_snm_v = 1.086537
sample 12 seed=L=497882764,R=338038484: RESULT: hold_snm_v = 1.079134
sample 13 seed=L=1091785091,R=1933140718: RESULT: hold_snm_v = 1.054481
sample 14 seed=L=160849094,R=1034285195: RESULT: hold_snm_v = 1.086329
sample 15 seed=L=932543799,R=22824532: RESULT: hold_snm_v = 1.068524
sample 16 seed=L=446979685,R=1027014492: RESULT: hold_snm_v = 1.057071
sample 17 seed=L=1556978346,R=608777812: RESULT: hold_snm_v = 1.09113
sample 18 seed=L=1963304688,R=640740682: RESULT: hold_snm_v = 1.085553
sample 19 seed=L=75494435,R=989079804: RESULT: hold_snm_v = 1.054851
sample 20 seed=L=1564245210,R=1761576586: RESULT: hold_snm_v = 1.067059
sample 21 seed=L=1104897178,R=1176920259: RESULT: hold_snm_v = 1.090401
sample 22 seed=L=523399544,R=902656338: RESULT: hold_snm_v = 1.089961
sample 23 seed=L=210293271,R=653521260: RESULT: hold_snm_v = 1.094245
sample 24 seed=L=37293152,R=1059726601: RESULT: hold_snm_v = 1.067162
sample 25 seed=L=1353645105,R=689650175: RESULT: hold_snm_v = 1.116813
sample 26 seed=L=289342338,R=1702775399: RESULT: hold_snm_v = 1.092195
sample 27 seed=L=1033305292,R=1774678338: RESULT: hold_snm_v = 1.057309
sample 28 seed=L=1306191341,R=207201747: RESULT: hold_snm_v = 1.078666
sample 29 seed=L=753284755,R=800471423: RESULT: hold_snm_v = 1.072967
sample 30 seed=L=1096350243,R=1653472979: RESULT: hold_snm_v = 1.111523
sample 31 seed=L=1546234145,R=1462452985: RESULT: hold_snm_v = 1.060328
sample 32 seed=L=1615406843,R=406464340: RESULT: hold_snm_v = 1.092589
sample 33 seed=L=1313224643,R=1694833493: RESULT: hold_snm_v = 1.076767
sample 34 seed=L=679784719,R=1356157624: RESULT: hold_snm_v = 1.091252
sample 35 seed=L=874437927,R=1411873954: RESULT: hold_snm_v = 1.053851
sample 36 seed=L=1996037965,R=214284999: RESULT: hold_snm_v = 1.090496
sample 37 seed=L=1346644037,R=1513472330: RESULT: hold_snm_v = 1.085999
sample 38 seed=L=1248800719,R=1601404805: RESULT: hold_snm_v = 1.084526
sample 39 seed=L=540731052,R=1292506072: RESULT: hold_snm_v = 1.046923
sample 40 seed=L=63490329,R=158978060: RESULT: hold_snm_v = 1.064306
sample 41 seed=L=288402117,R=544640413: RESULT: hold_snm_v = 1.063328
sample 42 seed=L=534069936,R=686530986: RESULT: hold_snm_v = 1.064233
sample 43 seed=L=1231954538,R=1432677050: RESULT: hold_snm_v = 1.093081
sample 44 seed=L=1854064384,R=1965617766: RESULT: hold_snm_v = 1.080865
sample 45 seed=L=1673789563,R=590341979: RESULT: hold_snm_v = 1.084213
sample 46 seed=L=547097693,R=278040297: RESULT: hold_snm_v = 1.042405
sample 47 seed=L=158126470,R=889703501: RESULT: hold_snm_v = 1.082656
sample 48 seed=L=479842679,R=765048784: RESULT: hold_snm_v = 1.096646
sample 49 seed=L=1350441445,R=224361466: RESULT: hold_snm_v = 1.060275
sample 50 seed=L=872192520,R=54319589: RESULT: hold_snm_v = 1.067887
sample 51 seed=L=103700608,R=875914473: RESULT: hold_snm_v = 1.072807
sample 52 seed=L=98162253,R=180172252: RESULT: hold_snm_v = 1.106393
sample 53 seed=L=1046098080,R=1215954821: RESULT: hold_snm_v = 1.077829
sample 54 seed=L=1463179845,R=1654257158: RESULT: hold_snm_v = 1.073973
sample 55 seed=L=1215508131,R=1163577677: RESULT: hold_snm_v = 1.08772
sample 56 seed=L=154880679,R=1548622036: RESULT: hold_snm_v = 1.100084
sample 57 seed=L=515766114,R=870396820: RESULT: hold_snm_v = 1.088474
sample 58 seed=L=278527274,R=485810253: RESULT: hold_snm_v = 1.103286
sample 59 seed=L=1975390645,R=1083861880: RESULT: hold_snm_v = 1.095823
sample 60 seed=L=1638531433,R=1599829639: RESULT: hold_snm_v = 1.055786
sample 61 seed=L=19657388,R=1939104517: RESULT: hold_snm_v = 1.100721
sample 62 seed=L=1518239246,R=228614292: RESULT: hold_snm_v = 1.06188
sample 63 seed=L=1739035661,R=1680031676: RESULT: hold_snm_v = 1.115667
sample 64 seed=L=335918091,R=1863845885: RESULT: hold_snm_v = 1.096071
sample 65 seed=L=1427397019,R=572112872: RESULT: hold_snm_v = 1.068431
sample 66 seed=L=1111688770,R=11703197: RESULT: hold_snm_v = 1.078528
sample 67 seed=L=689253521,R=1805390970: RESULT: hold_snm_v = 1.078066
sample 68 seed=L=268446464,R=357307189: RESULT: hold_snm_v = 1.04722
sample 69 seed=L=126321610,R=912174093: RESULT: hold_snm_v = 1.082738
sample 70 seed=L=1681355599,R=666981214: RESULT: hold_snm_v = 1.10458
sample 71 seed=L=61065716,R=1228562684: RESULT: hold_snm_v = 1.081218
sample 72 seed=L=188107621,R=1004417975: RESULT: hold_snm_v = 1.094488
sample 73 seed=L=1585461950,R=618470708: RESULT: hold_snm_v = 1.093101
sample 74 seed=L=1542458907,R=219000757: RESULT: hold_snm_v = 1.104912
sample 75 seed=L=677334768,R=1549589432: RESULT: hold_snm_v = 1.061608
sample 76 seed=L=1793983237,R=311600343: RESULT: hold_snm_v = 1.092246
sample 77 seed=L=192550094,R=614963202: RESULT: hold_snm_v = 1.103885
sample 78 seed=L=814689280,R=152778781: RESULT: hold_snm_v = 1.059616
sample 79 seed=L=1822230754,R=214246793: RESULT: hold_snm_v = 1.053219
sample 80 seed=L=1864261088,R=1708500364: RESULT: hold_snm_v = 1.078887
sample 81 seed=L=732399087,R=707579591: RESULT: hold_snm_v = 1.087014
sample 82 seed=L=89187467,R=1569754708: RESULT: hold_snm_v = 1.099296
sample 83 seed=L=630585136,R=178235844: RESULT: hold_snm_v = 1.063095
sample 84 seed=L=329431791,R=650809412: RESULT: hold_snm_v = 1.096906
sample 85 seed=L=839327178,R=598716672: RESULT: hold_snm_v = 1.059493
sample 86 seed=L=423287477,R=210644645: RESULT: hold_snm_v = 1.089535
sample 87 seed=L=80242833,R=342819202: RESULT: hold_snm_v = 1.072278
sample 88 seed=L=1168095640,R=736904102: RESULT: hold_snm_v = 1.0841
sample 89 seed=L=640030551,R=7021209: RESULT: hold_snm_v = 1.098872
sample 90 seed=L=490025174,R=424749594: RESULT: hold_snm_v = 1.082772
sample 91 seed=L=1400821898,R=1456048398: RESULT: hold_snm_v = 1.073232
sample 92 seed=L=1185495579,R=1209897170: RESULT: hold_snm_v = 1.114075
sample 93 seed=L=264204779,R=856499901: RESULT: hold_snm_v = 1.052173
sample 94 seed=L=959941047,R=452596102: RESULT: hold_snm_v = 1.071017
sample 95 seed=L=131404367,R=11781062: RESULT: hold_snm_v = 1.079432
sample 96 seed=L=291982088,R=1884655831: RESULT: hold_snm_v = 1.096478
sample 97 seed=L=216888269,R=728231982: RESULT: hold_snm_v = 1.090111
sample 98 seed=L=257169248,R=1176024876: RESULT: hold_snm_v = 1.069343
sample 99 seed=L=699829928,R=1259657139: RESULT: hold_snm_v = 1.092986
sample 100 seed=L=1956882401,R=8401886: RESULT: hold_snm_v = 1.078055
sample 101 seed=L=1097497535,R=855435143: RESULT: hold_snm_v = 1.06082
sample 102 seed=L=587110634,R=1629402083: RESULT: hold_snm_v = 1.082075
sample 103 seed=L=1574282722,R=1093972966: RESULT: hold_snm_v = 1.087693
sample 104 seed=L=623770152,R=558796994: RESULT: hold_snm_v = 1.069509
sample 105 seed=L=1372116466,R=1544969930: RESULT: hold_snm_v = 1.088996
sample 106 seed=L=1410126911,R=1641821252: RESULT: hold_snm_v = 1.042557
sample 107 seed=L=368246997,R=1197540123: RESULT: hold_snm_v = 1.093986
sample 108 seed=L=1917991710,R=1568798266: RESULT: hold_snm_v = 1.084493
sample 109 seed=L=654535839,R=119296465: RESULT: hold_snm_v = 1.073289
sample 110 seed=L=1558798077,R=743251909: RESULT: hold_snm_v = 1.042209
sample 111 seed=L=11545672,R=1853099313: RESULT: hold_snm_v = 1.069562
sample 112 seed=L=653540508,R=433799669: RESULT: hold_snm_v = 1.077401
sample 113 seed=L=246380682,R=70911937: RESULT: hold_snm_v = 1.07279
sample 114 seed=L=1133552114,R=1608023508: RESULT: hold_snm_v = 1.081597
sample 115 seed=L=1277924284,R=1248224397: RESULT: hold_snm_v = 1.08121
sample 116 seed=L=1160233909,R=902930778: RESULT: hold_snm_v = 1.077429
sample 117 seed=L=393699565,R=101632115: RESULT: hold_snm_v = 1.050932
sample 118 seed=L=150743707,R=1583711390: RESULT: hold_snm_v = 1.075633
sample 119 seed=L=1319915644,R=736154325: RESULT: hold_snm_v = 1.108276
sample 120 seed=L=64153492,R=871112020: RESULT: hold_snm_v = 1.098175
sample 121 seed=L=1109956923,R=604036603: RESULT: hold_snm_v = 1.08366
sample 122 seed=L=508821238,R=548858957: RESULT: hold_snm_v = 1.064705
sample 123 seed=L=871733338,R=1559675032: RESULT: hold_snm_v = 1.115941
sample 124 seed=L=1853131281,R=1613693441: RESULT: hold_snm_v = 1.088442
sample 125 seed=L=54014247,R=252636260: RESULT: hold_snm_v = 1.049107
sample 126 seed=L=1524392415,R=114725886: RESULT: hold_snm_v = 1.043681
sample 127 seed=L=1530536800,R=1260628995: RESULT: hold_snm_v = 1.055649
sample 128 seed=L=1520041666,R=436478863: RESULT: hold_snm_v = 1.095718
sample 129 seed=L=1625977139,R=109003480: RESULT: hold_snm_v = 1.077455
sample 130 seed=L=380783143,R=235559369: RESULT: hold_snm_v = 1.085664
sample 131 seed=L=1230965111,R=1377049606: RESULT: hold_snm_v = 1.061202
sample 132 seed=L=35944848,R=1515234852: RESULT: hold_snm_v = 1.075958
sample 133 seed=L=232024380,R=634103791: RESULT: hold_snm_v = 1.071737
sample 134 seed=L=1763287013,R=350878448: RESULT: hold_snm_v = 1.068189
sample 135 seed=L=316759556,R=1433100275: RESULT: hold_snm_v = 1.089654
sample 136 seed=L=665224591,R=531775224: RESULT: hold_snm_v = 1.093015
sample 137 seed=L=126364782,R=1469195902: RESULT: hold_snm_v = 1.088903
sample 138 seed=L=1693670022,R=217748001: RESULT: hold_snm_v = 1.068358
sample 139 seed=L=1190449050,R=913344000: RESULT: hold_snm_v = 1.082144
sample 140 seed=L=369951742,R=1238175925: RESULT: hold_snm_v = 1.08714
sample 141 seed=L=1220482704,R=256244963: RESULT: hold_snm_v = 1.104099
sample 142 seed=L=1792027892,R=315928633: RESULT: hold_snm_v = 1.08688
sample 143 seed=L=752259165,R=1401377253: RESULT: hold_snm_v = 1.085206
sample 144 seed=L=425578346,R=1045398075: RESULT: hold_snm_v = 1.088967
sample 145 seed=L=1408868876,R=848218701: RESULT: hold_snm_v = 1.058821
sample 146 seed=L=991979190,R=1765738258: RESULT: hold_snm_v = 1.090697
sample 147 seed=L=270790381,R=22499550: RESULT: hold_snm_v = 1.099566
sample 148 seed=L=171296945,R=1287505916: RESULT: hold_snm_v = 1.076411
sample 149 seed=L=382354110,R=562519106: RESULT: hold_snm_v = 1.092782
sample 150 seed=L=266544815,R=1578331306: RESULT: hold_snm_v = 1.089159
sample 151 seed=L=885089099,R=259893961: RESULT: hold_snm_v = 1.088191
sample 152 seed=L=1493320177,R=925756534: RESULT: hold_snm_v = 1.081532
sample 153 seed=L=978838351,R=1775894386: RESULT: hold_snm_v = 1.048161
sample 154 seed=L=1096226353,R=950087218: RESULT: hold_snm_v = 1.071084
sample 155 seed=L=965874510,R=510018002: RESULT: hold_snm_v = 1.088093
sample 156 seed=L=1788421440,R=30120827: RESULT: hold_snm_v = 1.073799
sample 157 seed=L=1908470486,R=1005278599: RESULT: hold_snm_v = 1.06889
sample 158 seed=L=1646855849,R=1015670157: RESULT: hold_snm_v = 1.103323
sample 159 seed=L=1201791915,R=416928144: RESULT: hold_snm_v = 1.09029
sample 160 seed=L=1792389011,R=864053285: RESULT: hold_snm_v = 1.070017
sample 161 seed=L=1090439372,R=953675412: RESULT: hold_snm_v = 1.085556
sample 162 seed=L=1032469965,R=1257447245: RESULT: hold_snm_v = 1.098725
sample 163 seed=L=604907853,R=1853985738: RESULT: hold_snm_v = 1.098608
sample 164 seed=L=1292651580,R=1534298819: RESULT: hold_snm_v = 1.105629
sample 165 seed=L=230810952,R=379677963: RESULT: hold_snm_v = 1.091308
sample 166 seed=L=221674205,R=1194668147: RESULT: hold_snm_v = 1.090162
sample 167 seed=L=1042364913,R=1231867786: RESULT: hold_snm_v = 1.056324
sample 168 seed=L=810320858,R=5113439: RESULT: hold_snm_v = 1.086895
sample 169 seed=L=1520331820,R=551223417: RESULT: hold_snm_v = 1.067287
sample 170 seed=L=553361190,R=1894239330: RESULT: hold_snm_v = 1.102533
sample 171 seed=L=419065345,R=987634312: RESULT: hold_snm_v = 1.086272
sample 172 seed=L=63863308,R=1091342151: RESULT: hold_snm_v = 1.082006
sample 173 seed=L=8354353,R=1008639599: RESULT: hold_snm_v = 1.087267
sample 174 seed=L=857785800,R=1382973770: RESULT: hold_snm_v = 1.100931
sample 175 seed=L=1831836346,R=958508976: RESULT: hold_snm_v = 1.07859
sample 176 seed=L=1622557609,R=1392720911: RESULT: hold_snm_v = 1.08813
sample 177 seed=L=1325643734,R=1330212891: RESULT: hold_snm_v = 1.062413
sample 178 seed=L=643620389,R=1606685740: RESULT: hold_snm_v = 1.072517
sample 179 seed=L=585159876,R=1134471638: RESULT: hold_snm_v = 1.1125
sample 180 seed=L=1389943117,R=1867197478: RESULT: hold_snm_v = 1.09869
sample 181 seed=L=280898559,R=419496055: RESULT: hold_snm_v = 1.059399
sample 182 seed=L=716551489,R=429502458: RESULT: hold_snm_v = 1.115743
sample 183 seed=L=1172369725,R=1246671790: RESULT: hold_snm_v = 1.102856
sample 184 seed=L=1343077865,R=761088216: RESULT: hold_snm_v = 1.097427
sample 185 seed=L=1590018765,R=461507376: RESULT: hold_snm_v = 1.075133
sample 186 seed=L=366346037,R=430303238: RESULT: hold_snm_v = 1.085621
sample 187 seed=L=1006126580,R=86703728: RESULT: hold_snm_v = 1.093133
sample 188 seed=L=890412476,R=708062005: RESULT: hold_snm_v = 1.076395
sample 189 seed=L=758501266,R=90498463: RESULT: hold_snm_v = 1.098271
sample 190 seed=L=1858951794,R=1481647285: RESULT: hold_snm_v = 1.091393
sample 191 seed=L=1790833446,R=1208172021: RESULT: hold_snm_v = 1.081872
sample 192 seed=L=805173736,R=248964148: RESULT: hold_snm_v = 1.103301
sample 193 seed=L=503980592,R=1458688189: RESULT: hold_snm_v = 1.072904
sample 194 seed=L=597959412,R=1880549572: RESULT: hold_snm_v = 1.082226
sample 195 seed=L=523762051,R=579827526: RESULT: hold_snm_v = 1.037326
sample 196 seed=L=461606028,R=530220151: RESULT: hold_snm_v = 1.107687
sample 197 seed=L=467398861,R=1739070912: RESULT: hold_snm_v = 1.081825
sample 198 seed=L=253043388,R=850766358: RESULT: hold_snm_v = 1.076861
sample 199 seed=L=321808375,R=956578468: RESULT: hold_snm_v = 1.092396

=== corner ss_25c_2.97v -- determinism control (sw_stat_mismatch=0) ===
sample 0 seed=L=50978174,R=486804791: RESULT: hold_snm_v = 1.082383
sample 1 seed=L=1973047242,R=456028777: RESULT: hold_snm_v = 1.082383
sample 2 seed=L=1439197838,R=1259174627: RESULT: hold_snm_v = 1.082383
sample 3 seed=L=1630636533,R=1970639172: RESULT: hold_snm_v = 1.082383

=== corner ss_25c_2.97v -- negative control (known-bad variant: sw_stat_mismatch=12 (12x the PDK's per-instance Vt/current-factor mismatch sigma), VDD=0.50 V (below spec/sram.md's ratified 2.97 V minimum)) ===
sample 0 seed=L=1374848277,R=1560756356: RESULT: hold_snm_v = -0.014428
sample 1 seed=L=861644960,R=655490919: RESULT: hold_snm_v = 0.14995
sample 2 seed=L=1339685853,R=1262736371: RESULT: hold_snm_v = -0.014998
sample 3 seed=L=611352238,R=1322652822: RESULT: hold_snm_v = 0.049965
sample 4 seed=L=84735713,R=982544080: RESULT: hold_snm_v = -0.014999
sample 5 seed=L=653448815,R=159664528: RESULT: hold_snm_v = -0.010629
sample 6 seed=L=1196292323,R=506572139: RESULT: hold_snm_v = -0.014928
sample 7 seed=L=1367133156,R=1985891699: RESULT: hold_snm_v = -0.013105
sample 8 seed=L=109909462,R=198405628: RESULT: hold_snm_v = -0.014998
sample 9 seed=L=1811319864,R=28106479: RESULT: hold_snm_v = 0.136096
sample 10 seed=L=101468690,R=1635591542: RESULT: hold_snm_v = -0.015
sample 11 seed=L=331412027,R=1928629538: RESULT: hold_snm_v = -0.015
sample 12 seed=L=874535921,R=1559205383: RESULT: hold_snm_v = -0.006456
sample 13 seed=L=1286441144,R=754916572: RESULT: hold_snm_v = -0.015
sample 14 seed=L=239307336,R=1725741026: RESULT: hold_snm_v = 0.03157
sample 15 seed=L=401620678,R=1466786653: RESULT: hold_snm_v = -0.008994
sample 16 seed=L=1107527064,R=337684973: RESULT: hold_snm_v = -0.015
sample 17 seed=L=1023180253,R=1730839448: RESULT: hold_snm_v = -0.011711
sample 18 seed=L=335021628,R=1367157971: RESULT: hold_snm_v = 0.123036
sample 19 seed=L=585920873,R=800336044: RESULT: hold_snm_v = -0.014956
sample 20 seed=L=1780521897,R=1354658367: RESULT: hold_snm_v = -0.014959
sample 21 seed=L=399303868,R=641694958: RESULT: hold_snm_v = -0.011256
sample 22 seed=L=984472212,R=1195933624: RESULT: hold_snm_v = 0.042792
sample 23 seed=L=1573389829,R=511208097: RESULT: hold_snm_v = 0.033644
sample 24 seed=L=957753738,R=1286109011: RESULT: hold_snm_v = -0.014991
sample 25 seed=L=219961090,R=1234018260: RESULT: hold_snm_v = -0.013421
sample 26 seed=L=1461321681,R=1214389234: RESULT: hold_snm_v = -0.013177
sample 27 seed=L=769374370,R=1329052214: RESULT: hold_snm_v = 0.178786
sample 28 seed=L=1295797742,R=1501149397: RESULT: hold_snm_v = -0.010584
sample 29 seed=L=1922999671,R=27351382: RESULT: hold_snm_v = 0.040726
sample 30 seed=L=1006517876,R=1493410612: RESULT: hold_snm_v = 0.206217
sample 31 seed=L=1537648305,R=415412521: RESULT: hold_snm_v = 0.056412
sample 32 seed=L=1575721856,R=121696913: RESULT: hold_snm_v = 0.06521
sample 33 seed=L=1872565426,R=380866593: RESULT: hold_snm_v = -0.015
sample 34 seed=L=210809449,R=392264331: RESULT: hold_snm_v = -0.014991
sample 35 seed=L=271422020,R=185676814: RESULT: hold_snm_v = 0.133501
sample 36 seed=L=177463561,R=708465082: RESULT: hold_snm_v = 0.040108
sample 37 seed=L=1189497824,R=188829451: RESULT: hold_snm_v = 0.048978
sample 38 seed=L=1310361202,R=1394872022: RESULT: hold_snm_v = 0.196005
sample 39 seed=L=1507651762,R=94834007: RESULT: hold_snm_v = -0.010193
sample 40 seed=L=1658489057,R=1284459326: RESULT: hold_snm_v = -0.008224
sample 41 seed=L=98977562,R=437617337: RESULT: hold_snm_v = 0.018419
sample 42 seed=L=664047841,R=1608991069: RESULT: hold_snm_v = -0.011534
sample 43 seed=L=1633688846,R=295604276: RESULT: hold_snm_v = 0.011181
sample 44 seed=L=215076033,R=1543841842: RESULT: hold_snm_v = 0.209106
sample 45 seed=L=1855788887,R=1138678394: RESULT: hold_snm_v = -0.012332
sample 46 seed=L=582194800,R=380460140: RESULT: hold_snm_v = -0.011332
sample 47 seed=L=1079750095,R=1779474840: RESULT: hold_snm_v = -0.010785
sample 48 seed=L=613817925,R=1396163725: RESULT: hold_snm_v = -0.014987
sample 49 seed=L=1151211743,R=660002573: RESULT: hold_snm_v = 0.091958
sample 50 seed=L=49431059,R=634749951: RESULT: hold_snm_v = 0.089002
sample 51 seed=L=1894929543,R=1570640065: RESULT: hold_snm_v = -0.014994
sample 52 seed=L=1975475595,R=1299127119: RESULT: hold_snm_v = -0.014999
sample 53 seed=L=1694549367,R=408426737: RESULT: hold_snm_v = -0.012251
sample 54 seed=L=1777400096,R=1414344347: RESULT: hold_snm_v = -0.015
sample 55 seed=L=1576497072,R=353728142: RESULT: hold_snm_v = -0.014994
sample 56 seed=L=1082882944,R=833705062: RESULT: hold_snm_v = -0.014999
sample 57 seed=L=1184149055,R=267723096: RESULT: hold_snm_v = 0.020519
sample 58 seed=L=1863646617,R=1520801780: RESULT: hold_snm_v = -0.014878
sample 59 seed=L=1092140005,R=1409494340: RESULT: hold_snm_v = -0.010552
sample 60 seed=L=1032566691,R=1270402549: RESULT: hold_snm_v = -0.014661
sample 61 seed=L=1357472819,R=310792067: RESULT: hold_snm_v = -0.014879
sample 62 seed=L=1762268731,R=1444475473: RESULT: hold_snm_v = -0.014571
sample 63 seed=L=424645072,R=694078470: RESULT: hold_snm_v = -0.015
sample 64 seed=L=629269672,R=409208443: RESULT: hold_snm_v = 0.191583
sample 65 seed=L=775502357,R=1349120706: RESULT: hold_snm_v = -0.015
sample 66 seed=L=618607691,R=1383550750: RESULT: hold_snm_v = 0.043314
sample 67 seed=L=546214302,R=1495325298: RESULT: hold_snm_v = -0.014997
sample 68 seed=L=1504716072,R=812593868: RESULT: hold_snm_v = -0.015
sample 69 seed=L=508374385,R=597614934: RESULT: hold_snm_v = 0.048744
sample 70 seed=L=186251384,R=1095080388: RESULT: hold_snm_v = -0.014993
sample 71 seed=L=97402354,R=16817227: RESULT: hold_snm_v = -0.006216
sample 72 seed=L=1239979071,R=152303143: RESULT: hold_snm_v = 0.177243
sample 73 seed=L=1806839316,R=1128206113: RESULT: hold_snm_v = -0.000539
sample 74 seed=L=815083523,R=976484577: RESULT: hold_snm_v = -0.014986
sample 75 seed=L=404453078,R=1624426481: RESULT: hold_snm_v = -0.014942
sample 76 seed=L=1500345876,R=1049800846: RESULT: hold_snm_v = 0.073437
sample 77 seed=L=1163252240,R=1534907879: RESULT: hold_snm_v = -0.014843
sample 78 seed=L=1457916155,R=539556484: RESULT: hold_snm_v = 0.019766
sample 79 seed=L=705418609,R=763374124: RESULT: hold_snm_v = 0.036793
sample 80 seed=L=1900669700,R=1472126485: RESULT: hold_snm_v = -0.010001
sample 81 seed=L=718396799,R=290375066: RESULT: hold_snm_v = -0.014998
sample 82 seed=L=15348356,R=102737621: RESULT: hold_snm_v = -0.014829
sample 83 seed=L=1442716281,R=863702839: RESULT: hold_snm_v = -0.014983
sample 84 seed=L=189250471,R=1145783681: RESULT: hold_snm_v = 0.193256
sample 85 seed=L=1683533117,R=1590308185: RESULT: hold_snm_v = 0.096435
sample 86 seed=L=1401460117,R=784410596: RESULT: hold_snm_v = 0.05995
sample 87 seed=L=932923315,R=139245990: RESULT: hold_snm_v = 0.01967
sample 88 seed=L=283577589,R=1497282267: RESULT: hold_snm_v = -0.014999
sample 89 seed=L=95198737,R=849015871: RESULT: hold_snm_v = -0.015
sample 90 seed=L=1465952071,R=1479874271: RESULT: hold_snm_v = 0.009554
sample 91 seed=L=1690247193,R=881003265: RESULT: hold_snm_v = -0.011669
sample 92 seed=L=833459332,R=52143405: RESULT: hold_snm_v = -0.014543
sample 93 seed=L=791211988,R=1663453669: RESULT: hold_snm_v = -0.015
sample 94 seed=L=1274545680,R=306307469: RESULT: hold_snm_v = 0.04374
sample 95 seed=L=1979841444,R=470678382: RESULT: hold_snm_v = -0.00011
sample 96 seed=L=977210946,R=1735263929: RESULT: hold_snm_v = 0.061761
sample 97 seed=L=885900233,R=545169737: RESULT: hold_snm_v = -0.012105
sample 98 seed=L=698144498,R=488822843: RESULT: hold_snm_v = -0.010349
sample 99 seed=L=85381679,R=723796250: RESULT: hold_snm_v = -0.014983
