=== corner tt_-40c_3.63v -- mismatch samples (sw_stat_mismatch=1) ===
sample 0 seed=L=459526048,R=1118394036: RESULT: hold_snm_v = 1.182007
sample 1 seed=L=1217717142,R=67050673: RESULT: hold_snm_v = 1.195605
sample 2 seed=L=205797828,R=200193196: RESULT: hold_snm_v = 1.208134
sample 3 seed=L=705696996,R=1629632257: RESULT: hold_snm_v = 1.230425
sample 4 seed=L=494836349,R=1756563490: RESULT: hold_snm_v = 1.226846
sample 5 seed=L=1184088633,R=1193553338: RESULT: hold_snm_v = 1.221703
sample 6 seed=L=750118061,R=799859592: RESULT: hold_snm_v = 1.228816
sample 7 seed=L=1510978246,R=1370450583: RESULT: hold_snm_v = 1.219488
sample 8 seed=L=1612677979,R=800855833: RESULT: hold_snm_v = 1.217076
sample 9 seed=L=746738767,R=1820500964: RESULT: hold_snm_v = 1.234617
sample 10 seed=L=583538026,R=1473769007: RESULT: hold_snm_v = 1.227016
sample 11 seed=L=1161882399,R=158583785: RESULT: hold_snm_v = 1.213018
sample 12 seed=L=1968296622,R=1291572864: RESULT: hold_snm_v = 1.189493
sample 13 seed=L=1937803395,R=545127357: RESULT: hold_snm_v = 1.196382
sample 14 seed=L=1938241078,R=281132547: RESULT: hold_snm_v = 1.222278
sample 15 seed=L=356160745,R=47828043: RESULT: hold_snm_v = 1.205372
sample 16 seed=L=134702861,R=626824997: RESULT: hold_snm_v = 1.229648
sample 17 seed=L=11565478,R=1029435569: RESULT: hold_snm_v = 1.203975
sample 18 seed=L=464563921,R=815295288: RESULT: hold_snm_v = 1.204249
sample 19 seed=L=1473118832,R=1542525977: RESULT: hold_snm_v = 1.235217
sample 20 seed=L=1290728099,R=1177831662: RESULT: hold_snm_v = 1.221166
sample 21 seed=L=350041572,R=107408454: RESULT: hold_snm_v = 1.222751
sample 22 seed=L=235427842,R=287069481: RESULT: hold_snm_v = 1.194295
sample 23 seed=L=1100122317,R=1779363496: RESULT: hold_snm_v = 1.215759
sample 24 seed=L=452177041,R=1638913379: RESULT: hold_snm_v = 1.214004
sample 25 seed=L=1014912668,R=1864168075: RESULT: hold_snm_v = 1.191994
sample 26 seed=L=310656363,R=1832114238: RESULT: hold_snm_v = 1.237019
sample 27 seed=L=940579234,R=889140275: RESULT: hold_snm_v = 1.238472
sample 28 seed=L=961151192,R=585985304: RESULT: hold_snm_v = 1.1866
sample 29 seed=L=40736742,R=1745079711: RESULT: hold_snm_v = 1.225596
sample 30 seed=L=155852998,R=1462762999: RESULT: hold_snm_v = 1.214271
sample 31 seed=L=193278252,R=1392475902: RESULT: hold_snm_v = 1.202899
sample 32 seed=L=201034734,R=72091742: RESULT: hold_snm_v = 1.22374
sample 33 seed=L=1275996388,R=604105454: RESULT: hold_snm_v = 1.195036
sample 34 seed=L=1144675235,R=1764578641: RESULT: hold_snm_v = 1.218086
sample 35 seed=L=1445349984,R=114158230: RESULT: hold_snm_v = 1.247035
sample 36 seed=L=554739562,R=134412829: RESULT: hold_snm_v = 1.20813
sample 37 seed=L=950740328,R=1625333816: RESULT: hold_snm_v = 1.229267
sample 38 seed=L=1451321785,R=19466027: RESULT: hold_snm_v = 1.249236
sample 39 seed=L=1983204646,R=211867980: RESULT: hold_snm_v = 1.190523
sample 40 seed=L=681662117,R=939118586: RESULT: hold_snm_v = 1.188128
sample 41 seed=L=1491422379,R=196896762: RESULT: hold_snm_v = 1.199398
sample 42 seed=L=114024792,R=372140016: RESULT: hold_snm_v = 1.236034
sample 43 seed=L=120792106,R=1990240793: RESULT: hold_snm_v = 1.229739
sample 44 seed=L=1766100427,R=246014926: RESULT: hold_snm_v = 1.201446
sample 45 seed=L=655172350,R=507773338: RESULT: hold_snm_v = 1.206407
sample 46 seed=L=834985010,R=626821854: RESULT: hold_snm_v = 1.197615
sample 47 seed=L=1488143598,R=737727767: RESULT: hold_snm_v = 1.22621
sample 48 seed=L=1839121599,R=870840617: RESULT: hold_snm_v = 1.169698
sample 49 seed=L=251274423,R=788258266: RESULT: hold_snm_v = 1.216872
sample 50 seed=L=1531484380,R=1430253885: RESULT: hold_snm_v = 1.210453
sample 51 seed=L=873145906,R=1516382414: RESULT: hold_snm_v = 1.222677
sample 52 seed=L=1821056138,R=1752294849: RESULT: hold_snm_v = 1.195536
sample 53 seed=L=688400238,R=489026103: RESULT: hold_snm_v = 1.207379
sample 54 seed=L=1573429371,R=38989365: RESULT: hold_snm_v = 1.250218
sample 55 seed=L=375634160,R=1549957468: RESULT: hold_snm_v = 1.241286
sample 56 seed=L=1836316532,R=746742067: RESULT: hold_snm_v = 1.18552
sample 57 seed=L=1634117737,R=1997690337: RESULT: hold_snm_v = 1.189209
sample 58 seed=L=1277821757,R=1610954975: RESULT: hold_snm_v = 1.206591
sample 59 seed=L=9648615,R=317031081: RESULT: hold_snm_v = 1.212394
sample 60 seed=L=34952085,R=1747734715: RESULT: hold_snm_v = 1.198461
sample 61 seed=L=332643293,R=657559621: RESULT: hold_snm_v = 1.218191
sample 62 seed=L=427150451,R=241270548: RESULT: hold_snm_v = 1.243134
sample 63 seed=L=1615578715,R=661402988: RESULT: hold_snm_v = 1.206234
sample 64 seed=L=1674515653,R=1179512964: RESULT: hold_snm_v = 1.223185
sample 65 seed=L=693084517,R=1160883917: RESULT: hold_snm_v = 1.241772
sample 66 seed=L=100839010,R=727975665: RESULT: hold_snm_v = 1.190905
sample 67 seed=L=1270834959,R=1788465457: RESULT: hold_snm_v = 1.219767
sample 68 seed=L=1155323191,R=677520393: RESULT: hold_snm_v = 1.208211
sample 69 seed=L=459074335,R=1352404254: RESULT: hold_snm_v = 1.207686
sample 70 seed=L=343767106,R=583498422: RESULT: hold_snm_v = 1.227708
sample 71 seed=L=895472009,R=458695491: RESULT: hold_snm_v = 1.212019
sample 72 seed=L=1879002673,R=1304088698: RESULT: hold_snm_v = 1.196612
sample 73 seed=L=636351819,R=1547169658: RESULT: hold_snm_v = 1.227707
sample 74 seed=L=1555640552,R=1422093370: RESULT: hold_snm_v = 1.215481
sample 75 seed=L=1962719686,R=146015532: RESULT: hold_snm_v = 1.187191
sample 76 seed=L=1567847245,R=1560836610: RESULT: hold_snm_v = 1.201333
sample 77 seed=L=63540409,R=470516793: RESULT: hold_snm_v = 1.21476
sample 78 seed=L=628905440,R=299084756: RESULT: hold_snm_v = 1.194955
sample 79 seed=L=244621451,R=451435631: RESULT: hold_snm_v = 1.188139
sample 80 seed=L=787185257,R=735497566: RESULT: hold_snm_v = 1.245833
sample 81 seed=L=1231620653,R=767303591: RESULT: hold_snm_v = 1.186482
sample 82 seed=L=55629910,R=1151317220: RESULT: hold_snm_v = 1.250788
sample 83 seed=L=246698312,R=147215216: RESULT: hold_snm_v = 1.198289
sample 84 seed=L=62328812,R=1149303801: RESULT: hold_snm_v = 1.198009
sample 85 seed=L=159081568,R=1833130220: RESULT: hold_snm_v = 1.192217
sample 86 seed=L=683288882,R=182684620: RESULT: hold_snm_v = 1.206517
sample 87 seed=L=1060427650,R=1120315782: RESULT: hold_snm_v = 1.206965
sample 88 seed=L=1190802622,R=1446895562: RESULT: hold_snm_v = 1.210382
sample 89 seed=L=780934733,R=73056223: RESULT: hold_snm_v = 1.227672
sample 90 seed=L=1229903912,R=1912306752: RESULT: hold_snm_v = 1.174398
sample 91 seed=L=369154748,R=1239005116: RESULT: hold_snm_v = 1.2083
sample 92 seed=L=664079137,R=666233988: RESULT: hold_snm_v = 1.216894
sample 93 seed=L=1318007344,R=49516051: RESULT: hold_snm_v = 1.198555
sample 94 seed=L=1198808373,R=196897423: RESULT: hold_snm_v = 1.220397
sample 95 seed=L=1504422701,R=680873776: RESULT: hold_snm_v = 1.22584
sample 96 seed=L=1094145597,R=1282396492: RESULT: hold_snm_v = 1.186933
sample 97 seed=L=1784205634,R=63537881: RESULT: hold_snm_v = 1.227297
sample 98 seed=L=1065722655,R=236880603: RESULT: hold_snm_v = 1.211444
sample 99 seed=L=1310796587,R=612626085: RESULT: hold_snm_v = 1.201854
sample 100 seed=L=1613730634,R=121111183: RESULT: hold_snm_v = 1.204286
sample 101 seed=L=234622578,R=1040853432: RESULT: hold_snm_v = 1.268734
sample 102 seed=L=263300100,R=48901765: RESULT: hold_snm_v = 1.199557
sample 103 seed=L=180233838,R=749318373: RESULT: hold_snm_v = 1.192667
sample 104 seed=L=183363301,R=1772958704: RESULT: hold_snm_v = 1.198945
sample 105 seed=L=304122705,R=701666954: RESULT: hold_snm_v = 1.242589
sample 106 seed=L=348888688,R=1707251107: RESULT: hold_snm_v = 1.215578
sample 107 seed=L=121070175,R=687999963: RESULT: hold_snm_v = 1.216146
sample 108 seed=L=120579855,R=546815740: RESULT: hold_snm_v = 1.216261
sample 109 seed=L=490722556,R=1335568719: RESULT: hold_snm_v = 1.186218
sample 110 seed=L=274992003,R=669947985: RESULT: hold_snm_v = 1.184609
sample 111 seed=L=1660260732,R=1361227738: RESULT: hold_snm_v = 1.192832
sample 112 seed=L=163255213,R=1187627462: RESULT: hold_snm_v = 1.222226
sample 113 seed=L=823792634,R=665874479: RESULT: hold_snm_v = 1.207328
sample 114 seed=L=971210505,R=997296226: RESULT: hold_snm_v = 1.203975
sample 115 seed=L=742710616,R=704588902: RESULT: hold_snm_v = 1.199115
sample 116 seed=L=1608853130,R=1717607756: RESULT: hold_snm_v = 1.225304
sample 117 seed=L=1480228109,R=999732452: RESULT: hold_snm_v = 1.227165
sample 118 seed=L=1134371203,R=1185674676: RESULT: hold_snm_v = 1.192701
sample 119 seed=L=848652562,R=559030008: RESULT: hold_snm_v = 1.230457
sample 120 seed=L=245297506,R=998560987: RESULT: hold_snm_v = 1.20268
sample 121 seed=L=250019841,R=160088287: RESULT: hold_snm_v = 1.209988
sample 122 seed=L=196751157,R=92506412: RESULT: hold_snm_v = 1.197648
sample 123 seed=L=1259981009,R=1795692121: RESULT: hold_snm_v = 1.203326
sample 124 seed=L=1555441825,R=1308266206: RESULT: hold_snm_v = 1.205945
sample 125 seed=L=234183209,R=1759576817: RESULT: hold_snm_v = 1.206963
sample 126 seed=L=778368317,R=1891928773: RESULT: hold_snm_v = 1.190449
sample 127 seed=L=1420140141,R=212956784: RESULT: hold_snm_v = 1.213743
sample 128 seed=L=859758554,R=397633972: RESULT: hold_snm_v = 1.206362
sample 129 seed=L=1266864759,R=471704064: RESULT: hold_snm_v = 1.234949
sample 130 seed=L=1930055655,R=722831131: RESULT: hold_snm_v = 1.214298
sample 131 seed=L=979717042,R=951056505: RESULT: hold_snm_v = 1.217035
sample 132 seed=L=1470590205,R=619741130: RESULT: hold_snm_v = 1.205219
sample 133 seed=L=1198583945,R=475867592: RESULT: hold_snm_v = 1.206568
sample 134 seed=L=1902847707,R=1972052091: RESULT: hold_snm_v = 1.221921
sample 135 seed=L=501760558,R=653099902: RESULT: hold_snm_v = 1.211063
sample 136 seed=L=1957485800,R=1681441412: RESULT: hold_snm_v = 1.206611
sample 137 seed=L=322391182,R=828310017: RESULT: hold_snm_v = 1.205373
sample 138 seed=L=1110552062,R=1115188821: RESULT: hold_snm_v = 1.222261
sample 139 seed=L=822573999,R=938452262: RESULT: hold_snm_v = 1.201933
sample 140 seed=L=162557352,R=465289465: RESULT: hold_snm_v = 1.254879
sample 141 seed=L=462440849,R=820111572: RESULT: hold_snm_v = 1.210268
sample 142 seed=L=1963708190,R=675889521: RESULT: hold_snm_v = 1.192945
sample 143 seed=L=982133847,R=1560109398: RESULT: hold_snm_v = 1.209617
sample 144 seed=L=1043614514,R=646345873: RESULT: hold_snm_v = 1.21359
sample 145 seed=L=808158268,R=607382161: RESULT: hold_snm_v = 1.198883
sample 146 seed=L=1726754092,R=1818779106: RESULT: hold_snm_v = 1.201964
sample 147 seed=L=1562394348,R=286178823: RESULT: hold_snm_v = 1.223679
sample 148 seed=L=899137849,R=343995461: RESULT: hold_snm_v = 1.202941
sample 149 seed=L=1515438252,R=757043327: RESULT: hold_snm_v = 1.230054
sample 150 seed=L=1689806164,R=1558781111: RESULT: hold_snm_v = 1.236049
sample 151 seed=L=1434113830,R=937848181: RESULT: hold_snm_v = 1.217987
sample 152 seed=L=1057435823,R=1736733407: RESULT: hold_snm_v = 1.212551
sample 153 seed=L=581346781,R=264875570: RESULT: hold_snm_v = 1.200485
sample 154 seed=L=139294364,R=83054089: RESULT: hold_snm_v = 1.245921
sample 155 seed=L=1309372261,R=1073487692: RESULT: hold_snm_v = 1.197494
sample 156 seed=L=1582944278,R=216883200: RESULT: hold_snm_v = 1.223014
sample 157 seed=L=1297198235,R=552601291: RESULT: hold_snm_v = 1.215952
sample 158 seed=L=358517000,R=1483939962: RESULT: hold_snm_v = 1.228056
sample 159 seed=L=643779268,R=1647641541: RESULT: hold_snm_v = 1.22051
sample 160 seed=L=1636362688,R=437304586: RESULT: hold_snm_v = 1.203405
sample 161 seed=L=1525369596,R=1258136624: RESULT: hold_snm_v = 1.219892
sample 162 seed=L=72862386,R=1368729267: RESULT: hold_snm_v = 1.196538
sample 163 seed=L=984576069,R=669821214: RESULT: hold_snm_v = 1.242609
sample 164 seed=L=245376317,R=1931712814: RESULT: hold_snm_v = 1.232164
sample 165 seed=L=1929195753,R=320156933: RESULT: hold_snm_v = 1.217377
sample 166 seed=L=1964873493,R=1325775698: RESULT: hold_snm_v = 1.215385
sample 167 seed=L=371391911,R=1586103076: RESULT: hold_snm_v = 1.187947
sample 168 seed=L=599255403,R=635661772: RESULT: hold_snm_v = 1.198307
sample 169 seed=L=1200968429,R=1977085375: RESULT: hold_snm_v = 1.251057
sample 170 seed=L=1549073305,R=1064808352: RESULT: hold_snm_v = 1.220251
sample 171 seed=L=173752125,R=387897293: RESULT: hold_snm_v = 1.2057
sample 172 seed=L=441342772,R=1974972680: RESULT: hold_snm_v = 1.206711
sample 173 seed=L=37328920,R=1308422145: RESULT: hold_snm_v = 1.203895
sample 174 seed=L=434289111,R=521899638: RESULT: hold_snm_v = 1.190437
sample 175 seed=L=109786819,R=156665697: RESULT: hold_snm_v = 1.219198
sample 176 seed=L=1699702447,R=960760149: RESULT: hold_snm_v = 1.198764
sample 177 seed=L=1320760637,R=946434195: RESULT: hold_snm_v = 1.218297
sample 178 seed=L=103278071,R=1571417767: RESULT: hold_snm_v = 1.212047
sample 179 seed=L=306142063,R=1520061213: RESULT: hold_snm_v = 1.249829
sample 180 seed=L=135659606,R=128049136: RESULT: hold_snm_v = 1.196131
sample 181 seed=L=1857202784,R=1320184487: RESULT: hold_snm_v = 1.200728
sample 182 seed=L=339089204,R=1712944089: RESULT: hold_snm_v = 1.206511
sample 183 seed=L=53885359,R=1599341548: RESULT: hold_snm_v = 1.211783
sample 184 seed=L=1957963211,R=1886160418: RESULT: hold_snm_v = 1.206701
sample 185 seed=L=1265682579,R=1810419682: RESULT: hold_snm_v = 1.207931
sample 186 seed=L=401473075,R=333139374: RESULT: hold_snm_v = 1.220996
sample 187 seed=L=73635560,R=415076677: RESULT: hold_snm_v = 1.202245
sample 188 seed=L=1700184824,R=892778363: RESULT: hold_snm_v = 1.221923
sample 189 seed=L=1021564440,R=629831642: RESULT: hold_snm_v = 1.213265
sample 190 seed=L=1620407824,R=1580142963: RESULT: hold_snm_v = 1.212989
sample 191 seed=L=931259176,R=1692804160: RESULT: hold_snm_v = 1.229412
sample 192 seed=L=53798385,R=1621547739: RESULT: hold_snm_v = 1.21188
sample 193 seed=L=1430805391,R=966844360: RESULT: hold_snm_v = 1.21311
sample 194 seed=L=1618088254,R=229349321: RESULT: hold_snm_v = 1.236632
sample 195 seed=L=6115743,R=80100000: RESULT: hold_snm_v = 1.231574
sample 196 seed=L=1800685788,R=818221308: RESULT: hold_snm_v = 1.204715
sample 197 seed=L=543778596,R=1709299888: RESULT: hold_snm_v = 1.207032
sample 198 seed=L=171166495,R=714025176: RESULT: hold_snm_v = 1.225427
sample 199 seed=L=500551669,R=1805645367: RESULT: hold_snm_v = 1.253221

=== corner tt_-40c_3.63v -- determinism control (sw_stat_mismatch=0) ===
sample 0 seed=L=571806101,R=44109001: RESULT: hold_snm_v = 1.213569
sample 1 seed=L=1636744832,R=1630915345: RESULT: hold_snm_v = 1.213569
sample 2 seed=L=275900996,R=1479678396: RESULT: hold_snm_v = 1.213569
sample 3 seed=L=1516778351,R=1408761415: RESULT: hold_snm_v = 1.213569

=== corner tt_-40c_3.63v -- negative control (known-bad variant: sw_stat_mismatch=12 (12x the PDK's per-instance Vt/current-factor mismatch sigma), VDD=0.50 V (below spec/sram.md's ratified 2.97 V minimum)) ===
sample 0 seed=L=485128542,R=375040862: RESULT: hold_snm_v = -0.014998
sample 1 seed=L=1765502986,R=1153680447: RESULT: hold_snm_v = 0.031923
sample 2 seed=L=632915011,R=228680642: RESULT: hold_snm_v = 0.087114
sample 3 seed=L=629076148,R=912554016: RESULT: hold_snm_v = -0.012474
sample 4 seed=L=191189953,R=617131151: RESULT: hold_snm_v = 0.041804
sample 5 seed=L=1602330292,R=523338871: RESULT: hold_snm_v = -0.011675
sample 6 seed=L=562690483,R=869806015: RESULT: hold_snm_v = -0.008592
sample 7 seed=L=1028502281,R=1047689902: RESULT: hold_snm_v = 0.059939
sample 8 seed=L=285609389,R=1801647167: RESULT: hold_snm_v = -0.005863
sample 9 seed=L=827324428,R=584952325: RESULT: hold_snm_v = -0.015
sample 10 seed=L=15008496,R=276328345: RESULT: hold_snm_v = -0.014932
sample 11 seed=L=1148460834,R=410293917: RESULT: hold_snm_v = -0.015
sample 12 seed=L=419475448,R=1588117073: RESULT: hold_snm_v = -0.01
sample 13 seed=L=1598953523,R=1063237939: RESULT: hold_snm_v = 0.03519
sample 14 seed=L=1538264741,R=1678618914: RESULT: hold_snm_v = -0.015
sample 15 seed=L=758165711,R=107973847: RESULT: hold_snm_v = -0.015
sample 16 seed=L=1509781707,R=117791464: RESULT: hold_snm_v = 0.091682
sample 17 seed=L=1311917907,R=883023313: RESULT: hold_snm_v = 0.119384
sample 18 seed=L=1756612121,R=1774329050: RESULT: hold_snm_v = -0.015
sample 19 seed=L=994668532,R=858904821: RESULT: hold_snm_v = 0.053849
sample 20 seed=L=380981684,R=504088325: RESULT: hold_snm_v = 0.122958
sample 21 seed=L=1153207307,R=1047810389: RESULT: hold_snm_v = -0.015
sample 22 seed=L=176917485,R=379502387: RESULT: hold_snm_v = -0.011943
sample 23 seed=L=1748478907,R=952851207: RESULT: hold_snm_v = 0.071545
sample 24 seed=L=1601149698,R=572338762: RESULT: hold_snm_v = -0.012517
sample 25 seed=L=964531322,R=1565117302: RESULT: hold_snm_v = -0.015
sample 26 seed=L=545713796,R=650142350: RESULT: hold_snm_v = -0.014164
sample 27 seed=L=1369185535,R=1479887239: RESULT: hold_snm_v = -0.00428
sample 28 seed=L=1106130362,R=214847875: RESULT: hold_snm_v = 0.125712
sample 29 seed=L=116161305,R=488683918: RESULT: hold_snm_v = -0.011841
sample 30 seed=L=795034451,R=669109101: RESULT: hold_snm_v = -0.014997
sample 31 seed=L=1509524738,R=1475763679: RESULT: hold_snm_v = -0.011674
sample 32 seed=L=1876019670,R=1638343954: RESULT: hold_snm_v = -0.011684
sample 33 seed=L=1334564013,R=548972981: RESULT: hold_snm_v = -0.01198
sample 34 seed=L=815393336,R=1108324441: RESULT: hold_snm_v = 0.091542
sample 35 seed=L=836902715,R=1579646991: RESULT: hold_snm_v = 0.07316
sample 36 seed=L=598821432,R=968458096: RESULT: hold_snm_v = -0.014916
sample 37 seed=L=447862453,R=1273256914: RESULT: hold_snm_v = 0.073871
sample 38 seed=L=187508994,R=509831809: RESULT: hold_snm_v = -0.000129
sample 39 seed=L=887143280,R=1864007865: RESULT: hold_snm_v = -0.014999
sample 40 seed=L=1180565610,R=1934024799: RESULT: hold_snm_v = -0.012327
sample 41 seed=L=1751007421,R=668433554: RESULT: hold_snm_v = -0.012183
sample 42 seed=L=621034112,R=1777716403: RESULT: hold_snm_v = -0.01207
sample 43 seed=L=380472578,R=606577179: RESULT: hold_snm_v = 0.20159
sample 44 seed=L=1894747811,R=1377701462: RESULT: hold_snm_v = -0.01167
sample 45 seed=L=1912015920,R=1335435081: RESULT: hold_snm_v = -0.014991
sample 46 seed=L=699503425,R=357436960: RESULT: hold_snm_v = -0.014978
sample 47 seed=L=1074732750,R=283868675: RESULT: hold_snm_v = -0.014999
sample 48 seed=L=125713716,R=75600573: RESULT: hold_snm_v = -0.015
sample 49 seed=L=585786087,R=133487577: RESULT: hold_snm_v = -0.015
sample 50 seed=L=1345256013,R=1909241006: RESULT: hold_snm_v = -0.015
sample 51 seed=L=27467090,R=882763515: RESULT: hold_snm_v = -0.011536
sample 52 seed=L=227663238,R=1574955811: RESULT: hold_snm_v = -0.010663
sample 53 seed=L=879968225,R=28780603: RESULT: hold_snm_v = -0.012398
sample 54 seed=L=88377330,R=1435545201: OPEN -- L: expected data file hold_snm_sweep.txt not produced (ngspice exit 1)
sample 55 seed=L=69049490,R=180866561: RESULT: hold_snm_v = -0.0116
sample 56 seed=L=10563722,R=1467448831: RESULT: hold_snm_v = -0.015
sample 57 seed=L=366259489,R=838397017: RESULT: hold_snm_v = -0.0117
sample 58 seed=L=1563745956,R=1271204842: RESULT: hold_snm_v = 0.051654
sample 59 seed=L=220915455,R=1173061132: RESULT: hold_snm_v = -0.015
sample 60 seed=L=1300630823,R=788253660: RESULT: hold_snm_v = -0.012215
sample 61 seed=L=1135837137,R=986082260: RESULT: hold_snm_v = -0.014991
sample 62 seed=L=317347820,R=1901670996: RESULT: hold_snm_v = -0.014999
sample 63 seed=L=258614176,R=1488901024: RESULT: hold_snm_v = -0.012714
sample 64 seed=L=855165955,R=293845059: RESULT: hold_snm_v = -0.014927
sample 65 seed=L=1391407389,R=1709170702: RESULT: hold_snm_v = -0.010472
sample 66 seed=L=1416592871,R=1917414829: RESULT: hold_snm_v = 0.067736
sample 67 seed=L=233992304,R=272768185: RESULT: hold_snm_v = 0.094789
sample 68 seed=L=506453907,R=1976403897: RESULT: hold_snm_v = 0.055202
sample 69 seed=L=1303398344,R=138535294: RESULT: hold_snm_v = -0.014998
sample 70 seed=L=1155951140,R=695275760: RESULT: hold_snm_v = 0.040573
sample 71 seed=L=1846358174,R=135737617: RESULT: hold_snm_v = 0.038539
sample 72 seed=L=30722891,R=1989813625: RESULT: hold_snm_v = 0.069851
sample 73 seed=L=527211370,R=1773604649: RESULT: hold_snm_v = 0.087327
sample 74 seed=L=670535218,R=1610719705: RESULT: hold_snm_v = -0.014549
sample 75 seed=L=1795502484,R=1415814512: RESULT: hold_snm_v = -0.011574
sample 76 seed=L=1822756316,R=413137172: RESULT: hold_snm_v = 0.117126
sample 77 seed=L=1213245744,R=677534816: RESULT: hold_snm_v = 0.102195
sample 78 seed=L=175922611,R=1730637450: RESULT: hold_snm_v = -0.014999
sample 79 seed=L=625754076,R=1273411579: RESULT: hold_snm_v = -0.015
sample 80 seed=L=14257642,R=792662719: RESULT: hold_snm_v = -0.011443
sample 81 seed=L=836676060,R=1813472229: RESULT: hold_snm_v = 0.087797
sample 82 seed=L=1692433867,R=118052889: RESULT: hold_snm_v = -0.014993
sample 83 seed=L=1207322541,R=1097470579: RESULT: hold_snm_v = 0.224132
sample 84 seed=L=1030514487,R=1164109559: RESULT: hold_snm_v = -0.010002
sample 85 seed=L=907582265,R=145784024: RESULT: hold_snm_v = -0.014999
sample 86 seed=L=1609081736,R=1384036724: RESULT: hold_snm_v = -0.015
sample 87 seed=L=824592082,R=1641967507: RESULT: hold_snm_v = -0.011668
sample 88 seed=L=1319724683,R=1799063756: RESULT: hold_snm_v = 0.208864
sample 89 seed=L=1014391954,R=1318536707: RESULT: hold_snm_v = 0.163561
sample 90 seed=L=14992858,R=1495788033: RESULT: hold_snm_v = -0.015
sample 91 seed=L=813984154,R=127889458: RESULT: hold_snm_v = 0.099709
sample 92 seed=L=1464592725,R=434201109: RESULT: hold_snm_v = -0.010532
sample 93 seed=L=1804085148,R=1315539531: RESULT: hold_snm_v = -0.015
sample 94 seed=L=154043653,R=891095998: RESULT: hold_snm_v = -0.014999
sample 95 seed=L=1013894677,R=922263233: RESULT: hold_snm_v = 0.107958
sample 96 seed=L=893642298,R=1844235653: RESULT: hold_snm_v = 0.013708
sample 97 seed=L=1288553468,R=515834915: RESULT: hold_snm_v = -0.015
sample 98 seed=L=459031933,R=754682306: RESULT: hold_snm_v = -0.011673
sample 99 seed=L=626846729,R=1502337663: RESULT: hold_snm_v = -0.010484
