=== corner tt_25c_3.30v -- mismatch samples (sw_stat_mismatch=1) ===
sample 0 seed=L=1999001477,R=1742374616: RESULT: hold_snm_v = 1.069548
sample 1 seed=L=492608256,R=1075919187: RESULT: hold_snm_v = 1.092906
sample 2 seed=L=1867497829,R=1845146306: RESULT: hold_snm_v = 1.127969
sample 3 seed=L=260652866,R=282188487: RESULT: hold_snm_v = 1.1208
sample 4 seed=L=1008936216,R=1439492357: RESULT: hold_snm_v = 1.144005
sample 5 seed=L=488036324,R=1748451413: RESULT: hold_snm_v = 1.086948
sample 6 seed=L=281927282,R=1752778283: RESULT: hold_snm_v = 1.106728
sample 7 seed=L=468556124,R=335601336: RESULT: hold_snm_v = 1.111369
sample 8 seed=L=145130755,R=1008105675: RESULT: hold_snm_v = 1.112349
sample 9 seed=L=32663419,R=1902532242: RESULT: hold_snm_v = 1.118835
sample 10 seed=L=1898995466,R=212334675: RESULT: hold_snm_v = 1.113389
sample 11 seed=L=443715143,R=765081066: RESULT: hold_snm_v = 1.133348
sample 12 seed=L=351569369,R=1695311564: RESULT: hold_snm_v = 1.107889
sample 13 seed=L=1239973132,R=1139887880: RESULT: hold_snm_v = 1.092965
sample 14 seed=L=1562246892,R=971076770: RESULT: hold_snm_v = 1.11922
sample 15 seed=L=565515003,R=963060736: RESULT: hold_snm_v = 1.132093
sample 16 seed=L=64082927,R=413239489: RESULT: hold_snm_v = 1.129772
sample 17 seed=L=286879630,R=1251720401: RESULT: hold_snm_v = 1.068533
sample 18 seed=L=1954400981,R=489244574: RESULT: hold_snm_v = 1.085677
sample 19 seed=L=1053296432,R=1716076399: RESULT: hold_snm_v = 1.106419
sample 20 seed=L=1979581650,R=1992494905: RESULT: hold_snm_v = 1.09526
sample 21 seed=L=1461834630,R=522530618: RESULT: hold_snm_v = 1.098294
sample 22 seed=L=659478900,R=556481591: RESULT: hold_snm_v = 1.105589
sample 23 seed=L=252639673,R=859271008: RESULT: hold_snm_v = 1.142815
sample 24 seed=L=737099261,R=267954012: RESULT: hold_snm_v = 1.075383
sample 25 seed=L=150146579,R=635294813: RESULT: hold_snm_v = 1.09422
sample 26 seed=L=1210233698,R=1886041754: RESULT: hold_snm_v = 1.102821
sample 27 seed=L=1540413016,R=1151972453: RESULT: hold_snm_v = 1.10882
sample 28 seed=L=651053435,R=63106309: RESULT: hold_snm_v = 1.134146
sample 29 seed=L=855213501,R=519892278: RESULT: hold_snm_v = 1.102027
sample 30 seed=L=1100094050,R=1617314875: RESULT: hold_snm_v = 1.114513
sample 31 seed=L=1316421148,R=1431625034: RESULT: hold_snm_v = 1.084492
sample 32 seed=L=1265351300,R=1879625526: RESULT: hold_snm_v = 1.135038
sample 33 seed=L=683174876,R=225220986: RESULT: hold_snm_v = 1.152434
sample 34 seed=L=160927361,R=926962904: RESULT: hold_snm_v = 1.115955
sample 35 seed=L=894656586,R=928514569: RESULT: hold_snm_v = 1.099753
sample 36 seed=L=26178744,R=71790821: RESULT: hold_snm_v = 1.105665
sample 37 seed=L=1230379201,R=110812572: RESULT: hold_snm_v = 1.105585
sample 38 seed=L=1067134189,R=81914622: RESULT: hold_snm_v = 1.118118
sample 39 seed=L=747736294,R=156044858: RESULT: hold_snm_v = 1.106795
sample 40 seed=L=497948624,R=1246469127: RESULT: hold_snm_v = 1.118498
sample 41 seed=L=1287354714,R=722607292: RESULT: hold_snm_v = 1.086743
sample 42 seed=L=447772353,R=800182515: RESULT: hold_snm_v = 1.123395
sample 43 seed=L=1886236879,R=1724891755: RESULT: hold_snm_v = 1.127116
sample 44 seed=L=154982450,R=874758696: RESULT: hold_snm_v = 1.132143
sample 45 seed=L=834599735,R=563334439: RESULT: hold_snm_v = 1.138541
sample 46 seed=L=1859062298,R=1685459146: RESULT: hold_snm_v = 1.098018
sample 47 seed=L=1061701,R=1811975259: RESULT: hold_snm_v = 1.134027
sample 48 seed=L=1410488161,R=996371017: RESULT: hold_snm_v = 1.123475
sample 49 seed=L=312725326,R=808374786: RESULT: hold_snm_v = 1.103663
sample 50 seed=L=749881334,R=1041895296: RESULT: hold_snm_v = 1.097753
sample 51 seed=L=86634824,R=1634159630: RESULT: hold_snm_v = 1.097691
sample 52 seed=L=1119204924,R=215206989: RESULT: hold_snm_v = 1.10316
sample 53 seed=L=293901096,R=269616253: RESULT: hold_snm_v = 1.081958
sample 54 seed=L=437894506,R=372669898: RESULT: hold_snm_v = 1.118864
sample 55 seed=L=573566095,R=1695082656: RESULT: hold_snm_v = 1.111874
sample 56 seed=L=410407822,R=634950393: RESULT: hold_snm_v = 1.102797
sample 57 seed=L=1330097689,R=521746403: RESULT: hold_snm_v = 1.07611
sample 58 seed=L=1156386003,R=1708510875: RESULT: hold_snm_v = 1.125178
sample 59 seed=L=1835881335,R=597689992: RESULT: hold_snm_v = 1.116798
sample 60 seed=L=869493407,R=1761660764: RESULT: hold_snm_v = 1.124127
sample 61 seed=L=128489659,R=705598335: RESULT: hold_snm_v = 1.106453
sample 62 seed=L=93081690,R=285328264: RESULT: hold_snm_v = 1.132007
sample 63 seed=L=487639489,R=1981886545: RESULT: hold_snm_v = 1.129498
sample 64 seed=L=1682518974,R=288735514: RESULT: hold_snm_v = 1.109684
sample 65 seed=L=1730231061,R=1385604560: RESULT: hold_snm_v = 1.11423
sample 66 seed=L=1768400342,R=1470632464: RESULT: hold_snm_v = 1.095546
sample 67 seed=L=1095084472,R=526399040: RESULT: hold_snm_v = 1.148935
sample 68 seed=L=1128097341,R=331820145: RESULT: hold_snm_v = 1.135192
sample 69 seed=L=1565623438,R=1558535604: RESULT: hold_snm_v = 1.06624
sample 70 seed=L=1217138905,R=1550419177: RESULT: hold_snm_v = 1.093164
sample 71 seed=L=303572715,R=978315181: RESULT: hold_snm_v = 1.158768
sample 72 seed=L=1921878702,R=1889486127: RESULT: hold_snm_v = 1.087155
sample 73 seed=L=1325142374,R=209219405: RESULT: hold_snm_v = 1.112785
sample 74 seed=L=1347749424,R=1495057664: RESULT: hold_snm_v = 1.100577
sample 75 seed=L=1135658225,R=1776720925: RESULT: hold_snm_v = 1.104301
sample 76 seed=L=257551821,R=1671400427: RESULT: hold_snm_v = 1.12523
sample 77 seed=L=1839966010,R=838413940: RESULT: hold_snm_v = 1.111691
sample 78 seed=L=456769856,R=355225127: RESULT: hold_snm_v = 1.104309
sample 79 seed=L=1082286591,R=126069485: RESULT: hold_snm_v = 1.099611
sample 80 seed=L=1500668314,R=36601915: RESULT: hold_snm_v = 1.104053
sample 81 seed=L=1514594695,R=481940736: RESULT: hold_snm_v = 1.106721
sample 82 seed=L=1419189500,R=265868724: RESULT: hold_snm_v = 1.11841
sample 83 seed=L=430719982,R=1025928135: RESULT: hold_snm_v = 1.141957
sample 84 seed=L=214889426,R=1586900702: RESULT: hold_snm_v = 1.124255
sample 85 seed=L=534644476,R=1921520844: RESULT: hold_snm_v = 1.092706
sample 86 seed=L=258423035,R=1846759661: RESULT: hold_snm_v = 1.094028
sample 87 seed=L=488156524,R=998805854: RESULT: hold_snm_v = 1.118804
sample 88 seed=L=204859518,R=465908468: RESULT: hold_snm_v = 1.099873
sample 89 seed=L=1690364143,R=764896485: RESULT: hold_snm_v = 1.109098
sample 90 seed=L=75660786,R=1376395281: RESULT: hold_snm_v = 1.111906
sample 91 seed=L=1315450197,R=1140551097: RESULT: hold_snm_v = 1.103716
sample 92 seed=L=1881402532,R=1307279787: RESULT: hold_snm_v = 1.115741
sample 93 seed=L=1129385245,R=1847325767: RESULT: hold_snm_v = 1.13442
sample 94 seed=L=1159370227,R=358481956: RESULT: hold_snm_v = 1.118125
sample 95 seed=L=1624846225,R=1251693438: RESULT: hold_snm_v = 1.105162
sample 96 seed=L=1858591487,R=1388776496: RESULT: hold_snm_v = 1.126172
sample 97 seed=L=1048250698,R=51558005: RESULT: hold_snm_v = 1.103554
sample 98 seed=L=778181761,R=1754893948: RESULT: hold_snm_v = 1.092165
sample 99 seed=L=1878706377,R=1008994943: RESULT: hold_snm_v = 1.107263
sample 100 seed=L=1576328060,R=1444379039: RESULT: hold_snm_v = 1.114229
sample 101 seed=L=490139695,R=1204467682: RESULT: hold_snm_v = 1.091525
sample 102 seed=L=1118852683,R=1807911992: RESULT: hold_snm_v = 1.113983
sample 103 seed=L=1226825746,R=461475417: RESULT: hold_snm_v = 1.093912
sample 104 seed=L=1314075487,R=295600020: RESULT: hold_snm_v = 1.104625
sample 105 seed=L=284605179,R=518029655: RESULT: hold_snm_v = 1.096511
sample 106 seed=L=1771225887,R=1276818732: RESULT: hold_snm_v = 1.110076
sample 107 seed=L=59091935,R=1905512469: RESULT: hold_snm_v = 1.10671
sample 108 seed=L=1792852560,R=1084082347: RESULT: hold_snm_v = 1.100468
sample 109 seed=L=658510458,R=588287683: RESULT: hold_snm_v = 1.118708
sample 110 seed=L=1566292638,R=1738561494: RESULT: hold_snm_v = 1.100016
sample 111 seed=L=10043105,R=293915256: RESULT: hold_snm_v = 1.120364
sample 112 seed=L=541394600,R=1258254609: RESULT: hold_snm_v = 1.144714
sample 113 seed=L=1697053465,R=73829336: RESULT: hold_snm_v = 1.118289
sample 114 seed=L=784965154,R=1798562054: RESULT: hold_snm_v = 1.101144
sample 115 seed=L=350904195,R=771649817: RESULT: hold_snm_v = 1.076322
sample 116 seed=L=208109345,R=807443586: RESULT: hold_snm_v = 1.093744
sample 117 seed=L=868656677,R=1812933071: RESULT: hold_snm_v = 1.109988
sample 118 seed=L=1970009464,R=656416784: RESULT: hold_snm_v = 1.082537
sample 119 seed=L=75445511,R=1929423991: RESULT: hold_snm_v = 1.117336
sample 120 seed=L=149986328,R=1694247874: RESULT: hold_snm_v = 1.157886
sample 121 seed=L=1893700995,R=1921279676: RESULT: hold_snm_v = 1.105949
sample 122 seed=L=692893937,R=193657518: RESULT: hold_snm_v = 1.147843
sample 123 seed=L=1097981653,R=472208884: RESULT: hold_snm_v = 1.109508
sample 124 seed=L=1853857840,R=1706790259: RESULT: hold_snm_v = 1.151263
sample 125 seed=L=912754764,R=753672038: RESULT: hold_snm_v = 1.108863
sample 126 seed=L=918670934,R=981674298: RESULT: hold_snm_v = 1.141005
sample 127 seed=L=1049840896,R=1711168582: RESULT: hold_snm_v = 1.100419
sample 128 seed=L=1484346050,R=1052927177: RESULT: hold_snm_v = 1.098089
sample 129 seed=L=131424267,R=1976228635: RESULT: hold_snm_v = 1.126945
sample 130 seed=L=1860531829,R=726883160: RESULT: hold_snm_v = 1.085006
sample 131 seed=L=1942519763,R=313273688: RESULT: hold_snm_v = 1.096809
sample 132 seed=L=1415476215,R=1795249714: RESULT: hold_snm_v = 1.086515
sample 133 seed=L=422453324,R=273319413: RESULT: hold_snm_v = 1.095902
sample 134 seed=L=1640318046,R=680558273: RESULT: hold_snm_v = 1.131029
sample 135 seed=L=234922239,R=704339679: RESULT: hold_snm_v = 1.102956
sample 136 seed=L=971255975,R=1446395620: RESULT: hold_snm_v = 1.131128
sample 137 seed=L=572547088,R=1851795141: RESULT: hold_snm_v = 1.120247
sample 138 seed=L=940558135,R=1509356201: RESULT: hold_snm_v = 1.069727
sample 139 seed=L=796135625,R=1107461667: RESULT: hold_snm_v = 1.092259
sample 140 seed=L=635425983,R=21664485: RESULT: hold_snm_v = 1.104975
sample 141 seed=L=1231940375,R=130606194: RESULT: hold_snm_v = 1.110104
sample 142 seed=L=1139821046,R=18509519: RESULT: hold_snm_v = 1.115062
sample 143 seed=L=278757693,R=1347976269: RESULT: hold_snm_v = 1.115047
sample 144 seed=L=1586879435,R=692476813: RESULT: hold_snm_v = 1.102564
sample 145 seed=L=1079127912,R=1052857676: RESULT: hold_snm_v = 1.127165
sample 146 seed=L=576020875,R=183245062: RESULT: hold_snm_v = 1.09629
sample 147 seed=L=1613216811,R=1939918430: RESULT: hold_snm_v = 1.094456
sample 148 seed=L=441426170,R=1374612032: RESULT: hold_snm_v = 1.123801
sample 149 seed=L=895481282,R=719505091: RESULT: hold_snm_v = 1.131664
sample 150 seed=L=1541319647,R=1106469108: RESULT: hold_snm_v = 1.107212
sample 151 seed=L=1541016970,R=242546882: RESULT: hold_snm_v = 1.141084
sample 152 seed=L=1611639745,R=34147544: RESULT: hold_snm_v = 1.112875
sample 153 seed=L=720204268,R=386893354: RESULT: hold_snm_v = 1.095073
sample 154 seed=L=1975425350,R=534409557: RESULT: hold_snm_v = 1.098267
sample 155 seed=L=207807208,R=1802901407: RESULT: hold_snm_v = 1.152161
sample 156 seed=L=1936850174,R=1597723652: RESULT: hold_snm_v = 1.113847
sample 157 seed=L=977784616,R=426913926: RESULT: hold_snm_v = 1.095682
sample 158 seed=L=370812844,R=1945640202: RESULT: hold_snm_v = 1.114554
sample 159 seed=L=915448698,R=110810521: RESULT: hold_snm_v = 1.093261
sample 160 seed=L=837310093,R=1661348930: RESULT: hold_snm_v = 1.09542
sample 161 seed=L=437927990,R=237375868: RESULT: hold_snm_v = 1.117497
sample 162 seed=L=1782552181,R=1114498573: RESULT: hold_snm_v = 1.096171
sample 163 seed=L=1677382863,R=322077108: RESULT: hold_snm_v = 1.078756
sample 164 seed=L=376857286,R=765811730: RESULT: hold_snm_v = 1.114513
sample 165 seed=L=304128617,R=1111525014: RESULT: hold_snm_v = 1.080417
sample 166 seed=L=978709521,R=1105752538: RESULT: hold_snm_v = 1.104873
sample 167 seed=L=960419300,R=840357719: RESULT: hold_snm_v = 1.112089
sample 168 seed=L=599988311,R=250077199: RESULT: hold_snm_v = 1.160907
sample 169 seed=L=270381964,R=1092774432: RESULT: hold_snm_v = 1.10608
sample 170 seed=L=234927117,R=1739284389: RESULT: hold_snm_v = 1.120897
sample 171 seed=L=158363858,R=1895429092: RESULT: hold_snm_v = 1.094438
sample 172 seed=L=1498300367,R=1588460374: RESULT: hold_snm_v = 1.111146
sample 173 seed=L=1353899744,R=1200260282: RESULT: hold_snm_v = 1.147486
sample 174 seed=L=1588453631,R=1753055291: RESULT: hold_snm_v = 1.127012
sample 175 seed=L=790908470,R=18571932: RESULT: hold_snm_v = 1.079898
sample 176 seed=L=162215615,R=359304024: RESULT: hold_snm_v = 1.107622
sample 177 seed=L=953288890,R=995386552: RESULT: hold_snm_v = 1.101273
sample 178 seed=L=1613440007,R=1500689457: RESULT: hold_snm_v = 1.097964
sample 179 seed=L=1306949743,R=1624756111: RESULT: hold_snm_v = 1.092128
sample 180 seed=L=1363254762,R=284674330: RESULT: hold_snm_v = 1.117229
sample 181 seed=L=1176846732,R=284614195: RESULT: hold_snm_v = 1.085478
sample 182 seed=L=1324857660,R=1043484627: RESULT: hold_snm_v = 1.135104
sample 183 seed=L=1583527736,R=446890082: RESULT: hold_snm_v = 1.14716
sample 184 seed=L=494609866,R=1822131913: RESULT: hold_snm_v = 1.11967
sample 185 seed=L=673306073,R=453976113: RESULT: hold_snm_v = 1.073261
sample 186 seed=L=212541088,R=1737190524: RESULT: hold_snm_v = 1.110767
sample 187 seed=L=513795150,R=1479653903: RESULT: hold_snm_v = 1.143949
sample 188 seed=L=192723746,R=1957690653: RESULT: hold_snm_v = 1.114043
sample 189 seed=L=1916523850,R=985193509: RESULT: hold_snm_v = 1.123869
sample 190 seed=L=736640269,R=295522689: RESULT: hold_snm_v = 1.10256
sample 191 seed=L=838481501,R=1998124843: RESULT: hold_snm_v = 1.105151
sample 192 seed=L=1256589684,R=1038549899: RESULT: hold_snm_v = 1.07577
sample 193 seed=L=1064426337,R=84779269: RESULT: hold_snm_v = 1.111185
sample 194 seed=L=1075243953,R=937969637: RESULT: hold_snm_v = 1.148119
sample 195 seed=L=1769363003,R=240749310: RESULT: hold_snm_v = 1.108382
sample 196 seed=L=79755352,R=234390193: RESULT: hold_snm_v = 1.105587
sample 197 seed=L=1019676306,R=1182309339: RESULT: hold_snm_v = 1.126826
sample 198 seed=L=405031449,R=1004521088: RESULT: hold_snm_v = 1.120739
sample 199 seed=L=259387003,R=1068642473: RESULT: hold_snm_v = 1.112185

=== corner tt_25c_3.30v -- determinism control (sw_stat_mismatch=0) ===
sample 0 seed=L=1887323047,R=470306919: RESULT: hold_snm_v = 1.11081
sample 1 seed=L=912206832,R=1223731974: RESULT: hold_snm_v = 1.11081
sample 2 seed=L=1254104611,R=1116542290: RESULT: hold_snm_v = 1.11081
sample 3 seed=L=1924115895,R=784795791: RESULT: hold_snm_v = 1.11081

=== corner tt_25c_3.30v -- negative control (known-bad variant: sw_stat_mismatch=12 (12x the PDK's per-instance Vt/current-factor mismatch sigma), VDD=0.50 V (below spec/sram.md's ratified 2.97 V minimum)) ===
sample 0 seed=L=165686784,R=1326476780: RESULT: hold_snm_v = 0.007415
sample 1 seed=L=118007308,R=805397404: RESULT: hold_snm_v = 0.01881
sample 2 seed=L=1645801770,R=1956076500: RESULT: hold_snm_v = -0.014919
sample 3 seed=L=473356044,R=1445059278: RESULT: hold_snm_v = -0.015
sample 4 seed=L=727555529,R=1048033289: RESULT: hold_snm_v = 0.21408
sample 5 seed=L=40135564,R=953723038: RESULT: hold_snm_v = -0.015
sample 6 seed=L=209281292,R=1439553002: RESULT: hold_snm_v = 0.02099
sample 7 seed=L=26307574,R=1179216290: RESULT: hold_snm_v = -0.010719
sample 8 seed=L=790438288,R=617355667: RESULT: hold_snm_v = -0.014886
sample 9 seed=L=1826470975,R=1092738707: RESULT: hold_snm_v = 0.154382
sample 10 seed=L=55487530,R=1163071768: RESULT: hold_snm_v = 0.063288
sample 11 seed=L=856778157,R=225958995: RESULT: hold_snm_v = -0.015
sample 12 seed=L=663118224,R=233368892: RESULT: hold_snm_v = -0.014997
sample 13 seed=L=1091542802,R=1408435407: RESULT: hold_snm_v = -0.014401
sample 14 seed=L=1598153105,R=1180466027: RESULT: hold_snm_v = -0.015
sample 15 seed=L=106875459,R=553370708: RESULT: hold_snm_v = -0.010001
sample 16 seed=L=531220303,R=1817516722: RESULT: hold_snm_v = -0.014996
sample 17 seed=L=998119850,R=209008549: RESULT: hold_snm_v = 0.11919
sample 18 seed=L=1554696071,R=22675391: RESULT: hold_snm_v = -0.01212
sample 19 seed=L=1697546287,R=1535337913: RESULT: hold_snm_v = 0.119686
sample 20 seed=L=1364943856,R=1191238957: RESULT: hold_snm_v = 0.200811
sample 21 seed=L=111633459,R=400085462: RESULT: hold_snm_v = 0.211188
sample 22 seed=L=828218917,R=1133044363: RESULT: hold_snm_v = -0.010474
sample 23 seed=L=441255735,R=10653176: RESULT: hold_snm_v = 0.20213
sample 24 seed=L=109589188,R=1035560186: RESULT: hold_snm_v = 0.242408
sample 25 seed=L=1371471494,R=291176655: RESULT: hold_snm_v = 0.204525
sample 26 seed=L=1221476972,R=1896644329: RESULT: hold_snm_v = -0.015
sample 27 seed=L=1368732804,R=675260657: RESULT: hold_snm_v = 0.051677
sample 28 seed=L=243682998,R=1067103345: RESULT: hold_snm_v = -0.015
sample 29 seed=L=1817017069,R=351522784: RESULT: hold_snm_v = -0.014988
sample 30 seed=L=175134097,R=1793015328: RESULT: hold_snm_v = 0.191433
sample 31 seed=L=1145537233,R=537974560: RESULT: hold_snm_v = 0.021299
sample 32 seed=L=1882759663,R=729814992: RESULT: hold_snm_v = 0.163889
sample 33 seed=L=1638169122,R=225740806: RESULT: hold_snm_v = -0.014723
sample 34 seed=L=513531359,R=500052517: RESULT: hold_snm_v = 0.211478
sample 35 seed=L=33046927,R=1689391010: RESULT: hold_snm_v = -0.014756
sample 36 seed=L=572702602,R=1186083702: RESULT: hold_snm_v = -0.014764
sample 37 seed=L=1041409929,R=1157178648: RESULT: hold_snm_v = -0.01481
sample 38 seed=L=1415918918,R=1879051449: RESULT: hold_snm_v = -0.011318
sample 39 seed=L=1059467916,R=1083485654: RESULT: hold_snm_v = 0.069452
sample 40 seed=L=1394820505,R=1905007148: RESULT: hold_snm_v = -0.01486
sample 41 seed=L=918071686,R=444631205: RESULT: hold_snm_v = -0.015
sample 42 seed=L=92625770,R=713001732: RESULT: hold_snm_v = -0.014986
sample 43 seed=L=1438883765,R=90434029: RESULT: hold_snm_v = -0.014992
sample 44 seed=L=948531485,R=811645370: RESULT: hold_snm_v = 0.050489
sample 45 seed=L=124728391,R=1780062375: RESULT: hold_snm_v = -0.01382
sample 46 seed=L=919653209,R=1758266590: RESULT: hold_snm_v = -0.015
sample 47 seed=L=1857840970,R=1982685532: RESULT: hold_snm_v = -0.014999
sample 48 seed=L=212868034,R=345935936: RESULT: hold_snm_v = 0.073911
sample 49 seed=L=1542600083,R=738245171: RESULT: hold_snm_v = -0.015
sample 50 seed=L=1352171099,R=146508125: RESULT: hold_snm_v = 0.06102
sample 51 seed=L=469531861,R=226144644: RESULT: hold_snm_v = -0.010703
sample 52 seed=L=175081582,R=1305776198: RESULT: hold_snm_v = -0.015
sample 53 seed=L=415032196,R=857013906: RESULT: hold_snm_v = -0.014999
sample 54 seed=L=1120691367,R=1842753742: RESULT: hold_snm_v = -0.015
sample 55 seed=L=1811376920,R=45068921: RESULT: hold_snm_v = -0.012054
sample 56 seed=L=1870069726,R=113631986: RESULT: hold_snm_v = 0.010646
sample 57 seed=L=111734324,R=1386019262: RESULT: hold_snm_v = 0.223769
sample 58 seed=L=1742610528,R=1561972883: RESULT: hold_snm_v = 0.127934
sample 59 seed=L=708778484,R=1721026493: RESULT: hold_snm_v = -0.015
sample 60 seed=L=991624712,R=40658592: RESULT: hold_snm_v = -0.015
sample 61 seed=L=966486604,R=1511285724: RESULT: hold_snm_v = -0.015
sample 62 seed=L=1113508085,R=1347618618: RESULT: hold_snm_v = 0.238575
sample 63 seed=L=374461520,R=1734873664: RESULT: hold_snm_v = -0.014861
sample 64 seed=L=901716589,R=555785555: RESULT: hold_snm_v = 0.038957
sample 65 seed=L=1680751034,R=478425796: RESULT: hold_snm_v = -0.014975
sample 66 seed=L=70604038,R=1603943868: RESULT: hold_snm_v = 0.168057
sample 67 seed=L=1591680983,R=808115541: RESULT: hold_snm_v = -0.015
sample 68 seed=L=1376664573,R=1510580049: RESULT: hold_snm_v = 0.166776
sample 69 seed=L=1718844787,R=1063588921: RESULT: hold_snm_v = 0.111857
sample 70 seed=L=435899660,R=173169051: RESULT: hold_snm_v = 0.194569
sample 71 seed=L=125370188,R=1288982962: RESULT: hold_snm_v = 0.13572
sample 72 seed=L=1594294832,R=486362888: RESULT: hold_snm_v = 0.1335
sample 73 seed=L=72981083,R=404521979: RESULT: hold_snm_v = 0.02695
sample 74 seed=L=1032017480,R=953813529: RESULT: hold_snm_v = -0.014999
sample 75 seed=L=886076066,R=1031630720: RESULT: hold_snm_v = 0.060943
sample 76 seed=L=1699989293,R=1168955419: RESULT: hold_snm_v = 0.210215
sample 77 seed=L=30176196,R=756152696: RESULT: hold_snm_v = -0.015
sample 78 seed=L=453882675,R=288167257: RESULT: hold_snm_v = -0.014998
sample 79 seed=L=1925641088,R=201935542: RESULT: hold_snm_v = -0.011221
sample 80 seed=L=394526993,R=232895192: RESULT: hold_snm_v = 0.018366
sample 81 seed=L=73985901,R=1635063236: RESULT: hold_snm_v = 0.186458
sample 82 seed=L=1075240932,R=1900944029: RESULT: hold_snm_v = 0.083743
sample 83 seed=L=1004167359,R=125361943: RESULT: hold_snm_v = 0.021012
sample 84 seed=L=642468740,R=846078793: RESULT: hold_snm_v = -0.015
sample 85 seed=L=1808930182,R=1190930612: RESULT: hold_snm_v = -0.014922
sample 86 seed=L=1225717732,R=1147128494: RESULT: hold_snm_v = 0.022882
sample 87 seed=L=703472321,R=1252001864: RESULT: hold_snm_v = -0.012085
sample 88 seed=L=702098937,R=109862323: RESULT: hold_snm_v = -0.014999
sample 89 seed=L=527028369,R=1093335826: RESULT: hold_snm_v = -0.014995
sample 90 seed=L=1058596166,R=1323935390: RESULT: hold_snm_v = -0.004459
sample 91 seed=L=168064149,R=395994413: RESULT: hold_snm_v = -0.011446
sample 92 seed=L=168034202,R=1347915810: RESULT: hold_snm_v = 0.19834
sample 93 seed=L=1407663818,R=64154903: RESULT: hold_snm_v = 0.237113
sample 94 seed=L=1643960790,R=945924497: RESULT: hold_snm_v = 0.217857
sample 95 seed=L=1232746602,R=1271287440: RESULT: hold_snm_v = 0.179635
sample 96 seed=L=435786805,R=122254731: RESULT: hold_snm_v = -0.013917
sample 97 seed=L=1663551103,R=1662982059: RESULT: hold_snm_v = -0.014907
sample 98 seed=L=34886324,R=423073438: RESULT: hold_snm_v = -0.014547
sample 99 seed=L=913687961,R=1692739130: RESULT: hold_snm_v = -0.015
