=== corner ff_-40c_2.97v -- mismatch samples (sw_stat_mismatch=1) ===
sample 0 seed=L=154443064,R=215875836: RESULT: hold_snm_v = 0.991049
sample 1 seed=L=126191877,R=1626989560: RESULT: hold_snm_v = 0.985567
sample 2 seed=L=972172943,R=702250091: RESULT: hold_snm_v = 0.989158
sample 3 seed=L=1692157437,R=1891067968: RESULT: hold_snm_v = 0.97891
sample 4 seed=L=204868659,R=1444599342: RESULT: hold_snm_v = 0.990689
sample 5 seed=L=104573144,R=1039368326: RESULT: hold_snm_v = 0.990208
sample 6 seed=L=982655211,R=1693059338: RESULT: hold_snm_v = 1.004022
sample 7 seed=L=25150885,R=471223972: RESULT: hold_snm_v = 1.007605
sample 8 seed=L=1655690764,R=1554455107: RESULT: hold_snm_v = 0.98061
sample 9 seed=L=1516835617,R=1913213613: RESULT: hold_snm_v = 0.996787
sample 10 seed=L=120261446,R=1896033446: RESULT: hold_snm_v = 1.003871
sample 11 seed=L=1604966524,R=205431851: RESULT: hold_snm_v = 0.987977
sample 12 seed=L=1469532018,R=709591650: RESULT: hold_snm_v = 1.01405
sample 13 seed=L=752305594,R=1538022888: RESULT: hold_snm_v = 1.026005
sample 14 seed=L=867706586,R=1458458961: RESULT: hold_snm_v = 0.985825
sample 15 seed=L=1525865306,R=1996531660: RESULT: hold_snm_v = 1.023215
sample 16 seed=L=1576195526,R=1366417930: RESULT: hold_snm_v = 1.016314
sample 17 seed=L=865455388,R=268694170: RESULT: hold_snm_v = 1.002534
sample 18 seed=L=239300271,R=272099921: RESULT: hold_snm_v = 1.014305
sample 19 seed=L=908223855,R=1494074585: RESULT: hold_snm_v = 0.988665
sample 20 seed=L=372060027,R=227840273: RESULT: hold_snm_v = 0.977391
sample 21 seed=L=1453117372,R=819460349: RESULT: hold_snm_v = 1.041676
sample 22 seed=L=57744514,R=722304152: RESULT: hold_snm_v = 0.980315
sample 23 seed=L=710605440,R=1714428975: RESULT: hold_snm_v = 0.981201
sample 24 seed=L=196394271,R=718750191: RESULT: hold_snm_v = 1.010295
sample 25 seed=L=1700271470,R=1143687425: RESULT: hold_snm_v = 0.992116
sample 26 seed=L=829016689,R=479412143: RESULT: hold_snm_v = 0.975762
sample 27 seed=L=325843185,R=1123694581: RESULT: hold_snm_v = 0.986545
sample 28 seed=L=89510119,R=959574752: RESULT: hold_snm_v = 1.011307
sample 29 seed=L=1567925929,R=437762385: RESULT: hold_snm_v = 1.022454
sample 30 seed=L=266095851,R=72087536: RESULT: hold_snm_v = 1.011184
sample 31 seed=L=1646502600,R=800910684: RESULT: hold_snm_v = 1.002773
sample 32 seed=L=888306280,R=1555566032: RESULT: hold_snm_v = 0.99595
sample 33 seed=L=1156809922,R=1151832876: RESULT: hold_snm_v = 1.001382
sample 34 seed=L=187255419,R=1887482784: RESULT: hold_snm_v = 1.002241
sample 35 seed=L=1576994306,R=1054616079: RESULT: hold_snm_v = 0.995326
sample 36 seed=L=42554503,R=1666429755: RESULT: hold_snm_v = 0.970181
sample 37 seed=L=50830768,R=1875024388: RESULT: hold_snm_v = 0.980061
sample 38 seed=L=1710927488,R=616970251: RESULT: hold_snm_v = 1.004745
sample 39 seed=L=806102561,R=694041918: RESULT: hold_snm_v = 0.975294
sample 40 seed=L=1210614375,R=1357424021: RESULT: hold_snm_v = 0.998884
sample 41 seed=L=1504028734,R=81611092: RESULT: hold_snm_v = 0.99456
sample 42 seed=L=1727763984,R=468600569: RESULT: hold_snm_v = 1.012612
sample 43 seed=L=1168812704,R=197777275: RESULT: hold_snm_v = 0.999558
sample 44 seed=L=1903817669,R=436200896: RESULT: hold_snm_v = 1.007068
sample 45 seed=L=1107697353,R=1691458614: RESULT: hold_snm_v = 1.014706
sample 46 seed=L=128618648,R=211708748: RESULT: hold_snm_v = 0.978045
sample 47 seed=L=1935762305,R=355116700: RESULT: hold_snm_v = 1.015721
sample 48 seed=L=895530091,R=1903907064: RESULT: hold_snm_v = 0.987065
sample 49 seed=L=1068974402,R=1669769595: RESULT: hold_snm_v = 0.983709
sample 50 seed=L=1353674678,R=106982923: RESULT: hold_snm_v = 0.998808
sample 51 seed=L=557822322,R=1596254898: RESULT: hold_snm_v = 0.991448
sample 52 seed=L=1278002870,R=1981438263: RESULT: hold_snm_v = 1.008986
sample 53 seed=L=177233469,R=1828830314: RESULT: hold_snm_v = 0.988877
sample 54 seed=L=1816603892,R=1725307650: RESULT: hold_snm_v = 0.978019
sample 55 seed=L=1615689659,R=1034940484: RESULT: hold_snm_v = 0.994859
sample 56 seed=L=1288968926,R=898022314: RESULT: hold_snm_v = 1.005221
sample 57 seed=L=711360732,R=974581633: RESULT: hold_snm_v = 1.029076
sample 58 seed=L=988303008,R=1978793895: RESULT: hold_snm_v = 0.968209
sample 59 seed=L=1952544872,R=952566647: RESULT: hold_snm_v = 1.020593
sample 60 seed=L=649561615,R=55922047: RESULT: hold_snm_v = 0.977432
sample 61 seed=L=642168570,R=1358321415: RESULT: hold_snm_v = 0.98789
sample 62 seed=L=130865698,R=796992084: RESULT: hold_snm_v = 0.964683
sample 63 seed=L=532653833,R=537499229: RESULT: hold_snm_v = 1.032649
sample 64 seed=L=808407325,R=1081979954: RESULT: hold_snm_v = 0.991564
sample 65 seed=L=113539964,R=1962965509: RESULT: hold_snm_v = 0.984238
sample 66 seed=L=206981769,R=54140052: RESULT: hold_snm_v = 1.005205
sample 67 seed=L=709227135,R=1250808883: RESULT: hold_snm_v = 1.00614
sample 68 seed=L=782468117,R=388367002: RESULT: hold_snm_v = 1.011806
sample 69 seed=L=920302872,R=275416127: RESULT: hold_snm_v = 1.018809
sample 70 seed=L=247407277,R=662184679: RESULT: hold_snm_v = 0.975698
sample 71 seed=L=973407467,R=1849939971: RESULT: hold_snm_v = 1.008021
sample 72 seed=L=1301055272,R=95871450: RESULT: hold_snm_v = 0.98208
sample 73 seed=L=1740647467,R=1820982310: RESULT: hold_snm_v = 0.971845
sample 74 seed=L=1219528425,R=217418887: RESULT: hold_snm_v = 0.976829
sample 75 seed=L=1481260493,R=789098080: RESULT: hold_snm_v = 1.007422
sample 76 seed=L=67831699,R=519283199: RESULT: hold_snm_v = 1.024951
sample 77 seed=L=718591942,R=1602723589: RESULT: hold_snm_v = 1.000702
sample 78 seed=L=1269720481,R=66398900: RESULT: hold_snm_v = 1.029423
sample 79 seed=L=1702222956,R=1759773510: RESULT: hold_snm_v = 0.996581
sample 80 seed=L=975333762,R=1298169832: RESULT: hold_snm_v = 1.007966
sample 81 seed=L=702107889,R=1660555914: RESULT: hold_snm_v = 1.016256
sample 82 seed=L=1329405111,R=891792105: RESULT: hold_snm_v = 1.016094
sample 83 seed=L=247779396,R=110533052: RESULT: hold_snm_v = 1.014644
sample 84 seed=L=1162740001,R=1810041971: RESULT: hold_snm_v = 1.030493
sample 85 seed=L=1143616979,R=123552933: RESULT: hold_snm_v = 1.023917
sample 86 seed=L=1330205305,R=1726962000: RESULT: hold_snm_v = 1.026353
sample 87 seed=L=347347481,R=1323319531: RESULT: hold_snm_v = 0.993321
sample 88 seed=L=1677047166,R=208605055: RESULT: hold_snm_v = 0.993481
sample 89 seed=L=1417130491,R=543481584: RESULT: hold_snm_v = 1.009071
sample 90 seed=L=1375281811,R=664705222: RESULT: hold_snm_v = 1.006792
sample 91 seed=L=950710431,R=1792093848: RESULT: hold_snm_v = 1.005344
sample 92 seed=L=883879336,R=1137678209: RESULT: hold_snm_v = 1.001318
sample 93 seed=L=1529436139,R=93729599: RESULT: hold_snm_v = 1.006491
sample 94 seed=L=1701345910,R=1280262341: RESULT: hold_snm_v = 0.996367
sample 95 seed=L=231761107,R=1306138210: RESULT: hold_snm_v = 0.982026
sample 96 seed=L=1729330820,R=479059712: RESULT: hold_snm_v = 0.966587
sample 97 seed=L=662765737,R=1472948094: RESULT: hold_snm_v = 1.003754
sample 98 seed=L=1647221557,R=1002971884: RESULT: hold_snm_v = 1.01065
sample 99 seed=L=28671699,R=562946852: RESULT: hold_snm_v = 0.995677
sample 100 seed=L=236581254,R=346385909: RESULT: hold_snm_v = 0.963675
sample 101 seed=L=162196906,R=44936045: RESULT: hold_snm_v = 0.988305
sample 102 seed=L=243299982,R=1678325660: RESULT: hold_snm_v = 0.991555
sample 103 seed=L=572447458,R=1119383094: RESULT: hold_snm_v = 0.997787
sample 104 seed=L=1634702799,R=191152821: RESULT: hold_snm_v = 0.986377
sample 105 seed=L=1563318948,R=1736918075: RESULT: hold_snm_v = 1.019545
sample 106 seed=L=1340252683,R=486138908: RESULT: hold_snm_v = 0.993796
sample 107 seed=L=894081614,R=502123131: RESULT: hold_snm_v = 0.976148
sample 108 seed=L=27341827,R=1526822362: RESULT: hold_snm_v = 0.998963
sample 109 seed=L=1811246516,R=342676879: RESULT: hold_snm_v = 0.998308
sample 110 seed=L=169594852,R=176051932: RESULT: hold_snm_v = 1.002146
sample 111 seed=L=1930644197,R=1074468006: RESULT: hold_snm_v = 0.990425
sample 112 seed=L=1499902678,R=936363085: RESULT: hold_snm_v = 0.986588
sample 113 seed=L=968838271,R=1661957552: RESULT: hold_snm_v = 0.994735
sample 114 seed=L=596367689,R=789571608: RESULT: hold_snm_v = 1.002326
sample 115 seed=L=949663443,R=342951538: RESULT: hold_snm_v = 1.032134
sample 116 seed=L=1079886708,R=1429694927: RESULT: hold_snm_v = 1.000055
sample 117 seed=L=74512161,R=1481063354: RESULT: hold_snm_v = 1.016368
sample 118 seed=L=42759635,R=1809734054: RESULT: hold_snm_v = 1.027932
sample 119 seed=L=467884849,R=682173742: RESULT: hold_snm_v = 1.001301
sample 120 seed=L=586211624,R=1280317619: RESULT: hold_snm_v = 1.028834
sample 121 seed=L=601508900,R=632762412: RESULT: hold_snm_v = 1.003834
sample 122 seed=L=20992763,R=1229475409: RESULT: hold_snm_v = 0.971109
sample 123 seed=L=1678780229,R=1856401206: RESULT: hold_snm_v = 1.012532
sample 124 seed=L=1580043002,R=732874067: RESULT: hold_snm_v = 1.016044
sample 125 seed=L=1378281651,R=726918848: RESULT: hold_snm_v = 1.030899
sample 126 seed=L=1932958114,R=115869499: RESULT: hold_snm_v = 1.017376
sample 127 seed=L=949590436,R=1798164517: RESULT: hold_snm_v = 1.003503
sample 128 seed=L=668192320,R=199916447: RESULT: hold_snm_v = 0.99943
sample 129 seed=L=13894113,R=1348660963: RESULT: hold_snm_v = 0.979737
sample 130 seed=L=1615590847,R=1844178731: RESULT: hold_snm_v = 0.978278
sample 131 seed=L=1581070181,R=10662386: RESULT: hold_snm_v = 0.981071
sample 132 seed=L=1923091746,R=33341030: RESULT: hold_snm_v = 0.995368
sample 133 seed=L=111621206,R=702252458: RESULT: hold_snm_v = 0.993354
sample 134 seed=L=1443341709,R=1165384510: RESULT: hold_snm_v = 0.993184
sample 135 seed=L=1247985994,R=1024207916: RESULT: hold_snm_v = 1.001532
sample 136 seed=L=1571893010,R=1024278698: RESULT: hold_snm_v = 1.006029
sample 137 seed=L=126641343,R=1062192300: RESULT: hold_snm_v = 0.99894
sample 138 seed=L=1050892489,R=624790904: RESULT: hold_snm_v = 1.027308
sample 139 seed=L=1781335883,R=1371895593: RESULT: hold_snm_v = 0.989747
sample 140 seed=L=635638572,R=935416535: RESULT: hold_snm_v = 0.999371
sample 141 seed=L=1769846411,R=1941991753: RESULT: hold_snm_v = 0.969054
sample 142 seed=L=720028022,R=855160125: RESULT: hold_snm_v = 0.968268
sample 143 seed=L=724265924,R=720756080: RESULT: hold_snm_v = 0.975257
sample 144 seed=L=1807656844,R=222777984: RESULT: hold_snm_v = 0.986524
sample 145 seed=L=82170266,R=970183792: RESULT: hold_snm_v = 1.018072
sample 146 seed=L=1567434831,R=119652580: RESULT: hold_snm_v = 0.960801
sample 147 seed=L=1731378631,R=1933895143: RESULT: hold_snm_v = 0.990872
sample 148 seed=L=112262058,R=1617695825: RESULT: hold_snm_v = 0.995998
sample 149 seed=L=481976693,R=146678568: RESULT: hold_snm_v = 1.044002
sample 150 seed=L=558122763,R=890392346: RESULT: hold_snm_v = 1.025284
sample 151 seed=L=243199186,R=1769829918: RESULT: hold_snm_v = 1.001134
sample 152 seed=L=1586170408,R=481906171: RESULT: hold_snm_v = 1.024705
sample 153 seed=L=117934419,R=40787330: RESULT: hold_snm_v = 1.031434
sample 154 seed=L=300977699,R=1448289607: RESULT: hold_snm_v = 0.984669
sample 155 seed=L=109154015,R=1425232703: RESULT: hold_snm_v = 1.024657
sample 156 seed=L=521050901,R=290182814: RESULT: hold_snm_v = 1.038238
sample 157 seed=L=706513742,R=150340631: RESULT: hold_snm_v = 0.986311
sample 158 seed=L=85591541,R=804576020: RESULT: hold_snm_v = 1.020287
sample 159 seed=L=996366384,R=1151912840: RESULT: hold_snm_v = 0.991381
sample 160 seed=L=1403289414,R=1561536862: RESULT: hold_snm_v = 1.032056
sample 161 seed=L=1029230681,R=195734621: RESULT: hold_snm_v = 0.984893
sample 162 seed=L=993155746,R=1732496929: RESULT: hold_snm_v = 0.96964
sample 163 seed=L=1809231680,R=1950040790: RESULT: hold_snm_v = 1.021676
sample 164 seed=L=692450350,R=96252035: RESULT: hold_snm_v = 0.989216
sample 165 seed=L=826491243,R=1157457956: RESULT: hold_snm_v = 0.99989
sample 166 seed=L=1773297877,R=48940096: RESULT: hold_snm_v = 0.986062
sample 167 seed=L=324598078,R=730443817: RESULT: hold_snm_v = 1.006365
sample 168 seed=L=143334697,R=77486690: RESULT: hold_snm_v = 0.9936
sample 169 seed=L=1280366034,R=1926558514: RESULT: hold_snm_v = 1.022417
sample 170 seed=L=849735250,R=299351457: RESULT: hold_snm_v = 1.020273
sample 171 seed=L=1141375235,R=690654799: RESULT: hold_snm_v = 1.001633
sample 172 seed=L=818329616,R=1849575921: RESULT: hold_snm_v = 0.996381
sample 173 seed=L=873507620,R=719726914: RESULT: hold_snm_v = 0.97519
sample 174 seed=L=870319203,R=1355481632: RESULT: hold_snm_v = 0.992082
sample 175 seed=L=670734175,R=518255356: RESULT: hold_snm_v = 1.018723
sample 176 seed=L=1195849568,R=1208650037: RESULT: hold_snm_v = 0.980186
sample 177 seed=L=1460345805,R=870174344: RESULT: hold_snm_v = 1.0151
sample 178 seed=L=552933648,R=1647546776: RESULT: hold_snm_v = 1.031163
sample 179 seed=L=539915937,R=1154071275: RESULT: hold_snm_v = 0.975374
sample 180 seed=L=1352797972,R=1879898613: RESULT: hold_snm_v = 0.984067
sample 181 seed=L=704144845,R=1283489007: RESULT: hold_snm_v = 0.976182
sample 182 seed=L=1323603740,R=1604963169: RESULT: hold_snm_v = 1.004758
sample 183 seed=L=1263889719,R=627764769: RESULT: hold_snm_v = 1.005762
sample 184 seed=L=1480697925,R=1680260630: RESULT: hold_snm_v = 0.989679
sample 185 seed=L=1331387155,R=824106232: RESULT: hold_snm_v = 0.972986
sample 186 seed=L=594038651,R=1894975882: RESULT: hold_snm_v = 0.978015
sample 187 seed=L=346143137,R=125665350: RESULT: hold_snm_v = 0.985882
sample 188 seed=L=1226900087,R=193356287: RESULT: hold_snm_v = 1.000157
sample 189 seed=L=596556193,R=1729832777: RESULT: hold_snm_v = 1.007446
sample 190 seed=L=1914723294,R=1051782371: RESULT: hold_snm_v = 0.991299
sample 191 seed=L=1797065199,R=1283489089: RESULT: hold_snm_v = 0.975267
sample 192 seed=L=241099470,R=976941711: RESULT: hold_snm_v = 0.974351
sample 193 seed=L=875931256,R=24880222: RESULT: hold_snm_v = 0.980763
sample 194 seed=L=436077845,R=1269892463: RESULT: hold_snm_v = 1.005003
sample 195 seed=L=110641949,R=215882936: RESULT: hold_snm_v = 1.031258
sample 196 seed=L=1835115193,R=733448653: RESULT: hold_snm_v = 0.97694
sample 197 seed=L=957535975,R=316605786: RESULT: hold_snm_v = 0.990611
sample 198 seed=L=493955078,R=1901708210: RESULT: hold_snm_v = 0.995614
sample 199 seed=L=1738019810,R=196068090: RESULT: hold_snm_v = 0.996324

=== corner ff_-40c_2.97v -- determinism control (sw_stat_mismatch=0) ===
sample 0 seed=L=1479356796,R=1235034667: RESULT: hold_snm_v = 0.999014
sample 1 seed=L=662271285,R=708230429: RESULT: hold_snm_v = 0.999014
sample 2 seed=L=69753409,R=217447997: RESULT: hold_snm_v = 0.999014
sample 3 seed=L=508815650,R=473112775: RESULT: hold_snm_v = 0.999014

=== corner ff_-40c_2.97v -- negative control (known-bad variant: supply collapsed to 0.50 V, far below spec/sram.md's ratified 2.97 V minimum and below this cell's data-retention voltage (the physical hold-stability failure mechanism), with per-instance mismatch drawn at 12x the PDK's own sigma) ===
sample 0 seed=L=70210340,R=692150853: RESULT: hold_snm_v = 0.190039
sample 1 seed=L=1574805701,R=395346828: RESULT: hold_snm_v = -0.01477
sample 2 seed=L=563637968,R=509281803: RESULT: hold_snm_v = -0.014999
sample 3 seed=L=1036721157,R=1681918609: RESULT: hold_snm_v = 0.129763
sample 4 seed=L=404961502,R=87446848: RESULT: hold_snm_v = -0.011767
sample 5 seed=L=633738041,R=619800744: RESULT: hold_snm_v = -0.011586
sample 6 seed=L=996463420,R=45103451: RESULT: hold_snm_v = 0.069676
sample 7 seed=L=261421301,R=1603464426: RESULT: hold_snm_v = 0.108943
sample 8 seed=L=192749634,R=1162325404: RESULT: hold_snm_v = -0.014767
sample 9 seed=L=615079901,R=1146762324: RESULT: hold_snm_v = 0.072948
sample 10 seed=L=1889208276,R=81354992: RESULT: hold_snm_v = -0.015
sample 11 seed=L=1653747147,R=1212004552: RESULT: hold_snm_v = 0.239428
sample 12 seed=L=1388915099,R=1621806135: RESULT: hold_snm_v = 0.116333
sample 13 seed=L=1341333612,R=181695437: RESULT: hold_snm_v = 0.06255
sample 14 seed=L=1486752057,R=897983449: RESULT: hold_snm_v = -0.015
sample 15 seed=L=1100110399,R=1747986233: RESULT: hold_snm_v = -0.015
sample 16 seed=L=452624450,R=171037308: RESULT: hold_snm_v = -0.015
sample 17 seed=L=823580829,R=482974933: RESULT: hold_snm_v = 0.122573
sample 18 seed=L=848726501,R=276629639: RESULT: hold_snm_v = 0.19874
sample 19 seed=L=510321955,R=663037014: RESULT: hold_snm_v = -0.015
sample 20 seed=L=1452254454,R=149578358: RESULT: hold_snm_v = 0.108349
sample 21 seed=L=1042776995,R=1092646120: RESULT: hold_snm_v = -0.014999
sample 22 seed=L=233939337,R=1474780357: RESULT: hold_snm_v = 0.03701
sample 23 seed=L=846687087,R=50834384: RESULT: hold_snm_v = -0.015
sample 24 seed=L=1037285275,R=1890924285: RESULT: hold_snm_v = -0.012213
sample 25 seed=L=1721224600,R=520728661: RESULT: hold_snm_v = -0.011811
sample 26 seed=L=282773766,R=1178084010: RESULT: hold_snm_v = 0.047834
sample 27 seed=L=73228478,R=985437855: RESULT: hold_snm_v = 0.21577
sample 28 seed=L=245936133,R=110139217: RESULT: hold_snm_v = 0.197294
sample 29 seed=L=702939500,R=1517238874: RESULT: hold_snm_v = 0.018864
sample 30 seed=L=1122332231,R=778585423: RESULT: hold_snm_v = 0.186392
sample 31 seed=L=12732997,R=1178163741: RESULT: hold_snm_v = -0.01
sample 32 seed=L=102502991,R=46170748: RESULT: hold_snm_v = -0.014946
sample 33 seed=L=1663782863,R=593685627: RESULT: hold_snm_v = 0.215145
sample 34 seed=L=310817878,R=1694986066: RESULT: hold_snm_v = -0.01169
sample 35 seed=L=1277360196,R=1422154570: RESULT: hold_snm_v = 0.141815
sample 36 seed=L=280065787,R=48022495: RESULT: hold_snm_v = -0.014734
sample 37 seed=L=1032704762,R=875539788: RESULT: hold_snm_v = 0.153507
sample 38 seed=L=1343226321,R=196899569: RESULT: hold_snm_v = 0.022147
sample 39 seed=L=381721288,R=731074729: RESULT: hold_snm_v = 0.05071
sample 40 seed=L=901983519,R=612650965: RESULT: hold_snm_v = 0.095486
sample 41 seed=L=840749006,R=420424528: RESULT: hold_snm_v = 0.194438
sample 42 seed=L=542669026,R=77795414: RESULT: hold_snm_v = -0.015
sample 43 seed=L=434068643,R=1037239586: RESULT: hold_snm_v = 0.132206
sample 44 seed=L=37962615,R=1586931242: RESULT: hold_snm_v = 0.106997
sample 45 seed=L=1819113372,R=1769148634: RESULT: hold_snm_v = -0.011666
sample 46 seed=L=197232524,R=1301180192: RESULT: hold_snm_v = -0.015
sample 47 seed=L=1972504213,R=1975074321: RESULT: hold_snm_v = 0.081879
sample 48 seed=L=201486187,R=338646710: RESULT: hold_snm_v = -0.015
sample 49 seed=L=116306078,R=1234438474: RESULT: hold_snm_v = -0.014999
sample 50 seed=L=1191992118,R=1883553023: RESULT: hold_snm_v = -0.011443
sample 51 seed=L=1440545042,R=595125673: RESULT: hold_snm_v = 0.029541
sample 52 seed=L=1751167975,R=128053322: RESULT: hold_snm_v = 0.206
sample 53 seed=L=575565201,R=1846778121: RESULT: hold_snm_v = 0.12356
sample 54 seed=L=1617515512,R=605189412: RESULT: hold_snm_v = 0.185681
sample 55 seed=L=201544900,R=138537526: RESULT: hold_snm_v = 0.224552
sample 56 seed=L=1166365531,R=1923092460: RESULT: hold_snm_v = -0.015
sample 57 seed=L=1263456260,R=1095204270: RESULT: hold_snm_v = 0.005852
sample 58 seed=L=1728624878,R=820516057: RESULT: hold_snm_v = -0.011002
sample 59 seed=L=227996194,R=1656206416: RESULT: hold_snm_v = -0.013986
sample 60 seed=L=941579230,R=1836566663: RESULT: hold_snm_v = -0.015
sample 61 seed=L=898655688,R=1659858126: RESULT: hold_snm_v = 0.029428
sample 62 seed=L=1887011164,R=537129211: RESULT: hold_snm_v = -0.015
sample 63 seed=L=1797946553,R=1306625175: RESULT: hold_snm_v = 0.09076
sample 64 seed=L=650678623,R=183201041: RESULT: hold_snm_v = 0.152735
sample 65 seed=L=1632094859,R=1146710937: RESULT: hold_snm_v = 0.175101
sample 66 seed=L=1300615029,R=1039872324: RESULT: hold_snm_v = 0.170738
sample 67 seed=L=96939630,R=1581006691: RESULT: hold_snm_v = 0.135526
sample 68 seed=L=685643093,R=1283170364: RESULT: hold_snm_v = -0.014996
sample 69 seed=L=987886981,R=811531260: RESULT: hold_snm_v = 0.180701
sample 70 seed=L=1360521092,R=1863091994: RESULT: hold_snm_v = -0.011044
sample 71 seed=L=409589739,R=130679774: RESULT: hold_snm_v = 0.19286
sample 72 seed=L=827489014,R=1318474374: RESULT: hold_snm_v = -0.014999
sample 73 seed=L=856526452,R=1167677653: RESULT: hold_snm_v = 0.099813
sample 74 seed=L=1358637114,R=728136658: RESULT: hold_snm_v = -0.015
sample 75 seed=L=1065666322,R=191333744: RESULT: hold_snm_v = 0.104645
sample 76 seed=L=1094050464,R=192569074: RESULT: hold_snm_v = 0.17611
sample 77 seed=L=973914069,R=1624748458: RESULT: hold_snm_v = 0.019051
sample 78 seed=L=1258625369,R=581093085: RESULT: hold_snm_v = 0.140723
sample 79 seed=L=69123478,R=1581689305: RESULT: hold_snm_v = -0.003657
sample 80 seed=L=755126882,R=294624538: RESULT: hold_snm_v = 0.133397
sample 81 seed=L=1616589356,R=1692937783: RESULT: hold_snm_v = 0.063449
sample 82 seed=L=1083209517,R=282545587: RESULT: hold_snm_v = -0.004713
sample 83 seed=L=1408277291,R=610230074: RESULT: hold_snm_v = -0.015
sample 84 seed=L=1777132943,R=1135384130: RESULT: hold_snm_v = 0.041967
sample 85 seed=L=1968647362,R=991325640: RESULT: hold_snm_v = 0.072136
sample 86 seed=L=1139930093,R=20497833: RESULT: hold_snm_v = 0.038214
sample 87 seed=L=147002596,R=350466862: RESULT: hold_snm_v = -0.014632
sample 88 seed=L=775505347,R=492291408: RESULT: hold_snm_v = -0.015
sample 89 seed=L=1786995375,R=1622615726: RESULT: hold_snm_v = -0.015
sample 90 seed=L=1980936524,R=1924346188: RESULT: hold_snm_v = -0.011683
sample 91 seed=L=1095413733,R=1956618191: RESULT: hold_snm_v = -0.012041
sample 92 seed=L=142734877,R=512735390: RESULT: hold_snm_v = 0.123901
sample 93 seed=L=956652137,R=935780111: RESULT: hold_snm_v = -0.014997
sample 94 seed=L=186881651,R=1548830157: RESULT: hold_snm_v = -0.015
sample 95 seed=L=1686963041,R=1335855915: RESULT: hold_snm_v = -0.014854
sample 96 seed=L=7754337,R=320748557: RESULT: hold_snm_v = 0.06552
sample 97 seed=L=275941955,R=444755130: RESULT: hold_snm_v = -0.008433
sample 98 seed=L=1200273839,R=244143108: RESULT: hold_snm_v = -0.012362
sample 99 seed=L=1195022078,R=681544407: RESULT: hold_snm_v = 0.198845
