=== corner ff_125c_2.97v -- mismatch samples (sw_stat_mismatch=1) ===
sample 0 seed=L=1961541726,R=1086616734: RESULT: hold_snm_v = 0.911476
sample 1 seed=L=1530767362,R=1587542215: RESULT: hold_snm_v = 0.950274
sample 2 seed=L=1526017097,R=1086760470: RESULT: hold_snm_v = 0.960605
sample 3 seed=L=262849613,R=72107258: RESULT: hold_snm_v = 0.964565
sample 4 seed=L=351854468,R=1036543170: RESULT: hold_snm_v = 0.975085
sample 5 seed=L=67706537,R=1111780622: RESULT: hold_snm_v = 0.911474
sample 6 seed=L=203954986,R=230340715: RESULT: hold_snm_v = 0.970092
sample 7 seed=L=1781129040,R=1201555560: RESULT: hold_snm_v = 0.924987
sample 8 seed=L=1755905299,R=220013451: RESULT: hold_snm_v = 0.945604
sample 9 seed=L=1919814533,R=106041409: RESULT: hold_snm_v = 0.952574
sample 10 seed=L=306425064,R=92573171: RESULT: hold_snm_v = 0.904455
sample 11 seed=L=1317641188,R=916145672: RESULT: hold_snm_v = 0.944412
sample 12 seed=L=972966614,R=1318682823: RESULT: hold_snm_v = 0.944925
sample 13 seed=L=51452332,R=1043166118: RESULT: hold_snm_v = 0.930971
sample 14 seed=L=453368830,R=714923156: RESULT: hold_snm_v = 0.936126
sample 15 seed=L=1804490513,R=1526053531: RESULT: hold_snm_v = 0.945413
sample 16 seed=L=379341234,R=116722500: RESULT: hold_snm_v = 0.933256
sample 17 seed=L=28331761,R=270102652: RESULT: hold_snm_v = 0.948185
sample 18 seed=L=272933897,R=1905021757: RESULT: hold_snm_v = 0.933074
sample 19 seed=L=1600237627,R=165773031: RESULT: hold_snm_v = 0.900801
sample 20 seed=L=180013075,R=726160716: RESULT: hold_snm_v = 0.894839
sample 21 seed=L=225353459,R=1964415993: RESULT: hold_snm_v = 0.93872
sample 22 seed=L=1319246461,R=935509990: RESULT: hold_snm_v = 0.928708
sample 23 seed=L=1130711433,R=1745782472: RESULT: hold_snm_v = 0.91229
sample 24 seed=L=1775851934,R=1573396172: RESULT: hold_snm_v = 0.959134
sample 25 seed=L=970256008,R=1764416305: RESULT: hold_snm_v = 0.928331
sample 26 seed=L=700104573,R=907014888: RESULT: hold_snm_v = 0.934846
sample 27 seed=L=646100640,R=1868245537: RESULT: hold_snm_v = 0.933658
sample 28 seed=L=1280786081,R=477343775: RESULT: hold_snm_v = 0.939191
sample 29 seed=L=1646411888,R=1355522294: RESULT: hold_snm_v = 0.928652
sample 30 seed=L=1272259309,R=1687275333: RESULT: hold_snm_v = 0.918988
sample 31 seed=L=493412197,R=1287449189: RESULT: hold_snm_v = 0.956598
sample 32 seed=L=1650976616,R=250608244: RESULT: hold_snm_v = 0.947589
sample 33 seed=L=1099940280,R=954367075: RESULT: hold_snm_v = 0.928633
sample 34 seed=L=875947160,R=1775671864: RESULT: hold_snm_v = 0.93795
sample 35 seed=L=547517234,R=1388439927: RESULT: hold_snm_v = 0.939908
sample 36 seed=L=1042298183,R=1642630116: RESULT: hold_snm_v = 0.918465
sample 37 seed=L=1090129640,R=1000939043: RESULT: hold_snm_v = 0.935481
sample 38 seed=L=518105618,R=545520995: RESULT: hold_snm_v = 0.914639
sample 39 seed=L=1575684707,R=1569673513: RESULT: hold_snm_v = 0.920711
sample 40 seed=L=208300933,R=1296984585: RESULT: hold_snm_v = 0.938984
sample 41 seed=L=1201818301,R=388883773: RESULT: hold_snm_v = 0.916852
sample 42 seed=L=1387836578,R=522632543: RESULT: hold_snm_v = 0.947671
sample 43 seed=L=727571813,R=745291139: RESULT: hold_snm_v = 0.928378
sample 44 seed=L=974689611,R=1965017091: RESULT: hold_snm_v = 0.946394
sample 45 seed=L=346629117,R=1766366263: RESULT: hold_snm_v = 0.963172
sample 46 seed=L=774460849,R=273074404: RESULT: hold_snm_v = 0.923118
sample 47 seed=L=1647304788,R=622745328: RESULT: hold_snm_v = 0.925427
sample 48 seed=L=164290953,R=1707894328: RESULT: hold_snm_v = 0.935686
sample 49 seed=L=294798339,R=925122341: RESULT: hold_snm_v = 0.906967
sample 50 seed=L=470925310,R=253607880: RESULT: hold_snm_v = 0.917899
sample 51 seed=L=161754127,R=1269975398: RESULT: hold_snm_v = 0.951292
sample 52 seed=L=108076631,R=919408360: RESULT: hold_snm_v = 0.927211
sample 53 seed=L=1049574858,R=1353081201: RESULT: hold_snm_v = 0.937062
sample 54 seed=L=1026009755,R=1298833097: RESULT: hold_snm_v = 0.937017
sample 55 seed=L=1396133491,R=669653125: RESULT: hold_snm_v = 0.920897
sample 56 seed=L=1522618885,R=253206624: RESULT: hold_snm_v = 0.910917
sample 57 seed=L=1549800037,R=85553589: RESULT: hold_snm_v = 0.947125
sample 58 seed=L=24867485,R=49942441: RESULT: hold_snm_v = 0.930264
sample 59 seed=L=1094330774,R=1242064815: RESULT: hold_snm_v = 0.947625
sample 60 seed=L=1736624888,R=1982711566: RESULT: hold_snm_v = 0.919709
sample 61 seed=L=252664204,R=891886834: RESULT: hold_snm_v = 0.891422
sample 62 seed=L=1697696354,R=58468090: RESULT: hold_snm_v = 0.942189
sample 63 seed=L=1522777517,R=1765940059: RESULT: hold_snm_v = 0.933112
sample 64 seed=L=255410093,R=581175336: RESULT: hold_snm_v = 0.922974
sample 65 seed=L=1170749823,R=805530896: RESULT: hold_snm_v = 0.944534
sample 66 seed=L=86322300,R=518112352: RESULT: hold_snm_v = 0.920787
sample 67 seed=L=133419690,R=807643161: RESULT: hold_snm_v = 0.908603
sample 68 seed=L=31891762,R=1025282041: RESULT: hold_snm_v = 0.919784
sample 69 seed=L=1706393503,R=758685472: RESULT: hold_snm_v = 0.903549
sample 70 seed=L=1579903364,R=1722303178: RESULT: hold_snm_v = 0.934496
sample 71 seed=L=811533028,R=292819621: RESULT: hold_snm_v = 0.941257
sample 72 seed=L=160698470,R=626052582: RESULT: hold_snm_v = 0.952217
sample 73 seed=L=1215511114,R=1766439885: RESULT: hold_snm_v = 0.894836
sample 74 seed=L=280164022,R=929583221: RESULT: hold_snm_v = 0.94238
sample 75 seed=L=1204660426,R=489304836: RESULT: hold_snm_v = 0.911848
sample 76 seed=L=600809710,R=1500744161: RESULT: hold_snm_v = 0.936167
sample 77 seed=L=187828923,R=450663177: RESULT: hold_snm_v = 0.930776
sample 78 seed=L=861629895,R=1711391288: RESULT: hold_snm_v = 0.94517
sample 79 seed=L=1292305006,R=1496275456: RESULT: hold_snm_v = 0.939705
sample 80 seed=L=1335037765,R=1324379680: RESULT: hold_snm_v = 0.924522
sample 81 seed=L=1256047222,R=761134355: RESULT: hold_snm_v = 0.947374
sample 82 seed=L=211472122,R=259403517: RESULT: hold_snm_v = 0.930962
sample 83 seed=L=1187711780,R=146263713: RESULT: hold_snm_v = 0.891382
sample 84 seed=L=1381348892,R=152792127: RESULT: hold_snm_v = 0.93119
sample 85 seed=L=644476155,R=884646962: RESULT: hold_snm_v = 0.935762
sample 86 seed=L=1074529664,R=423295051: RESULT: hold_snm_v = 0.906808
sample 87 seed=L=688109470,R=1847870347: RESULT: hold_snm_v = 0.927138
sample 88 seed=L=1306387061,R=1606240716: RESULT: hold_snm_v = 0.928873
sample 89 seed=L=874324688,R=774160725: RESULT: hold_snm_v = 0.974425
sample 90 seed=L=362164481,R=1044986953: RESULT: hold_snm_v = 0.914699
sample 91 seed=L=1413591196,R=1768739146: RESULT: hold_snm_v = 0.955407
sample 92 seed=L=920589279,R=1859469594: RESULT: hold_snm_v = 0.93237
sample 93 seed=L=597052478,R=1351054240: RESULT: hold_snm_v = 0.926044
sample 94 seed=L=788730508,R=761109393: RESULT: hold_snm_v = 0.932156
sample 95 seed=L=968441532,R=1031978444: RESULT: hold_snm_v = 0.943503
sample 96 seed=L=123308598,R=373431607: RESULT: hold_snm_v = 0.947906
sample 97 seed=L=751941406,R=1405129522: RESULT: hold_snm_v = 0.901592
sample 98 seed=L=1810738657,R=290089242: RESULT: hold_snm_v = 0.917491
sample 99 seed=L=770181365,R=457666964: RESULT: hold_snm_v = 0.968038
sample 100 seed=L=1775226099,R=214433857: RESULT: hold_snm_v = 0.943564
sample 101 seed=L=1357781253,R=1717470630: RESULT: hold_snm_v = 0.923009
sample 102 seed=L=885588743,R=1497008514: RESULT: hold_snm_v = 0.937108
sample 103 seed=L=1166748300,R=698946153: RESULT: hold_snm_v = 0.913214
sample 104 seed=L=472427915,R=1765524974: RESULT: hold_snm_v = 0.921559
sample 105 seed=L=900708017,R=809126085: RESULT: hold_snm_v = 0.939807
sample 106 seed=L=79380014,R=634275523: RESULT: hold_snm_v = 0.901439
sample 107 seed=L=846029419,R=283332795: RESULT: hold_snm_v = 0.931647
sample 108 seed=L=969328232,R=233349002: RESULT: hold_snm_v = 0.914446
sample 109 seed=L=272940207,R=1411893004: RESULT: hold_snm_v = 0.946841
sample 110 seed=L=1446824642,R=165608202: RESULT: hold_snm_v = 0.912279
sample 111 seed=L=150259276,R=28794688: RESULT: hold_snm_v = 0.931596
sample 112 seed=L=918318641,R=237220409: RESULT: hold_snm_v = 0.924699
sample 113 seed=L=1373632691,R=1355893787: RESULT: hold_snm_v = 0.935424
sample 114 seed=L=781574099,R=1207560160: RESULT: hold_snm_v = 0.924267
sample 115 seed=L=143296305,R=523292987: RESULT: hold_snm_v = 0.935751
sample 116 seed=L=1791555100,R=1002881434: RESULT: hold_snm_v = 0.922768
sample 117 seed=L=945307950,R=1347505399: RESULT: hold_snm_v = 0.930932
sample 118 seed=L=1656519541,R=1577612214: RESULT: hold_snm_v = 0.936516
sample 119 seed=L=179337514,R=476777464: RESULT: hold_snm_v = 0.938136
sample 120 seed=L=803678084,R=252060698: RESULT: hold_snm_v = 0.957038
sample 121 seed=L=1995368184,R=1804221538: RESULT: hold_snm_v = 0.934417
sample 122 seed=L=132928920,R=1518265725: RESULT: hold_snm_v = 0.905548
sample 123 seed=L=743217727,R=1322743358: RESULT: hold_snm_v = 0.918886
sample 124 seed=L=1124210500,R=1112974269: RESULT: hold_snm_v = 0.928911
sample 125 seed=L=766456628,R=1735440339: RESULT: hold_snm_v = 0.943828
sample 126 seed=L=1493567430,R=505452833: RESULT: hold_snm_v = 0.905645
sample 127 seed=L=113753199,R=372632938: RESULT: hold_snm_v = 0.924449
sample 128 seed=L=1394815145,R=541233326: RESULT: hold_snm_v = 0.943607
sample 129 seed=L=1272558826,R=1877574890: RESULT: hold_snm_v = 0.919204
sample 130 seed=L=244100569,R=1513840730: RESULT: hold_snm_v = 0.952861
sample 131 seed=L=1071427518,R=769168445: RESULT: hold_snm_v = 0.909185
sample 132 seed=L=1554385790,R=201771201: RESULT: hold_snm_v = 0.951391
sample 133 seed=L=437184396,R=960178733: RESULT: hold_snm_v = 0.921178
sample 134 seed=L=756655438,R=1959506581: RESULT: hold_snm_v = 0.933329
sample 135 seed=L=261239089,R=341824705: RESULT: hold_snm_v = 0.939408
sample 136 seed=L=1076067075,R=589875740: RESULT: hold_snm_v = 0.91507
sample 137 seed=L=20210415,R=1081126142: RESULT: hold_snm_v = 0.914511
sample 138 seed=L=503801836,R=311695178: RESULT: hold_snm_v = 0.926434
sample 139 seed=L=1432095728,R=357143614: RESULT: hold_snm_v = 0.95011
sample 140 seed=L=1450919545,R=232446836: RESULT: hold_snm_v = 0.935084
sample 141 seed=L=1813426643,R=321457259: RESULT: hold_snm_v = 0.929954
sample 142 seed=L=370109510,R=394673812: RESULT: hold_snm_v = 0.96554
sample 143 seed=L=1557501648,R=937815636: RESULT: hold_snm_v = 0.946415
sample 144 seed=L=801432749,R=854943302: RESULT: hold_snm_v = 0.932999
sample 145 seed=L=312960686,R=285457945: RESULT: hold_snm_v = 0.928926
sample 146 seed=L=291918334,R=646170621: RESULT: hold_snm_v = 0.909297
sample 147 seed=L=296569083,R=1954307921: RESULT: hold_snm_v = 0.936583
sample 148 seed=L=771447009,R=1121148019: RESULT: hold_snm_v = 0.921525
sample 149 seed=L=1198484490,R=1761759839: RESULT: hold_snm_v = 0.92156
sample 150 seed=L=669767140,R=1432864337: RESULT: hold_snm_v = 0.961552
sample 151 seed=L=1509323442,R=1385104828: RESULT: hold_snm_v = 0.916709
sample 152 seed=L=1251401608,R=1937004909: RESULT: hold_snm_v = 0.933798
sample 153 seed=L=1157283604,R=611996687: RESULT: hold_snm_v = 0.911579
sample 154 seed=L=992815633,R=1409401792: RESULT: hold_snm_v = 0.898562
sample 155 seed=L=1481241610,R=1531060400: RESULT: hold_snm_v = 0.898084
sample 156 seed=L=215523248,R=600311422: RESULT: hold_snm_v = 0.904403
sample 157 seed=L=781888654,R=1275001540: RESULT: hold_snm_v = 0.924575
sample 158 seed=L=259417474,R=100336334: RESULT: hold_snm_v = 0.925152
sample 159 seed=L=1030878030,R=184412918: RESULT: hold_snm_v = 0.925818
sample 160 seed=L=171231068,R=51310462: RESULT: hold_snm_v = 0.953615
sample 161 seed=L=142826649,R=874382955: RESULT: hold_snm_v = 0.930459
sample 162 seed=L=1832367279,R=1134347018: RESULT: hold_snm_v = 0.931068
sample 163 seed=L=1268718374,R=1656592758: RESULT: hold_snm_v = 0.938823
sample 164 seed=L=529684408,R=975560406: RESULT: hold_snm_v = 0.934765
sample 165 seed=L=88288623,R=1146344500: RESULT: hold_snm_v = 0.902261
sample 166 seed=L=661387284,R=1757108896: RESULT: hold_snm_v = 0.912166
sample 167 seed=L=217535398,R=1921559272: RESULT: hold_snm_v = 0.921864
sample 168 seed=L=529972584,R=1555920512: RESULT: hold_snm_v = 0.909315
sample 169 seed=L=1379644669,R=680065111: RESULT: hold_snm_v = 0.922644
sample 170 seed=L=594945776,R=24339567: RESULT: hold_snm_v = 0.944727
sample 171 seed=L=813313591,R=1667037317: RESULT: hold_snm_v = 0.941225
sample 172 seed=L=1207686824,R=1452641038: RESULT: hold_snm_v = 0.927606
sample 173 seed=L=1314822927,R=409377210: RESULT: hold_snm_v = 0.94124
sample 174 seed=L=990246498,R=1860594743: RESULT: hold_snm_v = 0.928598
sample 175 seed=L=493127919,R=149214469: RESULT: hold_snm_v = 0.947047
sample 176 seed=L=189212757,R=1041125287: RESULT: hold_snm_v = 0.958903
sample 177 seed=L=20191015,R=1580461545: RESULT: hold_snm_v = 0.917181
sample 178 seed=L=1369536996,R=574424387: RESULT: hold_snm_v = 0.95607
sample 179 seed=L=74827966,R=429504460: RESULT: hold_snm_v = 0.931876
sample 180 seed=L=1613883293,R=1342635243: RESULT: hold_snm_v = 0.913851
sample 181 seed=L=524185520,R=1976440522: RESULT: hold_snm_v = 0.933937
sample 182 seed=L=1204930782,R=257484991: RESULT: hold_snm_v = 0.928553
sample 183 seed=L=1842511906,R=1012926479: RESULT: hold_snm_v = 0.921853
sample 184 seed=L=925409367,R=1071272392: RESULT: hold_snm_v = 0.925651
sample 185 seed=L=362686477,R=558279347: RESULT: hold_snm_v = 0.930745
sample 186 seed=L=903790944,R=539722539: RESULT: hold_snm_v = 0.922628
sample 187 seed=L=1710831244,R=672440964: RESULT: hold_snm_v = 0.953122
sample 188 seed=L=661476250,R=400025706: RESULT: hold_snm_v = 0.941049
sample 189 seed=L=1302187279,R=536244158: RESULT: hold_snm_v = 0.935011
sample 190 seed=L=1285416956,R=1105727850: RESULT: hold_snm_v = 0.947459
sample 191 seed=L=1984003527,R=1956437661: RESULT: hold_snm_v = 0.952663
sample 192 seed=L=604529542,R=718645503: RESULT: hold_snm_v = 0.940263
sample 193 seed=L=1799313582,R=960203119: RESULT: hold_snm_v = 0.941324
sample 194 seed=L=211974633,R=193156658: RESULT: hold_snm_v = 0.918771
sample 195 seed=L=1471588495,R=531152157: RESULT: hold_snm_v = 0.985434
sample 196 seed=L=128826566,R=221571787: RESULT: hold_snm_v = 0.922798
sample 197 seed=L=1891367934,R=1734731546: RESULT: hold_snm_v = 0.922639
sample 198 seed=L=100084314,R=1710434342: RESULT: hold_snm_v = 0.944389
sample 199 seed=L=1479840921,R=701442509: RESULT: hold_snm_v = 0.929462

=== corner ff_125c_2.97v -- determinism control (sw_stat_mismatch=0) ===
sample 0 seed=L=652378453,R=1767715304: RESULT: hold_snm_v = 0.930461
sample 1 seed=L=601527983,R=272636663: RESULT: hold_snm_v = 0.930461
sample 2 seed=L=745310077,R=423434617: RESULT: hold_snm_v = 0.930461
sample 3 seed=L=1553070278,R=1039832177: RESULT: hold_snm_v = 0.930461

=== corner ff_125c_2.97v -- negative control (known-bad variant: supply collapsed to 0.50 V, far below spec/sram.md's ratified 2.97 V minimum and below this cell's data-retention voltage (the physical hold-stability failure mechanism), with per-instance mismatch drawn at 12x the PDK's own sigma) ===
sample 0 seed=L=293410490,R=515232467: RESULT: hold_snm_v = -0.014998
sample 1 seed=L=1194619755,R=1274637542: RESULT: hold_snm_v = 0.162124
sample 2 seed=L=1151185975,R=1166575318: RESULT: hold_snm_v = -0.010279
sample 3 seed=L=1187023944,R=2420080: RESULT: hold_snm_v = -0.014997
sample 4 seed=L=1094813224,R=1931705059: RESULT: hold_snm_v = 0.059848
sample 5 seed=L=109251170,R=1350103334: RESULT: hold_snm_v = -0.010263
sample 6 seed=L=59846701,R=1976709389: RESULT: hold_snm_v = 0.172373
sample 7 seed=L=83179556,R=60621411: RESULT: hold_snm_v = -0.014982
sample 8 seed=L=1233923120,R=1238945180: RESULT: hold_snm_v = -0.015
sample 9 seed=L=800824529,R=131149162: RESULT: hold_snm_v = 0.135492
sample 10 seed=L=24060084,R=189766579: RESULT: hold_snm_v = 0.006381
sample 11 seed=L=1864721845,R=1757594236: RESULT: hold_snm_v = 0.094095
sample 12 seed=L=155301688,R=1585256187: RESULT: hold_snm_v = 0.173841
sample 13 seed=L=1323528853,R=1695963011: RESULT: hold_snm_v = -0.011436
sample 14 seed=L=20672519,R=1277291707: RESULT: hold_snm_v = 0.059683
sample 15 seed=L=594826843,R=449149485: RESULT: hold_snm_v = -0.015
sample 16 seed=L=857251720,R=662531114: RESULT: hold_snm_v = 0.060121
sample 17 seed=L=868431486,R=1289847835: RESULT: hold_snm_v = 0.171254
sample 18 seed=L=345550942,R=468349837: RESULT: hold_snm_v = -0.015
sample 19 seed=L=1349752637,R=1759740236: RESULT: hold_snm_v = 0.128091
sample 20 seed=L=247322915,R=1575807749: RESULT: hold_snm_v = 0.051042
sample 21 seed=L=146727282,R=103399286: RESULT: hold_snm_v = 0.050822
sample 22 seed=L=272066327,R=299004587: RESULT: hold_snm_v = 0.230045
sample 23 seed=L=1741767204,R=1335894378: RESULT: hold_snm_v = -0.014999
sample 24 seed=L=17414133,R=162006801: RESULT: hold_snm_v = 0.186216
sample 25 seed=L=1616458180,R=299616083: RESULT: hold_snm_v = 0.16086
sample 26 seed=L=85319681,R=778790103: RESULT: hold_snm_v = 0.141955
sample 27 seed=L=462131203,R=827934558: RESULT: hold_snm_v = -0.013924
sample 28 seed=L=100038671,R=1791793184: RESULT: hold_snm_v = 0.142955
sample 29 seed=L=1690657167,R=554882840: RESULT: hold_snm_v = -0.014999
sample 30 seed=L=1423681676,R=1078016767: RESULT: hold_snm_v = 0.13187
sample 31 seed=L=1538592654,R=177466574: RESULT: hold_snm_v = -0.010086
sample 32 seed=L=1602200084,R=33607332: RESULT: hold_snm_v = 0.141899
sample 33 seed=L=994229090,R=1313926395: RESULT: hold_snm_v = -0.009795
sample 34 seed=L=1320857618,R=594183189: RESULT: hold_snm_v = 0.140505
sample 35 seed=L=1667912235,R=111818765: RESULT: hold_snm_v = 0.005714
sample 36 seed=L=177209569,R=757391344: RESULT: hold_snm_v = 0.115953
sample 37 seed=L=1178248002,R=857038733: RESULT: hold_snm_v = -0.014999
sample 38 seed=L=693679114,R=7131103: RESULT: hold_snm_v = 0.208815
sample 39 seed=L=7962098,R=428739143: RESULT: hold_snm_v = 0.115007
sample 40 seed=L=273015434,R=80573551: RESULT: hold_snm_v = 0.151924
sample 41 seed=L=876018587,R=1331437798: RESULT: hold_snm_v = 0.002501
sample 42 seed=L=1400752396,R=511589868: RESULT: hold_snm_v = 0.157782
sample 43 seed=L=911565709,R=1578512822: RESULT: hold_snm_v = 0.09416
sample 44 seed=L=573415825,R=1087750337: RESULT: hold_snm_v = 0.066901
sample 45 seed=L=1810249521,R=825280045: RESULT: hold_snm_v = 0.16226
sample 46 seed=L=1363934817,R=435816573: RESULT: hold_snm_v = -0.012917
sample 47 seed=L=1552901355,R=490422078: RESULT: hold_snm_v = 0.24314
sample 48 seed=L=212654586,R=176979380: RESULT: hold_snm_v = 0.129767
sample 49 seed=L=732339397,R=324543596: RESULT: hold_snm_v = 0.130452
sample 50 seed=L=1513706092,R=387144795: RESULT: hold_snm_v = -0.014352
sample 51 seed=L=1394560936,R=342743532: RESULT: hold_snm_v = 0.163007
sample 52 seed=L=244464240,R=698693572: RESULT: hold_snm_v = -0.014997
sample 53 seed=L=1801015388,R=997006378: RESULT: hold_snm_v = 0.211955
sample 54 seed=L=1515412525,R=1004384882: RESULT: hold_snm_v = -0.014992
sample 55 seed=L=26457126,R=652582711: RESULT: hold_snm_v = 0.067183
sample 56 seed=L=986219133,R=350294031: RESULT: hold_snm_v = 0.055997
sample 57 seed=L=409020195,R=1709300651: RESULT: hold_snm_v = -0.01119
sample 58 seed=L=163266738,R=1842861088: RESULT: hold_snm_v = -0.014961
sample 59 seed=L=1348583867,R=717309226: RESULT: hold_snm_v = 0.175054
sample 60 seed=L=1705167229,R=500494296: RESULT: hold_snm_v = 0.231563
sample 61 seed=L=1957504341,R=454551220: RESULT: hold_snm_v = -0.011233
sample 62 seed=L=293195348,R=1841444853: RESULT: hold_snm_v = -0.014964
sample 63 seed=L=1298044210,R=1241599140: RESULT: hold_snm_v = -0.002475
sample 64 seed=L=1245187096,R=31270304: RESULT: hold_snm_v = 0.122565
sample 65 seed=L=1322878545,R=52808696: RESULT: hold_snm_v = -0.015
sample 66 seed=L=251560011,R=581815496: RESULT: hold_snm_v = 0.077011
sample 67 seed=L=226137302,R=1548514444: RESULT: hold_snm_v = -0.014999
sample 68 seed=L=222214068,R=1881584671: RESULT: hold_snm_v = -0.000796
sample 69 seed=L=442323751,R=1383421754: RESULT: hold_snm_v = 0.13889
sample 70 seed=L=84701932,R=153919417: RESULT: hold_snm_v = -0.01499
sample 71 seed=L=137407487,R=1603168938: RESULT: hold_snm_v = 0.16707
sample 72 seed=L=1988560660,R=53376372: RESULT: hold_snm_v = 0.188028
sample 73 seed=L=638545637,R=407355370: RESULT: hold_snm_v = -0.006689
sample 74 seed=L=1681122262,R=1228741741: RESULT: hold_snm_v = -0.015
sample 75 seed=L=794067640,R=1330816839: RESULT: hold_snm_v = 0.16871
sample 76 seed=L=1541835562,R=1470262021: RESULT: hold_snm_v = -0.015
sample 77 seed=L=1479631474,R=1626787498: RESULT: hold_snm_v = 0.118451
sample 78 seed=L=1606040335,R=1004454738: RESULT: hold_snm_v = -0.014824
sample 79 seed=L=1722235502,R=257396721: RESULT: hold_snm_v = -0.015
sample 80 seed=L=1774569138,R=1402789328: RESULT: hold_snm_v = 0.012356
sample 81 seed=L=739998406,R=1372299636: RESULT: hold_snm_v = 0.168941
sample 82 seed=L=1283249622,R=1045154667: RESULT: hold_snm_v = -0.014993
sample 83 seed=L=701104462,R=100710182: RESULT: hold_snm_v = -0.014998
sample 84 seed=L=1086371160,R=1434672499: RESULT: hold_snm_v = -0.014993
sample 85 seed=L=1085659375,R=211974285: RESULT: hold_snm_v = 0.106534
sample 86 seed=L=762398532,R=1460855586: RESULT: hold_snm_v = 0.042358
sample 87 seed=L=1845751875,R=1761970079: RESULT: hold_snm_v = -0.006174
sample 88 seed=L=478912420,R=853962247: RESULT: hold_snm_v = 0.071834
sample 89 seed=L=503995309,R=118572409: RESULT: hold_snm_v = 0.203846
sample 90 seed=L=1562412624,R=62946583: RESULT: hold_snm_v = 0.058155
sample 91 seed=L=709303026,R=116013560: RESULT: hold_snm_v = -0.014917
sample 92 seed=L=1349711235,R=1394209745: RESULT: hold_snm_v = -0.014698
sample 93 seed=L=1418094169,R=1169241456: RESULT: hold_snm_v = -0.015
sample 94 seed=L=887473302,R=12974551: RESULT: hold_snm_v = 0.070726
sample 95 seed=L=1260680288,R=1007814343: RESULT: hold_snm_v = 0.074278
sample 96 seed=L=1452629843,R=1505026040: RESULT: hold_snm_v = 0.191716
sample 97 seed=L=1469303640,R=297524736: RESULT: hold_snm_v = -0.014977
sample 98 seed=L=468796850,R=1450439909: RESULT: hold_snm_v = 0.051234
sample 99 seed=L=40400125,R=795222375: RESULT: hold_snm_v = -0.014996
