=== corner ff_25c_3.30v -- mismatch samples (sw_stat_mismatch=1) ===
sample 0 seed=L=1212933117,R=1518640581: RESULT: hold_snm_v = 1.029495
sample 1 seed=L=926522466,R=698180521: RESULT: hold_snm_v = 1.048544
sample 2 seed=L=477075147,R=170757600: RESULT: hold_snm_v = 1.020881
sample 3 seed=L=1108163504,R=1686173362: RESULT: hold_snm_v = 1.053945
sample 4 seed=L=894681381,R=1051439529: RESULT: hold_snm_v = 1.040531
sample 5 seed=L=1188610298,R=1565122998: RESULT: hold_snm_v = 1.057585
sample 6 seed=L=1844374909,R=1918990446: RESULT: hold_snm_v = 1.063788
sample 7 seed=L=1663381447,R=1429852609: RESULT: hold_snm_v = 1.040975
sample 8 seed=L=1028249423,R=677787651: RESULT: hold_snm_v = 1.04249
sample 9 seed=L=88209228,R=889087053: RESULT: hold_snm_v = 1.046213
sample 10 seed=L=1526753424,R=1769458933: RESULT: hold_snm_v = 1.052138
sample 11 seed=L=1501343255,R=1065030124: RESULT: hold_snm_v = 1.012811
sample 12 seed=L=707345557,R=1676240430: RESULT: hold_snm_v = 1.049262
sample 13 seed=L=197837508,R=281635899: RESULT: hold_snm_v = 1.067771
sample 14 seed=L=1218702724,R=181957704: RESULT: hold_snm_v = 1.025795
sample 15 seed=L=96854626,R=1615452070: RESULT: hold_snm_v = 1.024291
sample 16 seed=L=756835085,R=1881192025: RESULT: hold_snm_v = 1.035653
sample 17 seed=L=114493666,R=1163045588: RESULT: hold_snm_v = 1.039331
sample 18 seed=L=1788250780,R=117213856: RESULT: hold_snm_v = 1.02099
sample 19 seed=L=1143088287,R=772401690: RESULT: hold_snm_v = 1.067591
sample 20 seed=L=1096254863,R=1899616233: RESULT: hold_snm_v = 1.084263
sample 21 seed=L=64933916,R=404888563: RESULT: hold_snm_v = 1.036496
sample 22 seed=L=870672105,R=598826324: RESULT: hold_snm_v = 1.048283
sample 23 seed=L=520238032,R=687966467: RESULT: hold_snm_v = 1.060533
sample 24 seed=L=1013423673,R=40152823: RESULT: hold_snm_v = 1.045246
sample 25 seed=L=1929601925,R=98186715: RESULT: hold_snm_v = 1.060966
sample 26 seed=L=54236404,R=377081999: RESULT: hold_snm_v = 1.024826
sample 27 seed=L=1339039820,R=1347207563: RESULT: hold_snm_v = 1.040074
sample 28 seed=L=1618549534,R=314729503: RESULT: hold_snm_v = 1.005366
sample 29 seed=L=166975566,R=942205137: RESULT: hold_snm_v = 1.051805
sample 30 seed=L=1648903551,R=719988829: RESULT: hold_snm_v = 1.068218
sample 31 seed=L=1206074111,R=563161242: RESULT: hold_snm_v = 1.039222
sample 32 seed=L=1056743398,R=919330298: RESULT: hold_snm_v = 1.058757
sample 33 seed=L=122911845,R=901953385: RESULT: hold_snm_v = 1.040276
sample 34 seed=L=863797947,R=1744621828: RESULT: hold_snm_v = 1.013946
sample 35 seed=L=1209451643,R=927216305: RESULT: hold_snm_v = 1.042893
sample 36 seed=L=62867114,R=1394732172: RESULT: hold_snm_v = 1.067814
sample 37 seed=L=204345804,R=1587194847: RESULT: hold_snm_v = 1.040882
sample 38 seed=L=1718430491,R=1913388317: RESULT: hold_snm_v = 1.039019
sample 39 seed=L=435019680,R=152614683: RESULT: hold_snm_v = 1.026993
sample 40 seed=L=535703643,R=11776139: RESULT: hold_snm_v = 1.037253
sample 41 seed=L=261272408,R=735209972: RESULT: hold_snm_v = 1.038221
sample 42 seed=L=573399775,R=619108873: RESULT: hold_snm_v = 1.030176
sample 43 seed=L=1934178585,R=1229261637: RESULT: hold_snm_v = 1.051156
sample 44 seed=L=879669781,R=381253970: RESULT: hold_snm_v = 1.059182
sample 45 seed=L=888519388,R=939671015: RESULT: hold_snm_v = 1.036569
sample 46 seed=L=1152802943,R=1188928588: RESULT: hold_snm_v = 1.064623
sample 47 seed=L=1715976518,R=14857388: RESULT: hold_snm_v = 1.054558
sample 48 seed=L=1143612528,R=1192846314: RESULT: hold_snm_v = 0.996112
sample 49 seed=L=1938793682,R=1166025660: RESULT: hold_snm_v = 1.047552
sample 50 seed=L=71493365,R=648158330: RESULT: hold_snm_v = 1.040918
sample 51 seed=L=1488115404,R=590351324: RESULT: hold_snm_v = 1.045783
sample 52 seed=L=1643670613,R=1590392689: RESULT: hold_snm_v = 1.048205
sample 53 seed=L=1461218715,R=116252098: RESULT: hold_snm_v = 1.032443
sample 54 seed=L=1251727673,R=713420809: RESULT: hold_snm_v = 1.039495
sample 55 seed=L=1951783248,R=590900912: RESULT: hold_snm_v = 1.046396
sample 56 seed=L=404624831,R=1157152064: RESULT: hold_snm_v = 1.091085
sample 57 seed=L=983668766,R=633688122: RESULT: hold_snm_v = 1.056866
sample 58 seed=L=1407432767,R=236577036: RESULT: hold_snm_v = 1.048787
sample 59 seed=L=488090042,R=1336675273: RESULT: hold_snm_v = 1.034461
sample 60 seed=L=734380283,R=1955002052: RESULT: hold_snm_v = 1.047839
sample 61 seed=L=458877042,R=469691634: RESULT: hold_snm_v = 1.048777
sample 62 seed=L=197612140,R=41579346: RESULT: hold_snm_v = 1.07641
sample 63 seed=L=572518442,R=1255007245: RESULT: hold_snm_v = 1.046698
sample 64 seed=L=1421042622,R=748862799: RESULT: hold_snm_v = 1.029436
sample 65 seed=L=291268021,R=354486609: RESULT: hold_snm_v = 1.026289
sample 66 seed=L=687953803,R=1493192927: RESULT: hold_snm_v = 1.039198
sample 67 seed=L=517562757,R=1073832480: RESULT: hold_snm_v = 1.031733
sample 68 seed=L=1045698067,R=340917436: RESULT: hold_snm_v = 1.028676
sample 69 seed=L=404336964,R=60089984: RESULT: hold_snm_v = 1.04649
sample 70 seed=L=978411641,R=100434896: RESULT: hold_snm_v = 1.053766
sample 71 seed=L=1521039427,R=212488765: RESULT: hold_snm_v = 1.087417
sample 72 seed=L=467547522,R=544972432: RESULT: hold_snm_v = 1.038539
sample 73 seed=L=556486400,R=35681798: RESULT: hold_snm_v = 1.050374
sample 74 seed=L=176260679,R=1794481505: RESULT: hold_snm_v = 1.044936
sample 75 seed=L=1731382806,R=654640646: RESULT: hold_snm_v = 1.037704
sample 76 seed=L=1240508297,R=84367872: RESULT: hold_snm_v = 1.068088
sample 77 seed=L=1394837883,R=851448901: RESULT: hold_snm_v = 1.072746
sample 78 seed=L=506332795,R=64910361: RESULT: hold_snm_v = 1.03949
sample 79 seed=L=409645191,R=205342520: RESULT: hold_snm_v = 1.071285
sample 80 seed=L=720251151,R=821695091: RESULT: hold_snm_v = 1.054307
sample 81 seed=L=1748028669,R=633150740: RESULT: hold_snm_v = 1.032963
sample 82 seed=L=990499219,R=1617278190: RESULT: hold_snm_v = 1.085293
sample 83 seed=L=70552632,R=295794165: RESULT: hold_snm_v = 1.046693
sample 84 seed=L=671807920,R=631882523: RESULT: hold_snm_v = 1.056423
sample 85 seed=L=208691782,R=896756771: RESULT: hold_snm_v = 1.058191
sample 86 seed=L=1967267878,R=501681637: RESULT: hold_snm_v = 1.055731
sample 87 seed=L=618868707,R=1020384994: RESULT: hold_snm_v = 1.059131
sample 88 seed=L=1080424669,R=445972779: RESULT: hold_snm_v = 1.053698
sample 89 seed=L=1587989476,R=520346287: RESULT: hold_snm_v = 1.048523
sample 90 seed=L=869547369,R=621384918: RESULT: hold_snm_v = 1.051756
sample 91 seed=L=265824071,R=1866877769: RESULT: hold_snm_v = 1.038365
sample 92 seed=L=1826265329,R=882694859: RESULT: hold_snm_v = 1.045949
sample 93 seed=L=540980398,R=1058416229: RESULT: hold_snm_v = 1.0438
sample 94 seed=L=499794992,R=1086803411: RESULT: hold_snm_v = 1.053121
sample 95 seed=L=1032298359,R=1825907854: RESULT: hold_snm_v = 1.041055
sample 96 seed=L=1790613702,R=93817896: RESULT: hold_snm_v = 1.043312
sample 97 seed=L=1624638221,R=361546110: RESULT: hold_snm_v = 1.049402
sample 98 seed=L=403745928,R=128272815: RESULT: hold_snm_v = 1.061177
sample 99 seed=L=1506041913,R=333752762: RESULT: hold_snm_v = 1.034859
sample 100 seed=L=170735578,R=1117911021: RESULT: hold_snm_v = 1.073448
sample 101 seed=L=1444033796,R=274575387: RESULT: hold_snm_v = 1.046897
sample 102 seed=L=1815408301,R=1783017493: RESULT: hold_snm_v = 1.025303
sample 103 seed=L=1617532236,R=1497337953: RESULT: hold_snm_v = 1.017451
sample 104 seed=L=1169201558,R=979461441: RESULT: hold_snm_v = 1.085625
sample 105 seed=L=208583574,R=1209685579: RESULT: hold_snm_v = 1.045333
sample 106 seed=L=1315093384,R=911862939: RESULT: hold_snm_v = 1.051083
sample 107 seed=L=1337417582,R=345685269: RESULT: hold_snm_v = 1.045937
sample 108 seed=L=1441621751,R=106906432: RESULT: hold_snm_v = 1.08682
sample 109 seed=L=1079632634,R=1241728877: RESULT: hold_snm_v = 1.035635
sample 110 seed=L=191245058,R=1869504733: RESULT: hold_snm_v = 1.074109
sample 111 seed=L=1960762694,R=871059074: RESULT: hold_snm_v = 1.045149
sample 112 seed=L=764717336,R=1965351562: RESULT: hold_snm_v = 1.069444
sample 113 seed=L=1095452417,R=1142852910: RESULT: hold_snm_v = 1.024171
sample 114 seed=L=90080963,R=833242063: RESULT: hold_snm_v = 1.036378
sample 115 seed=L=316069672,R=50493320: RESULT: hold_snm_v = 1.060466
sample 116 seed=L=221998978,R=370721281: RESULT: hold_snm_v = 1.064524
sample 117 seed=L=1064858911,R=1892207515: RESULT: hold_snm_v = 1.064936
sample 118 seed=L=1455971344,R=633994384: RESULT: hold_snm_v = 1.080218
sample 119 seed=L=1967274488,R=249795659: RESULT: hold_snm_v = 1.045002
sample 120 seed=L=525730266,R=1709520535: RESULT: hold_snm_v = 1.054921
sample 121 seed=L=1995643701,R=1032856907: RESULT: hold_snm_v = 1.045445
sample 122 seed=L=901303841,R=942091677: RESULT: hold_snm_v = 1.082175
sample 123 seed=L=101365340,R=886558559: RESULT: hold_snm_v = 1.029935
sample 124 seed=L=141307659,R=321698716: RESULT: hold_snm_v = 1.040389
sample 125 seed=L=867379323,R=75867311: RESULT: hold_snm_v = 1.054635
sample 126 seed=L=1421928049,R=1981954254: RESULT: hold_snm_v = 1.024802
sample 127 seed=L=56604361,R=742052725: RESULT: hold_snm_v = 1.046218
sample 128 seed=L=1426261007,R=1406224143: RESULT: hold_snm_v = 1.066546
sample 129 seed=L=1111197773,R=272139551: RESULT: hold_snm_v = 1.057023
sample 130 seed=L=1032816555,R=12026033: RESULT: hold_snm_v = 1.038979
sample 131 seed=L=907601074,R=173326839: RESULT: hold_snm_v = 1.047536
sample 132 seed=L=712145694,R=1241017236: RESULT: hold_snm_v = 1.035373
sample 133 seed=L=1490202857,R=1388483373: RESULT: hold_snm_v = 1.076879
sample 134 seed=L=1551446047,R=1363874489: RESULT: hold_snm_v = 1.02318
sample 135 seed=L=609124689,R=1082560109: RESULT: hold_snm_v = 1.043111
sample 136 seed=L=860608983,R=1890659638: RESULT: hold_snm_v = 1.066112
sample 137 seed=L=532394275,R=589540685: RESULT: hold_snm_v = 1.091336
sample 138 seed=L=1904844351,R=600796509: RESULT: hold_snm_v = 1.054155
sample 139 seed=L=809815195,R=1847378774: RESULT: hold_snm_v = 1.053645
sample 140 seed=L=1104755150,R=1025696848: RESULT: hold_snm_v = 1.037914
sample 141 seed=L=1100641785,R=487295085: RESULT: hold_snm_v = 1.076935
sample 142 seed=L=1800730283,R=1858065123: RESULT: hold_snm_v = 1.052548
sample 143 seed=L=49081539,R=874926113: RESULT: hold_snm_v = 1.053902
sample 144 seed=L=1967546470,R=292974117: RESULT: hold_snm_v = 1.036222
sample 145 seed=L=205368170,R=176166937: RESULT: hold_snm_v = 1.013197
sample 146 seed=L=1377348988,R=801613105: RESULT: hold_snm_v = 1.053547
sample 147 seed=L=101889211,R=503668105: RESULT: hold_snm_v = 1.056911
sample 148 seed=L=1131823116,R=699082951: RESULT: hold_snm_v = 1.062406
sample 149 seed=L=1054018294,R=446451769: RESULT: hold_snm_v = 1.04422
sample 150 seed=L=1248272224,R=570594552: RESULT: hold_snm_v = 1.041803
sample 151 seed=L=1955707201,R=1262821653: RESULT: hold_snm_v = 1.054318
sample 152 seed=L=81144336,R=1967940251: RESULT: hold_snm_v = 1.050011
sample 153 seed=L=838062253,R=649632824: RESULT: hold_snm_v = 1.032024
sample 154 seed=L=149992407,R=992727930: RESULT: hold_snm_v = 1.066784
sample 155 seed=L=1259191971,R=463857995: RESULT: hold_snm_v = 1.022432
sample 156 seed=L=128852947,R=425915173: RESULT: hold_snm_v = 1.065439
sample 157 seed=L=930322089,R=1883038699: RESULT: hold_snm_v = 1.024261
sample 158 seed=L=26050920,R=1751018766: RESULT: hold_snm_v = 1.04127
sample 159 seed=L=67619939,R=160976434: RESULT: hold_snm_v = 1.07336
sample 160 seed=L=964318688,R=1390030971: RESULT: hold_snm_v = 1.02025
sample 161 seed=L=840348456,R=822776360: RESULT: hold_snm_v = 1.03543
sample 162 seed=L=973224462,R=213043965: RESULT: hold_snm_v = 1.036223
sample 163 seed=L=1579338097,R=1231331026: RESULT: hold_snm_v = 1.055215
sample 164 seed=L=291915777,R=1209928306: RESULT: hold_snm_v = 1.045256
sample 165 seed=L=347340575,R=1400236391: RESULT: hold_snm_v = 1.046353
sample 166 seed=L=1511452055,R=513185278: RESULT: hold_snm_v = 1.08351
sample 167 seed=L=1122303110,R=472311233: RESULT: hold_snm_v = 1.071271
sample 168 seed=L=117574848,R=1054097624: RESULT: hold_snm_v = 1.07237
sample 169 seed=L=1241699117,R=25840389: RESULT: hold_snm_v = 1.02002
sample 170 seed=L=110003206,R=1583156595: RESULT: hold_snm_v = 1.058452
sample 171 seed=L=1355187800,R=894728483: RESULT: hold_snm_v = 1.034526
sample 172 seed=L=454926537,R=220987094: RESULT: hold_snm_v = 1.067471
sample 173 seed=L=637060800,R=1472425996: RESULT: hold_snm_v = 1.072908
sample 174 seed=L=199641681,R=273741814: RESULT: hold_snm_v = 1.065219
sample 175 seed=L=926943936,R=1618070418: RESULT: hold_snm_v = 1.069968
sample 176 seed=L=105413153,R=587633175: RESULT: hold_snm_v = 1.061518
sample 177 seed=L=1419755751,R=1005026814: RESULT: hold_snm_v = 1.058189
sample 178 seed=L=846592174,R=1575041469: RESULT: hold_snm_v = 1.052424
sample 179 seed=L=565609545,R=123752561: RESULT: hold_snm_v = 1.062109
sample 180 seed=L=158059324,R=1811027401: RESULT: hold_snm_v = 1.038055
sample 181 seed=L=1032590068,R=1900586127: RESULT: hold_snm_v = 1.026533
sample 182 seed=L=173689165,R=1201159450: RESULT: hold_snm_v = 1.055709
sample 183 seed=L=1565455058,R=393363125: RESULT: hold_snm_v = 1.054329
sample 184 seed=L=801822824,R=1016191606: RESULT: hold_snm_v = 1.011406
sample 185 seed=L=930114478,R=88852229: RESULT: hold_snm_v = 1.058049
sample 186 seed=L=141292323,R=1857737620: RESULT: hold_snm_v = 1.016055
sample 187 seed=L=1320782744,R=1566661261: RESULT: hold_snm_v = 1.028585
sample 188 seed=L=837891816,R=926474135: RESULT: hold_snm_v = 1.050854
sample 189 seed=L=1633878553,R=1627728581: RESULT: hold_snm_v = 1.06939
sample 190 seed=L=231319696,R=1157882438: RESULT: hold_snm_v = 1.032648
sample 191 seed=L=901260913,R=734752086: RESULT: hold_snm_v = 1.018492
sample 192 seed=L=937158657,R=225436184: RESULT: hold_snm_v = 1.027304
sample 193 seed=L=755880339,R=719442119: RESULT: hold_snm_v = 1.04616
sample 194 seed=L=1021988831,R=494273481: RESULT: hold_snm_v = 1.081257
sample 195 seed=L=1196470893,R=1057825208: RESULT: hold_snm_v = 1.019425
sample 196 seed=L=1272073281,R=1703821411: RESULT: hold_snm_v = 1.05841
sample 197 seed=L=664991879,R=35807851: RESULT: hold_snm_v = 1.048562
sample 198 seed=L=533636650,R=811207857: RESULT: hold_snm_v = 1.040017
sample 199 seed=L=266932995,R=917253981: RESULT: hold_snm_v = 1.048504

=== corner ff_25c_3.30v -- determinism control (sw_stat_mismatch=0) ===
sample 0 seed=L=274226427,R=1725659962: RESULT: hold_snm_v = 1.048587
sample 1 seed=L=185959717,R=1789700537: RESULT: hold_snm_v = 1.048587
sample 2 seed=L=368941648,R=235708857: RESULT: hold_snm_v = 1.048587
sample 3 seed=L=1660166371,R=495407867: RESULT: hold_snm_v = 1.048587

=== corner ff_25c_3.30v -- negative control (known-bad variant: supply collapsed to 0.50 V, far below spec/sram.md's ratified 2.97 V minimum and below this cell's data-retention voltage (the physical hold-stability failure mechanism), with per-instance mismatch drawn at 12x the PDK's own sigma) ===
sample 0 seed=L=4928770,R=831190799: RESULT: hold_snm_v = -0.014936
sample 1 seed=L=918496336,R=1061828337: RESULT: hold_snm_v = -0.015
sample 2 seed=L=1772667882,R=129384858: RESULT: hold_snm_v = -0.014999
sample 3 seed=L=1614080772,R=1577761173: RESULT: hold_snm_v = -0.01251
sample 4 seed=L=290302763,R=1324469272: RESULT: hold_snm_v = -0.014999
sample 5 seed=L=1034975093,R=186740603: RESULT: hold_snm_v = 0.121265
sample 6 seed=L=1440906852,R=885284203: RESULT: hold_snm_v = 0.198743
sample 7 seed=L=784531638,R=1017323891: RESULT: hold_snm_v = -0.014993
sample 8 seed=L=658110348,R=30077098: RESULT: hold_snm_v = -0.014754
sample 9 seed=L=1085529210,R=975572519: RESULT: hold_snm_v = 0.151402
sample 10 seed=L=912111959,R=634086918: RESULT: hold_snm_v = 0.018002
sample 11 seed=L=282410788,R=1226144622: RESULT: hold_snm_v = -0.015
sample 12 seed=L=197699981,R=474315811: RESULT: hold_snm_v = -0.014975
sample 13 seed=L=120451492,R=735309916: RESULT: hold_snm_v = -0.012303
sample 14 seed=L=396108299,R=213925733: RESULT: hold_snm_v = 0.067954
sample 15 seed=L=1773119326,R=1304795426: RESULT: hold_snm_v = 0.108128
sample 16 seed=L=313120168,R=876311582: RESULT: hold_snm_v = 0.177418
sample 17 seed=L=200870141,R=637852422: RESULT: hold_snm_v = -0.014567
sample 18 seed=L=25993634,R=1380085748: RESULT: hold_snm_v = -0.014993
sample 19 seed=L=1208944717,R=331925773: RESULT: hold_snm_v = 0.009453
sample 20 seed=L=74427723,R=549813359: RESULT: hold_snm_v = 0.092628
sample 21 seed=L=1854182126,R=1306337671: RESULT: hold_snm_v = 0.147512
sample 22 seed=L=108073337,R=126147759: RESULT: hold_snm_v = 0.10136
sample 23 seed=L=1568100373,R=1241410692: RESULT: hold_snm_v = 0.144195
sample 24 seed=L=1199488628,R=924038289: RESULT: hold_snm_v = 0.193166
sample 25 seed=L=980518797,R=1959976645: RESULT: hold_snm_v = -0.014989
sample 26 seed=L=522625764,R=1735402481: RESULT: hold_snm_v = -0.011268
sample 27 seed=L=853167732,R=456537522: RESULT: hold_snm_v = -0.011379
sample 28 seed=L=1615183213,R=198522213: RESULT: hold_snm_v = -0.00036
sample 29 seed=L=1203543105,R=713770510: RESULT: hold_snm_v = 0.164281
sample 30 seed=L=537854110,R=523447708: RESULT: hold_snm_v = -0.015
sample 31 seed=L=284662887,R=133903066: RESULT: hold_snm_v = 0.235471
sample 32 seed=L=1675685142,R=1040203254: RESULT: hold_snm_v = 0.027999
sample 33 seed=L=56795446,R=715483898: RESULT: hold_snm_v = -0.015
sample 34 seed=L=1788694562,R=59743729: RESULT: hold_snm_v = 0.027335
sample 35 seed=L=1291089515,R=439899860: RESULT: hold_snm_v = -0.010381
sample 36 seed=L=906351855,R=1409442215: RESULT: hold_snm_v = -0.012713
sample 37 seed=L=197712561,R=93707394: RESULT: hold_snm_v = -0.012398
sample 38 seed=L=1136278728,R=580032629: RESULT: hold_snm_v = 0.14966
sample 39 seed=L=1682763057,R=322356851: RESULT: hold_snm_v = -0.014997
sample 40 seed=L=757927503,R=1353992540: RESULT: hold_snm_v = 0.142219
sample 41 seed=L=564520901,R=1089721165: RESULT: hold_snm_v = 0.129203
sample 42 seed=L=870247725,R=1579736669: RESULT: hold_snm_v = 0.185601
sample 43 seed=L=1176585099,R=274617724: RESULT: hold_snm_v = 0.029221
sample 44 seed=L=822968877,R=426362448: RESULT: hold_snm_v = -0.015
sample 45 seed=L=1913706879,R=1082491985: RESULT: hold_snm_v = -0.015
sample 46 seed=L=368956404,R=66335553: RESULT: hold_snm_v = 0.193162
sample 47 seed=L=1538089706,R=1313341092: RESULT: hold_snm_v = -0.010336
sample 48 seed=L=1509765026,R=1640256057: RESULT: hold_snm_v = -0.015
sample 49 seed=L=1860111877,R=28666689: RESULT: hold_snm_v = 0.081157
sample 50 seed=L=846306689,R=5888660: RESULT: hold_snm_v = 0.034883
sample 51 seed=L=291866771,R=418883473: RESULT: hold_snm_v = 0.124729
sample 52 seed=L=1541639265,R=964555410: RESULT: hold_snm_v = 0.220065
sample 53 seed=L=278340096,R=498013636: RESULT: hold_snm_v = 0.082929
sample 54 seed=L=1921120439,R=897304687: RESULT: hold_snm_v = 0.17956
sample 55 seed=L=1501456835,R=1344834975: RESULT: hold_snm_v = -0.015
sample 56 seed=L=749248368,R=848250462: RESULT: hold_snm_v = 0.146436
sample 57 seed=L=443369092,R=194582843: RESULT: hold_snm_v = -0.014999
sample 58 seed=L=1955343898,R=178088475: RESULT: hold_snm_v = -0.015
sample 59 seed=L=1866508764,R=972510860: RESULT: hold_snm_v = -0.010769
sample 60 seed=L=228767671,R=1366698934: RESULT: hold_snm_v = 0.181475
sample 61 seed=L=1234637303,R=223799254: RESULT: hold_snm_v = -0.010592
sample 62 seed=L=861491431,R=610232418: RESULT: hold_snm_v = 0.057535
sample 63 seed=L=375804418,R=1195223157: RESULT: hold_snm_v = 0.206962
sample 64 seed=L=401113180,R=437091824: RESULT: hold_snm_v = 0.178798
sample 65 seed=L=922762771,R=1309038155: RESULT: hold_snm_v = -0.014986
sample 66 seed=L=1220846607,R=222370983: RESULT: hold_snm_v = -0.014323
sample 67 seed=L=426623682,R=1886411127: RESULT: hold_snm_v = -0.015
sample 68 seed=L=403374873,R=1756933023: RESULT: hold_snm_v = 0.190188
sample 69 seed=L=572154535,R=1969831921: RESULT: hold_snm_v = 0.10818
sample 70 seed=L=365937560,R=686924709: RESULT: hold_snm_v = -0.01012
sample 71 seed=L=918544497,R=218018881: RESULT: hold_snm_v = 0.075543
sample 72 seed=L=858115805,R=1456198654: RESULT: hold_snm_v = -0.010167
sample 73 seed=L=184313171,R=447378584: RESULT: hold_snm_v = 0.110665
sample 74 seed=L=1757526871,R=594132804: RESULT: hold_snm_v = -0.015
sample 75 seed=L=592460871,R=1637440896: RESULT: hold_snm_v = -0.013878
sample 76 seed=L=477997625,R=721505744: RESULT: hold_snm_v = 0.191889
sample 77 seed=L=1223407194,R=270635947: RESULT: hold_snm_v = 0.146772
sample 78 seed=L=903028218,R=831052693: RESULT: hold_snm_v = 0.026618
sample 79 seed=L=143251801,R=1258173647: RESULT: hold_snm_v = 0.11649
sample 80 seed=L=396239809,R=690880158: RESULT: hold_snm_v = -0.00839
sample 81 seed=L=1514670064,R=1324124784: RESULT: hold_snm_v = -0.015
sample 82 seed=L=1253682316,R=182636594: RESULT: hold_snm_v = -0.011252
sample 83 seed=L=744536940,R=853076934: RESULT: hold_snm_v = -0.015
sample 84 seed=L=1219013873,R=1688854676: RESULT: hold_snm_v = 0.152711
sample 85 seed=L=1799159530,R=315124613: RESULT: hold_snm_v = 0.213677
sample 86 seed=L=680680124,R=1883487896: RESULT: hold_snm_v = 0.08483
sample 87 seed=L=141110939,R=808660484: RESULT: hold_snm_v = -0.015
sample 88 seed=L=259493459,R=1937923915: RESULT: hold_snm_v = 0.079112
sample 89 seed=L=1257327168,R=1526037720: RESULT: hold_snm_v = 0.147315
sample 90 seed=L=1011498783,R=161217154: RESULT: hold_snm_v = -0.014793
sample 91 seed=L=229282711,R=1436424126: RESULT: hold_snm_v = -0.014999
sample 92 seed=L=735454002,R=1394553171: RESULT: hold_snm_v = 0.146158
sample 93 seed=L=1341504166,R=1273770579: RESULT: hold_snm_v = -0.014994
sample 94 seed=L=100153933,R=1179105636: RESULT: hold_snm_v = -0.014999
sample 95 seed=L=1214423260,R=1557647299: RESULT: hold_snm_v = -0.015
sample 96 seed=L=1005048891,R=1127826881: RESULT: hold_snm_v = 0.187063
sample 97 seed=L=1577166502,R=466903766: RESULT: hold_snm_v = 0.170425
sample 98 seed=L=1939873203,R=368574475: RESULT: hold_snm_v = 0.149807
sample 99 seed=L=572011117,R=608973250: RESULT: hold_snm_v = 0.033553
