=== corner ss_125c_3.63v -- mismatch samples (sw_stat_mismatch=1) ===
sample 0 seed=L=272044201,R=864790828: RESULT: hold_snm_v = 1.214328
sample 1 seed=L=1930257564,R=302678800: RESULT: hold_snm_v = 1.214965
sample 2 seed=L=1975677281,R=49385183: RESULT: hold_snm_v = 1.20191
sample 3 seed=L=1000471115,R=868571946: RESULT: hold_snm_v = 1.236826
sample 4 seed=L=547176389,R=672180695: RESULT: hold_snm_v = 1.220052
sample 5 seed=L=1235406623,R=37468096: RESULT: hold_snm_v = 1.236527
sample 6 seed=L=1181256633,R=1030787804: RESULT: hold_snm_v = 1.180354
sample 7 seed=L=892404795,R=1425777579: RESULT: hold_snm_v = 1.194677
sample 8 seed=L=1164208663,R=438077480: RESULT: hold_snm_v = 1.211533
sample 9 seed=L=735232965,R=1415366603: RESULT: hold_snm_v = 1.214485
sample 10 seed=L=1305953338,R=991228889: RESULT: hold_snm_v = 1.257995
sample 11 seed=L=657310202,R=258749817: RESULT: hold_snm_v = 1.213827
sample 12 seed=L=1409883439,R=530477785: RESULT: hold_snm_v = 1.208706
sample 13 seed=L=1838754630,R=178611699: RESULT: hold_snm_v = 1.199878
sample 14 seed=L=93281249,R=1671868054: RESULT: hold_snm_v = 1.198416
sample 15 seed=L=687717216,R=1166005164: RESULT: hold_snm_v = 1.20218
sample 16 seed=L=245408928,R=800681485: RESULT: hold_snm_v = 1.210632
sample 17 seed=L=466605509,R=210412468: RESULT: hold_snm_v = 1.220792
sample 18 seed=L=294232707,R=1091781735: RESULT: hold_snm_v = 1.208344
sample 19 seed=L=1581975907,R=1864567744: RESULT: hold_snm_v = 1.232212
sample 20 seed=L=657453324,R=1062357737: RESULT: hold_snm_v = 1.217852
sample 21 seed=L=1734313561,R=29682082: RESULT: hold_snm_v = 1.213365
sample 22 seed=L=588487095,R=682775749: RESULT: hold_snm_v = 1.22806
sample 23 seed=L=406739578,R=528533061: RESULT: hold_snm_v = 1.237256
sample 24 seed=L=543290097,R=797335440: RESULT: hold_snm_v = 1.183838
sample 25 seed=L=1436880429,R=85510235: RESULT: hold_snm_v = 1.241909
sample 26 seed=L=1178025117,R=421810262: RESULT: hold_snm_v = 1.232908
sample 27 seed=L=412435819,R=1429003163: RESULT: hold_snm_v = 1.235154
sample 28 seed=L=462187228,R=592534254: RESULT: hold_snm_v = 1.220044
sample 29 seed=L=931905472,R=1700308231: RESULT: hold_snm_v = 1.231871
sample 30 seed=L=932956586,R=892371612: RESULT: hold_snm_v = 1.217933
sample 31 seed=L=1941519102,R=1021670262: RESULT: hold_snm_v = 1.231646
sample 32 seed=L=974923722,R=1316446866: RESULT: hold_snm_v = 1.252261
sample 33 seed=L=423674064,R=1918132005: RESULT: hold_snm_v = 1.18369
sample 34 seed=L=1535350966,R=94077403: RESULT: hold_snm_v = 1.23332
sample 35 seed=L=946146280,R=926756345: RESULT: hold_snm_v = 1.243864
sample 36 seed=L=743462224,R=1828455389: RESULT: hold_snm_v = 1.238582
sample 37 seed=L=1407758690,R=1811038534: RESULT: hold_snm_v = 1.20296
sample 38 seed=L=1391920203,R=1317524113: RESULT: hold_snm_v = 1.219198
sample 39 seed=L=184762489,R=1820586829: RESULT: hold_snm_v = 1.235199
sample 40 seed=L=1271047538,R=195994073: RESULT: hold_snm_v = 1.250391
sample 41 seed=L=1930162902,R=1576198063: RESULT: hold_snm_v = 1.209442
sample 42 seed=L=351544913,R=483355085: RESULT: hold_snm_v = 1.204151
sample 43 seed=L=294322833,R=340912909: RESULT: hold_snm_v = 1.201646
sample 44 seed=L=1309176609,R=233966660: RESULT: hold_snm_v = 1.217252
sample 45 seed=L=1312537926,R=414407189: RESULT: hold_snm_v = 1.228999
sample 46 seed=L=541267509,R=1720501513: RESULT: hold_snm_v = 1.224331
sample 47 seed=L=263384509,R=1186303459: RESULT: hold_snm_v = 1.200588
sample 48 seed=L=80941301,R=880939936: RESULT: hold_snm_v = 1.203496
sample 49 seed=L=1569321409,R=293417372: RESULT: hold_snm_v = 1.205956
sample 50 seed=L=602461010,R=1116742487: RESULT: hold_snm_v = 1.225378
sample 51 seed=L=1662536502,R=88531088: RESULT: hold_snm_v = 1.20527
sample 52 seed=L=991122937,R=49978925: RESULT: hold_snm_v = 1.201163
sample 53 seed=L=429055985,R=856576869: RESULT: hold_snm_v = 1.204657
sample 54 seed=L=1121214723,R=132469459: RESULT: hold_snm_v = 1.192075
sample 55 seed=L=708786287,R=118925880: RESULT: hold_snm_v = 1.167261
sample 56 seed=L=1608260263,R=403844284: RESULT: hold_snm_v = 1.210374
sample 57 seed=L=1016936873,R=190007809: RESULT: hold_snm_v = 1.200196
sample 58 seed=L=156395546,R=319852709: RESULT: hold_snm_v = 1.223234
sample 59 seed=L=1940975651,R=124980391: RESULT: hold_snm_v = 1.211956
sample 60 seed=L=1660375231,R=156721887: RESULT: hold_snm_v = 1.198858
sample 61 seed=L=141542143,R=964807474: RESULT: hold_snm_v = 1.206178
sample 62 seed=L=209817304,R=438428695: RESULT: hold_snm_v = 1.240634
sample 63 seed=L=1295171605,R=1177149878: RESULT: hold_snm_v = 1.185409
sample 64 seed=L=1432827704,R=294689048: RESULT: hold_snm_v = 1.183103
sample 65 seed=L=1157538173,R=406483389: RESULT: hold_snm_v = 1.209304
sample 66 seed=L=1597062918,R=520479884: RESULT: hold_snm_v = 1.246469
sample 67 seed=L=1190314004,R=1753977101: RESULT: hold_snm_v = 1.247886
sample 68 seed=L=82752350,R=28206632: RESULT: hold_snm_v = 1.190294
sample 69 seed=L=860159322,R=1999063341: RESULT: hold_snm_v = 1.225926
sample 70 seed=L=730906527,R=1239630147: RESULT: hold_snm_v = 1.192071
sample 71 seed=L=29279450,R=1581589271: RESULT: hold_snm_v = 1.211425
sample 72 seed=L=1055250574,R=779232776: RESULT: hold_snm_v = 1.247916
sample 73 seed=L=1933830413,R=121638866: RESULT: hold_snm_v = 1.191774
sample 74 seed=L=312734619,R=1558798870: RESULT: hold_snm_v = 1.188315
sample 75 seed=L=210541995,R=1993718473: RESULT: hold_snm_v = 1.202531
sample 76 seed=L=200611187,R=455380104: RESULT: hold_snm_v = 1.224978
sample 77 seed=L=657836289,R=1546581670: RESULT: hold_snm_v = 1.214757
sample 78 seed=L=1105562929,R=122820040: RESULT: hold_snm_v = 1.201251
sample 79 seed=L=90871405,R=951537086: RESULT: hold_snm_v = 1.24059
sample 80 seed=L=1019884285,R=1972020063: RESULT: hold_snm_v = 1.202752
sample 81 seed=L=911131217,R=351346263: RESULT: hold_snm_v = 1.206509
sample 82 seed=L=1259483081,R=73701815: RESULT: hold_snm_v = 1.218232
sample 83 seed=L=1307998218,R=1554644296: RESULT: hold_snm_v = 1.237112
sample 84 seed=L=868051376,R=674694479: RESULT: hold_snm_v = 1.222552
sample 85 seed=L=799569261,R=290614208: RESULT: hold_snm_v = 1.240139
sample 86 seed=L=723464979,R=677536128: RESULT: hold_snm_v = 1.251279
sample 87 seed=L=1889948849,R=1460014538: RESULT: hold_snm_v = 1.220865
sample 88 seed=L=1818976295,R=1240349481: RESULT: hold_snm_v = 1.190834
sample 89 seed=L=1946023951,R=541855569: RESULT: hold_snm_v = 1.228124
sample 90 seed=L=576261435,R=1339562774: RESULT: hold_snm_v = 1.220828
sample 91 seed=L=185342903,R=1675038392: RESULT: hold_snm_v = 1.212899
sample 92 seed=L=491465356,R=427654329: RESULT: hold_snm_v = 1.267526
sample 93 seed=L=1703159776,R=159550098: RESULT: hold_snm_v = 1.21594
sample 94 seed=L=1022197929,R=41520580: RESULT: hold_snm_v = 1.220261
sample 95 seed=L=305173370,R=509677783: RESULT: hold_snm_v = 1.199439
sample 96 seed=L=1150093338,R=1130635852: RESULT: hold_snm_v = 1.218455
sample 97 seed=L=1356231322,R=744999509: RESULT: hold_snm_v = 1.190953
sample 98 seed=L=1823613024,R=1834948515: RESULT: hold_snm_v = 1.225276
sample 99 seed=L=929232907,R=212182615: RESULT: hold_snm_v = 1.21413
sample 100 seed=L=4889290,R=924619083: RESULT: hold_snm_v = 1.222891
sample 101 seed=L=1768775714,R=230378248: RESULT: hold_snm_v = 1.243293
sample 102 seed=L=241249042,R=129994767: RESULT: hold_snm_v = 1.20811
sample 103 seed=L=144853474,R=42719467: RESULT: hold_snm_v = 1.184739
sample 104 seed=L=1666207677,R=1129953136: RESULT: hold_snm_v = 1.199036
sample 105 seed=L=1038530235,R=1622164992: RESULT: hold_snm_v = 1.223885
sample 106 seed=L=1207027396,R=1839828992: RESULT: hold_snm_v = 1.198775
sample 107 seed=L=125156749,R=577341309: RESULT: hold_snm_v = 1.209894
sample 108 seed=L=719167514,R=1908111787: RESULT: hold_snm_v = 1.224601
sample 109 seed=L=1676977663,R=1732263865: RESULT: hold_snm_v = 1.18253
sample 110 seed=L=1552951133,R=450653876: RESULT: hold_snm_v = 1.198352
sample 111 seed=L=1525589843,R=400843629: RESULT: hold_snm_v = 1.19406
sample 112 seed=L=1741704324,R=347500279: RESULT: hold_snm_v = 1.209816
sample 113 seed=L=1202998430,R=1922163838: RESULT: hold_snm_v = 1.246192
sample 114 seed=L=1812262993,R=1592584037: RESULT: hold_snm_v = 1.195914
sample 115 seed=L=787285329,R=1681672839: RESULT: hold_snm_v = 1.213927
sample 116 seed=L=1875814826,R=19926620: RESULT: hold_snm_v = 1.212186
sample 117 seed=L=283620547,R=601188522: RESULT: hold_snm_v = 1.213269
sample 118 seed=L=987791072,R=1037605890: RESULT: hold_snm_v = 1.192276
sample 119 seed=L=330886657,R=1220022517: RESULT: hold_snm_v = 1.224214
sample 120 seed=L=1153132706,R=509112464: RESULT: hold_snm_v = 1.214133
sample 121 seed=L=467765565,R=1177330670: RESULT: hold_snm_v = 1.194013
sample 122 seed=L=1098713494,R=1894370025: RESULT: hold_snm_v = 1.214371
sample 123 seed=L=147808178,R=1242285233: RESULT: hold_snm_v = 1.214431
sample 124 seed=L=1219989090,R=1164722534: RESULT: hold_snm_v = 1.229994
sample 125 seed=L=1608119419,R=998598109: RESULT: hold_snm_v = 1.230262
sample 126 seed=L=1833297208,R=775086727: RESULT: hold_snm_v = 1.211244
sample 127 seed=L=950330936,R=1170445675: RESULT: hold_snm_v = 1.202322
sample 128 seed=L=173475976,R=1977448600: RESULT: hold_snm_v = 1.21455
sample 129 seed=L=550661757,R=788333250: RESULT: hold_snm_v = 1.219458
sample 130 seed=L=1416865016,R=289143813: RESULT: hold_snm_v = 1.219125
sample 131 seed=L=1093189920,R=1081071202: RESULT: hold_snm_v = 1.2125
sample 132 seed=L=1231059372,R=1998262467: RESULT: hold_snm_v = 1.225071
sample 133 seed=L=131310113,R=81485084: RESULT: hold_snm_v = 1.222229
sample 134 seed=L=1544855444,R=1251092773: RESULT: hold_snm_v = 1.21289
sample 135 seed=L=1683365631,R=1000550256: RESULT: hold_snm_v = 1.222496
sample 136 seed=L=1719988581,R=599050928: RESULT: hold_snm_v = 1.236529
sample 137 seed=L=1080333661,R=836424308: RESULT: hold_snm_v = 1.227179
sample 138 seed=L=1080540628,R=369448461: RESULT: hold_snm_v = 1.209051
sample 139 seed=L=69200748,R=1767723303: RESULT: hold_snm_v = 1.196842
sample 140 seed=L=443880518,R=348046553: RESULT: hold_snm_v = 1.181894
sample 141 seed=L=1823974313,R=1412272559: RESULT: hold_snm_v = 1.230726
sample 142 seed=L=26190970,R=1625753098: RESULT: hold_snm_v = 1.216284
sample 143 seed=L=80489425,R=228839882: RESULT: hold_snm_v = 1.2167
sample 144 seed=L=135284856,R=320564029: RESULT: hold_snm_v = 1.243563
sample 145 seed=L=198705137,R=1131382856: RESULT: hold_snm_v = 1.172219
sample 146 seed=L=1617454148,R=311867566: RESULT: hold_snm_v = 1.196113
sample 147 seed=L=959601482,R=1432128451: RESULT: hold_snm_v = 1.232653
sample 148 seed=L=1644881624,R=746635575: RESULT: hold_snm_v = 1.235749
sample 149 seed=L=1096546400,R=1177533328: RESULT: hold_snm_v = 1.224827
sample 150 seed=L=678564738,R=635695400: RESULT: hold_snm_v = 1.200636
sample 151 seed=L=117868381,R=1532417420: RESULT: hold_snm_v = 1.2211
sample 152 seed=L=1501096788,R=84945347: RESULT: hold_snm_v = 1.242549
sample 153 seed=L=1582321914,R=968896590: RESULT: hold_snm_v = 1.197807
sample 154 seed=L=714170262,R=1343294925: RESULT: hold_snm_v = 1.232109
sample 155 seed=L=107235190,R=1526622150: RESULT: hold_snm_v = 1.218583
sample 156 seed=L=326583590,R=162441311: RESULT: hold_snm_v = 1.200259
sample 157 seed=L=1086577145,R=1094528457: RESULT: hold_snm_v = 1.215317
sample 158 seed=L=667279963,R=323065793: RESULT: hold_snm_v = 1.207499
sample 159 seed=L=1681640166,R=1898171403: RESULT: hold_snm_v = 1.213354
sample 160 seed=L=273721535,R=1548094008: RESULT: hold_snm_v = 1.237602
sample 161 seed=L=93977106,R=1840167143: RESULT: hold_snm_v = 1.244659
sample 162 seed=L=680360518,R=1467507771: RESULT: hold_snm_v = 1.208945
sample 163 seed=L=73066588,R=159073594: RESULT: hold_snm_v = 1.195281
sample 164 seed=L=637774349,R=1454428750: RESULT: hold_snm_v = 1.224038
sample 165 seed=L=116042345,R=1541737404: RESULT: hold_snm_v = 1.201763
sample 166 seed=L=340579443,R=656268187: RESULT: hold_snm_v = 1.194246
sample 167 seed=L=1843076949,R=939237929: RESULT: hold_snm_v = 1.215957
sample 168 seed=L=1880186302,R=88396088: RESULT: hold_snm_v = 1.23391
sample 169 seed=L=1952327331,R=90202447: RESULT: hold_snm_v = 1.190096
sample 170 seed=L=1151000227,R=1477810393: RESULT: hold_snm_v = 1.255554
sample 171 seed=L=1232594172,R=31564550: RESULT: hold_snm_v = 1.245046
sample 172 seed=L=122957132,R=482597008: RESULT: hold_snm_v = 1.223223
sample 173 seed=L=566865155,R=340651236: RESULT: hold_snm_v = 1.207662
sample 174 seed=L=377191541,R=594197745: RESULT: hold_snm_v = 1.229105
sample 175 seed=L=1136531092,R=1829573998: RESULT: hold_snm_v = 1.21924
sample 176 seed=L=1748994328,R=1055474757: RESULT: hold_snm_v = 1.226495
sample 177 seed=L=791258872,R=472284084: RESULT: hold_snm_v = 1.203206
sample 178 seed=L=1282266814,R=1216094569: RESULT: hold_snm_v = 1.206924
sample 179 seed=L=135433423,R=1118728426: RESULT: hold_snm_v = 1.233087
sample 180 seed=L=1154899788,R=1417807454: RESULT: hold_snm_v = 1.207907
sample 181 seed=L=981273825,R=1403996067: RESULT: hold_snm_v = 1.207017
sample 182 seed=L=93072156,R=616265066: RESULT: hold_snm_v = 1.201839
sample 183 seed=L=1519860644,R=4824872: RESULT: hold_snm_v = 1.189306
sample 184 seed=L=688812088,R=1995709334: RESULT: hold_snm_v = 1.211471
sample 185 seed=L=1109416471,R=985092248: RESULT: hold_snm_v = 1.206982
sample 186 seed=L=1110597414,R=246438348: RESULT: hold_snm_v = 1.227546
sample 187 seed=L=1917698552,R=1885538372: RESULT: hold_snm_v = 1.194009
sample 188 seed=L=1003741771,R=1452241776: RESULT: hold_snm_v = 1.214569
sample 189 seed=L=882848688,R=1625737327: RESULT: hold_snm_v = 1.242221
sample 190 seed=L=1363464933,R=1735192957: RESULT: hold_snm_v = 1.202239
sample 191 seed=L=1176186923,R=1168540322: RESULT: hold_snm_v = 1.244091
sample 192 seed=L=377980176,R=876770248: RESULT: hold_snm_v = 1.218524
sample 193 seed=L=185610260,R=810377372: RESULT: hold_snm_v = 1.241002
sample 194 seed=L=994796213,R=344831252: RESULT: hold_snm_v = 1.225778
sample 195 seed=L=121414341,R=504422745: RESULT: hold_snm_v = 1.235669
sample 196 seed=L=847095525,R=1146799759: RESULT: hold_snm_v = 1.226577
sample 197 seed=L=873442166,R=765440632: RESULT: hold_snm_v = 1.190603
sample 198 seed=L=190815449,R=229128281: RESULT: hold_snm_v = 1.216589
sample 199 seed=L=1978144854,R=1515021812: RESULT: hold_snm_v = 1.17397

=== corner ss_125c_3.63v -- determinism control (sw_stat_mismatch=0) ===
sample 0 seed=L=1645332816,R=897237711: RESULT: hold_snm_v = 1.216449
sample 1 seed=L=463555361,R=1969044751: RESULT: hold_snm_v = 1.216449
sample 2 seed=L=327236862,R=346066948: RESULT: hold_snm_v = 1.216449
sample 3 seed=L=953665199,R=897838685: RESULT: hold_snm_v = 1.216449

=== corner ss_125c_3.63v -- negative control (known-bad variant: supply collapsed to 0.50 V, far below spec/sram.md's ratified 2.97 V minimum and below this cell's data-retention voltage (the physical hold-stability failure mechanism), with per-instance mismatch drawn at 12x the PDK's own sigma) ===
sample 0 seed=L=121001369,R=1650904329: RESULT: hold_snm_v = -0.014987
sample 1 seed=L=502283579,R=1530212968: RESULT: hold_snm_v = -0.014999
sample 2 seed=L=1513311188,R=313286157: RESULT: hold_snm_v = 0.235997
sample 3 seed=L=301170548,R=200790288: RESULT: hold_snm_v = -0.014951
sample 4 seed=L=1554219838,R=283768342: RESULT: hold_snm_v = 0.103181
sample 5 seed=L=900849130,R=453640025: RESULT: hold_snm_v = -0.010522
sample 6 seed=L=232972175,R=1875776094: RESULT: hold_snm_v = 0.148364
sample 7 seed=L=116320370,R=226194103: RESULT: hold_snm_v = -0.014989
sample 8 seed=L=1591367982,R=1901897494: RESULT: hold_snm_v = 0.138906
sample 9 seed=L=5944661,R=1886252222: RESULT: hold_snm_v = 0.212791
sample 10 seed=L=1735808995,R=1342062852: RESULT: hold_snm_v = 0.125968
sample 11 seed=L=1225162959,R=1054114685: RESULT: hold_snm_v = 0.056627
sample 12 seed=L=708788008,R=695871311: RESULT: hold_snm_v = 0.066745
sample 13 seed=L=32744427,R=1085083332: RESULT: hold_snm_v = 0.066398
sample 14 seed=L=347523307,R=1785205370: RESULT: hold_snm_v = 0.098659
sample 15 seed=L=15970730,R=601318864: RESULT: hold_snm_v = -0.015
sample 16 seed=L=936545551,R=1781866724: RESULT: hold_snm_v = 0.022372
sample 17 seed=L=1534941700,R=267836243: RESULT: hold_snm_v = 0.105323
sample 18 seed=L=307124404,R=1383774172: RESULT: hold_snm_v = 0.148496
sample 19 seed=L=194165312,R=278879009: RESULT: hold_snm_v = 0.108503
sample 20 seed=L=1009207099,R=1479527299: RESULT: hold_snm_v = -0.014999
sample 21 seed=L=1587670896,R=102581561: RESULT: hold_snm_v = -0.014406
sample 22 seed=L=1666669878,R=1262501404: RESULT: hold_snm_v = -0.015
sample 23 seed=L=1241323639,R=483304514: RESULT: hold_snm_v = -0.014981
sample 24 seed=L=391080320,R=915353163: RESULT: hold_snm_v = -0.014999
sample 25 seed=L=1270977647,R=1283519324: RESULT: hold_snm_v = 0.061827
sample 26 seed=L=840492248,R=867416435: RESULT: hold_snm_v = -0.011473
sample 27 seed=L=576440692,R=942457333: RESULT: hold_snm_v = -0.015
sample 28 seed=L=1049202537,R=1332155872: RESULT: hold_snm_v = -0.014624
sample 29 seed=L=594829453,R=1717028145: RESULT: hold_snm_v = 0.05271
sample 30 seed=L=565325181,R=29515035: RESULT: hold_snm_v = -0.015
sample 31 seed=L=608497314,R=1383000123: RESULT: hold_snm_v = 0.101432
sample 32 seed=L=1513323167,R=1491752920: RESULT: hold_snm_v = -0.012008
sample 33 seed=L=1471836226,R=745711420: RESULT: hold_snm_v = 0.14169
sample 34 seed=L=971707649,R=566203169: RESULT: hold_snm_v = 0.029864
sample 35 seed=L=196408902,R=1965592320: RESULT: hold_snm_v = -0.013021
sample 36 seed=L=834946127,R=912109871: RESULT: hold_snm_v = -0.014726
sample 37 seed=L=714312503,R=1292816816: RESULT: hold_snm_v = -0.015
sample 38 seed=L=1990032747,R=297480696: RESULT: hold_snm_v = 0.182132
sample 39 seed=L=577945986,R=1362367040: RESULT: hold_snm_v = -0.015
sample 40 seed=L=1613920808,R=200270975: RESULT: hold_snm_v = 0.078517
sample 41 seed=L=1634986565,R=983465383: RESULT: hold_snm_v = 0.106935
sample 42 seed=L=202172633,R=1556609143: RESULT: hold_snm_v = 0.235722
sample 43 seed=L=656754227,R=1424187481: RESULT: hold_snm_v = -0.014947
sample 44 seed=L=295613032,R=312200508: RESULT: hold_snm_v = -0.014956
sample 45 seed=L=1598720432,R=1576401578: RESULT: hold_snm_v = 0.149966
sample 46 seed=L=1361387639,R=1693761670: RESULT: hold_snm_v = 0.217733
sample 47 seed=L=1662736800,R=1748992599: RESULT: hold_snm_v = -0.001236
sample 48 seed=L=256397085,R=1764454264: RESULT: hold_snm_v = 0.152488
sample 49 seed=L=1103793514,R=381523377: RESULT: hold_snm_v = -0.015
sample 50 seed=L=1809571859,R=1692189417: RESULT: hold_snm_v = -0.013197
sample 51 seed=L=149175762,R=1774230603: RESULT: hold_snm_v = -0.014999
sample 52 seed=L=3543091,R=546362072: RESULT: hold_snm_v = 0.184802
sample 53 seed=L=658831084,R=1218948436: RESULT: hold_snm_v = -0.014902
sample 54 seed=L=885482317,R=560795890: RESULT: hold_snm_v = -0.012246
sample 55 seed=L=1854828415,R=648778098: RESULT: hold_snm_v = 0.139341
sample 56 seed=L=569934457,R=1678298728: RESULT: hold_snm_v = 0.199106
sample 57 seed=L=1771676911,R=1426253158: RESULT: hold_snm_v = 0.227818
sample 58 seed=L=54538542,R=1018257471: RESULT: hold_snm_v = -0.014894
sample 59 seed=L=956402856,R=62796768: RESULT: hold_snm_v = -0.01494
sample 60 seed=L=258598796,R=1602268555: RESULT: hold_snm_v = 0.21685
sample 61 seed=L=46866307,R=1420672778: RESULT: hold_snm_v = -0.014999
sample 62 seed=L=406046618,R=1267536238: RESULT: hold_snm_v = -0.010384
sample 63 seed=L=1095889293,R=1313624354: RESULT: hold_snm_v = 0.089322
sample 64 seed=L=1847819843,R=451456668: RESULT: hold_snm_v = -0.015
sample 65 seed=L=872683993,R=189320420: RESULT: hold_snm_v = -0.014957
sample 66 seed=L=190332253,R=668025704: RESULT: hold_snm_v = -0.015
sample 67 seed=L=957704248,R=1125373658: RESULT: hold_snm_v = -0.013955
sample 68 seed=L=1445882037,R=1058679388: RESULT: hold_snm_v = 0.003613
sample 69 seed=L=501323060,R=1932129692: RESULT: hold_snm_v = 0.040826
sample 70 seed=L=296779890,R=1249480113: RESULT: hold_snm_v = -0.014888
sample 71 seed=L=2955686,R=935142905: RESULT: hold_snm_v = 0.23382
sample 72 seed=L=1139033609,R=184410373: RESULT: hold_snm_v = 0.170003
sample 73 seed=L=1801015582,R=1277039130: RESULT: hold_snm_v = 0.191961
sample 74 seed=L=1291419254,R=1773283576: RESULT: hold_snm_v = -0.014857
sample 75 seed=L=1951731265,R=539316671: RESULT: hold_snm_v = 0.160532
sample 76 seed=L=1143984633,R=432072207: RESULT: hold_snm_v = 0.170607
sample 77 seed=L=1954173516,R=838861091: RESULT: hold_snm_v = 0.073187
sample 78 seed=L=892024832,R=1614692760: RESULT: hold_snm_v = -0.014995
sample 79 seed=L=370346611,R=791276116: RESULT: hold_snm_v = -0.01351
sample 80 seed=L=1406657482,R=1374721871: RESULT: hold_snm_v = 0.229683
sample 81 seed=L=490160507,R=307682993: RESULT: hold_snm_v = 0.221912
sample 82 seed=L=1709480732,R=847048697: RESULT: hold_snm_v = 0.229682
sample 83 seed=L=51085926,R=1280301089: RESULT: hold_snm_v = 0.136448
sample 84 seed=L=1389458042,R=465072308: RESULT: hold_snm_v = 0.202293
sample 85 seed=L=1477222189,R=802002086: RESULT: hold_snm_v = -0.011289
sample 86 seed=L=1518909176,R=1472046009: RESULT: hold_snm_v = 0.164288
sample 87 seed=L=558884058,R=1380328209: RESULT: hold_snm_v = -0.014994
sample 88 seed=L=698970086,R=1594680751: RESULT: hold_snm_v = 0.059595
sample 89 seed=L=917193823,R=343319775: RESULT: hold_snm_v = 0.223338
sample 90 seed=L=158600327,R=1268158731: RESULT: hold_snm_v = -0.012308
sample 91 seed=L=1121070877,R=1594343005: RESULT: hold_snm_v = 0.073308
sample 92 seed=L=1842378948,R=1035958816: RESULT: hold_snm_v = 0.010722
sample 93 seed=L=1197191511,R=1209238160: RESULT: hold_snm_v = -0.015
sample 94 seed=L=568045506,R=1791594822: RESULT: hold_snm_v = -0.014588
sample 95 seed=L=1838813886,R=457438129: RESULT: hold_snm_v = -0.011172
sample 96 seed=L=795403612,R=1175450752: RESULT: hold_snm_v = -0.015
sample 97 seed=L=382990916,R=1065933551: RESULT: hold_snm_v = -0.014148
sample 98 seed=L=668486811,R=603576586: RESULT: hold_snm_v = 0.175474
sample 99 seed=L=687382477,R=996828780: RESULT: hold_snm_v = 0.16077
