=== corner tt_125c_2.97v -- mismatch samples (sw_stat_mismatch=1) ===
sample 0 seed=L=1567581646,R=989966105: RESULT: hold_snm_v = 0.978525
sample 1 seed=L=813361544,R=54372831: RESULT: hold_snm_v = 0.98381
sample 2 seed=L=1374514401,R=6678101: RESULT: hold_snm_v = 0.990566
sample 3 seed=L=1321416137,R=1443276771: RESULT: hold_snm_v = 1.015318
sample 4 seed=L=1570370628,R=1229276193: RESULT: hold_snm_v = 0.985102
sample 5 seed=L=959633488,R=356037645: RESULT: hold_snm_v = 0.975189
sample 6 seed=L=1311116349,R=1861461924: RESULT: hold_snm_v = 0.99266
sample 7 seed=L=1022840010,R=1224174328: RESULT: hold_snm_v = 0.986884
sample 8 seed=L=1756593121,R=1359221944: RESULT: hold_snm_v = 0.975045
sample 9 seed=L=1483807630,R=1927658071: RESULT: hold_snm_v = 1.00388
sample 10 seed=L=1932023262,R=217662648: RESULT: hold_snm_v = 0.979439
sample 11 seed=L=167304510,R=1469424332: RESULT: hold_snm_v = 0.999396
sample 12 seed=L=1637987735,R=899239868: RESULT: hold_snm_v = 0.971104
sample 13 seed=L=1628740705,R=532090715: RESULT: hold_snm_v = 0.975015
sample 14 seed=L=1970025184,R=971837801: RESULT: hold_snm_v = 0.9967
sample 15 seed=L=1615218806,R=64399705: RESULT: hold_snm_v = 1.039685
sample 16 seed=L=1933678100,R=1157084312: RESULT: hold_snm_v = 0.993714
sample 17 seed=L=490732976,R=1699170185: RESULT: hold_snm_v = 1.018355
sample 18 seed=L=1529536329,R=1451314173: RESULT: hold_snm_v = 1.007658
sample 19 seed=L=355948750,R=345571977: RESULT: hold_snm_v = 0.998556
sample 20 seed=L=1122959204,R=248461292: RESULT: hold_snm_v = 0.98948
sample 21 seed=L=834904611,R=1692949178: RESULT: hold_snm_v = 0.99483
sample 22 seed=L=143972563,R=805399918: RESULT: hold_snm_v = 1.034524
sample 23 seed=L=382092926,R=889238407: RESULT: hold_snm_v = 1.000716
sample 24 seed=L=1342897333,R=1616984234: RESULT: hold_snm_v = 0.993742
sample 25 seed=L=1158324385,R=499421634: RESULT: hold_snm_v = 1.022098
sample 26 seed=L=1744602897,R=6571373: RESULT: hold_snm_v = 0.976747
sample 27 seed=L=137955483,R=1237516332: RESULT: hold_snm_v = 0.98383
sample 28 seed=L=940768347,R=1788056802: RESULT: hold_snm_v = 0.994172
sample 29 seed=L=1947449404,R=408932570: RESULT: hold_snm_v = 0.977331
sample 30 seed=L=1648952375,R=1364011590: RESULT: hold_snm_v = 0.96893
sample 31 seed=L=1160553360,R=108554126: RESULT: hold_snm_v = 1.00063
sample 32 seed=L=1415647573,R=1343667271: RESULT: hold_snm_v = 1.016956
sample 33 seed=L=1564198822,R=606068246: RESULT: hold_snm_v = 1.005985
sample 34 seed=L=1595642916,R=228119101: RESULT: hold_snm_v = 1.017871
sample 35 seed=L=1720577865,R=671320811: RESULT: hold_snm_v = 0.989666
sample 36 seed=L=1215037383,R=124359956: RESULT: hold_snm_v = 0.967803
sample 37 seed=L=1300013498,R=306528050: RESULT: hold_snm_v = 0.975868
sample 38 seed=L=1283587823,R=1748000138: RESULT: hold_snm_v = 0.964681
sample 39 seed=L=28069335,R=797899723: RESULT: hold_snm_v = 0.986619
sample 40 seed=L=60352240,R=756919455: RESULT: hold_snm_v = 1.025432
sample 41 seed=L=1791794758,R=269755193: RESULT: hold_snm_v = 0.968403
sample 42 seed=L=140683864,R=100587240: RESULT: hold_snm_v = 1.01818
sample 43 seed=L=604418075,R=1489187790: RESULT: hold_snm_v = 0.987051
sample 44 seed=L=1844545473,R=1419784140: RESULT: hold_snm_v = 0.999003
sample 45 seed=L=431693948,R=1705809555: RESULT: hold_snm_v = 0.968607
sample 46 seed=L=1665568687,R=1296610028: RESULT: hold_snm_v = 0.98539
sample 47 seed=L=253645662,R=1826165880: RESULT: hold_snm_v = 1.0059
sample 48 seed=L=660698214,R=1187308803: RESULT: hold_snm_v = 1.014838
sample 49 seed=L=638230660,R=1904683637: RESULT: hold_snm_v = 0.987753
sample 50 seed=L=1700082578,R=1379900085: RESULT: hold_snm_v = 1.037552
sample 51 seed=L=846501835,R=1799175054: RESULT: hold_snm_v = 0.961242
sample 52 seed=L=451903969,R=635525247: RESULT: hold_snm_v = 0.995642
sample 53 seed=L=178988842,R=805018845: RESULT: hold_snm_v = 1.006349
sample 54 seed=L=513674909,R=1683907894: RESULT: hold_snm_v = 0.971328
sample 55 seed=L=982068662,R=759750531: RESULT: hold_snm_v = 1.013066
sample 56 seed=L=1959400588,R=1949793038: RESULT: hold_snm_v = 0.971844
sample 57 seed=L=1816526644,R=758661075: RESULT: hold_snm_v = 1.01288
sample 58 seed=L=1736091332,R=183748225: RESULT: hold_snm_v = 0.991227
sample 59 seed=L=1729410882,R=1013460202: RESULT: hold_snm_v = 0.995201
sample 60 seed=L=458632342,R=840519282: RESULT: hold_snm_v = 0.986983
sample 61 seed=L=1912909229,R=1345764193: RESULT: hold_snm_v = 0.986807
sample 62 seed=L=1157065316,R=1801717190: RESULT: hold_snm_v = 0.99267
sample 63 seed=L=496894535,R=626687134: RESULT: hold_snm_v = 0.998398
sample 64 seed=L=765933303,R=1276315395: RESULT: hold_snm_v = 0.983127
sample 65 seed=L=1011327198,R=868593252: RESULT: hold_snm_v = 1.003692
sample 66 seed=L=418405939,R=284376254: RESULT: hold_snm_v = 0.981542
sample 67 seed=L=639464467,R=804333542: RESULT: hold_snm_v = 1.014142
sample 68 seed=L=573444428,R=1589598861: RESULT: hold_snm_v = 0.979805
sample 69 seed=L=265100781,R=1722028484: RESULT: hold_snm_v = 0.991298
sample 70 seed=L=713995677,R=234128640: RESULT: hold_snm_v = 0.987338
sample 71 seed=L=794615184,R=148258752: RESULT: hold_snm_v = 1.005736
sample 72 seed=L=662400925,R=274540535: RESULT: hold_snm_v = 0.966543
sample 73 seed=L=306862876,R=303777620: RESULT: hold_snm_v = 1.033527
sample 74 seed=L=1358526040,R=1835072927: RESULT: hold_snm_v = 0.99428
sample 75 seed=L=1834645837,R=1581918776: RESULT: hold_snm_v = 0.996147
sample 76 seed=L=319959921,R=337586228: RESULT: hold_snm_v = 0.983941
sample 77 seed=L=837932150,R=794822023: RESULT: hold_snm_v = 1.018049
sample 78 seed=L=325078060,R=1819756653: RESULT: hold_snm_v = 0.97909
sample 79 seed=L=1777145487,R=12718946: RESULT: hold_snm_v = 1.013564
sample 80 seed=L=1115967965,R=348292649: RESULT: hold_snm_v = 0.998298
sample 81 seed=L=1838056513,R=1557379808: RESULT: hold_snm_v = 0.993703
sample 82 seed=L=1318052787,R=50471191: RESULT: hold_snm_v = 0.996993
sample 83 seed=L=309708219,R=1914953832: RESULT: hold_snm_v = 0.981458
sample 84 seed=L=826290610,R=480614568: RESULT: hold_snm_v = 1.010191
sample 85 seed=L=166761312,R=932399501: RESULT: hold_snm_v = 0.983886
sample 86 seed=L=422762291,R=1166963576: RESULT: hold_snm_v = 1.004311
sample 87 seed=L=1654126528,R=1314358385: RESULT: hold_snm_v = 1.021441
sample 88 seed=L=994002483,R=693416927: RESULT: hold_snm_v = 0.967651
sample 89 seed=L=150936442,R=478073649: RESULT: hold_snm_v = 1.012946
sample 90 seed=L=1967825311,R=1700160235: RESULT: hold_snm_v = 1.00083
sample 91 seed=L=1553562927,R=556128075: RESULT: hold_snm_v = 0.978814
sample 92 seed=L=1924104246,R=1857312440: RESULT: hold_snm_v = 0.99983
sample 93 seed=L=1200969296,R=773832014: RESULT: hold_snm_v = 1.007996
sample 94 seed=L=657104771,R=1937999405: RESULT: hold_snm_v = 1.0021
sample 95 seed=L=501863719,R=614703597: RESULT: hold_snm_v = 0.996458
sample 96 seed=L=50649412,R=1019107737: RESULT: hold_snm_v = 0.997351
sample 97 seed=L=1732080882,R=935695846: RESULT: hold_snm_v = 0.978174
sample 98 seed=L=1827815623,R=466122638: RESULT: hold_snm_v = 0.987968
sample 99 seed=L=757831437,R=1346498104: RESULT: hold_snm_v = 0.985805
sample 100 seed=L=1666748601,R=50386212: RESULT: hold_snm_v = 0.985664
sample 101 seed=L=1750005249,R=1470532676: RESULT: hold_snm_v = 1.012041
sample 102 seed=L=1237518381,R=1261901820: RESULT: hold_snm_v = 1.012014
sample 103 seed=L=1847260159,R=1869259807: RESULT: hold_snm_v = 0.962132
sample 104 seed=L=1944543473,R=1716028735: RESULT: hold_snm_v = 1.012141
sample 105 seed=L=1906089828,R=1592177533: RESULT: hold_snm_v = 0.983818
sample 106 seed=L=1109334569,R=855085695: RESULT: hold_snm_v = 0.988967
sample 107 seed=L=1561599620,R=1687389805: RESULT: hold_snm_v = 1.008791
sample 108 seed=L=1456011460,R=1935517514: RESULT: hold_snm_v = 0.991504
sample 109 seed=L=108298061,R=769671905: RESULT: hold_snm_v = 0.998637
sample 110 seed=L=572254212,R=1394923178: RESULT: hold_snm_v = 1.02576
sample 111 seed=L=1997568188,R=1467896575: RESULT: hold_snm_v = 0.999039
sample 112 seed=L=1215563829,R=1311284094: RESULT: hold_snm_v = 1.018438
sample 113 seed=L=1145800959,R=1781280393: RESULT: hold_snm_v = 0.987339
sample 114 seed=L=207745486,R=1347784724: RESULT: hold_snm_v = 1.003228
sample 115 seed=L=897491471,R=1792014097: RESULT: hold_snm_v = 0.983206
sample 116 seed=L=631894516,R=1713209970: RESULT: hold_snm_v = 1.012247
sample 117 seed=L=497184381,R=120150132: RESULT: hold_snm_v = 1.003436
sample 118 seed=L=466321445,R=1607432538: RESULT: hold_snm_v = 1.017024
sample 119 seed=L=1663946805,R=271264506: RESULT: hold_snm_v = 0.997366
sample 120 seed=L=1137773000,R=1857145355: RESULT: hold_snm_v = 0.994686
sample 121 seed=L=1778088236,R=244792549: RESULT: hold_snm_v = 0.968522
sample 122 seed=L=718257884,R=887184935: RESULT: hold_snm_v = 0.979153
sample 123 seed=L=463693598,R=907669183: RESULT: hold_snm_v = 0.980314
sample 124 seed=L=1572577569,R=1847381993: RESULT: hold_snm_v = 0.988599
sample 125 seed=L=1544815811,R=70738487: RESULT: hold_snm_v = 1.002397
sample 126 seed=L=982704995,R=123274172: RESULT: hold_snm_v = 1.005293
sample 127 seed=L=597646335,R=1872081377: RESULT: hold_snm_v = 0.985377
sample 128 seed=L=1637427834,R=1067957247: RESULT: hold_snm_v = 0.967195
sample 129 seed=L=1440716840,R=344965419: RESULT: hold_snm_v = 0.991285
sample 130 seed=L=201606658,R=1764140594: RESULT: hold_snm_v = 1.01245
sample 131 seed=L=1659366829,R=889414335: RESULT: hold_snm_v = 0.99846
sample 132 seed=L=1180834538,R=613701958: RESULT: hold_snm_v = 0.963855
sample 133 seed=L=239377703,R=489475914: RESULT: hold_snm_v = 0.98902
sample 134 seed=L=1462894678,R=496484352: RESULT: hold_snm_v = 0.957492
sample 135 seed=L=314292847,R=1911016886: RESULT: hold_snm_v = 0.972043
sample 136 seed=L=918992676,R=1751898142: RESULT: hold_snm_v = 0.961539
sample 137 seed=L=1942530714,R=181119826: RESULT: hold_snm_v = 1.028657
sample 138 seed=L=245489557,R=1661736721: RESULT: hold_snm_v = 0.991597
sample 139 seed=L=364712275,R=947335629: RESULT: hold_snm_v = 0.990825
sample 140 seed=L=1434149312,R=1938557689: RESULT: hold_snm_v = 1.001365
sample 141 seed=L=251059776,R=1832899290: RESULT: hold_snm_v = 1.013313
sample 142 seed=L=274835289,R=53907662: RESULT: hold_snm_v = 0.995751
sample 143 seed=L=269987780,R=194811617: RESULT: hold_snm_v = 0.990856
sample 144 seed=L=1159448997,R=1038397248: RESULT: hold_snm_v = 1.002498
sample 145 seed=L=1658498039,R=846041823: RESULT: hold_snm_v = 0.983871
sample 146 seed=L=1527494909,R=58440403: RESULT: hold_snm_v = 1.006099
sample 147 seed=L=864043130,R=581521482: RESULT: hold_snm_v = 1.008803
sample 148 seed=L=961230434,R=1960007164: RESULT: hold_snm_v = 0.944338
sample 149 seed=L=1851796834,R=1790584840: RESULT: hold_snm_v = 0.987221
sample 150 seed=L=416593015,R=1999208262: RESULT: hold_snm_v = 0.996692
sample 151 seed=L=1870891856,R=98693185: RESULT: hold_snm_v = 0.960583
sample 152 seed=L=211515228,R=259062032: RESULT: hold_snm_v = 0.984633
sample 153 seed=L=1768703376,R=1936753957: RESULT: hold_snm_v = 0.985099
sample 154 seed=L=258704063,R=147362778: RESULT: hold_snm_v = 0.983773
sample 155 seed=L=1402013802,R=223235298: RESULT: hold_snm_v = 1.001052
sample 156 seed=L=41739226,R=995435839: RESULT: hold_snm_v = 0.997638
sample 157 seed=L=1347347076,R=659654595: RESULT: hold_snm_v = 1.001228
sample 158 seed=L=1179398416,R=678013915: RESULT: hold_snm_v = 0.972067
sample 159 seed=L=105521434,R=457639142: RESULT: hold_snm_v = 0.983506
sample 160 seed=L=133444378,R=1495423483: RESULT: hold_snm_v = 0.980078
sample 161 seed=L=1456589493,R=681422860: RESULT: hold_snm_v = 1.025976
sample 162 seed=L=53671052,R=1718104925: RESULT: hold_snm_v = 1.029733
sample 163 seed=L=100643378,R=745331902: RESULT: hold_snm_v = 0.959726
sample 164 seed=L=1650456801,R=1699188381: RESULT: hold_snm_v = 0.986669
sample 165 seed=L=1602984465,R=1097176023: RESULT: hold_snm_v = 1.020395
sample 166 seed=L=1377670411,R=343147931: RESULT: hold_snm_v = 0.984659
sample 167 seed=L=1435012988,R=1423878122: RESULT: hold_snm_v = 1.012545
sample 168 seed=L=767563913,R=876086160: RESULT: hold_snm_v = 0.97333
sample 169 seed=L=581761269,R=344895545: RESULT: hold_snm_v = 0.978871
sample 170 seed=L=1869960522,R=708605917: RESULT: hold_snm_v = 1.002188
sample 171 seed=L=137366672,R=1669452: RESULT: hold_snm_v = 1.00614
sample 172 seed=L=1268514995,R=564158995: RESULT: hold_snm_v = 0.974869
sample 173 seed=L=347145181,R=1606167736: RESULT: hold_snm_v = 1.019391
sample 174 seed=L=268931606,R=746606958: RESULT: hold_snm_v = 1.011546
sample 175 seed=L=1978929501,R=467334396: RESULT: hold_snm_v = 1.014295
sample 176 seed=L=1688056009,R=1204465652: RESULT: hold_snm_v = 1.003314
sample 177 seed=L=733782015,R=1416829335: RESULT: hold_snm_v = 0.96713
sample 178 seed=L=1706050335,R=1029743440: RESULT: hold_snm_v = 0.995507
sample 179 seed=L=1902653556,R=939285429: RESULT: hold_snm_v = 0.990821
sample 180 seed=L=42290063,R=1845506808: RESULT: hold_snm_v = 1.016381
sample 181 seed=L=913257753,R=1558533259: RESULT: hold_snm_v = 1.001363
sample 182 seed=L=1616948635,R=1761891978: RESULT: hold_snm_v = 1.029341
sample 183 seed=L=1276621102,R=1471984586: RESULT: hold_snm_v = 0.978579
sample 184 seed=L=1070499347,R=1370355887: RESULT: hold_snm_v = 0.965521
sample 185 seed=L=686427840,R=1158002730: RESULT: hold_snm_v = 1.012191
sample 186 seed=L=8363015,R=917879682: RESULT: hold_snm_v = 0.98961
sample 187 seed=L=1628256287,R=273434147: RESULT: hold_snm_v = 1.003919
sample 188 seed=L=249138040,R=1583524549: RESULT: hold_snm_v = 0.98969
sample 189 seed=L=29469580,R=1347644352: RESULT: hold_snm_v = 1.016399
sample 190 seed=L=1642923111,R=115314537: RESULT: hold_snm_v = 0.972048
sample 191 seed=L=429059539,R=472328423: RESULT: hold_snm_v = 0.997447
sample 192 seed=L=112028287,R=1524860633: RESULT: hold_snm_v = 0.983312
sample 193 seed=L=1623580660,R=1379990747: RESULT: hold_snm_v = 0.976341
sample 194 seed=L=65718937,R=412033000: RESULT: hold_snm_v = 0.992629
sample 195 seed=L=228535171,R=957691807: RESULT: hold_snm_v = 0.995009
sample 196 seed=L=1770817044,R=648264295: RESULT: hold_snm_v = 1.013261
sample 197 seed=L=479693529,R=691474827: RESULT: hold_snm_v = 1.023786
sample 198 seed=L=1585690260,R=210797304: RESULT: hold_snm_v = 1.001676
sample 199 seed=L=397677860,R=303240628: RESULT: hold_snm_v = 1.006255

=== corner tt_125c_2.97v -- determinism control (sw_stat_mismatch=0) ===
sample 0 seed=L=15901416,R=1091432450: RESULT: hold_snm_v = 0.993408
sample 1 seed=L=676275400,R=825691714: RESULT: hold_snm_v = 0.993408
sample 2 seed=L=514365237,R=1242733240: RESULT: hold_snm_v = 0.993408
sample 3 seed=L=1602074636,R=1745475302: RESULT: hold_snm_v = 0.993408

=== corner tt_125c_2.97v -- negative control (known-bad variant: supply collapsed to 0.50 V, far below spec/sram.md's ratified 2.97 V minimum and below this cell's data-retention voltage (the physical hold-stability failure mechanism), with per-instance mismatch drawn at 12x the PDK's own sigma) ===
sample 0 seed=L=278773249,R=1298639502: RESULT: hold_snm_v = -0.015
sample 1 seed=L=1801389489,R=1038725978: RESULT: hold_snm_v = -0.011191
sample 2 seed=L=1107286258,R=476222378: RESULT: hold_snm_v = -0.014998
sample 3 seed=L=1428835612,R=1123872483: RESULT: hold_snm_v = -0.002054
sample 4 seed=L=1116186869,R=1803263273: RESULT: hold_snm_v = 0.072188
sample 5 seed=L=1444687622,R=1740967591: RESULT: hold_snm_v = -0.015
sample 6 seed=L=131099403,R=1770209353: RESULT: hold_snm_v = 0.047896
sample 7 seed=L=1562284897,R=1066306707: RESULT: hold_snm_v = -0.014986
sample 8 seed=L=549689233,R=1248041392: RESULT: hold_snm_v = 0.16717
sample 9 seed=L=1703156198,R=1650951550: RESULT: hold_snm_v = 0.140926
sample 10 seed=L=613744383,R=1452121895: RESULT: hold_snm_v = -0.01262
sample 11 seed=L=1206343440,R=1866606680: RESULT: hold_snm_v = -0.014866
sample 12 seed=L=928393603,R=1202779342: RESULT: hold_snm_v = -0.015
sample 13 seed=L=775954434,R=35080597: RESULT: hold_snm_v = -0.014989
sample 14 seed=L=520065767,R=1783121691: RESULT: hold_snm_v = -0.015
sample 15 seed=L=1848372478,R=1234618831: RESULT: hold_snm_v = 0.217895
sample 16 seed=L=301796268,R=272442211: RESULT: hold_snm_v = -0.014998
sample 17 seed=L=1779070478,R=1355010756: RESULT: hold_snm_v = -0.014994
sample 18 seed=L=1585454034,R=1657609908: RESULT: hold_snm_v = -0.011798
sample 19 seed=L=262638566,R=185526087: RESULT: hold_snm_v = -0.011124
sample 20 seed=L=291589768,R=1129520596: RESULT: hold_snm_v = -0.015
sample 21 seed=L=73515375,R=887296938: RESULT: hold_snm_v = 0.196159
sample 22 seed=L=556979720,R=186055303: RESULT: hold_snm_v = 0.173129
sample 23 seed=L=952455691,R=516844601: RESULT: hold_snm_v = 0.048854
sample 24 seed=L=478348470,R=513667312: RESULT: hold_snm_v = 0.182562
sample 25 seed=L=435510750,R=1406101332: RESULT: hold_snm_v = -0.013081
sample 26 seed=L=1584349483,R=1886490798: RESULT: hold_snm_v = 0.232956
sample 27 seed=L=1079457879,R=1673209150: RESULT: hold_snm_v = -0.01125
sample 28 seed=L=901709065,R=374107112: RESULT: hold_snm_v = -0.014766
sample 29 seed=L=1957036806,R=218628925: RESULT: hold_snm_v = -0.014991
sample 30 seed=L=25161427,R=1536678482: RESULT: hold_snm_v = 0.132144
sample 31 seed=L=1736586393,R=1665585736: RESULT: hold_snm_v = 0.090055
sample 32 seed=L=1147143782,R=980489644: RESULT: hold_snm_v = 0.117489
sample 33 seed=L=241733337,R=1907423612: RESULT: hold_snm_v = 0.020845
sample 34 seed=L=1101039262,R=1428642177: RESULT: hold_snm_v = -0.014987
sample 35 seed=L=272246037,R=946129100: RESULT: hold_snm_v = -0.014857
sample 36 seed=L=1276369808,R=1953978323: RESULT: hold_snm_v = 0.046961
sample 37 seed=L=1794465591,R=167261377: RESULT: hold_snm_v = 0.084325
sample 38 seed=L=870572039,R=1132140877: RESULT: hold_snm_v = 0.23958
sample 39 seed=L=1801933481,R=718057825: RESULT: hold_snm_v = -0.014965
sample 40 seed=L=537357745,R=140552589: RESULT: hold_snm_v = 0.055806
sample 41 seed=L=908484392,R=1294103232: RESULT: hold_snm_v = -0.012118
sample 42 seed=L=251863904,R=1326787960: RESULT: hold_snm_v = -0.014491
sample 43 seed=L=71802836,R=1723469880: RESULT: hold_snm_v = 0.171766
sample 44 seed=L=5655352,R=1532715549: RESULT: hold_snm_v = 0.030033
sample 45 seed=L=579495397,R=1033066731: RESULT: hold_snm_v = 0.104291
sample 46 seed=L=986478578,R=720318203: RESULT: hold_snm_v = 0.219329
sample 47 seed=L=1179936879,R=1426791142: RESULT: hold_snm_v = -0.015
sample 48 seed=L=485581155,R=1754366353: RESULT: hold_snm_v = 0.164672
sample 49 seed=L=1833957074,R=296171664: RESULT: hold_snm_v = 0.100219
sample 50 seed=L=1642627248,R=339382645: RESULT: hold_snm_v = -0.005375
sample 51 seed=L=1628599898,R=1500773827: RESULT: hold_snm_v = -0.013339
sample 52 seed=L=131999106,R=1577800329: RESULT: hold_snm_v = -0.015
sample 53 seed=L=470833785,R=1034848066: RESULT: hold_snm_v = -0.015
sample 54 seed=L=94227489,R=622481728: RESULT: hold_snm_v = 0.130899
sample 55 seed=L=1304367254,R=385269543: RESULT: hold_snm_v = -0.014987
sample 56 seed=L=250797338,R=156317975: RESULT: hold_snm_v = 0.102718
sample 57 seed=L=1475553981,R=846910166: RESULT: hold_snm_v = -0.015
sample 58 seed=L=746836195,R=270431002: RESULT: hold_snm_v = 0.085227
sample 59 seed=L=1394368171,R=135774713: RESULT: hold_snm_v = -0.015
sample 60 seed=L=1946761472,R=264102532: RESULT: hold_snm_v = 0.119042
sample 61 seed=L=1960665383,R=631479342: RESULT: hold_snm_v = 0.205235
sample 62 seed=L=316001964,R=1729344761: RESULT: hold_snm_v = -0.014986
sample 63 seed=L=149148828,R=1163614340: RESULT: hold_snm_v = -0.013996
sample 64 seed=L=1603253835,R=581013134: RESULT: hold_snm_v = -0.011535
sample 65 seed=L=1713439424,R=555889200: RESULT: hold_snm_v = 0.206512
sample 66 seed=L=1530443254,R=949271590: RESULT: hold_snm_v = -0.011792
sample 67 seed=L=1733684958,R=899068555: RESULT: hold_snm_v = 0.185716
sample 68 seed=L=1115936784,R=308739384: RESULT: hold_snm_v = -0.014999
sample 69 seed=L=1688751042,R=1928770705: RESULT: hold_snm_v = 0.167592
sample 70 seed=L=155909250,R=1400104483: RESULT: hold_snm_v = 0.113885
sample 71 seed=L=211292362,R=1437403070: RESULT: hold_snm_v = -0.014998
sample 72 seed=L=539129107,R=855732249: RESULT: hold_snm_v = -0.015
sample 73 seed=L=1868915145,R=323455463: RESULT: hold_snm_v = 0.129549
sample 74 seed=L=788420097,R=648470810: RESULT: hold_snm_v = 0.179333
sample 75 seed=L=786987146,R=406658676: RESULT: hold_snm_v = -0.014823
sample 76 seed=L=639819099,R=804794528: RESULT: hold_snm_v = 0.209501
sample 77 seed=L=1816606463,R=957377904: RESULT: hold_snm_v = 0.059657
sample 78 seed=L=133033593,R=926888624: RESULT: hold_snm_v = 0.229693
sample 79 seed=L=1325530902,R=1205185923: RESULT: hold_snm_v = -0.014945
sample 80 seed=L=1770193078,R=20834137: RESULT: hold_snm_v = -0.013513
sample 81 seed=L=662081165,R=22192793: RESULT: hold_snm_v = 0.037301
sample 82 seed=L=980328437,R=1620531404: RESULT: hold_snm_v = -0.01
sample 83 seed=L=1535238386,R=1046805464: RESULT: hold_snm_v = -0.014999
sample 84 seed=L=1000790845,R=656795697: RESULT: hold_snm_v = -0.015
sample 85 seed=L=292453708,R=1442610694: RESULT: hold_snm_v = 0.067814
sample 86 seed=L=1976004804,R=1651175407: RESULT: hold_snm_v = 0.210394
sample 87 seed=L=291785155,R=328165585: RESULT: hold_snm_v = -0.011973
sample 88 seed=L=1569926766,R=246456288: RESULT: hold_snm_v = -0.014955
sample 89 seed=L=1567322536,R=1691809672: RESULT: hold_snm_v = 0.059786
sample 90 seed=L=1781732316,R=389290277: RESULT: hold_snm_v = -0.010782
sample 91 seed=L=1584654041,R=1867796672: RESULT: hold_snm_v = 0.18858
sample 92 seed=L=134007239,R=1046185059: RESULT: hold_snm_v = -0.014989
sample 93 seed=L=1023350808,R=622901078: RESULT: hold_snm_v = -0.011227
sample 94 seed=L=1302675755,R=188099849: RESULT: hold_snm_v = 0.164519
sample 95 seed=L=1109114713,R=177700690: RESULT: hold_snm_v = 0.236393
sample 96 seed=L=91656650,R=1223403035: RESULT: hold_snm_v = 0.025491
sample 97 seed=L=1278065063,R=489355811: RESULT: hold_snm_v = -0.015
sample 98 seed=L=1669383001,R=1086233808: RESULT: hold_snm_v = 0.020131
sample 99 seed=L=1995727046,R=1718668374: RESULT: hold_snm_v = -0.014977
