=== corner tt_25c_3.30v -- mismatch samples (sw_stat_mismatch=1) ===
sample 0 seed=L=1999001477,R=1742374616: RESULT: hold_snm_v = 1.132734
sample 1 seed=L=492608256,R=1075919187: RESULT: hold_snm_v = 1.116202
sample 2 seed=L=1867497829,R=1845146306: RESULT: hold_snm_v = 1.10548
sample 3 seed=L=260652866,R=282188487: RESULT: hold_snm_v = 1.089906
sample 4 seed=L=1008936216,R=1439492357: RESULT: hold_snm_v = 1.093131
sample 5 seed=L=488036324,R=1748451413: RESULT: hold_snm_v = 1.117951
sample 6 seed=L=281927282,R=1752778283: RESULT: hold_snm_v = 1.102008
sample 7 seed=L=468556124,R=335601336: RESULT: hold_snm_v = 1.135606
sample 8 seed=L=145130755,R=1008105675: RESULT: hold_snm_v = 1.125509
sample 9 seed=L=32663419,R=1902532242: RESULT: hold_snm_v = 1.097194
sample 10 seed=L=1898995466,R=212334675: RESULT: hold_snm_v = 1.104297
sample 11 seed=L=443715143,R=765081066: RESULT: hold_snm_v = 1.080161
sample 12 seed=L=351569369,R=1695311564: RESULT: hold_snm_v = 1.145851
sample 13 seed=L=1239973132,R=1139887880: RESULT: hold_snm_v = 1.117678
sample 14 seed=L=1562246892,R=971076770: RESULT: hold_snm_v = 1.103005
sample 15 seed=L=565515003,R=963060736: RESULT: hold_snm_v = 1.077212
sample 16 seed=L=64082927,R=413239489: RESULT: hold_snm_v = 1.12769
sample 17 seed=L=286879630,R=1251720401: RESULT: hold_snm_v = 1.107156
sample 18 seed=L=1954400981,R=489244574: RESULT: hold_snm_v = 1.118369
sample 19 seed=L=1053296432,R=1716076399: RESULT: hold_snm_v = 1.12722
sample 20 seed=L=1979581650,R=1992494905: RESULT: hold_snm_v = 1.124265
sample 21 seed=L=1461834630,R=522530618: RESULT: hold_snm_v = 1.112806
sample 22 seed=L=659478900,R=556481591: RESULT: hold_snm_v = 1.113045
sample 23 seed=L=252639673,R=859271008: RESULT: hold_snm_v = 1.132724
sample 24 seed=L=737099261,R=267954012: RESULT: hold_snm_v = 1.10839
sample 25 seed=L=150146579,R=635294813: RESULT: hold_snm_v = 1.095358
sample 26 seed=L=1210233698,R=1886041754: RESULT: hold_snm_v = 1.137945
sample 27 seed=L=1540413016,R=1151972453: RESULT: hold_snm_v = 1.114298
sample 28 seed=L=651053435,R=63106309: RESULT: hold_snm_v = 1.08418
sample 29 seed=L=855213501,R=519892278: RESULT: hold_snm_v = 1.097164
sample 30 seed=L=1100094050,R=1617314875: RESULT: hold_snm_v = 1.132234
sample 31 seed=L=1316421148,R=1431625034: RESULT: hold_snm_v = 1.098744
sample 32 seed=L=1265351300,R=1879625526: RESULT: hold_snm_v = 1.122578
sample 33 seed=L=683174876,R=225220986: RESULT: hold_snm_v = 1.128015
sample 34 seed=L=160927361,R=926962904: RESULT: hold_snm_v = 1.068865
sample 35 seed=L=894656586,R=928514569: RESULT: hold_snm_v = 1.120269
sample 36 seed=L=26178744,R=71790821: RESULT: hold_snm_v = 1.145629
sample 37 seed=L=1230379201,R=110812572: RESULT: hold_snm_v = 1.130662
sample 38 seed=L=1067134189,R=81914622: RESULT: hold_snm_v = 1.101288
sample 39 seed=L=747736294,R=156044858: RESULT: hold_snm_v = 1.097945
sample 40 seed=L=497948624,R=1246469127: RESULT: hold_snm_v = 1.127838
sample 41 seed=L=1287354714,R=722607292: RESULT: hold_snm_v = 1.112183
sample 42 seed=L=447772353,R=800182515: RESULT: hold_snm_v = 1.120136
sample 43 seed=L=1886236879,R=1724891755: RESULT: hold_snm_v = 1.094783
sample 44 seed=L=154982450,R=874758696: RESULT: hold_snm_v = 1.09313
sample 45 seed=L=834599735,R=563334439: RESULT: hold_snm_v = 1.124822
sample 46 seed=L=1859062298,R=1685459146: RESULT: hold_snm_v = 1.132389
sample 47 seed=L=1061701,R=1811975259: RESULT: hold_snm_v = 1.116274
sample 48 seed=L=1410488161,R=996371017: RESULT: hold_snm_v = 1.120163
sample 49 seed=L=312725326,R=808374786: RESULT: hold_snm_v = 1.144576
sample 50 seed=L=749881334,R=1041895296: RESULT: hold_snm_v = 1.115379
sample 51 seed=L=86634824,R=1634159630: RESULT: hold_snm_v = 1.10278
sample 52 seed=L=1119204924,R=215206989: RESULT: hold_snm_v = 1.139596
sample 53 seed=L=293901096,R=269616253: RESULT: hold_snm_v = 1.090287
sample 54 seed=L=437894506,R=372669898: RESULT: hold_snm_v = 1.107258
sample 55 seed=L=573566095,R=1695082656: RESULT: hold_snm_v = 1.113634
sample 56 seed=L=410407822,R=634950393: RESULT: hold_snm_v = 1.106088
sample 57 seed=L=1330097689,R=521746403: RESULT: hold_snm_v = 1.100369
sample 58 seed=L=1156386003,R=1708510875: RESULT: hold_snm_v = 1.106192
sample 59 seed=L=1835881335,R=597689992: RESULT: hold_snm_v = 1.105514
sample 60 seed=L=869493407,R=1761660764: RESULT: hold_snm_v = 1.160078
sample 61 seed=L=128489659,R=705598335: RESULT: hold_snm_v = 1.107472
sample 62 seed=L=93081690,R=285328264: RESULT: hold_snm_v = 1.127673
sample 63 seed=L=487639489,R=1981886545: RESULT: hold_snm_v = 1.092913
sample 64 seed=L=1682518974,R=288735514: RESULT: hold_snm_v = 1.123273
sample 65 seed=L=1730231061,R=1385604560: RESULT: hold_snm_v = 1.124432
sample 66 seed=L=1768400342,R=1470632464: RESULT: hold_snm_v = 1.085612
sample 67 seed=L=1095084472,R=526399040: RESULT: hold_snm_v = 1.132645
sample 68 seed=L=1128097341,R=331820145: RESULT: hold_snm_v = 1.099813
sample 69 seed=L=1565623438,R=1558535604: RESULT: hold_snm_v = 1.106842
sample 70 seed=L=1217138905,R=1550419177: RESULT: hold_snm_v = 1.084296
sample 71 seed=L=303572715,R=978315181: RESULT: hold_snm_v = 1.098949
sample 72 seed=L=1921878702,R=1889486127: RESULT: hold_snm_v = 1.086455
sample 73 seed=L=1325142374,R=209219405: RESULT: hold_snm_v = 1.089422
sample 74 seed=L=1347749424,R=1495057664: RESULT: hold_snm_v = 1.100452
sample 75 seed=L=1135658225,R=1776720925: RESULT: hold_snm_v = 1.129064
sample 76 seed=L=257551821,R=1671400427: RESULT: hold_snm_v = 1.107859
sample 77 seed=L=1839966010,R=838413940: RESULT: hold_snm_v = 1.126699
sample 78 seed=L=456769856,R=355225127: RESULT: hold_snm_v = 1.079827
sample 79 seed=L=1082286591,R=126069485: RESULT: hold_snm_v = 1.102381
sample 80 seed=L=1500668314,R=36601915: RESULT: hold_snm_v = 1.123581
sample 81 seed=L=1514594695,R=481940736: RESULT: hold_snm_v = 1.107063
sample 82 seed=L=1419189500,R=265868724: RESULT: hold_snm_v = 1.121156
sample 83 seed=L=430719982,R=1025928135: RESULT: hold_snm_v = 1.083701
sample 84 seed=L=214889426,R=1586900702: RESULT: hold_snm_v = 1.06918
sample 85 seed=L=534644476,R=1921520844: RESULT: hold_snm_v = 1.091058
sample 86 seed=L=258423035,R=1846759661: RESULT: hold_snm_v = 1.131597
sample 87 seed=L=488156524,R=998805854: RESULT: hold_snm_v = 1.099936
sample 88 seed=L=204859518,R=465908468: RESULT: hold_snm_v = 1.125436
sample 89 seed=L=1690364143,R=764896485: RESULT: hold_snm_v = 1.135063
sample 90 seed=L=75660786,R=1376395281: RESULT: hold_snm_v = 1.077489
sample 91 seed=L=1315450197,R=1140551097: RESULT: hold_snm_v = 1.118678
sample 92 seed=L=1881402532,R=1307279787: RESULT: hold_snm_v = 1.109734
sample 93 seed=L=1129385245,R=1847325767: RESULT: hold_snm_v = 1.11925
sample 94 seed=L=1159370227,R=358481956: RESULT: hold_snm_v = 1.128068
sample 95 seed=L=1624846225,R=1251693438: RESULT: hold_snm_v = 1.108278
sample 96 seed=L=1858591487,R=1388776496: RESULT: hold_snm_v = 1.128895
sample 97 seed=L=1048250698,R=51558005: RESULT: hold_snm_v = 1.095033
sample 98 seed=L=778181761,R=1754893948: RESULT: hold_snm_v = 1.135232
sample 99 seed=L=1878706377,R=1008994943: RESULT: hold_snm_v = 1.11085
sample 100 seed=L=1576328060,R=1444379039: RESULT: hold_snm_v = 1.095096
sample 101 seed=L=490139695,R=1204467682: RESULT: hold_snm_v = 1.136095
sample 102 seed=L=1118852683,R=1807911992: RESULT: hold_snm_v = 1.12116
sample 103 seed=L=1226825746,R=461475417: RESULT: hold_snm_v = 1.12243
sample 104 seed=L=1314075487,R=295600020: RESULT: hold_snm_v = 1.140272
sample 105 seed=L=284605179,R=518029655: RESULT: hold_snm_v = 1.100658
sample 106 seed=L=1771225887,R=1276818732: RESULT: hold_snm_v = 1.091083
sample 107 seed=L=59091935,R=1905512469: RESULT: hold_snm_v = 1.088916
sample 108 seed=L=1792852560,R=1084082347: RESULT: hold_snm_v = 1.119089
sample 109 seed=L=658510458,R=588287683: RESULT: hold_snm_v = 1.095187
sample 110 seed=L=1566292638,R=1738561494: RESULT: hold_snm_v = 1.103372
sample 111 seed=L=10043105,R=293915256: RESULT: hold_snm_v = 1.134653
sample 112 seed=L=541394600,R=1258254609: RESULT: hold_snm_v = 1.094438
sample 113 seed=L=1697053465,R=73829336: RESULT: hold_snm_v = 1.113274
sample 114 seed=L=784965154,R=1798562054: RESULT: hold_snm_v = 1.07456
sample 115 seed=L=350904195,R=771649817: RESULT: hold_snm_v = 1.11471
sample 116 seed=L=208109345,R=807443586: RESULT: hold_snm_v = 1.09644
sample 117 seed=L=868656677,R=1812933071: RESULT: hold_snm_v = 1.116406
sample 118 seed=L=1970009464,R=656416784: RESULT: hold_snm_v = 1.097874
sample 119 seed=L=75445511,R=1929423991: RESULT: hold_snm_v = 1.072499
sample 120 seed=L=149986328,R=1694247874: RESULT: hold_snm_v = 1.111036
sample 121 seed=L=1893700995,R=1921279676: RESULT: hold_snm_v = 1.09908
sample 122 seed=L=692893937,R=193657518: RESULT: hold_snm_v = 1.089702
sample 123 seed=L=1097981653,R=472208884: RESULT: hold_snm_v = 1.075946
sample 124 seed=L=1853857840,R=1706790259: RESULT: hold_snm_v = 1.113756
sample 125 seed=L=912754764,R=753672038: RESULT: hold_snm_v = 1.079471
sample 126 seed=L=918670934,R=981674298: RESULT: hold_snm_v = 1.125797
sample 127 seed=L=1049840896,R=1711168582: RESULT: hold_snm_v = 1.093386
sample 128 seed=L=1484346050,R=1052927177: RESULT: hold_snm_v = 1.10154
sample 129 seed=L=131424267,R=1976228635: RESULT: hold_snm_v = 1.105489
sample 130 seed=L=1860531829,R=726883160: RESULT: hold_snm_v = 1.104344
sample 131 seed=L=1942519763,R=313273688: RESULT: hold_snm_v = 1.111729
sample 132 seed=L=1415476215,R=1795249714: RESULT: hold_snm_v = 1.094684
sample 133 seed=L=422453324,R=273319413: RESULT: hold_snm_v = 1.136014
sample 134 seed=L=1640318046,R=680558273: RESULT: hold_snm_v = 1.094531
sample 135 seed=L=234922239,R=704339679: RESULT: hold_snm_v = 1.095015
sample 136 seed=L=971255975,R=1446395620: RESULT: hold_snm_v = 1.126247
sample 137 seed=L=572547088,R=1851795141: RESULT: hold_snm_v = 1.146018
sample 138 seed=L=940558135,R=1509356201: RESULT: hold_snm_v = 1.124175
sample 139 seed=L=796135625,R=1107461667: RESULT: hold_snm_v = 1.123315
sample 140 seed=L=635425983,R=21664485: RESULT: hold_snm_v = 1.104958
sample 141 seed=L=1231940375,R=130606194: RESULT: hold_snm_v = 1.120056
sample 142 seed=L=1139821046,R=18509519: RESULT: hold_snm_v = 1.102467
sample 143 seed=L=278757693,R=1347976269: RESULT: hold_snm_v = 1.093279
sample 144 seed=L=1586879435,R=692476813: RESULT: hold_snm_v = 1.103032
sample 145 seed=L=1079127912,R=1052857676: RESULT: hold_snm_v = 1.144982
sample 146 seed=L=576020875,R=183245062: RESULT: hold_snm_v = 1.07467
sample 147 seed=L=1613216811,R=1939918430: RESULT: hold_snm_v = 1.10075
sample 148 seed=L=441426170,R=1374612032: RESULT: hold_snm_v = 1.097303
sample 149 seed=L=895481282,R=719505091: RESULT: hold_snm_v = 1.124631
sample 150 seed=L=1541319647,R=1106469108: RESULT: hold_snm_v = 1.136173
sample 151 seed=L=1541016970,R=242546882: RESULT: hold_snm_v = 1.092537
sample 152 seed=L=1611639745,R=34147544: RESULT: hold_snm_v = 1.130515
sample 153 seed=L=720204268,R=386893354: RESULT: hold_snm_v = 1.059999
sample 154 seed=L=1975425350,R=534409557: RESULT: hold_snm_v = 1.133912
sample 155 seed=L=207807208,R=1802901407: RESULT: hold_snm_v = 1.1111
sample 156 seed=L=1936850174,R=1597723652: RESULT: hold_snm_v = 1.125534
sample 157 seed=L=977784616,R=426913926: RESULT: hold_snm_v = 1.095513
sample 158 seed=L=370812844,R=1945640202: RESULT: hold_snm_v = 1.114061
sample 159 seed=L=915448698,R=110810521: RESULT: hold_snm_v = 1.107986
sample 160 seed=L=837310093,R=1661348930: RESULT: hold_snm_v = 1.081143
sample 161 seed=L=437927990,R=237375868: RESULT: hold_snm_v = 1.094577
sample 162 seed=L=1782552181,R=1114498573: RESULT: hold_snm_v = 1.101565
sample 163 seed=L=1677382863,R=322077108: RESULT: hold_snm_v = 1.098323
sample 164 seed=L=376857286,R=765811730: RESULT: hold_snm_v = 1.096202
sample 165 seed=L=304128617,R=1111525014: RESULT: hold_snm_v = 1.080521
sample 166 seed=L=978709521,R=1105752538: RESULT: hold_snm_v = 1.121351
sample 167 seed=L=960419300,R=840357719: RESULT: hold_snm_v = 1.125039
sample 168 seed=L=599988311,R=250077199: RESULT: hold_snm_v = 1.07687
sample 169 seed=L=270381964,R=1092774432: RESULT: hold_snm_v = 1.126205
sample 170 seed=L=234927117,R=1739284389: RESULT: hold_snm_v = 1.123826
sample 171 seed=L=158363858,R=1895429092: RESULT: hold_snm_v = 1.099911
sample 172 seed=L=1498300367,R=1588460374: RESULT: hold_snm_v = 1.094468
sample 173 seed=L=1353899744,R=1200260282: RESULT: hold_snm_v = 1.103441
sample 174 seed=L=1588453631,R=1753055291: RESULT: hold_snm_v = 1.109057
sample 175 seed=L=790908470,R=18571932: RESULT: hold_snm_v = 1.089387
sample 176 seed=L=162215615,R=359304024: RESULT: hold_snm_v = 1.1008
sample 177 seed=L=953288890,R=995386552: RESULT: hold_snm_v = 1.104162
sample 178 seed=L=1613440007,R=1500689457: RESULT: hold_snm_v = 1.117662
sample 179 seed=L=1306949743,R=1624756111: RESULT: hold_snm_v = 1.106127
sample 180 seed=L=1363254762,R=284674330: RESULT: hold_snm_v = 1.141811
sample 181 seed=L=1176846732,R=284614195: RESULT: hold_snm_v = 1.113218
sample 182 seed=L=1324857660,R=1043484627: RESULT: hold_snm_v = 1.109043
sample 183 seed=L=1583527736,R=446890082: RESULT: hold_snm_v = 1.105096
sample 184 seed=L=494609866,R=1822131913: RESULT: hold_snm_v = 1.091306
sample 185 seed=L=673306073,R=453976113: RESULT: hold_snm_v = 1.07709
sample 186 seed=L=212541088,R=1737190524: RESULT: hold_snm_v = 1.08772
sample 187 seed=L=513795150,R=1479653903: RESULT: hold_snm_v = 1.100166
sample 188 seed=L=192723746,R=1957690653: RESULT: hold_snm_v = 1.128468
sample 189 seed=L=1916523850,R=985193509: RESULT: hold_snm_v = 1.114456
sample 190 seed=L=736640269,R=295522689: RESULT: hold_snm_v = 1.104255
sample 191 seed=L=838481501,R=1998124843: RESULT: hold_snm_v = 1.123748
sample 192 seed=L=1256589684,R=1038549899: RESULT: hold_snm_v = 1.059176
sample 193 seed=L=1064426337,R=84779269: RESULT: hold_snm_v = 1.140524
sample 194 seed=L=1075243953,R=937969637: RESULT: hold_snm_v = 1.138404
sample 195 seed=L=1769363003,R=240749310: RESULT: hold_snm_v = 1.114644
sample 196 seed=L=79755352,R=234390193: RESULT: hold_snm_v = 1.073141
sample 197 seed=L=1019676306,R=1182309339: RESULT: hold_snm_v = 1.130375
sample 198 seed=L=405031449,R=1004521088: RESULT: hold_snm_v = 1.130659
sample 199 seed=L=259387003,R=1068642473: RESULT: hold_snm_v = 1.130741

=== corner tt_25c_3.30v -- determinism control (sw_stat_mismatch=0) ===
sample 0 seed=L=1887323047,R=470306919: RESULT: hold_snm_v = 1.110807
sample 1 seed=L=912206832,R=1223731974: RESULT: hold_snm_v = 1.110807
sample 2 seed=L=1254104611,R=1116542290: RESULT: hold_snm_v = 1.110807
sample 3 seed=L=1924115895,R=784795791: RESULT: hold_snm_v = 1.110807

=== corner tt_25c_3.30v -- negative control (known-bad variant: supply collapsed to 0.50 V, far below spec/sram.md's ratified 2.97 V minimum and below this cell's data-retention voltage (the physical hold-stability failure mechanism), with per-instance mismatch drawn at 12x the PDK's own sigma) ===
sample 0 seed=L=165686784,R=1326476780: RESULT: hold_snm_v = -0.013277
sample 1 seed=L=118007308,R=805397404: RESULT: hold_snm_v = 0.065849
sample 2 seed=L=1645801770,R=1956076500: RESULT: hold_snm_v = 0.026005
sample 3 seed=L=473356044,R=1445059278: RESULT: hold_snm_v = -0.011779
sample 4 seed=L=727555529,R=1048033289: RESULT: hold_snm_v = 0.112599
sample 5 seed=L=40135564,R=953723038: RESULT: hold_snm_v = -0.015
sample 6 seed=L=209281292,R=1439553002: RESULT: hold_snm_v = 0.210255
sample 7 seed=L=26307574,R=1179216290: RESULT: hold_snm_v = 0.107151
sample 8 seed=L=790438288,R=617355667: RESULT: hold_snm_v = -0.015
sample 9 seed=L=1826470975,R=1092738707: RESULT: hold_snm_v = 0.099143
sample 10 seed=L=55487530,R=1163071768: RESULT: hold_snm_v = 0.066502
sample 11 seed=L=856778157,R=225958995: RESULT: hold_snm_v = 0.069074
sample 12 seed=L=663118224,R=233368892: RESULT: hold_snm_v = 0.069649
sample 13 seed=L=1091542802,R=1408435407: RESULT: hold_snm_v = -0.011833
sample 14 seed=L=1598153105,R=1180466027: RESULT: hold_snm_v = 0.205228
sample 15 seed=L=106875459,R=553370708: RESULT: hold_snm_v = 0.098896
sample 16 seed=L=531220303,R=1817516722: RESULT: hold_snm_v = -0.01493
sample 17 seed=L=998119850,R=209008549: RESULT: hold_snm_v = -0.015
sample 18 seed=L=1554696071,R=22675391: RESULT: hold_snm_v = -0.014987
sample 19 seed=L=1697546287,R=1535337913: RESULT: hold_snm_v = -0.01408
sample 20 seed=L=1364943856,R=1191238957: RESULT: hold_snm_v = 0.182951
sample 21 seed=L=111633459,R=400085462: RESULT: hold_snm_v = 0.042726
sample 22 seed=L=828218917,R=1133044363: RESULT: hold_snm_v = -0.015
sample 23 seed=L=441255735,R=10653176: RESULT: hold_snm_v = -0.015
sample 24 seed=L=109589188,R=1035560186: RESULT: hold_snm_v = -0.015
sample 25 seed=L=1371471494,R=291176655: RESULT: hold_snm_v = -0.014983
sample 26 seed=L=1221476972,R=1896644329: RESULT: hold_snm_v = -0.004552
sample 27 seed=L=1368732804,R=675260657: RESULT: hold_snm_v = -0.015
sample 28 seed=L=243682998,R=1067103345: RESULT: hold_snm_v = 0.076836
sample 29 seed=L=1817017069,R=351522784: RESULT: hold_snm_v = 0.128205
sample 30 seed=L=175134097,R=1793015328: RESULT: hold_snm_v = -0.014969
sample 31 seed=L=1145537233,R=537974560: RESULT: hold_snm_v = 0.025704
sample 32 seed=L=1882759663,R=729814992: RESULT: hold_snm_v = 0.126754
sample 33 seed=L=1638169122,R=225740806: RESULT: hold_snm_v = -0.010001
sample 34 seed=L=513531359,R=500052517: RESULT: hold_snm_v = 0.151824
sample 35 seed=L=33046927,R=1689391010: RESULT: hold_snm_v = -0.014929
sample 36 seed=L=572702602,R=1186083702: RESULT: hold_snm_v = -0.014996
sample 37 seed=L=1041409929,R=1157178648: RESULT: hold_snm_v = -0.014997
sample 38 seed=L=1415918918,R=1879051449: RESULT: hold_snm_v = 0.094687
sample 39 seed=L=1059467916,R=1083485654: RESULT: hold_snm_v = 0.034703
sample 40 seed=L=1394820505,R=1905007148: RESULT: hold_snm_v = 0.034475
sample 41 seed=L=918071686,R=444631205: RESULT: hold_snm_v = 0.186585
sample 42 seed=L=92625770,R=713001732: RESULT: hold_snm_v = -0.011693
sample 43 seed=L=1438883765,R=90434029: RESULT: hold_snm_v = -0.002121
sample 44 seed=L=948531485,R=811645370: RESULT: hold_snm_v = -0.015
sample 45 seed=L=124728391,R=1780062375: RESULT: hold_snm_v = 0.018014
sample 46 seed=L=919653209,R=1758266590: RESULT: hold_snm_v = 0.086433
sample 47 seed=L=1857840970,R=1982685532: RESULT: hold_snm_v = -0.015
sample 48 seed=L=212868034,R=345935936: RESULT: hold_snm_v = -0.010464
sample 49 seed=L=1542600083,R=738245171: RESULT: hold_snm_v = 0.213856
sample 50 seed=L=1352171099,R=146508125: RESULT: hold_snm_v = -0.01461
sample 51 seed=L=469531861,R=226144644: RESULT: hold_snm_v = -0.013531
sample 52 seed=L=175081582,R=1305776198: RESULT: hold_snm_v = -0.015
sample 53 seed=L=415032196,R=857013906: RESULT: hold_snm_v = 0.234781
sample 54 seed=L=1120691367,R=1842753742: RESULT: hold_snm_v = -0.015
sample 55 seed=L=1811376920,R=45068921: RESULT: hold_snm_v = 0.232986
sample 56 seed=L=1870069726,R=113631986: RESULT: hold_snm_v = -0.014537
sample 57 seed=L=111734324,R=1386019262: RESULT: hold_snm_v = -0.014993
sample 58 seed=L=1742610528,R=1561972883: RESULT: hold_snm_v = -0.015
sample 59 seed=L=708778484,R=1721026493: RESULT: hold_snm_v = 0.081115
sample 60 seed=L=991624712,R=40658592: RESULT: hold_snm_v = 0.039456
sample 61 seed=L=966486604,R=1511285724: RESULT: hold_snm_v = 0.042035
sample 62 seed=L=1113508085,R=1347618618: RESULT: hold_snm_v = 0.10963
sample 63 seed=L=374461520,R=1734873664: RESULT: hold_snm_v = 0.032991
sample 64 seed=L=901716589,R=555785555: RESULT: hold_snm_v = -0.015
sample 65 seed=L=1680751034,R=478425796: RESULT: hold_snm_v = -0.015
sample 66 seed=L=70604038,R=1603943868: RESULT: hold_snm_v = -0.015
sample 67 seed=L=1591680983,R=808115541: RESULT: hold_snm_v = -0.014962
sample 68 seed=L=1376664573,R=1510580049: RESULT: hold_snm_v = -0.014859
sample 69 seed=L=1718844787,R=1063588921: RESULT: hold_snm_v = 0.163436
sample 70 seed=L=435899660,R=173169051: RESULT: hold_snm_v = 0.072037
sample 71 seed=L=125370188,R=1288982962: RESULT: hold_snm_v = -0.009809
sample 72 seed=L=1594294832,R=486362888: RESULT: hold_snm_v = 0.180557
sample 73 seed=L=72981083,R=404521979: RESULT: hold_snm_v = -0.014998
sample 74 seed=L=1032017480,R=953813529: RESULT: hold_snm_v = -0.015
sample 75 seed=L=886076066,R=1031630720: RESULT: hold_snm_v = 0.204914
sample 76 seed=L=1699989293,R=1168955419: RESULT: hold_snm_v = -0.012575
sample 77 seed=L=30176196,R=756152696: RESULT: hold_snm_v = -0.011776
sample 78 seed=L=453882675,R=288167257: RESULT: hold_snm_v = -0.014925
sample 79 seed=L=1925641088,R=201935542: RESULT: hold_snm_v = 0.14233
sample 80 seed=L=394526993,R=232895192: RESULT: hold_snm_v = -0.015
sample 81 seed=L=73985901,R=1635063236: RESULT: hold_snm_v = -0.014984
sample 82 seed=L=1075240932,R=1900944029: RESULT: hold_snm_v = -0.009711
sample 83 seed=L=1004167359,R=125361943: RESULT: hold_snm_v = -0.010672
sample 84 seed=L=642468740,R=846078793: RESULT: hold_snm_v = -0.015
sample 85 seed=L=1808930182,R=1190930612: RESULT: hold_snm_v = -0.014994
sample 86 seed=L=1225717732,R=1147128494: RESULT: hold_snm_v = -0.014941
sample 87 seed=L=703472321,R=1252001864: RESULT: hold_snm_v = 0.1886
sample 88 seed=L=702098937,R=109862323: RESULT: hold_snm_v = 0.111697
sample 89 seed=L=527028369,R=1093335826: RESULT: hold_snm_v = 0.080283
sample 90 seed=L=1058596166,R=1323935390: RESULT: hold_snm_v = -0.015
sample 91 seed=L=168064149,R=395994413: RESULT: hold_snm_v = -0.014671
sample 92 seed=L=168034202,R=1347915810: RESULT: hold_snm_v = -0.01499
sample 93 seed=L=1407663818,R=64154903: RESULT: hold_snm_v = -0.015
sample 94 seed=L=1643960790,R=945924497: RESULT: hold_snm_v = 0.224955
sample 95 seed=L=1232746602,R=1271287440: RESULT: hold_snm_v = -0.002729
sample 96 seed=L=435786805,R=122254731: RESULT: hold_snm_v = -0.015
sample 97 seed=L=1663551103,R=1662982059: RESULT: hold_snm_v = 0.224742
sample 98 seed=L=34886324,R=423073438: RESULT: hold_snm_v = 0.016951
sample 99 seed=L=913687961,R=1692739130: RESULT: hold_snm_v = 0.135775
