
Note: Compatibility modes selected: hs a

Warning: m=xx on .subckt line will override multiplier m hierarchy!


Circuit: * write margin testbench -- bitcell_6t, dut netlist `.include`d directly.

Reset re-loads circuit * write margin testbench -- bitcell_6t, dut netlist `.include`d directly.

Circuit: * write margin testbench -- bitcell_6t, dut netlist `.include`d directly.

Doing analysis at TEMP = 25.000000 and TNOM = 27.000000

Using SPARSE 1.3 as Direct Linear Solver

Initial Transient Solution
--------------------------

Node                                   Voltage
----                                   -------
vdd                                       3.63
bl                                        3.63
blb                                          0
wl                                           0
q                                      1.87156
qb                                     1.87188
vss                                   0.867832
vwl#branch                                   0
vblb#branch                        4.48105e-05
vbl#branch                        -2.76321e-12
vvdd#branch                       -4.48105e-05


No. of Data Rows : 429
Reset re-loads circuit * write margin testbench -- bitcell_6t, dut netlist `.include`d directly.

Circuit: * write margin testbench -- bitcell_6t, dut netlist `.include`d directly.

Doing analysis at TEMP = 25.000000 and TNOM = 27.000000

Using SPARSE 1.3 as Direct Linear Solver

Initial Transient Solution
--------------------------

Node                                   Voltage
----                                   -------
vdd                                       3.63
bl                                        3.63
blb                                          0
wl                                           0
q                                      1.87156
qb                                     1.87188
vss                                   0.867832
vwl#branch                                   0
vblb#branch                        4.48105e-05
vbl#branch                        -2.76321e-12
vvdd#branch                       -4.48105e-05


No. of Data Rows : 429
Reset re-loads circuit * write margin testbench -- bitcell_6t, dut netlist `.include`d directly.

Circuit: * write margin testbench -- bitcell_6t, dut netlist `.include`d directly.

Doing analysis at TEMP = 25.000000 and TNOM = 27.000000

Using SPARSE 1.3 as Direct Linear Solver

Initial Transient Solution
--------------------------

Node                                   Voltage
----                                   -------
vdd                                       3.63
bl                                        3.63
blb                                          0
wl                                           0
q                                      1.87156
qb                                     1.87188
vss                                   0.867832
vwl#branch                                   0
vblb#branch                        4.48105e-05
vbl#branch                        -2.76321e-12
vvdd#branch                       -4.48105e-05


No. of Data Rows : 429
Reset re-loads circuit * write margin testbench -- bitcell_6t, dut netlist `.include`d directly.

Circuit: * write margin testbench -- bitcell_6t, dut netlist `.include`d directly.

Doing analysis at TEMP = 25.000000 and TNOM = 27.000000

Using SPARSE 1.3 as Direct Linear Solver

Initial Transient Solution
--------------------------

Node                                   Voltage
----                                   -------
vdd                                       3.63
bl                                        3.63
blb                                          0
wl                                           0
q                                      1.87156
qb                                     1.87188
vss                                   0.867832
vwl#branch                                   0
vblb#branch                        4.48105e-05
vbl#branch                        -2.76321e-12
vvdd#branch                       -4.48105e-05


No. of Data Rows : 429
Reset re-loads circuit * write margin testbench -- bitcell_6t, dut netlist `.include`d directly.

Circuit: * write margin testbench -- bitcell_6t, dut netlist `.include`d directly.

Doing analysis at TEMP = 25.000000 and TNOM = 27.000000

Using SPARSE 1.3 as Direct Linear Solver

Initial Transient Solution
--------------------------

Node                                   Voltage
----                                   -------
vdd                                       3.63
bl                                        3.63
blb                                          0
wl                                           0
q                                      1.87156
qb                                     1.87188
vss                                   0.867832
vwl#branch                                   0
vblb#branch                        4.48105e-05
vbl#branch                        -2.76321e-12
vvdd#branch                       -4.48105e-05


No. of Data Rows : 429
Reset re-loads circuit * write margin testbench -- bitcell_6t, dut netlist `.include`d directly.

Circuit: * write margin testbench -- bitcell_6t, dut netlist `.include`d directly.

Doing analysis at TEMP = 25.000000 and TNOM = 27.000000

Using SPARSE 1.3 as Direct Linear Solver

Initial Transient Solution
--------------------------

Node                                   Voltage
----                                   -------
vdd                                       3.63
bl                                        3.63
blb                                          0
wl                                           0
q                                      1.87156
qb                                     1.87188
vss                                   0.867832
vwl#branch                                   0
vblb#branch                        4.48105e-05
vbl#branch                        -2.76321e-12
vvdd#branch                       -4.48105e-05


No. of Data Rows : 429
Reset re-loads circuit * write margin testbench -- bitcell_6t, dut netlist `.include`d directly.

Circuit: * write margin testbench -- bitcell_6t, dut netlist `.include`d directly.

Doing analysis at TEMP = 25.000000 and TNOM = 27.000000

Using SPARSE 1.3 as Direct Linear Solver

Initial Transient Solution
--------------------------

Node                                   Voltage
----                                   -------
vdd                                       3.63
bl                                        3.63
blb                                          0
wl                                           0
q                                      1.87156
qb                                     1.87188
vss                                   0.867832
vwl#branch                                   0
vblb#branch                        4.48105e-05
vbl#branch                        -2.76321e-12
vvdd#branch                       -4.48105e-05


No. of Data Rows : 429
Reset re-loads circuit * write margin testbench -- bitcell_6t, dut netlist `.include`d directly.

Circuit: * write margin testbench -- bitcell_6t, dut netlist `.include`d directly.

Doing analysis at TEMP = 25.000000 and TNOM = 27.000000

Using SPARSE 1.3 as Direct Linear Solver

Initial Transient Solution
--------------------------

Node                                   Voltage
----                                   -------
vdd                                       3.63
bl                                        3.63
blb                                          0
wl                                           0
q                                      1.87156
qb                                     1.87188
vss                                   0.867832
vwl#branch                                   0
vblb#branch                        4.48105e-05
vbl#branch                        -2.76321e-12
vvdd#branch                       -4.48105e-05


No. of Data Rows : 429
Reset re-loads circuit * write margin testbench -- bitcell_6t, dut netlist `.include`d directly.

Circuit: * write margin testbench -- bitcell_6t, dut netlist `.include`d directly.

Doing analysis at TEMP = 25.000000 and TNOM = 27.000000

Using SPARSE 1.3 as Direct Linear Solver

Initial Transient Solution
--------------------------

Node                                   Voltage
----                                   -------
vdd                                       3.63
bl                                        3.63
blb                                          0
wl                                           0
q                                      1.87156
qb                                     1.87188
vss                                   0.867832
vwl#branch                                   0
vblb#branch                        4.48105e-05
vbl#branch                        -2.76321e-12
vvdd#branch                       -4.48105e-05


No. of Data Rows : 429
Reset re-loads circuit * write margin testbench -- bitcell_6t, dut netlist `.include`d directly.

Circuit: * write margin testbench -- bitcell_6t, dut netlist `.include`d directly.

Doing analysis at TEMP = 25.000000 and TNOM = 27.000000

Using SPARSE 1.3 as Direct Linear Solver

Initial Transient Solution
--------------------------

Node                                   Voltage
----                                   -------
vdd                                       3.63
bl                                        3.63
blb                                          0
wl                                           0
q                                      1.87156
qb                                     1.87188
vss                                   0.867832
vwl#branch                                   0
vblb#branch                        4.48105e-05
vbl#branch                        -2.76321e-12
vvdd#branch                       -4.48105e-05


No. of Data Rows : 429
Reset re-loads circuit * write margin testbench -- bitcell_6t, dut netlist `.include`d directly.

Circuit: * write margin testbench -- bitcell_6t, dut netlist `.include`d directly.

Doing analysis at TEMP = 25.000000 and TNOM = 27.000000

Using SPARSE 1.3 as Direct Linear Solver

Initial Transient Solution
--------------------------

Node                                   Voltage
----                                   -------
vdd                                       3.63
bl                                        3.63
blb                                          0
wl                                           0
q                                      1.87156
qb                                     1.87188
vss                                   0.867832
vwl#branch                                   0
vblb#branch                        4.48105e-05
vbl#branch                        -2.76321e-12
vvdd#branch                       -4.48105e-05


No. of Data Rows : 429
Reset re-loads circuit * write margin testbench -- bitcell_6t, dut netlist `.include`d directly.

Circuit: * write margin testbench -- bitcell_6t, dut netlist `.include`d directly.

Doing analysis at TEMP = 25.000000 and TNOM = 27.000000

Using SPARSE 1.3 as Direct Linear Solver

Initial Transient Solution
--------------------------

Node                                   Voltage
----                                   -------
vdd                                       3.63
bl                                        3.63
blb                                          0
wl                                           0
q                                      1.87156
qb                                     1.87188
vss                                   0.867832
vwl#branch                                   0
vblb#branch                        4.48105e-05
vbl#branch                        -2.76321e-12
vvdd#branch                       -4.48105e-05


No. of Data Rows : 429
Reset re-loads circuit * write margin testbench -- bitcell_6t, dut netlist `.include`d directly.

Circuit: * write margin testbench -- bitcell_6t, dut netlist `.include`d directly.

Doing analysis at TEMP = 25.000000 and TNOM = 27.000000

Using SPARSE 1.3 as Direct Linear Solver

Initial Transient Solution
--------------------------

Node                                   Voltage
----                                   -------
vdd                                       3.63
bl                                        3.63
blb                                          0
wl                                           0
q                                      1.87156
qb                                     1.87188
vss                                   0.867832
vwl#branch                                   0
vblb#branch                        4.48105e-05
vbl#branch                        -2.76321e-12
vvdd#branch                       -4.48105e-05


No. of Data Rows : 429
Reset re-loads circuit * write margin testbench -- bitcell_6t, dut netlist `.include`d directly.

Circuit: * write margin testbench -- bitcell_6t, dut netlist `.include`d directly.

Doing analysis at TEMP = 25.000000 and TNOM = 27.000000

Using SPARSE 1.3 as Direct Linear Solver

Initial Transient Solution
--------------------------

Node                                   Voltage
----                                   -------
vdd                                       3.63
bl                                        3.63
blb                                          0
wl                                           0
q                                      1.87156
qb                                     1.87188
vss                                   0.867832
vwl#branch                                   0
vblb#branch                        4.48105e-05
vbl#branch                        -2.76321e-12
vvdd#branch                       -4.48105e-05


No. of Data Rows : 429
Reset re-loads circuit * write margin testbench -- bitcell_6t, dut netlist `.include`d directly.

Circuit: * write margin testbench -- bitcell_6t, dut netlist `.include`d directly.

Doing analysis at TEMP = 25.000000 and TNOM = 27.000000

Using SPARSE 1.3 as Direct Linear Solver

Initial Transient Solution
--------------------------

Node                                   Voltage
----                                   -------
vdd                                       3.63
bl                                        3.63
blb                                          0
wl                                           0
q                                      1.87156
qb                                     1.87188
vss                                   0.867832
vwl#branch                                   0
vblb#branch                        4.48105e-05
vbl#branch                        -2.76321e-12
vvdd#branch                       -4.48105e-05


No. of Data Rows : 429
Reset re-loads circuit * write margin testbench -- bitcell_6t, dut netlist `.include`d directly.

Circuit: * write margin testbench -- bitcell_6t, dut netlist `.include`d directly.

Doing analysis at TEMP = 25.000000 and TNOM = 27.000000

Using SPARSE 1.3 as Direct Linear Solver

Initial Transient Solution
--------------------------

Node                                   Voltage
----                                   -------
vdd                                       3.63
bl                                        3.63
blb                                          0
wl                                           0
q                                      1.87156
qb                                     1.87188
vss                                   0.867832
vwl#branch                                   0
vblb#branch                        4.48105e-05
vbl#branch                        -2.76321e-12
vvdd#branch                       -4.48105e-05


No. of Data Rows : 429
RESULT: write_trip_voltage_v = 2.06891
RESULT: write_vdd_v = 3.63
Note: Simulation executed from .control section 
=== corner: ff_25c_3.63v (process=ff temp=25C vdd=3.63V) ===
=== ngspice exit status: 0 ===
