
Note: Compatibility modes selected: hs a

Warning: m=xx on .subckt line will override multiplier m hierarchy!


Circuit: * write margin testbench -- bitcell_6t, dut netlist `.include`d directly.

Reset re-loads circuit * write margin testbench -- bitcell_6t, dut netlist `.include`d directly.

Circuit: * write margin testbench -- bitcell_6t, dut netlist `.include`d directly.

Doing analysis at TEMP = -40.000000 and TNOM = 27.000000

Using SPARSE 1.3 as Direct Linear Solver

Initial Transient Solution
--------------------------

Node                                   Voltage
----                                   -------
vdd                                       3.63
bl                                        3.63
blb                                          0
wl                                           0
q                                      2.00163
qb                                     2.00164
vss                                   0.934643
vwl#branch                                   0
vblb#branch                        1.91418e-05
vbl#branch                        -2.69563e-12
vvdd#branch                       -1.91418e-05


No. of Data Rows : 429
Reset re-loads circuit * write margin testbench -- bitcell_6t, dut netlist `.include`d directly.

Circuit: * write margin testbench -- bitcell_6t, dut netlist `.include`d directly.

Doing analysis at TEMP = -40.000000 and TNOM = 27.000000

Using SPARSE 1.3 as Direct Linear Solver

Initial Transient Solution
--------------------------

Node                                   Voltage
----                                   -------
vdd                                       3.63
bl                                        3.63
blb                                          0
wl                                           0
q                                      2.00163
qb                                     2.00164
vss                                   0.934643
vwl#branch                                   0
vblb#branch                        1.91418e-05
vbl#branch                        -2.69563e-12
vvdd#branch                       -1.91418e-05


No. of Data Rows : 429
Reset re-loads circuit * write margin testbench -- bitcell_6t, dut netlist `.include`d directly.

Circuit: * write margin testbench -- bitcell_6t, dut netlist `.include`d directly.

Doing analysis at TEMP = -40.000000 and TNOM = 27.000000

Using SPARSE 1.3 as Direct Linear Solver

Initial Transient Solution
--------------------------

Node                                   Voltage
----                                   -------
vdd                                       3.63
bl                                        3.63
blb                                          0
wl                                           0
q                                      2.00163
qb                                     2.00164
vss                                   0.934643
vwl#branch                                   0
vblb#branch                        1.91418e-05
vbl#branch                        -2.69563e-12
vvdd#branch                       -1.91418e-05


No. of Data Rows : 429
Reset re-loads circuit * write margin testbench -- bitcell_6t, dut netlist `.include`d directly.

Circuit: * write margin testbench -- bitcell_6t, dut netlist `.include`d directly.

Doing analysis at TEMP = -40.000000 and TNOM = 27.000000

Using SPARSE 1.3 as Direct Linear Solver

Initial Transient Solution
--------------------------

Node                                   Voltage
----                                   -------
vdd                                       3.63
bl                                        3.63
blb                                          0
wl                                           0
q                                      2.00163
qb                                     2.00164
vss                                   0.934643
vwl#branch                                   0
vblb#branch                        1.91418e-05
vbl#branch                        -2.69563e-12
vvdd#branch                       -1.91418e-05


No. of Data Rows : 429
Reset re-loads circuit * write margin testbench -- bitcell_6t, dut netlist `.include`d directly.

Circuit: * write margin testbench -- bitcell_6t, dut netlist `.include`d directly.

Doing analysis at TEMP = -40.000000 and TNOM = 27.000000

Using SPARSE 1.3 as Direct Linear Solver

Initial Transient Solution
--------------------------

Node                                   Voltage
----                                   -------
vdd                                       3.63
bl                                        3.63
blb                                          0
wl                                           0
q                                      2.00163
qb                                     2.00164
vss                                   0.934643
vwl#branch                                   0
vblb#branch                        1.91418e-05
vbl#branch                        -2.69563e-12
vvdd#branch                       -1.91418e-05


No. of Data Rows : 429
Reset re-loads circuit * write margin testbench -- bitcell_6t, dut netlist `.include`d directly.

Circuit: * write margin testbench -- bitcell_6t, dut netlist `.include`d directly.

Doing analysis at TEMP = -40.000000 and TNOM = 27.000000

Using SPARSE 1.3 as Direct Linear Solver

Initial Transient Solution
--------------------------

Node                                   Voltage
----                                   -------
vdd                                       3.63
bl                                        3.63
blb                                          0
wl                                           0
q                                      2.00163
qb                                     2.00164
vss                                   0.934643
vwl#branch                                   0
vblb#branch                        1.91418e-05
vbl#branch                        -2.69563e-12
vvdd#branch                       -1.91418e-05


No. of Data Rows : 429
Reset re-loads circuit * write margin testbench -- bitcell_6t, dut netlist `.include`d directly.

Circuit: * write margin testbench -- bitcell_6t, dut netlist `.include`d directly.

Doing analysis at TEMP = -40.000000 and TNOM = 27.000000

Using SPARSE 1.3 as Direct Linear Solver

Initial Transient Solution
--------------------------

Node                                   Voltage
----                                   -------
vdd                                       3.63
bl                                        3.63
blb                                          0
wl                                           0
q                                      2.00163
qb                                     2.00164
vss                                   0.934643
vwl#branch                                   0
vblb#branch                        1.91418e-05
vbl#branch                        -2.69563e-12
vvdd#branch                       -1.91418e-05


No. of Data Rows : 429
Reset re-loads circuit * write margin testbench -- bitcell_6t, dut netlist `.include`d directly.

Circuit: * write margin testbench -- bitcell_6t, dut netlist `.include`d directly.

Doing analysis at TEMP = -40.000000 and TNOM = 27.000000

Using SPARSE 1.3 as Direct Linear Solver

Initial Transient Solution
--------------------------

Node                                   Voltage
----                                   -------
vdd                                       3.63
bl                                        3.63
blb                                          0
wl                                           0
q                                      2.00163
qb                                     2.00164
vss                                   0.934643
vwl#branch                                   0
vblb#branch                        1.91418e-05
vbl#branch                        -2.69563e-12
vvdd#branch                       -1.91418e-05


No. of Data Rows : 429
Reset re-loads circuit * write margin testbench -- bitcell_6t, dut netlist `.include`d directly.

Circuit: * write margin testbench -- bitcell_6t, dut netlist `.include`d directly.

Doing analysis at TEMP = -40.000000 and TNOM = 27.000000

Using SPARSE 1.3 as Direct Linear Solver

Initial Transient Solution
--------------------------

Node                                   Voltage
----                                   -------
vdd                                       3.63
bl                                        3.63
blb                                          0
wl                                           0
q                                      2.00163
qb                                     2.00164
vss                                   0.934643
vwl#branch                                   0
vblb#branch                        1.91418e-05
vbl#branch                        -2.69563e-12
vvdd#branch                       -1.91418e-05


No. of Data Rows : 429
Reset re-loads circuit * write margin testbench -- bitcell_6t, dut netlist `.include`d directly.

Circuit: * write margin testbench -- bitcell_6t, dut netlist `.include`d directly.

Doing analysis at TEMP = -40.000000 and TNOM = 27.000000

Using SPARSE 1.3 as Direct Linear Solver

Initial Transient Solution
--------------------------

Node                                   Voltage
----                                   -------
vdd                                       3.63
bl                                        3.63
blb                                          0
wl                                           0
q                                      2.00163
qb                                     2.00164
vss                                   0.934643
vwl#branch                                   0
vblb#branch                        1.91418e-05
vbl#branch                        -2.69563e-12
vvdd#branch                       -1.91418e-05


No. of Data Rows : 429
Reset re-loads circuit * write margin testbench -- bitcell_6t, dut netlist `.include`d directly.

Circuit: * write margin testbench -- bitcell_6t, dut netlist `.include`d directly.

Doing analysis at TEMP = -40.000000 and TNOM = 27.000000

Using SPARSE 1.3 as Direct Linear Solver

Initial Transient Solution
--------------------------

Node                                   Voltage
----                                   -------
vdd                                       3.63
bl                                        3.63
blb                                          0
wl                                           0
q                                      2.00163
qb                                     2.00164
vss                                   0.934643
vwl#branch                                   0
vblb#branch                        1.91418e-05
vbl#branch                        -2.69563e-12
vvdd#branch                       -1.91418e-05


No. of Data Rows : 429
Reset re-loads circuit * write margin testbench -- bitcell_6t, dut netlist `.include`d directly.

Circuit: * write margin testbench -- bitcell_6t, dut netlist `.include`d directly.

Doing analysis at TEMP = -40.000000 and TNOM = 27.000000

Using SPARSE 1.3 as Direct Linear Solver

Initial Transient Solution
--------------------------

Node                                   Voltage
----                                   -------
vdd                                       3.63
bl                                        3.63
blb                                          0
wl                                           0
q                                      2.00163
qb                                     2.00164
vss                                   0.934643
vwl#branch                                   0
vblb#branch                        1.91418e-05
vbl#branch                        -2.69563e-12
vvdd#branch                       -1.91418e-05


No. of Data Rows : 429
Reset re-loads circuit * write margin testbench -- bitcell_6t, dut netlist `.include`d directly.

Circuit: * write margin testbench -- bitcell_6t, dut netlist `.include`d directly.

Doing analysis at TEMP = -40.000000 and TNOM = 27.000000

Using SPARSE 1.3 as Direct Linear Solver

Initial Transient Solution
--------------------------

Node                                   Voltage
----                                   -------
vdd                                       3.63
bl                                        3.63
blb                                          0
wl                                           0
q                                      2.00163
qb                                     2.00164
vss                                   0.934643
vwl#branch                                   0
vblb#branch                        1.91418e-05
vbl#branch                        -2.69563e-12
vvdd#branch                       -1.91418e-05


No. of Data Rows : 429
Reset re-loads circuit * write margin testbench -- bitcell_6t, dut netlist `.include`d directly.

Circuit: * write margin testbench -- bitcell_6t, dut netlist `.include`d directly.

Doing analysis at TEMP = -40.000000 and TNOM = 27.000000

Using SPARSE 1.3 as Direct Linear Solver

Initial Transient Solution
--------------------------

Node                                   Voltage
----                                   -------
vdd                                       3.63
bl                                        3.63
blb                                          0
wl                                           0
q                                      2.00163
qb                                     2.00164
vss                                   0.934643
vwl#branch                                   0
vblb#branch                        1.91418e-05
vbl#branch                        -2.69563e-12
vvdd#branch                       -1.91418e-05


No. of Data Rows : 429
Reset re-loads circuit * write margin testbench -- bitcell_6t, dut netlist `.include`d directly.

Circuit: * write margin testbench -- bitcell_6t, dut netlist `.include`d directly.

Doing analysis at TEMP = -40.000000 and TNOM = 27.000000

Using SPARSE 1.3 as Direct Linear Solver

Initial Transient Solution
--------------------------

Node                                   Voltage
----                                   -------
vdd                                       3.63
bl                                        3.63
blb                                          0
wl                                           0
q                                      2.00163
qb                                     2.00164
vss                                   0.934643
vwl#branch                                   0
vblb#branch                        1.91418e-05
vbl#branch                        -2.69563e-12
vvdd#branch                       -1.91418e-05


No. of Data Rows : 429
Reset re-loads circuit * write margin testbench -- bitcell_6t, dut netlist `.include`d directly.

Circuit: * write margin testbench -- bitcell_6t, dut netlist `.include`d directly.

Doing analysis at TEMP = -40.000000 and TNOM = 27.000000

Using SPARSE 1.3 as Direct Linear Solver

Initial Transient Solution
--------------------------

Node                                   Voltage
----                                   -------
vdd                                       3.63
bl                                        3.63
blb                                          0
wl                                           0
q                                      2.00163
qb                                     2.00164
vss                                   0.934643
vwl#branch                                   0
vblb#branch                        1.91418e-05
vbl#branch                        -2.69563e-12
vvdd#branch                       -1.91418e-05


No. of Data Rows : 429
RESULT: write_trip_voltage_v = 2.17259
RESULT: write_vdd_v = 3.63
Note: Simulation executed from .control section 
=== corner: ss_-40c_3.63v (process=ss temp=-40C vdd=3.63V) ===
=== ngspice exit status: 0 ===
