
Note: Compatibility modes selected: hs a

Warning: m=xx on .subckt line will override multiplier m hierarchy!


Circuit: * write margin testbench -- bitcell_6t, dut netlist `.include`d directly.

Reset re-loads circuit * write margin testbench -- bitcell_6t, dut netlist `.include`d directly.

Circuit: * write margin testbench -- bitcell_6t, dut netlist `.include`d directly.

Doing analysis at TEMP = 125.000000 and TNOM = 27.000000

Using SPARSE 1.3 as Direct Linear Solver

Initial Transient Solution
--------------------------

Node                                   Voltage
----                                   -------
vdd                                       2.97
bl                                        2.97
blb                                          0
wl                                           0
q                                      0.21854
qb                                        2.97
vss                                    0.21854
vwl#branch                                   0
vblb#branch                        6.46194e-11
vbl#branch                        -2.88971e-12
vvdd#branch                       -6.17295e-11


No. of Data Rows : 429
Reset re-loads circuit * write margin testbench -- bitcell_6t, dut netlist `.include`d directly.

Circuit: * write margin testbench -- bitcell_6t, dut netlist `.include`d directly.

Doing analysis at TEMP = 125.000000 and TNOM = 27.000000

Using SPARSE 1.3 as Direct Linear Solver

Initial Transient Solution
--------------------------

Node                                   Voltage
----                                   -------
vdd                                       2.97
bl                                        2.97
blb                                          0
wl                                           0
q                                      0.21854
qb                                        2.97
vss                                    0.21854
vwl#branch                                   0
vblb#branch                        6.46194e-11
vbl#branch                        -2.88971e-12
vvdd#branch                       -6.17295e-11


No. of Data Rows : 429
Reset re-loads circuit * write margin testbench -- bitcell_6t, dut netlist `.include`d directly.

Circuit: * write margin testbench -- bitcell_6t, dut netlist `.include`d directly.

Doing analysis at TEMP = 125.000000 and TNOM = 27.000000

Using SPARSE 1.3 as Direct Linear Solver

Initial Transient Solution
--------------------------

Node                                   Voltage
----                                   -------
vdd                                       2.97
bl                                        2.97
blb                                          0
wl                                           0
q                                      0.21854
qb                                        2.97
vss                                    0.21854
vwl#branch                                   0
vblb#branch                        6.46194e-11
vbl#branch                        -2.88971e-12
vvdd#branch                       -6.17295e-11


No. of Data Rows : 429
Reset re-loads circuit * write margin testbench -- bitcell_6t, dut netlist `.include`d directly.

Circuit: * write margin testbench -- bitcell_6t, dut netlist `.include`d directly.

Doing analysis at TEMP = 125.000000 and TNOM = 27.000000

Using SPARSE 1.3 as Direct Linear Solver

Initial Transient Solution
--------------------------

Node                                   Voltage
----                                   -------
vdd                                       2.97
bl                                        2.97
blb                                          0
wl                                           0
q                                      0.21854
qb                                        2.97
vss                                    0.21854
vwl#branch                                   0
vblb#branch                        6.46194e-11
vbl#branch                        -2.88971e-12
vvdd#branch                       -6.17295e-11


No. of Data Rows : 429
Reset re-loads circuit * write margin testbench -- bitcell_6t, dut netlist `.include`d directly.

Circuit: * write margin testbench -- bitcell_6t, dut netlist `.include`d directly.

Doing analysis at TEMP = 125.000000 and TNOM = 27.000000

Using SPARSE 1.3 as Direct Linear Solver

Initial Transient Solution
--------------------------

Node                                   Voltage
----                                   -------
vdd                                       2.97
bl                                        2.97
blb                                          0
wl                                           0
q                                      0.21854
qb                                        2.97
vss                                    0.21854
vwl#branch                                   0
vblb#branch                        6.46194e-11
vbl#branch                        -2.88971e-12
vvdd#branch                       -6.17295e-11


No. of Data Rows : 429
Reset re-loads circuit * write margin testbench -- bitcell_6t, dut netlist `.include`d directly.

Circuit: * write margin testbench -- bitcell_6t, dut netlist `.include`d directly.

Doing analysis at TEMP = 125.000000 and TNOM = 27.000000

Using SPARSE 1.3 as Direct Linear Solver

Initial Transient Solution
--------------------------

Node                                   Voltage
----                                   -------
vdd                                       2.97
bl                                        2.97
blb                                          0
wl                                           0
q                                      0.21854
qb                                        2.97
vss                                    0.21854
vwl#branch                                   0
vblb#branch                        6.46194e-11
vbl#branch                        -2.88971e-12
vvdd#branch                       -6.17295e-11


No. of Data Rows : 429
Reset re-loads circuit * write margin testbench -- bitcell_6t, dut netlist `.include`d directly.

Circuit: * write margin testbench -- bitcell_6t, dut netlist `.include`d directly.

Doing analysis at TEMP = 125.000000 and TNOM = 27.000000

Using SPARSE 1.3 as Direct Linear Solver

Initial Transient Solution
--------------------------

Node                                   Voltage
----                                   -------
vdd                                       2.97
bl                                        2.97
blb                                          0
wl                                           0
q                                      0.21854
qb                                        2.97
vss                                    0.21854
vwl#branch                                   0
vblb#branch                        6.46194e-11
vbl#branch                        -2.88971e-12
vvdd#branch                       -6.17295e-11


No. of Data Rows : 429
Reset re-loads circuit * write margin testbench -- bitcell_6t, dut netlist `.include`d directly.

Circuit: * write margin testbench -- bitcell_6t, dut netlist `.include`d directly.

Doing analysis at TEMP = 125.000000 and TNOM = 27.000000

Using SPARSE 1.3 as Direct Linear Solver

Initial Transient Solution
--------------------------

Node                                   Voltage
----                                   -------
vdd                                       2.97
bl                                        2.97
blb                                          0
wl                                           0
q                                      0.21854
qb                                        2.97
vss                                    0.21854
vwl#branch                                   0
vblb#branch                        6.46194e-11
vbl#branch                        -2.88971e-12
vvdd#branch                       -6.17295e-11


No. of Data Rows : 429
Reset re-loads circuit * write margin testbench -- bitcell_6t, dut netlist `.include`d directly.

Circuit: * write margin testbench -- bitcell_6t, dut netlist `.include`d directly.

Doing analysis at TEMP = 125.000000 and TNOM = 27.000000

Using SPARSE 1.3 as Direct Linear Solver

Initial Transient Solution
--------------------------

Node                                   Voltage
----                                   -------
vdd                                       2.97
bl                                        2.97
blb                                          0
wl                                           0
q                                      0.21854
qb                                        2.97
vss                                    0.21854
vwl#branch                                   0
vblb#branch                        6.46194e-11
vbl#branch                        -2.88971e-12
vvdd#branch                       -6.17295e-11


No. of Data Rows : 429
Reset re-loads circuit * write margin testbench -- bitcell_6t, dut netlist `.include`d directly.

Circuit: * write margin testbench -- bitcell_6t, dut netlist `.include`d directly.

Doing analysis at TEMP = 125.000000 and TNOM = 27.000000

Using SPARSE 1.3 as Direct Linear Solver

Initial Transient Solution
--------------------------

Node                                   Voltage
----                                   -------
vdd                                       2.97
bl                                        2.97
blb                                          0
wl                                           0
q                                      0.21854
qb                                        2.97
vss                                    0.21854
vwl#branch                                   0
vblb#branch                        6.46194e-11
vbl#branch                        -2.88971e-12
vvdd#branch                       -6.17295e-11


No. of Data Rows : 429
Reset re-loads circuit * write margin testbench -- bitcell_6t, dut netlist `.include`d directly.

Circuit: * write margin testbench -- bitcell_6t, dut netlist `.include`d directly.

Doing analysis at TEMP = 125.000000 and TNOM = 27.000000

Using SPARSE 1.3 as Direct Linear Solver

Initial Transient Solution
--------------------------

Node                                   Voltage
----                                   -------
vdd                                       2.97
bl                                        2.97
blb                                          0
wl                                           0
q                                      0.21854
qb                                        2.97
vss                                    0.21854
vwl#branch                                   0
vblb#branch                        6.46194e-11
vbl#branch                        -2.88971e-12
vvdd#branch                       -6.17295e-11


No. of Data Rows : 429
Reset re-loads circuit * write margin testbench -- bitcell_6t, dut netlist `.include`d directly.

Circuit: * write margin testbench -- bitcell_6t, dut netlist `.include`d directly.

Doing analysis at TEMP = 125.000000 and TNOM = 27.000000

Using SPARSE 1.3 as Direct Linear Solver

Initial Transient Solution
--------------------------

Node                                   Voltage
----                                   -------
vdd                                       2.97
bl                                        2.97
blb                                          0
wl                                           0
q                                      0.21854
qb                                        2.97
vss                                    0.21854
vwl#branch                                   0
vblb#branch                        6.46194e-11
vbl#branch                        -2.88971e-12
vvdd#branch                       -6.17295e-11


No. of Data Rows : 429
Reset re-loads circuit * write margin testbench -- bitcell_6t, dut netlist `.include`d directly.

Circuit: * write margin testbench -- bitcell_6t, dut netlist `.include`d directly.

Doing analysis at TEMP = 125.000000 and TNOM = 27.000000

Using SPARSE 1.3 as Direct Linear Solver

Initial Transient Solution
--------------------------

Node                                   Voltage
----                                   -------
vdd                                       2.97
bl                                        2.97
blb                                          0
wl                                           0
q                                      0.21854
qb                                        2.97
vss                                    0.21854
vwl#branch                                   0
vblb#branch                        6.46194e-11
vbl#branch                        -2.88971e-12
vvdd#branch                       -6.17295e-11


No. of Data Rows : 429
Reset re-loads circuit * write margin testbench -- bitcell_6t, dut netlist `.include`d directly.

Circuit: * write margin testbench -- bitcell_6t, dut netlist `.include`d directly.

Doing analysis at TEMP = 125.000000 and TNOM = 27.000000

Using SPARSE 1.3 as Direct Linear Solver

Initial Transient Solution
--------------------------

Node                                   Voltage
----                                   -------
vdd                                       2.97
bl                                        2.97
blb                                          0
wl                                           0
q                                      0.21854
qb                                        2.97
vss                                    0.21854
vwl#branch                                   0
vblb#branch                        6.46194e-11
vbl#branch                        -2.88971e-12
vvdd#branch                       -6.17295e-11


No. of Data Rows : 429
Reset re-loads circuit * write margin testbench -- bitcell_6t, dut netlist `.include`d directly.

Circuit: * write margin testbench -- bitcell_6t, dut netlist `.include`d directly.

Doing analysis at TEMP = 125.000000 and TNOM = 27.000000

Using SPARSE 1.3 as Direct Linear Solver

Initial Transient Solution
--------------------------

Node                                   Voltage
----                                   -------
vdd                                       2.97
bl                                        2.97
blb                                          0
wl                                           0
q                                      0.21854
qb                                        2.97
vss                                    0.21854
vwl#branch                                   0
vblb#branch                        6.46194e-11
vbl#branch                        -2.88971e-12
vvdd#branch                       -6.17295e-11


No. of Data Rows : 429
Reset re-loads circuit * write margin testbench -- bitcell_6t, dut netlist `.include`d directly.

Circuit: * write margin testbench -- bitcell_6t, dut netlist `.include`d directly.

Doing analysis at TEMP = 125.000000 and TNOM = 27.000000

Using SPARSE 1.3 as Direct Linear Solver

Initial Transient Solution
--------------------------

Node                                   Voltage
----                                   -------
vdd                                       2.97
bl                                        2.97
blb                                          0
wl                                           0
q                                      0.21854
qb                                        2.97
vss                                    0.21854
vwl#branch                                   0
vblb#branch                        6.46194e-11
vbl#branch                        -2.88971e-12
vvdd#branch                       -6.17295e-11


No. of Data Rows : 429
RESULT: write_trip_voltage_v = 1.70634
RESULT: write_vdd_v = 2.97
Note: Simulation executed from .control section 
=== corner: ss_125c_2.97v (process=ss temp=125C vdd=2.97V) ===
=== ngspice exit status: 0 ===
