
Note: Compatibility modes selected: hs a

Warning: m=xx on .subckt line will override multiplier m hierarchy!


Circuit: * write margin testbench -- bitcell_6t, dut netlist `.include`d directly.

Reset re-loads circuit * write margin testbench -- bitcell_6t, dut netlist `.include`d directly.

Circuit: * write margin testbench -- bitcell_6t, dut netlist `.include`d directly.

Doing analysis at TEMP = -40.000000 and TNOM = 27.000000

Using SPARSE 1.3 as Direct Linear Solver

Initial Transient Solution
--------------------------

Node                                   Voltage
----                                   -------
vdd                                        3.3
bl                                         3.3
blb                                          0
wl                                           0
q                                      1.87016
qb                                     1.87018
vss                                   0.934002
vwl#branch                                   0
vblb#branch                        1.82696e-05
vbl#branch                        -2.36599e-12
vvdd#branch                       -1.82696e-05


No. of Data Rows : 429
Reset re-loads circuit * write margin testbench -- bitcell_6t, dut netlist `.include`d directly.

Circuit: * write margin testbench -- bitcell_6t, dut netlist `.include`d directly.

Doing analysis at TEMP = -40.000000 and TNOM = 27.000000

Using SPARSE 1.3 as Direct Linear Solver

Initial Transient Solution
--------------------------

Node                                   Voltage
----                                   -------
vdd                                        3.3
bl                                         3.3
blb                                          0
wl                                           0
q                                      1.87016
qb                                     1.87018
vss                                   0.934002
vwl#branch                                   0
vblb#branch                        1.82696e-05
vbl#branch                        -2.36599e-12
vvdd#branch                       -1.82696e-05


No. of Data Rows : 429
Reset re-loads circuit * write margin testbench -- bitcell_6t, dut netlist `.include`d directly.

Circuit: * write margin testbench -- bitcell_6t, dut netlist `.include`d directly.

Doing analysis at TEMP = -40.000000 and TNOM = 27.000000

Using SPARSE 1.3 as Direct Linear Solver

Initial Transient Solution
--------------------------

Node                                   Voltage
----                                   -------
vdd                                        3.3
bl                                         3.3
blb                                          0
wl                                           0
q                                      1.87016
qb                                     1.87018
vss                                   0.934002
vwl#branch                                   0
vblb#branch                        1.82696e-05
vbl#branch                        -2.36599e-12
vvdd#branch                       -1.82696e-05


No. of Data Rows : 429
Reset re-loads circuit * write margin testbench -- bitcell_6t, dut netlist `.include`d directly.

Circuit: * write margin testbench -- bitcell_6t, dut netlist `.include`d directly.

Doing analysis at TEMP = -40.000000 and TNOM = 27.000000

Using SPARSE 1.3 as Direct Linear Solver

Initial Transient Solution
--------------------------

Node                                   Voltage
----                                   -------
vdd                                        3.3
bl                                         3.3
blb                                          0
wl                                           0
q                                      1.87016
qb                                     1.87018
vss                                   0.934002
vwl#branch                                   0
vblb#branch                        1.82696e-05
vbl#branch                        -2.36599e-12
vvdd#branch                       -1.82696e-05


No. of Data Rows : 429
Reset re-loads circuit * write margin testbench -- bitcell_6t, dut netlist `.include`d directly.

Circuit: * write margin testbench -- bitcell_6t, dut netlist `.include`d directly.

Doing analysis at TEMP = -40.000000 and TNOM = 27.000000

Using SPARSE 1.3 as Direct Linear Solver

Initial Transient Solution
--------------------------

Node                                   Voltage
----                                   -------
vdd                                        3.3
bl                                         3.3
blb                                          0
wl                                           0
q                                      1.87016
qb                                     1.87018
vss                                   0.934002
vwl#branch                                   0
vblb#branch                        1.82696e-05
vbl#branch                        -2.36599e-12
vvdd#branch                       -1.82696e-05


No. of Data Rows : 429
Reset re-loads circuit * write margin testbench -- bitcell_6t, dut netlist `.include`d directly.

Circuit: * write margin testbench -- bitcell_6t, dut netlist `.include`d directly.

Doing analysis at TEMP = -40.000000 and TNOM = 27.000000

Using SPARSE 1.3 as Direct Linear Solver

Initial Transient Solution
--------------------------

Node                                   Voltage
----                                   -------
vdd                                        3.3
bl                                         3.3
blb                                          0
wl                                           0
q                                      1.87016
qb                                     1.87018
vss                                   0.934002
vwl#branch                                   0
vblb#branch                        1.82696e-05
vbl#branch                        -2.36599e-12
vvdd#branch                       -1.82696e-05


No. of Data Rows : 429
Reset re-loads circuit * write margin testbench -- bitcell_6t, dut netlist `.include`d directly.

Circuit: * write margin testbench -- bitcell_6t, dut netlist `.include`d directly.

Doing analysis at TEMP = -40.000000 and TNOM = 27.000000

Using SPARSE 1.3 as Direct Linear Solver

Initial Transient Solution
--------------------------

Node                                   Voltage
----                                   -------
vdd                                        3.3
bl                                         3.3
blb                                          0
wl                                           0
q                                      1.87016
qb                                     1.87018
vss                                   0.934002
vwl#branch                                   0
vblb#branch                        1.82696e-05
vbl#branch                        -2.36599e-12
vvdd#branch                       -1.82696e-05


No. of Data Rows : 429
Reset re-loads circuit * write margin testbench -- bitcell_6t, dut netlist `.include`d directly.

Circuit: * write margin testbench -- bitcell_6t, dut netlist `.include`d directly.

Doing analysis at TEMP = -40.000000 and TNOM = 27.000000

Using SPARSE 1.3 as Direct Linear Solver

Initial Transient Solution
--------------------------

Node                                   Voltage
----                                   -------
vdd                                        3.3
bl                                         3.3
blb                                          0
wl                                           0
q                                      1.87016
qb                                     1.87018
vss                                   0.934002
vwl#branch                                   0
vblb#branch                        1.82696e-05
vbl#branch                        -2.36599e-12
vvdd#branch                       -1.82696e-05


No. of Data Rows : 429
Reset re-loads circuit * write margin testbench -- bitcell_6t, dut netlist `.include`d directly.

Circuit: * write margin testbench -- bitcell_6t, dut netlist `.include`d directly.

Doing analysis at TEMP = -40.000000 and TNOM = 27.000000

Using SPARSE 1.3 as Direct Linear Solver

Initial Transient Solution
--------------------------

Node                                   Voltage
----                                   -------
vdd                                        3.3
bl                                         3.3
blb                                          0
wl                                           0
q                                      1.87016
qb                                     1.87018
vss                                   0.934002
vwl#branch                                   0
vblb#branch                        1.82696e-05
vbl#branch                        -2.36599e-12
vvdd#branch                       -1.82696e-05


No. of Data Rows : 429
Reset re-loads circuit * write margin testbench -- bitcell_6t, dut netlist `.include`d directly.

Circuit: * write margin testbench -- bitcell_6t, dut netlist `.include`d directly.

Doing analysis at TEMP = -40.000000 and TNOM = 27.000000

Using SPARSE 1.3 as Direct Linear Solver

Initial Transient Solution
--------------------------

Node                                   Voltage
----                                   -------
vdd                                        3.3
bl                                         3.3
blb                                          0
wl                                           0
q                                      1.87016
qb                                     1.87018
vss                                   0.934002
vwl#branch                                   0
vblb#branch                        1.82696e-05
vbl#branch                        -2.36599e-12
vvdd#branch                       -1.82696e-05


No. of Data Rows : 429
Reset re-loads circuit * write margin testbench -- bitcell_6t, dut netlist `.include`d directly.

Circuit: * write margin testbench -- bitcell_6t, dut netlist `.include`d directly.

Doing analysis at TEMP = -40.000000 and TNOM = 27.000000

Using SPARSE 1.3 as Direct Linear Solver

Initial Transient Solution
--------------------------

Node                                   Voltage
----                                   -------
vdd                                        3.3
bl                                         3.3
blb                                          0
wl                                           0
q                                      1.87016
qb                                     1.87018
vss                                   0.934002
vwl#branch                                   0
vblb#branch                        1.82696e-05
vbl#branch                        -2.36599e-12
vvdd#branch                       -1.82696e-05


No. of Data Rows : 429
Reset re-loads circuit * write margin testbench -- bitcell_6t, dut netlist `.include`d directly.

Circuit: * write margin testbench -- bitcell_6t, dut netlist `.include`d directly.

Doing analysis at TEMP = -40.000000 and TNOM = 27.000000

Using SPARSE 1.3 as Direct Linear Solver

Initial Transient Solution
--------------------------

Node                                   Voltage
----                                   -------
vdd                                        3.3
bl                                         3.3
blb                                          0
wl                                           0
q                                      1.87016
qb                                     1.87018
vss                                   0.934002
vwl#branch                                   0
vblb#branch                        1.82696e-05
vbl#branch                        -2.36599e-12
vvdd#branch                       -1.82696e-05


No. of Data Rows : 429
Reset re-loads circuit * write margin testbench -- bitcell_6t, dut netlist `.include`d directly.

Circuit: * write margin testbench -- bitcell_6t, dut netlist `.include`d directly.

Doing analysis at TEMP = -40.000000 and TNOM = 27.000000

Using SPARSE 1.3 as Direct Linear Solver

Initial Transient Solution
--------------------------

Node                                   Voltage
----                                   -------
vdd                                        3.3
bl                                         3.3
blb                                          0
wl                                           0
q                                      1.87016
qb                                     1.87018
vss                                   0.934002
vwl#branch                                   0
vblb#branch                        1.82696e-05
vbl#branch                        -2.36599e-12
vvdd#branch                       -1.82696e-05


No. of Data Rows : 429
Reset re-loads circuit * write margin testbench -- bitcell_6t, dut netlist `.include`d directly.

Circuit: * write margin testbench -- bitcell_6t, dut netlist `.include`d directly.

Doing analysis at TEMP = -40.000000 and TNOM = 27.000000

Using SPARSE 1.3 as Direct Linear Solver

Initial Transient Solution
--------------------------

Node                                   Voltage
----                                   -------
vdd                                        3.3
bl                                         3.3
blb                                          0
wl                                           0
q                                      1.87016
qb                                     1.87018
vss                                   0.934002
vwl#branch                                   0
vblb#branch                        1.82696e-05
vbl#branch                        -2.36599e-12
vvdd#branch                       -1.82696e-05


No. of Data Rows : 429
Reset re-loads circuit * write margin testbench -- bitcell_6t, dut netlist `.include`d directly.

Circuit: * write margin testbench -- bitcell_6t, dut netlist `.include`d directly.

Doing analysis at TEMP = -40.000000 and TNOM = 27.000000

Using SPARSE 1.3 as Direct Linear Solver

Initial Transient Solution
--------------------------

Node                                   Voltage
----                                   -------
vdd                                        3.3
bl                                         3.3
blb                                          0
wl                                           0
q                                      1.87016
qb                                     1.87018
vss                                   0.934002
vwl#branch                                   0
vblb#branch                        1.82696e-05
vbl#branch                        -2.36599e-12
vvdd#branch                       -1.82696e-05


No. of Data Rows : 429
Reset re-loads circuit * write margin testbench -- bitcell_6t, dut netlist `.include`d directly.

Circuit: * write margin testbench -- bitcell_6t, dut netlist `.include`d directly.

Doing analysis at TEMP = -40.000000 and TNOM = 27.000000

Using SPARSE 1.3 as Direct Linear Solver

Initial Transient Solution
--------------------------

Node                                   Voltage
----                                   -------
vdd                                        3.3
bl                                         3.3
blb                                          0
wl                                           0
q                                      1.87016
qb                                     1.87018
vss                                   0.934002
vwl#branch                                   0
vblb#branch                        1.82696e-05
vbl#branch                        -2.36599e-12
vvdd#branch                       -1.82696e-05


No. of Data Rows : 429
RESULT: write_trip_voltage_v = 1.93581
RESULT: write_vdd_v = 3.3
Note: Simulation executed from .control section 
=== corner: tt_-40c_3.30v (process=tt temp=-40C vdd=3.30V) ===
=== ngspice exit status: 0 ===
