
Note: Compatibility modes selected: hs a

Warning: m=xx on .subckt line will override multiplier m hierarchy!


Circuit: * write margin testbench -- bitcell_6t, dut netlist `.include`d directly.

Reset re-loads circuit * write margin testbench -- bitcell_6t, dut netlist `.include`d directly.

Circuit: * write margin testbench -- bitcell_6t, dut netlist `.include`d directly.

Doing analysis at TEMP = 25.000000 and TNOM = 27.000000

Using SPARSE 1.3 as Direct Linear Solver

Initial Transient Solution
--------------------------

Node                                   Voltage
----                                   -------
vdd                                       3.63
bl                                        3.63
blb                                          0
wl                                           0
q                                         3.63
qb                                    0.462938
vss                                   0.462938
vwl#branch                                   0
vblb#branch                         1.3074e-11
vbl#branch                        -3.16755e-12
vvdd#branch                       -9.90679e-12


No. of Data Rows : 429
Reset re-loads circuit * write margin testbench -- bitcell_6t, dut netlist `.include`d directly.

Circuit: * write margin testbench -- bitcell_6t, dut netlist `.include`d directly.

Doing analysis at TEMP = 25.000000 and TNOM = 27.000000

Using SPARSE 1.3 as Direct Linear Solver

Initial Transient Solution
--------------------------

Node                                   Voltage
----                                   -------
vdd                                       3.63
bl                                        3.63
blb                                          0
wl                                           0
q                                         3.63
qb                                    0.462938
vss                                   0.462938
vwl#branch                                   0
vblb#branch                         1.3074e-11
vbl#branch                        -3.16755e-12
vvdd#branch                       -9.90679e-12


No. of Data Rows : 429
Reset re-loads circuit * write margin testbench -- bitcell_6t, dut netlist `.include`d directly.

Circuit: * write margin testbench -- bitcell_6t, dut netlist `.include`d directly.

Doing analysis at TEMP = 25.000000 and TNOM = 27.000000

Using SPARSE 1.3 as Direct Linear Solver

Initial Transient Solution
--------------------------

Node                                   Voltage
----                                   -------
vdd                                       3.63
bl                                        3.63
blb                                          0
wl                                           0
q                                         3.63
qb                                    0.462938
vss                                   0.462938
vwl#branch                                   0
vblb#branch                         1.3074e-11
vbl#branch                        -3.16755e-12
vvdd#branch                       -9.90679e-12


No. of Data Rows : 429
Reset re-loads circuit * write margin testbench -- bitcell_6t, dut netlist `.include`d directly.

Circuit: * write margin testbench -- bitcell_6t, dut netlist `.include`d directly.

Doing analysis at TEMP = 25.000000 and TNOM = 27.000000

Using SPARSE 1.3 as Direct Linear Solver

Initial Transient Solution
--------------------------

Node                                   Voltage
----                                   -------
vdd                                       3.63
bl                                        3.63
blb                                          0
wl                                           0
q                                         3.63
qb                                    0.462938
vss                                   0.462938
vwl#branch                                   0
vblb#branch                         1.3074e-11
vbl#branch                        -3.16755e-12
vvdd#branch                       -9.90679e-12


No. of Data Rows : 429
Reset re-loads circuit * write margin testbench -- bitcell_6t, dut netlist `.include`d directly.

Circuit: * write margin testbench -- bitcell_6t, dut netlist `.include`d directly.

Doing analysis at TEMP = 25.000000 and TNOM = 27.000000

Using SPARSE 1.3 as Direct Linear Solver

Initial Transient Solution
--------------------------

Node                                   Voltage
----                                   -------
vdd                                       3.63
bl                                        3.63
blb                                          0
wl                                           0
q                                         3.63
qb                                    0.462938
vss                                   0.462938
vwl#branch                                   0
vblb#branch                         1.3074e-11
vbl#branch                        -3.16755e-12
vvdd#branch                       -9.90679e-12


No. of Data Rows : 429
Reset re-loads circuit * write margin testbench -- bitcell_6t, dut netlist `.include`d directly.

Circuit: * write margin testbench -- bitcell_6t, dut netlist `.include`d directly.

Doing analysis at TEMP = 25.000000 and TNOM = 27.000000

Using SPARSE 1.3 as Direct Linear Solver

Initial Transient Solution
--------------------------

Node                                   Voltage
----                                   -------
vdd                                       3.63
bl                                        3.63
blb                                          0
wl                                           0
q                                         3.63
qb                                    0.462938
vss                                   0.462938
vwl#branch                                   0
vblb#branch                         1.3074e-11
vbl#branch                        -3.16755e-12
vvdd#branch                       -9.90679e-12


No. of Data Rows : 429
Reset re-loads circuit * write margin testbench -- bitcell_6t, dut netlist `.include`d directly.

Circuit: * write margin testbench -- bitcell_6t, dut netlist `.include`d directly.

Doing analysis at TEMP = 25.000000 and TNOM = 27.000000

Using SPARSE 1.3 as Direct Linear Solver

Initial Transient Solution
--------------------------

Node                                   Voltage
----                                   -------
vdd                                       3.63
bl                                        3.63
blb                                          0
wl                                           0
q                                         3.63
qb                                    0.462938
vss                                   0.462938
vwl#branch                                   0
vblb#branch                         1.3074e-11
vbl#branch                        -3.16755e-12
vvdd#branch                       -9.90679e-12


No. of Data Rows : 429
Reset re-loads circuit * write margin testbench -- bitcell_6t, dut netlist `.include`d directly.

Circuit: * write margin testbench -- bitcell_6t, dut netlist `.include`d directly.

Doing analysis at TEMP = 25.000000 and TNOM = 27.000000

Using SPARSE 1.3 as Direct Linear Solver

Initial Transient Solution
--------------------------

Node                                   Voltage
----                                   -------
vdd                                       3.63
bl                                        3.63
blb                                          0
wl                                           0
q                                         3.63
qb                                    0.462938
vss                                   0.462938
vwl#branch                                   0
vblb#branch                         1.3074e-11
vbl#branch                        -3.16755e-12
vvdd#branch                       -9.90679e-12


No. of Data Rows : 429
Reset re-loads circuit * write margin testbench -- bitcell_6t, dut netlist `.include`d directly.

Circuit: * write margin testbench -- bitcell_6t, dut netlist `.include`d directly.

Doing analysis at TEMP = 25.000000 and TNOM = 27.000000

Using SPARSE 1.3 as Direct Linear Solver

Initial Transient Solution
--------------------------

Node                                   Voltage
----                                   -------
vdd                                       3.63
bl                                        3.63
blb                                          0
wl                                           0
q                                         3.63
qb                                    0.462938
vss                                   0.462938
vwl#branch                                   0
vblb#branch                         1.3074e-11
vbl#branch                        -3.16755e-12
vvdd#branch                       -9.90679e-12


No. of Data Rows : 429
Reset re-loads circuit * write margin testbench -- bitcell_6t, dut netlist `.include`d directly.

Circuit: * write margin testbench -- bitcell_6t, dut netlist `.include`d directly.

Doing analysis at TEMP = 25.000000 and TNOM = 27.000000

Using SPARSE 1.3 as Direct Linear Solver

Initial Transient Solution
--------------------------

Node                                   Voltage
----                                   -------
vdd                                       3.63
bl                                        3.63
blb                                          0
wl                                           0
q                                         3.63
qb                                    0.462938
vss                                   0.462938
vwl#branch                                   0
vblb#branch                         1.3074e-11
vbl#branch                        -3.16755e-12
vvdd#branch                       -9.90679e-12


No. of Data Rows : 429
Reset re-loads circuit * write margin testbench -- bitcell_6t, dut netlist `.include`d directly.

Circuit: * write margin testbench -- bitcell_6t, dut netlist `.include`d directly.

Doing analysis at TEMP = 25.000000 and TNOM = 27.000000

Using SPARSE 1.3 as Direct Linear Solver

Initial Transient Solution
--------------------------

Node                                   Voltage
----                                   -------
vdd                                       3.63
bl                                        3.63
blb                                          0
wl                                           0
q                                         3.63
qb                                    0.462938
vss                                   0.462938
vwl#branch                                   0
vblb#branch                         1.3074e-11
vbl#branch                        -3.16755e-12
vvdd#branch                       -9.90679e-12


No. of Data Rows : 429
Reset re-loads circuit * write margin testbench -- bitcell_6t, dut netlist `.include`d directly.

Circuit: * write margin testbench -- bitcell_6t, dut netlist `.include`d directly.

Doing analysis at TEMP = 25.000000 and TNOM = 27.000000

Using SPARSE 1.3 as Direct Linear Solver

Initial Transient Solution
--------------------------

Node                                   Voltage
----                                   -------
vdd                                       3.63
bl                                        3.63
blb                                          0
wl                                           0
q                                         3.63
qb                                    0.462938
vss                                   0.462938
vwl#branch                                   0
vblb#branch                         1.3074e-11
vbl#branch                        -3.16755e-12
vvdd#branch                       -9.90679e-12


No. of Data Rows : 429
Reset re-loads circuit * write margin testbench -- bitcell_6t, dut netlist `.include`d directly.

Circuit: * write margin testbench -- bitcell_6t, dut netlist `.include`d directly.

Doing analysis at TEMP = 25.000000 and TNOM = 27.000000

Using SPARSE 1.3 as Direct Linear Solver

Initial Transient Solution
--------------------------

Node                                   Voltage
----                                   -------
vdd                                       3.63
bl                                        3.63
blb                                          0
wl                                           0
q                                         3.63
qb                                    0.462938
vss                                   0.462938
vwl#branch                                   0
vblb#branch                         1.3074e-11
vbl#branch                        -3.16755e-12
vvdd#branch                       -9.90679e-12


No. of Data Rows : 429
Reset re-loads circuit * write margin testbench -- bitcell_6t, dut netlist `.include`d directly.

Circuit: * write margin testbench -- bitcell_6t, dut netlist `.include`d directly.

Doing analysis at TEMP = 25.000000 and TNOM = 27.000000

Using SPARSE 1.3 as Direct Linear Solver

Initial Transient Solution
--------------------------

Node                                   Voltage
----                                   -------
vdd                                       3.63
bl                                        3.63
blb                                          0
wl                                           0
q                                         3.63
qb                                    0.462938
vss                                   0.462938
vwl#branch                                   0
vblb#branch                         1.3074e-11
vbl#branch                        -3.16755e-12
vvdd#branch                       -9.90679e-12


No. of Data Rows : 429
Reset re-loads circuit * write margin testbench -- bitcell_6t, dut netlist `.include`d directly.

Circuit: * write margin testbench -- bitcell_6t, dut netlist `.include`d directly.

Doing analysis at TEMP = 25.000000 and TNOM = 27.000000

Using SPARSE 1.3 as Direct Linear Solver

Initial Transient Solution
--------------------------

Node                                   Voltage
----                                   -------
vdd                                       3.63
bl                                        3.63
blb                                          0
wl                                           0
q                                         3.63
qb                                    0.462938
vss                                   0.462938
vwl#branch                                   0
vblb#branch                         1.3074e-11
vbl#branch                        -3.16755e-12
vvdd#branch                       -9.90679e-12


No. of Data Rows : 429
Reset re-loads circuit * write margin testbench -- bitcell_6t, dut netlist `.include`d directly.

Circuit: * write margin testbench -- bitcell_6t, dut netlist `.include`d directly.

Doing analysis at TEMP = 25.000000 and TNOM = 27.000000

Using SPARSE 1.3 as Direct Linear Solver

Initial Transient Solution
--------------------------

Node                                   Voltage
----                                   -------
vdd                                       3.63
bl                                        3.63
blb                                          0
wl                                           0
q                                         3.63
qb                                    0.462938
vss                                   0.462938
vwl#branch                                   0
vblb#branch                         1.3074e-11
vbl#branch                        -3.16755e-12
vvdd#branch                       -9.90679e-12


No. of Data Rows : 429
RESULT: write_trip_voltage_v = 2.10923
RESULT: write_vdd_v = 3.63
Note: Simulation executed from .control section 
=== corner: tt_25c_3.63v (process=tt temp=25C vdd=3.63V) ===
=== ngspice exit status: 0 ===
