
Note: Compatibility modes selected: hs a

Warning: m=xx on .subckt line will override multiplier m hierarchy!


Circuit: * write margin testbench -- bitcell_6t, dut netlist `.include`d directly.

Reset re-loads circuit * write margin testbench -- bitcell_6t, dut netlist `.include`d directly.

Circuit: * write margin testbench -- bitcell_6t, dut netlist `.include`d directly.

Doing analysis at TEMP = 25.000000 and TNOM = 27.000000

Using SPARSE 1.3 as Direct Linear Solver

Initial Transient Solution
--------------------------

Node                                   Voltage
----                                   -------
vdd                                       2.97
bl                                        2.97
blb                                          0
wl                                           0
q                                         2.97
qb                                    0.454073
vss                                   0.454073
vwl#branch                                   0
vblb#branch                        1.02941e-11
vbl#branch                        -2.51592e-12
vvdd#branch                       -7.77795e-12


No. of Data Rows : 429
Reset re-loads circuit * write margin testbench -- bitcell_6t, dut netlist `.include`d directly.

Circuit: * write margin testbench -- bitcell_6t, dut netlist `.include`d directly.

Doing analysis at TEMP = 25.000000 and TNOM = 27.000000

Using SPARSE 1.3 as Direct Linear Solver

Initial Transient Solution
--------------------------

Node                                   Voltage
----                                   -------
vdd                                       2.97
bl                                        2.97
blb                                          0
wl                                           0
q                                         2.97
qb                                    0.454073
vss                                   0.454073
vwl#branch                                   0
vblb#branch                        1.02941e-11
vbl#branch                        -2.51592e-12
vvdd#branch                       -7.77795e-12


No. of Data Rows : 429
Reset re-loads circuit * write margin testbench -- bitcell_6t, dut netlist `.include`d directly.

Circuit: * write margin testbench -- bitcell_6t, dut netlist `.include`d directly.

Doing analysis at TEMP = 25.000000 and TNOM = 27.000000

Using SPARSE 1.3 as Direct Linear Solver

Initial Transient Solution
--------------------------

Node                                   Voltage
----                                   -------
vdd                                       2.97
bl                                        2.97
blb                                          0
wl                                           0
q                                         2.97
qb                                    0.454073
vss                                   0.454073
vwl#branch                                   0
vblb#branch                        1.02941e-11
vbl#branch                        -2.51592e-12
vvdd#branch                       -7.77795e-12


No. of Data Rows : 429
Reset re-loads circuit * write margin testbench -- bitcell_6t, dut netlist `.include`d directly.

Circuit: * write margin testbench -- bitcell_6t, dut netlist `.include`d directly.

Doing analysis at TEMP = 25.000000 and TNOM = 27.000000

Using SPARSE 1.3 as Direct Linear Solver

Initial Transient Solution
--------------------------

Node                                   Voltage
----                                   -------
vdd                                       2.97
bl                                        2.97
blb                                          0
wl                                           0
q                                         2.97
qb                                    0.454073
vss                                   0.454073
vwl#branch                                   0
vblb#branch                        1.02941e-11
vbl#branch                        -2.51592e-12
vvdd#branch                       -7.77795e-12


No. of Data Rows : 429
Reset re-loads circuit * write margin testbench -- bitcell_6t, dut netlist `.include`d directly.

Circuit: * write margin testbench -- bitcell_6t, dut netlist `.include`d directly.

Doing analysis at TEMP = 25.000000 and TNOM = 27.000000

Using SPARSE 1.3 as Direct Linear Solver

Initial Transient Solution
--------------------------

Node                                   Voltage
----                                   -------
vdd                                       2.97
bl                                        2.97
blb                                          0
wl                                           0
q                                         2.97
qb                                    0.454073
vss                                   0.454073
vwl#branch                                   0
vblb#branch                        1.02941e-11
vbl#branch                        -2.51592e-12
vvdd#branch                       -7.77795e-12


No. of Data Rows : 429
Reset re-loads circuit * write margin testbench -- bitcell_6t, dut netlist `.include`d directly.

Circuit: * write margin testbench -- bitcell_6t, dut netlist `.include`d directly.

Doing analysis at TEMP = 25.000000 and TNOM = 27.000000

Using SPARSE 1.3 as Direct Linear Solver

Initial Transient Solution
--------------------------

Node                                   Voltage
----                                   -------
vdd                                       2.97
bl                                        2.97
blb                                          0
wl                                           0
q                                         2.97
qb                                    0.454073
vss                                   0.454073
vwl#branch                                   0
vblb#branch                        1.02941e-11
vbl#branch                        -2.51592e-12
vvdd#branch                       -7.77795e-12


No. of Data Rows : 429
Reset re-loads circuit * write margin testbench -- bitcell_6t, dut netlist `.include`d directly.

Circuit: * write margin testbench -- bitcell_6t, dut netlist `.include`d directly.

Doing analysis at TEMP = 25.000000 and TNOM = 27.000000

Using SPARSE 1.3 as Direct Linear Solver

Initial Transient Solution
--------------------------

Node                                   Voltage
----                                   -------
vdd                                       2.97
bl                                        2.97
blb                                          0
wl                                           0
q                                         2.97
qb                                    0.454073
vss                                   0.454073
vwl#branch                                   0
vblb#branch                        1.02941e-11
vbl#branch                        -2.51592e-12
vvdd#branch                       -7.77795e-12


No. of Data Rows : 429
Reset re-loads circuit * write margin testbench -- bitcell_6t, dut netlist `.include`d directly.

Circuit: * write margin testbench -- bitcell_6t, dut netlist `.include`d directly.

Doing analysis at TEMP = 25.000000 and TNOM = 27.000000

Using SPARSE 1.3 as Direct Linear Solver

Initial Transient Solution
--------------------------

Node                                   Voltage
----                                   -------
vdd                                       2.97
bl                                        2.97
blb                                          0
wl                                           0
q                                         2.97
qb                                    0.454073
vss                                   0.454073
vwl#branch                                   0
vblb#branch                        1.02941e-11
vbl#branch                        -2.51592e-12
vvdd#branch                       -7.77795e-12


No. of Data Rows : 429
Reset re-loads circuit * write margin testbench -- bitcell_6t, dut netlist `.include`d directly.

Circuit: * write margin testbench -- bitcell_6t, dut netlist `.include`d directly.

Doing analysis at TEMP = 25.000000 and TNOM = 27.000000

Using SPARSE 1.3 as Direct Linear Solver

Initial Transient Solution
--------------------------

Node                                   Voltage
----                                   -------
vdd                                       2.97
bl                                        2.97
blb                                          0
wl                                           0
q                                         2.97
qb                                    0.454073
vss                                   0.454073
vwl#branch                                   0
vblb#branch                        1.02941e-11
vbl#branch                        -2.51592e-12
vvdd#branch                       -7.77795e-12


No. of Data Rows : 429
Reset re-loads circuit * write margin testbench -- bitcell_6t, dut netlist `.include`d directly.

Circuit: * write margin testbench -- bitcell_6t, dut netlist `.include`d directly.

Doing analysis at TEMP = 25.000000 and TNOM = 27.000000

Using SPARSE 1.3 as Direct Linear Solver

Initial Transient Solution
--------------------------

Node                                   Voltage
----                                   -------
vdd                                       2.97
bl                                        2.97
blb                                          0
wl                                           0
q                                         2.97
qb                                    0.454073
vss                                   0.454073
vwl#branch                                   0
vblb#branch                        1.02941e-11
vbl#branch                        -2.51592e-12
vvdd#branch                       -7.77795e-12


No. of Data Rows : 429
Reset re-loads circuit * write margin testbench -- bitcell_6t, dut netlist `.include`d directly.

Circuit: * write margin testbench -- bitcell_6t, dut netlist `.include`d directly.

Doing analysis at TEMP = 25.000000 and TNOM = 27.000000

Using SPARSE 1.3 as Direct Linear Solver

Initial Transient Solution
--------------------------

Node                                   Voltage
----                                   -------
vdd                                       2.97
bl                                        2.97
blb                                          0
wl                                           0
q                                         2.97
qb                                    0.454073
vss                                   0.454073
vwl#branch                                   0
vblb#branch                        1.02941e-11
vbl#branch                        -2.51592e-12
vvdd#branch                       -7.77795e-12


No. of Data Rows : 429
Reset re-loads circuit * write margin testbench -- bitcell_6t, dut netlist `.include`d directly.

Circuit: * write margin testbench -- bitcell_6t, dut netlist `.include`d directly.

Doing analysis at TEMP = 25.000000 and TNOM = 27.000000

Using SPARSE 1.3 as Direct Linear Solver

Initial Transient Solution
--------------------------

Node                                   Voltage
----                                   -------
vdd                                       2.97
bl                                        2.97
blb                                          0
wl                                           0
q                                         2.97
qb                                    0.454073
vss                                   0.454073
vwl#branch                                   0
vblb#branch                        1.02941e-11
vbl#branch                        -2.51592e-12
vvdd#branch                       -7.77795e-12


No. of Data Rows : 429
Reset re-loads circuit * write margin testbench -- bitcell_6t, dut netlist `.include`d directly.

Circuit: * write margin testbench -- bitcell_6t, dut netlist `.include`d directly.

Doing analysis at TEMP = 25.000000 and TNOM = 27.000000

Using SPARSE 1.3 as Direct Linear Solver

Initial Transient Solution
--------------------------

Node                                   Voltage
----                                   -------
vdd                                       2.97
bl                                        2.97
blb                                          0
wl                                           0
q                                         2.97
qb                                    0.454073
vss                                   0.454073
vwl#branch                                   0
vblb#branch                        1.02941e-11
vbl#branch                        -2.51592e-12
vvdd#branch                       -7.77795e-12


No. of Data Rows : 429
Reset re-loads circuit * write margin testbench -- bitcell_6t, dut netlist `.include`d directly.

Circuit: * write margin testbench -- bitcell_6t, dut netlist `.include`d directly.

Doing analysis at TEMP = 25.000000 and TNOM = 27.000000

Using SPARSE 1.3 as Direct Linear Solver

Initial Transient Solution
--------------------------

Node                                   Voltage
----                                   -------
vdd                                       2.97
bl                                        2.97
blb                                          0
wl                                           0
q                                         2.97
qb                                    0.454073
vss                                   0.454073
vwl#branch                                   0
vblb#branch                        1.02941e-11
vbl#branch                        -2.51592e-12
vvdd#branch                       -7.77795e-12


No. of Data Rows : 429
Reset re-loads circuit * write margin testbench -- bitcell_6t, dut netlist `.include`d directly.

Circuit: * write margin testbench -- bitcell_6t, dut netlist `.include`d directly.

Doing analysis at TEMP = 25.000000 and TNOM = 27.000000

Using SPARSE 1.3 as Direct Linear Solver

Initial Transient Solution
--------------------------

Node                                   Voltage
----                                   -------
vdd                                       2.97
bl                                        2.97
blb                                          0
wl                                           0
q                                         2.97
qb                                    0.454073
vss                                   0.454073
vwl#branch                                   0
vblb#branch                        1.02941e-11
vbl#branch                        -2.51592e-12
vvdd#branch                       -7.77795e-12


No. of Data Rows : 429
Reset re-loads circuit * write margin testbench -- bitcell_6t, dut netlist `.include`d directly.

Circuit: * write margin testbench -- bitcell_6t, dut netlist `.include`d directly.

Doing analysis at TEMP = 25.000000 and TNOM = 27.000000

Using SPARSE 1.3 as Direct Linear Solver

Initial Transient Solution
--------------------------

Node                                   Voltage
----                                   -------
vdd                                       2.97
bl                                        2.97
blb                                          0
wl                                           0
q                                         2.97
qb                                    0.454073
vss                                   0.454073
vwl#branch                                   0
vblb#branch                        1.02941e-11
vbl#branch                        -2.51592e-12
vvdd#branch                       -7.77795e-12


No. of Data Rows : 429
RESULT: write_trip_voltage_v = 1.71105
RESULT: write_vdd_v = 2.97
Note: Simulation executed from .control section 
=== corner: tt_25c_2.97v (process=tt temp=25C vdd=2.97V) ===
=== ngspice exit status: 0 ===
