
Note: Compatibility modes selected: hs a

Warning: m=xx on .subckt line will override multiplier m hierarchy!


Circuit: * write margin testbench -- bitcell_6t, dut netlist `.include`d directly.

Reset re-loads circuit * write margin testbench -- bitcell_6t, dut netlist `.include`d directly.

Circuit: * write margin testbench -- bitcell_6t, dut netlist `.include`d directly.

Doing analysis at TEMP = 125.000000 and TNOM = 27.000000

Using SPARSE 1.3 as Direct Linear Solver

Initial Transient Solution
--------------------------

Node                                   Voltage
----                                   -------
vdd                                        3.3
bl                                         3.3
blb                                          0
wl                                           0
q                                     0.360404
qb                                     3.29982
vss                                   0.360403
vwl#branch                                   0
vblb#branch                        9.45126e-09
vbl#branch                        -3.44314e-12
vvdd#branch                       -9.44782e-09


No. of Data Rows : 429
Reset re-loads circuit * write margin testbench -- bitcell_6t, dut netlist `.include`d directly.

Circuit: * write margin testbench -- bitcell_6t, dut netlist `.include`d directly.

Doing analysis at TEMP = 125.000000 and TNOM = 27.000000

Using SPARSE 1.3 as Direct Linear Solver

Initial Transient Solution
--------------------------

Node                                   Voltage
----                                   -------
vdd                                        3.3
bl                                         3.3
blb                                          0
wl                                           0
q                                     0.360404
qb                                     3.29982
vss                                   0.360403
vwl#branch                                   0
vblb#branch                        9.45126e-09
vbl#branch                        -3.44314e-12
vvdd#branch                       -9.44782e-09


No. of Data Rows : 429
Reset re-loads circuit * write margin testbench -- bitcell_6t, dut netlist `.include`d directly.

Circuit: * write margin testbench -- bitcell_6t, dut netlist `.include`d directly.

Doing analysis at TEMP = 125.000000 and TNOM = 27.000000

Using SPARSE 1.3 as Direct Linear Solver

Initial Transient Solution
--------------------------

Node                                   Voltage
----                                   -------
vdd                                        3.3
bl                                         3.3
blb                                          0
wl                                           0
q                                     0.360404
qb                                     3.29982
vss                                   0.360403
vwl#branch                                   0
vblb#branch                        9.45126e-09
vbl#branch                        -3.44314e-12
vvdd#branch                       -9.44782e-09


No. of Data Rows : 429
Reset re-loads circuit * write margin testbench -- bitcell_6t, dut netlist `.include`d directly.

Circuit: * write margin testbench -- bitcell_6t, dut netlist `.include`d directly.

Doing analysis at TEMP = 125.000000 and TNOM = 27.000000

Using SPARSE 1.3 as Direct Linear Solver

Initial Transient Solution
--------------------------

Node                                   Voltage
----                                   -------
vdd                                        3.3
bl                                         3.3
blb                                          0
wl                                           0
q                                     0.360404
qb                                     3.29982
vss                                   0.360403
vwl#branch                                   0
vblb#branch                        9.45126e-09
vbl#branch                        -3.44314e-12
vvdd#branch                       -9.44782e-09


No. of Data Rows : 429
Reset re-loads circuit * write margin testbench -- bitcell_6t, dut netlist `.include`d directly.

Circuit: * write margin testbench -- bitcell_6t, dut netlist `.include`d directly.

Doing analysis at TEMP = 125.000000 and TNOM = 27.000000

Using SPARSE 1.3 as Direct Linear Solver

Initial Transient Solution
--------------------------

Node                                   Voltage
----                                   -------
vdd                                        3.3
bl                                         3.3
blb                                          0
wl                                           0
q                                     0.360404
qb                                     3.29982
vss                                   0.360403
vwl#branch                                   0
vblb#branch                        9.45126e-09
vbl#branch                        -3.44314e-12
vvdd#branch                       -9.44782e-09


No. of Data Rows : 429
Reset re-loads circuit * write margin testbench -- bitcell_6t, dut netlist `.include`d directly.

Circuit: * write margin testbench -- bitcell_6t, dut netlist `.include`d directly.

Doing analysis at TEMP = 125.000000 and TNOM = 27.000000

Using SPARSE 1.3 as Direct Linear Solver

Initial Transient Solution
--------------------------

Node                                   Voltage
----                                   -------
vdd                                        3.3
bl                                         3.3
blb                                          0
wl                                           0
q                                     0.360404
qb                                     3.29982
vss                                   0.360403
vwl#branch                                   0
vblb#branch                        9.45126e-09
vbl#branch                        -3.44314e-12
vvdd#branch                       -9.44782e-09


No. of Data Rows : 429
Reset re-loads circuit * write margin testbench -- bitcell_6t, dut netlist `.include`d directly.

Circuit: * write margin testbench -- bitcell_6t, dut netlist `.include`d directly.

Doing analysis at TEMP = 125.000000 and TNOM = 27.000000

Using SPARSE 1.3 as Direct Linear Solver

Initial Transient Solution
--------------------------

Node                                   Voltage
----                                   -------
vdd                                        3.3
bl                                         3.3
blb                                          0
wl                                           0
q                                     0.360404
qb                                     3.29982
vss                                   0.360403
vwl#branch                                   0
vblb#branch                        9.45126e-09
vbl#branch                        -3.44314e-12
vvdd#branch                       -9.44782e-09


No. of Data Rows : 429
Reset re-loads circuit * write margin testbench -- bitcell_6t, dut netlist `.include`d directly.

Circuit: * write margin testbench -- bitcell_6t, dut netlist `.include`d directly.

Doing analysis at TEMP = 125.000000 and TNOM = 27.000000

Using SPARSE 1.3 as Direct Linear Solver

Initial Transient Solution
--------------------------

Node                                   Voltage
----                                   -------
vdd                                        3.3
bl                                         3.3
blb                                          0
wl                                           0
q                                     0.360404
qb                                     3.29982
vss                                   0.360403
vwl#branch                                   0
vblb#branch                        9.45126e-09
vbl#branch                        -3.44314e-12
vvdd#branch                       -9.44782e-09


No. of Data Rows : 429
Reset re-loads circuit * write margin testbench -- bitcell_6t, dut netlist `.include`d directly.

Circuit: * write margin testbench -- bitcell_6t, dut netlist `.include`d directly.

Doing analysis at TEMP = 125.000000 and TNOM = 27.000000

Using SPARSE 1.3 as Direct Linear Solver

Initial Transient Solution
--------------------------

Node                                   Voltage
----                                   -------
vdd                                        3.3
bl                                         3.3
blb                                          0
wl                                           0
q                                     0.360404
qb                                     3.29982
vss                                   0.360403
vwl#branch                                   0
vblb#branch                        9.45126e-09
vbl#branch                        -3.44314e-12
vvdd#branch                       -9.44782e-09


No. of Data Rows : 429
Reset re-loads circuit * write margin testbench -- bitcell_6t, dut netlist `.include`d directly.

Circuit: * write margin testbench -- bitcell_6t, dut netlist `.include`d directly.

Doing analysis at TEMP = 125.000000 and TNOM = 27.000000

Using SPARSE 1.3 as Direct Linear Solver

Initial Transient Solution
--------------------------

Node                                   Voltage
----                                   -------
vdd                                        3.3
bl                                         3.3
blb                                          0
wl                                           0
q                                     0.360404
qb                                     3.29982
vss                                   0.360403
vwl#branch                                   0
vblb#branch                        9.45126e-09
vbl#branch                        -3.44314e-12
vvdd#branch                       -9.44782e-09


No. of Data Rows : 429
Reset re-loads circuit * write margin testbench -- bitcell_6t, dut netlist `.include`d directly.

Circuit: * write margin testbench -- bitcell_6t, dut netlist `.include`d directly.

Doing analysis at TEMP = 125.000000 and TNOM = 27.000000

Using SPARSE 1.3 as Direct Linear Solver

Initial Transient Solution
--------------------------

Node                                   Voltage
----                                   -------
vdd                                        3.3
bl                                         3.3
blb                                          0
wl                                           0
q                                     0.360404
qb                                     3.29982
vss                                   0.360403
vwl#branch                                   0
vblb#branch                        9.45126e-09
vbl#branch                        -3.44314e-12
vvdd#branch                       -9.44782e-09


No. of Data Rows : 429
Reset re-loads circuit * write margin testbench -- bitcell_6t, dut netlist `.include`d directly.

Circuit: * write margin testbench -- bitcell_6t, dut netlist `.include`d directly.

Doing analysis at TEMP = 125.000000 and TNOM = 27.000000

Using SPARSE 1.3 as Direct Linear Solver

Initial Transient Solution
--------------------------

Node                                   Voltage
----                                   -------
vdd                                        3.3
bl                                         3.3
blb                                          0
wl                                           0
q                                     0.360404
qb                                     3.29982
vss                                   0.360403
vwl#branch                                   0
vblb#branch                        9.45126e-09
vbl#branch                        -3.44314e-12
vvdd#branch                       -9.44782e-09


No. of Data Rows : 429
Reset re-loads circuit * write margin testbench -- bitcell_6t, dut netlist `.include`d directly.

Circuit: * write margin testbench -- bitcell_6t, dut netlist `.include`d directly.

Doing analysis at TEMP = 125.000000 and TNOM = 27.000000

Using SPARSE 1.3 as Direct Linear Solver

Initial Transient Solution
--------------------------

Node                                   Voltage
----                                   -------
vdd                                        3.3
bl                                         3.3
blb                                          0
wl                                           0
q                                     0.360404
qb                                     3.29982
vss                                   0.360403
vwl#branch                                   0
vblb#branch                        9.45126e-09
vbl#branch                        -3.44314e-12
vvdd#branch                       -9.44782e-09


No. of Data Rows : 429
Reset re-loads circuit * write margin testbench -- bitcell_6t, dut netlist `.include`d directly.

Circuit: * write margin testbench -- bitcell_6t, dut netlist `.include`d directly.

Doing analysis at TEMP = 125.000000 and TNOM = 27.000000

Using SPARSE 1.3 as Direct Linear Solver

Initial Transient Solution
--------------------------

Node                                   Voltage
----                                   -------
vdd                                        3.3
bl                                         3.3
blb                                          0
wl                                           0
q                                     0.360404
qb                                     3.29982
vss                                   0.360403
vwl#branch                                   0
vblb#branch                        9.45126e-09
vbl#branch                        -3.44314e-12
vvdd#branch                       -9.44782e-09


No. of Data Rows : 429
Reset re-loads circuit * write margin testbench -- bitcell_6t, dut netlist `.include`d directly.

Circuit: * write margin testbench -- bitcell_6t, dut netlist `.include`d directly.

Doing analysis at TEMP = 125.000000 and TNOM = 27.000000

Using SPARSE 1.3 as Direct Linear Solver

Initial Transient Solution
--------------------------

Node                                   Voltage
----                                   -------
vdd                                        3.3
bl                                         3.3
blb                                          0
wl                                           0
q                                     0.360404
qb                                     3.29982
vss                                   0.360403
vwl#branch                                   0
vblb#branch                        9.45126e-09
vbl#branch                        -3.44314e-12
vvdd#branch                       -9.44782e-09


No. of Data Rows : 429
Reset re-loads circuit * write margin testbench -- bitcell_6t, dut netlist `.include`d directly.

Circuit: * write margin testbench -- bitcell_6t, dut netlist `.include`d directly.

Doing analysis at TEMP = 125.000000 and TNOM = 27.000000

Using SPARSE 1.3 as Direct Linear Solver

Initial Transient Solution
--------------------------

Node                                   Voltage
----                                   -------
vdd                                        3.3
bl                                         3.3
blb                                          0
wl                                           0
q                                     0.360404
qb                                     3.29982
vss                                   0.360403
vwl#branch                                   0
vblb#branch                        9.45126e-09
vbl#branch                        -3.44314e-12
vvdd#branch                       -9.44782e-09


No. of Data Rows : 429
Reset re-loads circuit * write margin testbench -- bitcell_6t, dut netlist `.include`d directly.

Circuit: * write margin testbench -- bitcell_6t, dut netlist `.include`d directly.

Doing analysis at TEMP = 125.000000 and TNOM = 27.000000

Using SPARSE 1.3 as Direct Linear Solver

Initial Transient Solution
--------------------------

Node                                   Voltage
----                                   -------
vdd                                        3.3
bl                                         3.3
blb                                          0
wl                                           0
q                                     0.360404
qb                                     3.29982
vss                                   0.360403
vwl#branch                                   0
vblb#branch                        9.45126e-09
vbl#branch                        -3.44314e-12
vvdd#branch                       -9.44782e-09


No. of Data Rows : 429
Reset re-loads circuit * write margin testbench -- bitcell_6t, dut netlist `.include`d directly.

Circuit: * write margin testbench -- bitcell_6t, dut netlist `.include`d directly.

Doing analysis at TEMP = 125.000000 and TNOM = 27.000000

Using SPARSE 1.3 as Direct Linear Solver

Initial Transient Solution
--------------------------

Node                                   Voltage
----                                   -------
vdd                                        3.3
bl                                         3.3
blb                                          0
wl                                           0
q                                     0.360404
qb                                     3.29982
vss                                   0.360403
vwl#branch                                   0
vblb#branch                        9.45126e-09
vbl#branch                        -3.44314e-12
vvdd#branch                       -9.44782e-09


No. of Data Rows : 429
Reset re-loads circuit * write margin testbench -- bitcell_6t, dut netlist `.include`d directly.

Circuit: * write margin testbench -- bitcell_6t, dut netlist `.include`d directly.

Doing analysis at TEMP = 125.000000 and TNOM = 27.000000

Using SPARSE 1.3 as Direct Linear Solver

Initial Transient Solution
--------------------------

Node                                   Voltage
----                                   -------
vdd                                        3.3
bl                                         3.3
blb                                          0
wl                                           0
q                                     0.360404
qb                                     3.29982
vss                                   0.360403
vwl#branch                                   0
vblb#branch                        9.45126e-09
vbl#branch                        -3.44314e-12
vvdd#branch                       -9.44782e-09


No. of Data Rows : 429
Reset re-loads circuit * write margin testbench -- bitcell_6t, dut netlist `.include`d directly.

Circuit: * write margin testbench -- bitcell_6t, dut netlist `.include`d directly.

Doing analysis at TEMP = 125.000000 and TNOM = 27.000000

Using SPARSE 1.3 as Direct Linear Solver

Initial Transient Solution
--------------------------

Node                                   Voltage
----                                   -------
vdd                                        3.3
bl                                         3.3
blb                                          0
wl                                           0
q                                     0.360404
qb                                     3.29982
vss                                   0.360403
vwl#branch                                   0
vblb#branch                        9.45126e-09
vbl#branch                        -3.44314e-12
vvdd#branch                       -9.44782e-09


No. of Data Rows : 429
Reset re-loads circuit * write margin testbench -- bitcell_6t, dut netlist `.include`d directly.

Circuit: * write margin testbench -- bitcell_6t, dut netlist `.include`d directly.

Doing analysis at TEMP = 125.000000 and TNOM = 27.000000

Using SPARSE 1.3 as Direct Linear Solver

Initial Transient Solution
--------------------------

Node                                   Voltage
----                                   -------
vdd                                        3.3
bl                                         3.3
blb                                          0
wl                                           0
q                                     0.360404
qb                                     3.29982
vss                                   0.360403
vwl#branch                                   0
vblb#branch                        9.45126e-09
vbl#branch                        -3.44314e-12
vvdd#branch                       -9.44782e-09


No. of Data Rows : 429
Reset re-loads circuit * write margin testbench -- bitcell_6t, dut netlist `.include`d directly.

Circuit: * write margin testbench -- bitcell_6t, dut netlist `.include`d directly.

Doing analysis at TEMP = 125.000000 and TNOM = 27.000000

Using SPARSE 1.3 as Direct Linear Solver

Initial Transient Solution
--------------------------

Node                                   Voltage
----                                   -------
vdd                                        3.3
bl                                         3.3
blb                                          0
wl                                           0
q                                     0.360404
qb                                     3.29982
vss                                   0.360403
vwl#branch                                   0
vblb#branch                        9.45126e-09
vbl#branch                        -3.44314e-12
vvdd#branch                       -9.44782e-09


No. of Data Rows : 429
Reset re-loads circuit * write margin testbench -- bitcell_6t, dut netlist `.include`d directly.

Circuit: * write margin testbench -- bitcell_6t, dut netlist `.include`d directly.

Doing analysis at TEMP = 125.000000 and TNOM = 27.000000

Using SPARSE 1.3 as Direct Linear Solver

Initial Transient Solution
--------------------------

Node                                   Voltage
----                                   -------
vdd                                        3.3
bl                                         3.3
blb                                          0
wl                                           0
q                                     0.360404
qb                                     3.29982
vss                                   0.360403
vwl#branch                                   0
vblb#branch                        9.45126e-09
vbl#branch                        -3.44314e-12
vvdd#branch                       -9.44782e-09


No. of Data Rows : 429
Reset re-loads circuit * write margin testbench -- bitcell_6t, dut netlist `.include`d directly.

Circuit: * write margin testbench -- bitcell_6t, dut netlist `.include`d directly.

Doing analysis at TEMP = 125.000000 and TNOM = 27.000000

Using SPARSE 1.3 as Direct Linear Solver

Initial Transient Solution
--------------------------

Node                                   Voltage
----                                   -------
vdd                                        3.3
bl                                         3.3
blb                                          0
wl                                           0
q                                     0.360404
qb                                     3.29982
vss                                   0.360403
vwl#branch                                   0
vblb#branch                        9.45126e-09
vbl#branch                        -3.44314e-12
vvdd#branch                       -9.44782e-09


No. of Data Rows : 429
Reset re-loads circuit * write margin testbench -- bitcell_6t, dut netlist `.include`d directly.

Circuit: * write margin testbench -- bitcell_6t, dut netlist `.include`d directly.

Doing analysis at TEMP = 125.000000 and TNOM = 27.000000

Using SPARSE 1.3 as Direct Linear Solver

Initial Transient Solution
--------------------------

Node                                   Voltage
----                                   -------
vdd                                        3.3
bl                                         3.3
blb                                          0
wl                                           0
q                                     0.360404
qb                                     3.29982
vss                                   0.360403
vwl#branch                                   0
vblb#branch                        9.45126e-09
vbl#branch                        -3.44314e-12
vvdd#branch                       -9.44782e-09


No. of Data Rows : 429
Reset re-loads circuit * write margin testbench -- bitcell_6t, dut netlist `.include`d directly.

Circuit: * write margin testbench -- bitcell_6t, dut netlist `.include`d directly.

Doing analysis at TEMP = 125.000000 and TNOM = 27.000000

Using SPARSE 1.3 as Direct Linear Solver

Initial Transient Solution
--------------------------

Node                                   Voltage
----                                   -------
vdd                                        3.3
bl                                         3.3
blb                                          0
wl                                           0
q                                     0.360404
qb                                     3.29982
vss                                   0.360403
vwl#branch                                   0
vblb#branch                        9.45126e-09
vbl#branch                        -3.44314e-12
vvdd#branch                       -9.44782e-09


No. of Data Rows : 429
Reset re-loads circuit * write margin testbench -- bitcell_6t, dut netlist `.include`d directly.

Circuit: * write margin testbench -- bitcell_6t, dut netlist `.include`d directly.

Doing analysis at TEMP = 125.000000 and TNOM = 27.000000

Using SPARSE 1.3 as Direct Linear Solver

Initial Transient Solution
--------------------------

Node                                   Voltage
----                                   -------
vdd                                        3.3
bl                                         3.3
blb                                          0
wl                                           0
q                                     0.360404
qb                                     3.29982
vss                                   0.360403
vwl#branch                                   0
vblb#branch                        9.45126e-09
vbl#branch                        -3.44314e-12
vvdd#branch                       -9.44782e-09


No. of Data Rows : 429
Reset re-loads circuit * write margin testbench -- bitcell_6t, dut netlist `.include`d directly.

Circuit: * write margin testbench -- bitcell_6t, dut netlist `.include`d directly.

Doing analysis at TEMP = 125.000000 and TNOM = 27.000000

Using SPARSE 1.3 as Direct Linear Solver

Initial Transient Solution
--------------------------

Node                                   Voltage
----                                   -------
vdd                                        3.3
bl                                         3.3
blb                                          0
wl                                           0
q                                     0.360404
qb                                     3.29982
vss                                   0.360403
vwl#branch                                   0
vblb#branch                        9.45126e-09
vbl#branch                        -3.44314e-12
vvdd#branch                       -9.44782e-09


No. of Data Rows : 429
Reset re-loads circuit * write margin testbench -- bitcell_6t, dut netlist `.include`d directly.

Circuit: * write margin testbench -- bitcell_6t, dut netlist `.include`d directly.

Doing analysis at TEMP = 125.000000 and TNOM = 27.000000

Using SPARSE 1.3 as Direct Linear Solver

Initial Transient Solution
--------------------------

Node                                   Voltage
----                                   -------
vdd                                        3.3
bl                                         3.3
blb                                          0
wl                                           0
q                                     0.360404
qb                                     3.29982
vss                                   0.360403
vwl#branch                                   0
vblb#branch                        9.45126e-09
vbl#branch                        -3.44314e-12
vvdd#branch                       -9.44782e-09


No. of Data Rows : 429
Reset re-loads circuit * write margin testbench -- bitcell_6t, dut netlist `.include`d directly.

Circuit: * write margin testbench -- bitcell_6t, dut netlist `.include`d directly.

Doing analysis at TEMP = 125.000000 and TNOM = 27.000000

Using SPARSE 1.3 as Direct Linear Solver

Initial Transient Solution
--------------------------

Node                                   Voltage
----                                   -------
vdd                                        3.3
bl                                         3.3
blb                                          0
wl                                           0
q                                     0.360404
qb                                     3.29982
vss                                   0.360403
vwl#branch                                   0
vblb#branch                        9.45126e-09
vbl#branch                        -3.44314e-12
vvdd#branch                       -9.44782e-09


No. of Data Rows : 429
Reset re-loads circuit * write margin testbench -- bitcell_6t, dut netlist `.include`d directly.

Circuit: * write margin testbench -- bitcell_6t, dut netlist `.include`d directly.

Doing analysis at TEMP = 125.000000 and TNOM = 27.000000

Using SPARSE 1.3 as Direct Linear Solver

Initial Transient Solution
--------------------------

Node                                   Voltage
----                                   -------
vdd                                        3.3
bl                                         3.3
blb                                          0
wl                                           0
q                                     0.360404
qb                                     3.29982
vss                                   0.360403
vwl#branch                                   0
vblb#branch                        9.45126e-09
vbl#branch                        -3.44314e-12
vvdd#branch                       -9.44782e-09


No. of Data Rows : 429
Reset re-loads circuit * write margin testbench -- bitcell_6t, dut netlist `.include`d directly.

Circuit: * write margin testbench -- bitcell_6t, dut netlist `.include`d directly.

Doing analysis at TEMP = 125.000000 and TNOM = 27.000000

Using SPARSE 1.3 as Direct Linear Solver

Initial Transient Solution
--------------------------

Node                                   Voltage
----                                   -------
vdd                                        3.3
bl                                         3.3
blb                                          0
wl                                           0
q                                     0.360404
qb                                     3.29982
vss                                   0.360403
vwl#branch                                   0
vblb#branch                        9.45126e-09
vbl#branch                        -3.44314e-12
vvdd#branch                       -9.44782e-09


No. of Data Rows : 429
Reset re-loads circuit * write margin testbench -- bitcell_6t, dut netlist `.include`d directly.

Circuit: * write margin testbench -- bitcell_6t, dut netlist `.include`d directly.

Doing analysis at TEMP = 125.000000 and TNOM = 27.000000

Using SPARSE 1.3 as Direct Linear Solver

Initial Transient Solution
--------------------------

Node                                   Voltage
----                                   -------
vdd                                        3.3
bl                                         3.3
blb                                          0
wl                                           0
q                                     0.360404
qb                                     3.29982
vss                                   0.360403
vwl#branch                                   0
vblb#branch                        9.45126e-09
vbl#branch                        -3.44314e-12
vvdd#branch                       -9.44782e-09


No. of Data Rows : 429
Reset re-loads circuit * write margin testbench -- bitcell_6t, dut netlist `.include`d directly.

Circuit: * write margin testbench -- bitcell_6t, dut netlist `.include`d directly.

Doing analysis at TEMP = 125.000000 and TNOM = 27.000000

Using SPARSE 1.3 as Direct Linear Solver

Initial Transient Solution
--------------------------

Node                                   Voltage
----                                   -------
vdd                                        3.3
bl                                         3.3
blb                                          0
wl                                           0
q                                     0.360404
qb                                     3.29982
vss                                   0.360403
vwl#branch                                   0
vblb#branch                        9.45126e-09
vbl#branch                        -3.44314e-12
vvdd#branch                       -9.44782e-09


No. of Data Rows : 429
Reset re-loads circuit * write margin testbench -- bitcell_6t, dut netlist `.include`d directly.

Circuit: * write margin testbench -- bitcell_6t, dut netlist `.include`d directly.

Doing analysis at TEMP = 125.000000 and TNOM = 27.000000

Using SPARSE 1.3 as Direct Linear Solver

Initial Transient Solution
--------------------------

Node                                   Voltage
----                                   -------
vdd                                        3.3
bl                                         3.3
blb                                          0
wl                                           0
q                                     0.360404
qb                                     3.29982
vss                                   0.360403
vwl#branch                                   0
vblb#branch                        9.45126e-09
vbl#branch                        -3.44314e-12
vvdd#branch                       -9.44782e-09


No. of Data Rows : 429
Reset re-loads circuit * write margin testbench -- bitcell_6t, dut netlist `.include`d directly.

Circuit: * write margin testbench -- bitcell_6t, dut netlist `.include`d directly.

Doing analysis at TEMP = 125.000000 and TNOM = 27.000000

Using SPARSE 1.3 as Direct Linear Solver

Initial Transient Solution
--------------------------

Node                                   Voltage
----                                   -------
vdd                                        3.3
bl                                         3.3
blb                                          0
wl                                           0
q                                     0.360404
qb                                     3.29982
vss                                   0.360403
vwl#branch                                   0
vblb#branch                        9.45126e-09
vbl#branch                        -3.44314e-12
vvdd#branch                       -9.44782e-09


No. of Data Rows : 429
Reset re-loads circuit * write margin testbench -- bitcell_6t, dut netlist `.include`d directly.

Circuit: * write margin testbench -- bitcell_6t, dut netlist `.include`d directly.

Doing analysis at TEMP = 125.000000 and TNOM = 27.000000

Using SPARSE 1.3 as Direct Linear Solver

Initial Transient Solution
--------------------------

Node                                   Voltage
----                                   -------
vdd                                        3.3
bl                                         3.3
blb                                          0
wl                                           0
q                                     0.360404
qb                                     3.29982
vss                                   0.360403
vwl#branch                                   0
vblb#branch                        9.45126e-09
vbl#branch                        -3.44314e-12
vvdd#branch                       -9.44782e-09


No. of Data Rows : 429
Reset re-loads circuit * write margin testbench -- bitcell_6t, dut netlist `.include`d directly.

Circuit: * write margin testbench -- bitcell_6t, dut netlist `.include`d directly.

Doing analysis at TEMP = 125.000000 and TNOM = 27.000000

Using SPARSE 1.3 as Direct Linear Solver

Initial Transient Solution
--------------------------

Node                                   Voltage
----                                   -------
vdd                                        3.3
bl                                         3.3
blb                                          0
wl                                           0
q                                     0.360404
qb                                     3.29982
vss                                   0.360403
vwl#branch                                   0
vblb#branch                        9.45126e-09
vbl#branch                        -3.44314e-12
vvdd#branch                       -9.44782e-09


No. of Data Rows : 429
Reset re-loads circuit * write margin testbench -- bitcell_6t, dut netlist `.include`d directly.

Circuit: * write margin testbench -- bitcell_6t, dut netlist `.include`d directly.

Doing analysis at TEMP = 125.000000 and TNOM = 27.000000

Using SPARSE 1.3 as Direct Linear Solver

Initial Transient Solution
--------------------------

Node                                   Voltage
----                                   -------
vdd                                        3.3
bl                                         3.3
blb                                          0
wl                                           0
q                                     0.360404
qb                                     3.29982
vss                                   0.360403
vwl#branch                                   0
vblb#branch                        9.45126e-09
vbl#branch                        -3.44314e-12
vvdd#branch                       -9.44782e-09


No. of Data Rows : 429
Reset re-loads circuit * write margin testbench -- bitcell_6t, dut netlist `.include`d directly.

Circuit: * write margin testbench -- bitcell_6t, dut netlist `.include`d directly.

Doing analysis at TEMP = 125.000000 and TNOM = 27.000000

Using SPARSE 1.3 as Direct Linear Solver

Initial Transient Solution
--------------------------

Node                                   Voltage
----                                   -------
vdd                                        3.3
bl                                         3.3
blb                                          0
wl                                           0
q                                     0.360404
qb                                     3.29982
vss                                   0.360403
vwl#branch                                   0
vblb#branch                        9.45126e-09
vbl#branch                        -3.44314e-12
vvdd#branch                       -9.44782e-09


No. of Data Rows : 429
Reset re-loads circuit * write margin testbench -- bitcell_6t, dut netlist `.include`d directly.

Circuit: * write margin testbench -- bitcell_6t, dut netlist `.include`d directly.

Doing analysis at TEMP = 125.000000 and TNOM = 27.000000

Using SPARSE 1.3 as Direct Linear Solver

Initial Transient Solution
--------------------------

Node                                   Voltage
----                                   -------
vdd                                        3.3
bl                                         3.3
blb                                          0
wl                                           0
q                                     0.360404
qb                                     3.29982
vss                                   0.360403
vwl#branch                                   0
vblb#branch                        9.45126e-09
vbl#branch                        -3.44314e-12
vvdd#branch                       -9.44782e-09


No. of Data Rows : 429
RESULT: write_trip_voltage_v = 1.815
RESULT: write_vdd_v = 3.3
Note: Simulation executed from .control section 
=== corner: ff_125c_3.30v (process=ff temp=125C vdd=3.30V) ===
=== ngspice exit status: 0 ===
