=== corner ff_125c_2.97v -- mismatch samples (sw_stat_mismatch=1) ===
sample 0 seed=L=1961541726,R=1086616734: RESULT: read_snm_v = 0.17249
sample 1 seed=L=1530767362,R=1587542215: RESULT: read_snm_v = 0.223925
sample 2 seed=L=1526017097,R=1086760470: RESULT: read_snm_v = 0.251118
sample 3 seed=L=262849613,R=72107258: RESULT: read_snm_v = 0.27437
sample 4 seed=L=351854468,R=1036543170: RESULT: read_snm_v = 0.230881
sample 5 seed=L=67706537,R=1111780622: RESULT: read_snm_v = 0.17524
sample 6 seed=L=203954986,R=230340715: RESULT: read_snm_v = 0.258781
sample 7 seed=L=1781129040,R=1201555560: RESULT: read_snm_v = 0.217219
sample 8 seed=L=1755905299,R=220013451: RESULT: read_snm_v = 0.271618
sample 9 seed=L=1919814533,R=106041409: RESULT: read_snm_v = 0.254817
sample 10 seed=L=306425064,R=92573171: RESULT: read_snm_v = 0.149919
sample 11 seed=L=1317641188,R=916145672: RESULT: read_snm_v = 0.241905
sample 12 seed=L=972966614,R=1318682823: RESULT: read_snm_v = 0.213235
sample 13 seed=L=51452332,R=1043166118: RESULT: read_snm_v = 0.22094
sample 14 seed=L=453368830,R=714923156: RESULT: read_snm_v = 0.198166
sample 15 seed=L=1804490513,R=1526053531: RESULT: read_snm_v = 0.181487
sample 16 seed=L=379341234,R=116722500: RESULT: read_snm_v = 0.255266
sample 17 seed=L=28331761,R=270102652: RESULT: read_snm_v = 0.236033
sample 18 seed=L=272933897,R=1905021757: RESULT: read_snm_v = 0.247509
sample 19 seed=L=1600237627,R=165773031: RESULT: read_snm_v = 0.196259
sample 20 seed=L=180013075,R=726160716: RESULT: read_snm_v = 0.173039
sample 21 seed=L=225353459,R=1964415993: RESULT: read_snm_v = 0.266818
sample 22 seed=L=1319246461,R=935509990: RESULT: read_snm_v = 0.224436
sample 23 seed=L=1130711433,R=1745782472: RESULT: read_snm_v = 0.212432
sample 24 seed=L=1775851934,R=1573396172: RESULT: read_snm_v = 0.294148
sample 25 seed=L=970256008,R=1764416305: RESULT: read_snm_v = 0.220828
sample 26 seed=L=700104573,R=907014888: RESULT: read_snm_v = 0.223567
sample 27 seed=L=646100640,R=1868245537: RESULT: read_snm_v = 0.244616
sample 28 seed=L=1280786081,R=477343775: RESULT: read_snm_v = 0.225401
sample 29 seed=L=1646411888,R=1355522294: RESULT: read_snm_v = 0.226136
sample 30 seed=L=1272259309,R=1687275333: RESULT: read_snm_v = 0.197068
sample 31 seed=L=493412197,R=1287449189: RESULT: read_snm_v = 0.219091
sample 32 seed=L=1650976616,R=250608244: RESULT: read_snm_v = 0.222126
sample 33 seed=L=1099940280,R=954367075: RESULT: read_snm_v = 0.191275
sample 34 seed=L=875947160,R=1775671864: RESULT: read_snm_v = 0.262373
sample 35 seed=L=547517234,R=1388439927: RESULT: read_snm_v = 0.212587
sample 36 seed=L=1042298183,R=1642630116: RESULT: read_snm_v = 0.17658
sample 37 seed=L=1090129640,R=1000939043: RESULT: read_snm_v = 0.230674
sample 38 seed=L=518105618,R=545520995: RESULT: read_snm_v = 0.203007
sample 39 seed=L=1575684707,R=1569673513: RESULT: read_snm_v = 0.21144
sample 40 seed=L=208300933,R=1296984585: RESULT: read_snm_v = 0.20388
sample 41 seed=L=1201818301,R=388883773: RESULT: read_snm_v = 0.210305
sample 42 seed=L=1387836578,R=522632543: RESULT: read_snm_v = 0.234648
sample 43 seed=L=727571813,R=745291139: RESULT: read_snm_v = 0.20529
sample 44 seed=L=974689611,R=1965017091: RESULT: read_snm_v = 0.245452
sample 45 seed=L=346629117,R=1766366263: RESULT: read_snm_v = 0.230147
sample 46 seed=L=774460849,R=273074404: RESULT: read_snm_v = 0.211293
sample 47 seed=L=1647304788,R=622745328: RESULT: read_snm_v = 0.195751
sample 48 seed=L=164290953,R=1707894328: RESULT: read_snm_v = 0.190038
sample 49 seed=L=294798339,R=925122341: RESULT: read_snm_v = 0.176623
sample 50 seed=L=470925310,R=253607880: RESULT: read_snm_v = 0.213848
sample 51 seed=L=161754127,R=1269975398: RESULT: read_snm_v = 0.261508
sample 52 seed=L=108076631,R=919408360: RESULT: read_snm_v = 0.192165
sample 53 seed=L=1049574858,R=1353081201: RESULT: read_snm_v = 0.224327
sample 54 seed=L=1026009755,R=1298833097: RESULT: read_snm_v = 0.213894
sample 55 seed=L=1396133491,R=669653125: RESULT: read_snm_v = 0.185197
sample 56 seed=L=1522618885,R=253206624: RESULT: read_snm_v = 0.196449
sample 57 seed=L=1549800037,R=85553589: RESULT: read_snm_v = 0.234423
sample 58 seed=L=24867485,R=49942441: RESULT: read_snm_v = 0.194564
sample 59 seed=L=1094330774,R=1242064815: RESULT: read_snm_v = 0.240591
sample 60 seed=L=1736624888,R=1982711566: RESULT: read_snm_v = 0.198653
sample 61 seed=L=252664204,R=891886834: RESULT: read_snm_v = 0.150022
sample 62 seed=L=1697696354,R=58468090: RESULT: read_snm_v = 0.209218
sample 63 seed=L=1522777517,R=1765940059: RESULT: read_snm_v = 0.217369
sample 64 seed=L=255410093,R=581175336: RESULT: read_snm_v = 0.231947
sample 65 seed=L=1170749823,R=805530896: RESULT: read_snm_v = 0.277778
sample 66 seed=L=86322300,R=518112352: RESULT: read_snm_v = 0.206983
sample 67 seed=L=133419690,R=807643161: RESULT: read_snm_v = 0.197462
sample 68 seed=L=31891762,R=1025282041: RESULT: read_snm_v = 0.206796
sample 69 seed=L=1706393503,R=758685472: RESULT: read_snm_v = 0.172047
sample 70 seed=L=1579903364,R=1722303178: RESULT: read_snm_v = 0.214508
sample 71 seed=L=811533028,R=292819621: RESULT: read_snm_v = 0.263048
sample 72 seed=L=160698470,R=626052582: RESULT: read_snm_v = 0.230923
sample 73 seed=L=1215511114,R=1766439885: RESULT: read_snm_v = 0.165895
sample 74 seed=L=280164022,R=929583221: RESULT: read_snm_v = 0.235076
sample 75 seed=L=1204660426,R=489304836: RESULT: read_snm_v = 0.208562
sample 76 seed=L=600809710,R=1500744161: RESULT: read_snm_v = 0.197359
sample 77 seed=L=187828923,R=450663177: RESULT: read_snm_v = 0.201989
sample 78 seed=L=861629895,R=1711391288: RESULT: read_snm_v = 0.214002
sample 79 seed=L=1292305006,R=1496275456: RESULT: read_snm_v = 0.256259
sample 80 seed=L=1335037765,R=1324379680: RESULT: read_snm_v = 0.222391
sample 81 seed=L=1256047222,R=761134355: RESULT: read_snm_v = 0.231753
sample 82 seed=L=211472122,R=259403517: RESULT: read_snm_v = 0.228924
sample 83 seed=L=1187711780,R=146263713: RESULT: read_snm_v = 0.131392
sample 84 seed=L=1381348892,R=152792127: RESULT: read_snm_v = 0.232416
sample 85 seed=L=644476155,R=884646962: RESULT: read_snm_v = 0.214934
sample 86 seed=L=1074529664,R=423295051: RESULT: read_snm_v = 0.173287
sample 87 seed=L=688109470,R=1847870347: RESULT: read_snm_v = 0.245507
sample 88 seed=L=1306387061,R=1606240716: RESULT: read_snm_v = 0.184853
sample 89 seed=L=874324688,R=774160725: RESULT: read_snm_v = 0.249593
sample 90 seed=L=362164481,R=1044986953: RESULT: read_snm_v = 0.189653
sample 91 seed=L=1413591196,R=1768739146: RESULT: read_snm_v = 0.25088
sample 92 seed=L=920589279,R=1859469594: RESULT: read_snm_v = 0.236099
sample 93 seed=L=597052478,R=1351054240: RESULT: read_snm_v = 0.250882
sample 94 seed=L=788730508,R=761109393: RESULT: read_snm_v = 0.212869
sample 95 seed=L=968441532,R=1031978444: RESULT: read_snm_v = 0.249728
sample 96 seed=L=123308598,R=373431607: RESULT: read_snm_v = 0.222419
sample 97 seed=L=751941406,R=1405129522: RESULT: read_snm_v = 0.193125
sample 98 seed=L=1810738657,R=290089242: RESULT: read_snm_v = 0.229073
sample 99 seed=L=770181365,R=457666964: RESULT: read_snm_v = 0.208234
sample 100 seed=L=1775226099,R=214433857: RESULT: read_snm_v = 0.197694
sample 101 seed=L=1357781253,R=1717470630: RESULT: read_snm_v = 0.213409
sample 102 seed=L=885588743,R=1497008514: RESULT: read_snm_v = 0.282391
sample 103 seed=L=1166748300,R=698946153: RESULT: read_snm_v = 0.198312
sample 104 seed=L=472427915,R=1765524974: RESULT: read_snm_v = 0.221013
sample 105 seed=L=900708017,R=809126085: RESULT: read_snm_v = 0.199838
sample 106 seed=L=79380014,R=634275523: RESULT: read_snm_v = 0.199672
sample 107 seed=L=846029419,R=283332795: RESULT: read_snm_v = 0.233744
sample 108 seed=L=969328232,R=233349002: RESULT: read_snm_v = 0.169612
sample 109 seed=L=272940207,R=1411893004: RESULT: read_snm_v = 0.216341
sample 110 seed=L=1446824642,R=165608202: RESULT: read_snm_v = 0.243346
sample 111 seed=L=150259276,R=28794688: RESULT: read_snm_v = 0.235835
sample 112 seed=L=918318641,R=237220409: RESULT: read_snm_v = 0.19504
sample 113 seed=L=1373632691,R=1355893787: RESULT: read_snm_v = 0.266206
sample 114 seed=L=781574099,R=1207560160: RESULT: read_snm_v = 0.227222
sample 115 seed=L=143296305,R=523292987: RESULT: read_snm_v = 0.252938
sample 116 seed=L=1791555100,R=1002881434: RESULT: read_snm_v = 0.205858
sample 117 seed=L=945307950,R=1347505399: RESULT: read_snm_v = 0.208563
sample 118 seed=L=1656519541,R=1577612214: RESULT: read_snm_v = 0.222597
sample 119 seed=L=179337514,R=476777464: RESULT: read_snm_v = 0.24913
sample 120 seed=L=803678084,R=252060698: RESULT: read_snm_v = 0.212728
sample 121 seed=L=1995368184,R=1804221538: RESULT: read_snm_v = 0.237652
sample 122 seed=L=132928920,R=1518265725: RESULT: read_snm_v = 0.201201
sample 123 seed=L=743217727,R=1322743358: RESULT: read_snm_v = 0.224645
sample 124 seed=L=1124210500,R=1112974269: RESULT: read_snm_v = 0.22684
sample 125 seed=L=766456628,R=1735440339: RESULT: read_snm_v = 0.222894
sample 126 seed=L=1493567430,R=505452833: RESULT: read_snm_v = 0.171793
sample 127 seed=L=113753199,R=372632938: RESULT: read_snm_v = 0.194914
sample 128 seed=L=1394815145,R=541233326: RESULT: read_snm_v = 0.235188
sample 129 seed=L=1272558826,R=1877574890: RESULT: read_snm_v = 0.203656
sample 130 seed=L=244100569,R=1513840730: RESULT: read_snm_v = 0.219559
sample 131 seed=L=1071427518,R=769168445: RESULT: read_snm_v = 0.19606
sample 132 seed=L=1554385790,R=201771201: RESULT: read_snm_v = 0.250491
sample 133 seed=L=437184396,R=960178733: RESULT: read_snm_v = 0.169421
sample 134 seed=L=756655438,R=1959506581: RESULT: read_snm_v = 0.232327
sample 135 seed=L=261239089,R=341824705: RESULT: read_snm_v = 0.209259
sample 136 seed=L=1076067075,R=589875740: RESULT: read_snm_v = 0.235282
sample 137 seed=L=20210415,R=1081126142: RESULT: read_snm_v = 0.216948
sample 138 seed=L=503801836,R=311695178: RESULT: read_snm_v = 0.224914
sample 139 seed=L=1432095728,R=357143614: RESULT: read_snm_v = 0.251185
sample 140 seed=L=1450919545,R=232446836: RESULT: read_snm_v = 0.189413
sample 141 seed=L=1813426643,R=321457259: RESULT: read_snm_v = 0.228257
sample 142 seed=L=370109510,R=394673812: RESULT: read_snm_v = 0.245404
sample 143 seed=L=1557501648,R=937815636: RESULT: read_snm_v = 0.236956
sample 144 seed=L=801432749,R=854943302: RESULT: read_snm_v = 0.229547
sample 145 seed=L=312960686,R=285457945: RESULT: read_snm_v = 0.196969
sample 146 seed=L=291918334,R=646170621: RESULT: read_snm_v = 0.162327
sample 147 seed=L=296569083,R=1954307921: RESULT: read_snm_v = 0.266339
sample 148 seed=L=771447009,R=1121148019: RESULT: read_snm_v = 0.205929
sample 149 seed=L=1198484490,R=1761759839: RESULT: read_snm_v = 0.177952
sample 150 seed=L=669767140,R=1432864337: RESULT: read_snm_v = 0.256186
sample 151 seed=L=1509323442,R=1385104828: RESULT: read_snm_v = 0.222486
sample 152 seed=L=1251401608,R=1937004909: RESULT: read_snm_v = 0.232203
sample 153 seed=L=1157283604,R=611996687: RESULT: read_snm_v = 0.183569
sample 154 seed=L=992815633,R=1409401792: RESULT: read_snm_v = 0.162828
sample 155 seed=L=1481241610,R=1531060400: RESULT: read_snm_v = 0.174484
sample 156 seed=L=215523248,R=600311422: RESULT: read_snm_v = 0.190231
sample 157 seed=L=781888654,R=1275001540: RESULT: read_snm_v = 0.233097
sample 158 seed=L=259417474,R=100336334: RESULT: read_snm_v = 0.180728
sample 159 seed=L=1030878030,R=184412918: RESULT: read_snm_v = 0.204311
sample 160 seed=L=171231068,R=51310462: RESULT: read_snm_v = 0.247493
sample 161 seed=L=142826649,R=874382955: RESULT: read_snm_v = 0.271086
sample 162 seed=L=1832367279,R=1134347018: RESULT: read_snm_v = 0.202467
sample 163 seed=L=1268718374,R=1656592758: RESULT: read_snm_v = 0.205627
sample 164 seed=L=529684408,R=975560406: RESULT: read_snm_v = 0.222404
sample 165 seed=L=88288623,R=1146344500: RESULT: read_snm_v = 0.183445
sample 166 seed=L=661387284,R=1757108896: RESULT: read_snm_v = 0.21043
sample 167 seed=L=217535398,R=1921559272: RESULT: read_snm_v = 0.21514
sample 168 seed=L=529972584,R=1555920512: RESULT: read_snm_v = 0.190173
sample 169 seed=L=1379644669,R=680065111: RESULT: read_snm_v = 0.210895
sample 170 seed=L=594945776,R=24339567: RESULT: read_snm_v = 0.216528
sample 171 seed=L=813313591,R=1667037317: RESULT: read_snm_v = 0.198676
sample 172 seed=L=1207686824,R=1452641038: RESULT: read_snm_v = 0.218886
sample 173 seed=L=1314822927,R=409377210: RESULT: read_snm_v = 0.197534
sample 174 seed=L=990246498,R=1860594743: RESULT: read_snm_v = 0.193816
sample 175 seed=L=493127919,R=149214469: RESULT: read_snm_v = 0.178536
sample 176 seed=L=189212757,R=1041125287: RESULT: read_snm_v = 0.258082
sample 177 seed=L=20191015,R=1580461545: RESULT: read_snm_v = 0.165723
sample 178 seed=L=1369536996,R=574424387: RESULT: read_snm_v = 0.270037
sample 179 seed=L=74827966,R=429504460: RESULT: read_snm_v = 0.207571
sample 180 seed=L=1613883293,R=1342635243: RESULT: read_snm_v = 0.183348
sample 181 seed=L=524185520,R=1976440522: RESULT: read_snm_v = 0.21914
sample 182 seed=L=1204930782,R=257484991: RESULT: read_snm_v = 0.220928
sample 183 seed=L=1842511906,R=1012926479: RESULT: read_snm_v = 0.198965
sample 184 seed=L=925409367,R=1071272392: RESULT: read_snm_v = 0.225644
sample 185 seed=L=362686477,R=558279347: RESULT: read_snm_v = 0.224794
sample 186 seed=L=903790944,R=539722539: RESULT: read_snm_v = 0.21887
sample 187 seed=L=1710831244,R=672440964: RESULT: read_snm_v = 0.234417
sample 188 seed=L=661476250,R=400025706: RESULT: read_snm_v = 0.222332
sample 189 seed=L=1302187279,R=536244158: RESULT: read_snm_v = 0.205086
sample 190 seed=L=1285416956,R=1105727850: RESULT: read_snm_v = 0.232748
sample 191 seed=L=1984003527,R=1956437661: RESULT: read_snm_v = 0.230053
sample 192 seed=L=604529542,R=718645503: RESULT: read_snm_v = 0.200658
sample 193 seed=L=1799313582,R=960203119: RESULT: read_snm_v = 0.203572
sample 194 seed=L=211974633,R=193156658: RESULT: read_snm_v = 0.180473
sample 195 seed=L=1471588495,R=531152157: RESULT: read_snm_v = 0.229835
sample 196 seed=L=128826566,R=221571787: RESULT: read_snm_v = 0.174024
sample 197 seed=L=1891367934,R=1734731546: RESULT: read_snm_v = 0.16247
sample 198 seed=L=100084314,R=1710434342: RESULT: read_snm_v = 0.236843
sample 199 seed=L=1479840921,R=701442509: RESULT: read_snm_v = 0.192202

=== corner ff_125c_2.97v -- determinism control (sw_stat_mismatch=0) ===
sample 0 seed=L=652378453,R=1767715304: RESULT: read_snm_v = 0.214599
sample 1 seed=L=601527983,R=272636663: RESULT: read_snm_v = 0.214599
sample 2 seed=L=745310077,R=423434617: RESULT: read_snm_v = 0.214599
sample 3 seed=L=1553070278,R=1039832177: RESULT: read_snm_v = 0.214599

=== corner ff_125c_2.97v -- negative control (known-bad variant: sw_stat_mismatch=20, i.e. per-instance Vt/current-factor mismatch drawn at 20x the PDK's own sigma (docs/cli/yield.md's 'a mismatch seed pushed past spec')) ===
sample 0 seed=L=293410490,R=515232467: RESULT: read_snm_v = 0.122526
sample 1 seed=L=1194619755,R=1274637542: RESULT: read_snm_v = 0.192724
sample 2 seed=L=1151185975,R=1166575318: RESULT: read_snm_v = 0.486504
sample 3 seed=L=1187023944,R=2420080: RESULT: read_snm_v = -0.06
sample 4 seed=L=1094813224,R=1931705059: RESULT: read_snm_v = -0.033756
sample 5 seed=L=109251170,R=1350103334: RESULT: read_snm_v = -0.061068
sample 6 seed=L=59846701,R=1976709389: RESULT: read_snm_v = -0.059487
sample 7 seed=L=83179556,R=60621411: RESULT: read_snm_v = -0.010812
sample 8 seed=L=1233923120,R=1238945180: RESULT: read_snm_v = -0.06197
sample 9 seed=L=800824529,R=131149162: RESULT: read_snm_v = -0.059145
sample 10 seed=L=24060084,R=189766579: RESULT: read_snm_v = 0.012834
sample 11 seed=L=1864721845,R=1757594236: RESULT: read_snm_v = 0.294937
sample 12 seed=L=155301688,R=1585256187: RESULT: read_snm_v = 0.143985
sample 13 seed=L=1323528853,R=1695963011: RESULT: read_snm_v = 0.679835
sample 14 seed=L=20672519,R=1277291707: RESULT: read_snm_v = 0.001486
sample 15 seed=L=594826843,R=449149485: RESULT: read_snm_v = 0.446991
sample 16 seed=L=857251720,R=662531114: RESULT: read_snm_v = 0.140246
sample 17 seed=L=868431486,R=1289847835: RESULT: read_snm_v = -0.060121
sample 18 seed=L=345550942,R=468349837: RESULT: read_snm_v = -0.020894
sample 19 seed=L=1349752637,R=1759740236: RESULT: read_snm_v = 0.390223
sample 20 seed=L=247322915,R=1575807749: RESULT: read_snm_v = -0.05598
sample 21 seed=L=146727282,R=103399286: RESULT: read_snm_v = 0.435979
sample 22 seed=L=272066327,R=299004587: RESULT: read_snm_v = 0.214782
sample 23 seed=L=1741767204,R=1335894378: OPEN -- L: expected data file read_snm_sweep.txt not produced (ngspice exit 1)
sample 24 seed=L=17414133,R=162006801: RESULT: read_snm_v = -0.059447
sample 25 seed=L=1616458180,R=299616083: RESULT: read_snm_v = -0.051832
sample 26 seed=L=85319681,R=778790103: RESULT: read_snm_v = -0.061101
sample 27 seed=L=462131203,R=827934558: RESULT: read_snm_v = -0.057892
sample 28 seed=L=100038671,R=1791793184: RESULT: read_snm_v = 0.148617
sample 29 seed=L=1690657167,R=554882840: RESULT: read_snm_v = 0.35843
sample 30 seed=L=1423681676,R=1078016767: RESULT: read_snm_v = -0.06
sample 31 seed=L=1538592654,R=177466574: RESULT: read_snm_v = 0.475802
sample 32 seed=L=1602200084,R=33607332: OPEN -- L: expected data file read_snm_sweep.txt not produced (ngspice exit 1)
sample 33 seed=L=994229090,R=1313926395: RESULT: read_snm_v = 0.729623
sample 34 seed=L=1320857618,R=594183189: RESULT: read_snm_v = 0.231846
sample 35 seed=L=1667912235,R=111818765: RESULT: read_snm_v = 0.042103
sample 36 seed=L=177209569,R=757391344: RESULT: read_snm_v = -0.060002
sample 37 seed=L=1178248002,R=857038733: RESULT: read_snm_v = -0.060367
sample 38 seed=L=693679114,R=7131103: RESULT: read_snm_v = -0.061614
sample 39 seed=L=7962098,R=428739143: RESULT: read_snm_v = -0.061613
sample 40 seed=L=273015434,R=80573551: RESULT: read_snm_v = 0.225133
sample 41 seed=L=876018587,R=1331437798: RESULT: read_snm_v = -0.049624
sample 42 seed=L=1400752396,R=511589868: RESULT: read_snm_v = 0.081686
sample 43 seed=L=911565709,R=1578512822: RESULT: read_snm_v = -0.059432
sample 44 seed=L=573415825,R=1087750337: RESULT: read_snm_v = -0.062698
sample 45 seed=L=1810249521,R=825280045: RESULT: read_snm_v = -0.060931
sample 46 seed=L=1363934817,R=435816573: RESULT: read_snm_v = -0.040905
sample 47 seed=L=1552901355,R=490422078: RESULT: read_snm_v = 0.218139
sample 48 seed=L=212654586,R=176979380: RESULT: read_snm_v = 0.029153
sample 49 seed=L=732339397,R=324543596: RESULT: read_snm_v = -0.005801
sample 50 seed=L=1513706092,R=387144795: RESULT: read_snm_v = -0.047836
sample 51 seed=L=1394560936,R=342743532: RESULT: read_snm_v = 0.365794
sample 52 seed=L=244464240,R=698693572: RESULT: read_snm_v = -0.059405
sample 53 seed=L=1801015388,R=997006378: RESULT: read_snm_v = 0.504575
sample 54 seed=L=1515412525,R=1004384882: RESULT: read_snm_v = -0.058307
sample 55 seed=L=26457126,R=652582711: RESULT: read_snm_v = -0.051628
sample 56 seed=L=986219133,R=350294031: RESULT: read_snm_v = -0.060873
sample 57 seed=L=409020195,R=1709300651: RESULT: read_snm_v = -0.035756
sample 58 seed=L=163266738,R=1842861088: RESULT: read_snm_v = -0.062319
sample 59 seed=L=1348583867,R=717309226: RESULT: read_snm_v = -0.053777
sample 60 seed=L=1705167229,R=500494296: RESULT: read_snm_v = 0.145263
sample 61 seed=L=1957504341,R=454551220: RESULT: read_snm_v = -0.059999
sample 62 seed=L=293195348,R=1841444853: RESULT: read_snm_v = -0.055684
sample 63 seed=L=1298044210,R=1241599140: RESULT: read_snm_v = -0.062302
sample 64 seed=L=1245187096,R=31270304: RESULT: read_snm_v = -0.06011
sample 65 seed=L=1322878545,R=52808696: RESULT: read_snm_v = -0.052521
sample 66 seed=L=251560011,R=581815496: RESULT: read_snm_v = -0.043252
sample 67 seed=L=226137302,R=1548514444: RESULT: read_snm_v = -0.060305
sample 68 seed=L=222214068,R=1881584671: RESULT: read_snm_v = 0.156434
sample 69 seed=L=442323751,R=1383421754: RESULT: read_snm_v = 0.513708
sample 70 seed=L=84701932,R=153919417: RESULT: read_snm_v = -0.052746
sample 71 seed=L=137407487,R=1603168938: RESULT: read_snm_v = -0.062203
sample 72 seed=L=1988560660,R=53376372: RESULT: read_snm_v = 0.370017
sample 73 seed=L=638545637,R=407355370: RESULT: read_snm_v = -0.062474
sample 74 seed=L=1681122262,R=1228741741: RESULT: read_snm_v = -0.061989
sample 75 seed=L=794067640,R=1330816839: RESULT: read_snm_v = 0.12949
sample 76 seed=L=1541835562,R=1470262021: RESULT: read_snm_v = -0.06057
sample 77 seed=L=1479631474,R=1626787498: RESULT: read_snm_v = -0.061057
sample 78 seed=L=1606040335,R=1004454738: RESULT: read_snm_v = -0.062497
sample 79 seed=L=1722235502,R=257396721: RESULT: read_snm_v = -0.064271
sample 80 seed=L=1774569138,R=1402789328: RESULT: read_snm_v = 0.281698
sample 81 seed=L=739998406,R=1372299636: RESULT: read_snm_v = 0.194461
sample 82 seed=L=1283249622,R=1045154667: RESULT: read_snm_v = -0.056022
sample 83 seed=L=701104462,R=100710182: OPEN -- L: expected data file read_snm_sweep.txt not produced (ngspice exit 1)
sample 84 seed=L=1086371160,R=1434672499: RESULT: read_snm_v = -0.061585
sample 85 seed=L=1085659375,R=211974285: RESULT: read_snm_v = 0.108293
sample 86 seed=L=762398532,R=1460855586: RESULT: read_snm_v = 0.002312
sample 87 seed=L=1845751875,R=1761970079: RESULT: read_snm_v = -0.047899
sample 88 seed=L=478912420,R=853962247: RESULT: read_snm_v = -0.059989
sample 89 seed=L=503995309,R=118572409: RESULT: read_snm_v = -0.058564
sample 90 seed=L=1562412624,R=62946583: RESULT: read_snm_v = -0.052305
sample 91 seed=L=709303026,R=116013560: RESULT: read_snm_v = -0.060172
sample 92 seed=L=1349711235,R=1394209745: RESULT: read_snm_v = -0.062461
sample 93 seed=L=1418094169,R=1169241456: RESULT: read_snm_v = -0.06
sample 94 seed=L=887473302,R=12974551: RESULT: read_snm_v = -0.00934
sample 95 seed=L=1260680288,R=1007814343: RESULT: read_snm_v = -0.052579
sample 96 seed=L=1452629843,R=1505026040: RESULT: read_snm_v = 0.538983
sample 97 seed=L=1469303640,R=297524736: RESULT: read_snm_v = -0.057764
sample 98 seed=L=468796850,R=1450439909: RESULT: read_snm_v = -0.044295
sample 99 seed=L=40400125,R=795222375: RESULT: read_snm_v = -0.060073
