=== corner ff_25c_3.30v -- mismatch samples (sw_stat_mismatch=1) ===
sample 0 seed=L=1212933117,R=1518640581: RESULT: read_snm_v = 0.240408
sample 1 seed=L=926522466,R=698180521: RESULT: read_snm_v = 0.298222
sample 2 seed=L=477075147,R=170757600: RESULT: read_snm_v = 0.273358
sample 3 seed=L=1108163504,R=1686173362: RESULT: read_snm_v = 0.319027
sample 4 seed=L=894681381,R=1051439529: RESULT: read_snm_v = 0.271595
sample 5 seed=L=1188610298,R=1565122998: RESULT: read_snm_v = 0.260237
sample 6 seed=L=1844374909,R=1918990446: RESULT: read_snm_v = 0.310459
sample 7 seed=L=1663381447,R=1429852609: RESULT: read_snm_v = 0.283682
sample 8 seed=L=1028249423,R=677787651: RESULT: read_snm_v = 0.290356
sample 9 seed=L=88209228,R=889087053: RESULT: read_snm_v = 0.25883
sample 10 seed=L=1526753424,R=1769458933: RESULT: read_snm_v = 0.275737
sample 11 seed=L=1501343255,R=1065030124: RESULT: read_snm_v = 0.265264
sample 12 seed=L=707345557,R=1676240430: RESULT: read_snm_v = 0.273807
sample 13 seed=L=197837508,R=281635899: RESULT: read_snm_v = 0.295329
sample 14 seed=L=1218702724,R=181957704: RESULT: read_snm_v = 0.246934
sample 15 seed=L=96854626,R=1615452070: RESULT: read_snm_v = 0.262744
sample 16 seed=L=756835085,R=1881192025: RESULT: read_snm_v = 0.288493
sample 17 seed=L=114493666,R=1163045588: RESULT: read_snm_v = 0.305225
sample 18 seed=L=1788250780,R=117213856: RESULT: read_snm_v = 0.25479
sample 19 seed=L=1143088287,R=772401690: RESULT: read_snm_v = 0.318161
sample 20 seed=L=1096254863,R=1899616233: RESULT: read_snm_v = 0.328687
sample 21 seed=L=64933916,R=404888563: RESULT: read_snm_v = 0.255162
sample 22 seed=L=870672105,R=598826324: RESULT: read_snm_v = 0.277029
sample 23 seed=L=520238032,R=687966467: RESULT: read_snm_v = 0.30232
sample 24 seed=L=1013423673,R=40152823: RESULT: read_snm_v = 0.277467
sample 25 seed=L=1929601925,R=98186715: RESULT: read_snm_v = 0.316247
sample 26 seed=L=54236404,R=377081999: RESULT: read_snm_v = 0.268571
sample 27 seed=L=1339039820,R=1347207563: RESULT: read_snm_v = 0.29015
sample 28 seed=L=1618549534,R=314729503: RESULT: read_snm_v = 0.236953
sample 29 seed=L=166975566,R=942205137: RESULT: read_snm_v = 0.290947
sample 30 seed=L=1648903551,R=719988829: RESULT: read_snm_v = 0.314128
sample 31 seed=L=1206074111,R=563161242: RESULT: read_snm_v = 0.286472
sample 32 seed=L=1056743398,R=919330298: RESULT: read_snm_v = 0.260188
sample 33 seed=L=122911845,R=901953385: RESULT: read_snm_v = 0.276525
sample 34 seed=L=863797947,R=1744621828: RESULT: read_snm_v = 0.232712
sample 35 seed=L=1209451643,R=927216305: RESULT: read_snm_v = 0.319435
sample 36 seed=L=62867114,R=1394732172: RESULT: read_snm_v = 0.330613
sample 37 seed=L=204345804,R=1587194847: RESULT: read_snm_v = 0.2853
sample 38 seed=L=1718430491,R=1913388317: RESULT: read_snm_v = 0.282564
sample 39 seed=L=435019680,R=152614683: RESULT: read_snm_v = 0.262928
sample 40 seed=L=535703643,R=11776139: RESULT: read_snm_v = 0.309742
sample 41 seed=L=261272408,R=735209972: RESULT: read_snm_v = 0.292349
sample 42 seed=L=573399775,R=619108873: RESULT: read_snm_v = 0.24806
sample 43 seed=L=1934178585,R=1229261637: RESULT: read_snm_v = 0.276481
sample 44 seed=L=879669781,R=381253970: RESULT: read_snm_v = 0.320909
sample 45 seed=L=888519388,R=939671015: RESULT: read_snm_v = 0.295634
sample 46 seed=L=1152802943,R=1188928588: RESULT: read_snm_v = 0.281538
sample 47 seed=L=1715976518,R=14857388: RESULT: read_snm_v = 0.271199
sample 48 seed=L=1143612528,R=1192846314: RESULT: read_snm_v = 0.229138
sample 49 seed=L=1938793682,R=1166025660: RESULT: read_snm_v = 0.28811
sample 50 seed=L=71493365,R=648158330: RESULT: read_snm_v = 0.279665
sample 51 seed=L=1488115404,R=590351324: RESULT: read_snm_v = 0.290864
sample 52 seed=L=1643670613,R=1590392689: RESULT: read_snm_v = 0.31583
sample 53 seed=L=1461218715,R=116252098: RESULT: read_snm_v = 0.30886
sample 54 seed=L=1251727673,R=713420809: RESULT: read_snm_v = 0.267955
sample 55 seed=L=1951783248,R=590900912: RESULT: read_snm_v = 0.321364
sample 56 seed=L=404624831,R=1157152064: RESULT: read_snm_v = 0.314248
sample 57 seed=L=983668766,R=633688122: RESULT: read_snm_v = 0.310678
sample 58 seed=L=1407432767,R=236577036: RESULT: read_snm_v = 0.346036
sample 59 seed=L=488090042,R=1336675273: RESULT: read_snm_v = 0.276494
sample 60 seed=L=734380283,R=1955002052: RESULT: read_snm_v = 0.302861
sample 61 seed=L=458877042,R=469691634: RESULT: read_snm_v = 0.261669
sample 62 seed=L=197612140,R=41579346: RESULT: read_snm_v = 0.332543
sample 63 seed=L=572518442,R=1255007245: RESULT: read_snm_v = 0.270384
sample 64 seed=L=1421042622,R=748862799: RESULT: read_snm_v = 0.227798
sample 65 seed=L=291268021,R=354486609: RESULT: read_snm_v = 0.293095
sample 66 seed=L=687953803,R=1493192927: RESULT: read_snm_v = 0.31311
sample 67 seed=L=517562757,R=1073832480: RESULT: read_snm_v = 0.236797
sample 68 seed=L=1045698067,R=340917436: RESULT: read_snm_v = 0.297681
sample 69 seed=L=404336964,R=60089984: RESULT: read_snm_v = 0.294142
sample 70 seed=L=978411641,R=100434896: RESULT: read_snm_v = 0.290138
sample 71 seed=L=1521039427,R=212488765: RESULT: read_snm_v = 0.346406
sample 72 seed=L=467547522,R=544972432: RESULT: read_snm_v = 0.299404
sample 73 seed=L=556486400,R=35681798: RESULT: read_snm_v = 0.266994
sample 74 seed=L=176260679,R=1794481505: RESULT: read_snm_v = 0.287694
sample 75 seed=L=1731382806,R=654640646: RESULT: read_snm_v = 0.286801
sample 76 seed=L=1240508297,R=84367872: RESULT: read_snm_v = 0.33245
sample 77 seed=L=1394837883,R=851448901: RESULT: read_snm_v = 0.318989
sample 78 seed=L=506332795,R=64910361: RESULT: read_snm_v = 0.316233
sample 79 seed=L=409645191,R=205342520: RESULT: read_snm_v = 0.292883
sample 80 seed=L=720251151,R=821695091: RESULT: read_snm_v = 0.297425
sample 81 seed=L=1748028669,R=633150740: RESULT: read_snm_v = 0.271015
sample 82 seed=L=990499219,R=1617278190: RESULT: read_snm_v = 0.337106
sample 83 seed=L=70552632,R=295794165: RESULT: read_snm_v = 0.318059
sample 84 seed=L=671807920,R=631882523: RESULT: read_snm_v = 0.302163
sample 85 seed=L=208691782,R=896756771: RESULT: read_snm_v = 0.276742
sample 86 seed=L=1967267878,R=501681637: RESULT: read_snm_v = 0.288011
sample 87 seed=L=618868707,R=1020384994: RESULT: read_snm_v = 0.302507
sample 88 seed=L=1080424669,R=445972779: RESULT: read_snm_v = 0.281071
sample 89 seed=L=1587989476,R=520346287: RESULT: read_snm_v = 0.271314
sample 90 seed=L=869547369,R=621384918: RESULT: read_snm_v = 0.335245
sample 91 seed=L=265824071,R=1866877769: RESULT: read_snm_v = 0.301641
sample 92 seed=L=1826265329,R=882694859: RESULT: read_snm_v = 0.289316
sample 93 seed=L=540980398,R=1058416229: RESULT: read_snm_v = 0.273879
sample 94 seed=L=499794992,R=1086803411: RESULT: read_snm_v = 0.311584
sample 95 seed=L=1032298359,R=1825907854: RESULT: read_snm_v = 0.292701
sample 96 seed=L=1790613702,R=93817896: RESULT: read_snm_v = 0.291766
sample 97 seed=L=1624638221,R=361546110: RESULT: read_snm_v = 0.311378
sample 98 seed=L=403745928,R=128272815: RESULT: read_snm_v = 0.289902
sample 99 seed=L=1506041913,R=333752762: RESULT: read_snm_v = 0.269859
sample 100 seed=L=170735578,R=1117911021: RESULT: read_snm_v = 0.34372
sample 101 seed=L=1444033796,R=274575387: RESULT: read_snm_v = 0.303922
sample 102 seed=L=1815408301,R=1783017493: RESULT: read_snm_v = 0.260216
sample 103 seed=L=1617532236,R=1497337953: RESULT: read_snm_v = 0.246006
sample 104 seed=L=1169201558,R=979461441: RESULT: read_snm_v = 0.332741
sample 105 seed=L=208583574,R=1209685579: RESULT: read_snm_v = 0.304388
sample 106 seed=L=1315093384,R=911862939: RESULT: read_snm_v = 0.314301
sample 107 seed=L=1337417582,R=345685269: RESULT: read_snm_v = 0.295718
sample 108 seed=L=1441621751,R=106906432: RESULT: read_snm_v = 0.337345
sample 109 seed=L=1079632634,R=1241728877: RESULT: read_snm_v = 0.32335
sample 110 seed=L=191245058,R=1869504733: RESULT: read_snm_v = 0.307091
sample 111 seed=L=1960762694,R=871059074: RESULT: read_snm_v = 0.294334
sample 112 seed=L=764717336,R=1965351562: RESULT: read_snm_v = 0.351279
sample 113 seed=L=1095452417,R=1142852910: RESULT: read_snm_v = 0.292878
sample 114 seed=L=90080963,R=833242063: RESULT: read_snm_v = 0.285395
sample 115 seed=L=316069672,R=50493320: RESULT: read_snm_v = 0.284154
sample 116 seed=L=221998978,R=370721281: RESULT: read_snm_v = 0.315746
sample 117 seed=L=1064858911,R=1892207515: RESULT: read_snm_v = 0.317579
sample 118 seed=L=1455971344,R=633994384: RESULT: read_snm_v = 0.347557
sample 119 seed=L=1967274488,R=249795659: RESULT: read_snm_v = 0.252926
sample 120 seed=L=525730266,R=1709520535: RESULT: read_snm_v = 0.277955
sample 121 seed=L=1995643701,R=1032856907: RESULT: read_snm_v = 0.328631
sample 122 seed=L=901303841,R=942091677: RESULT: read_snm_v = 0.328538
sample 123 seed=L=101365340,R=886558559: RESULT: read_snm_v = 0.278069
sample 124 seed=L=141307659,R=321698716: RESULT: read_snm_v = 0.305984
sample 125 seed=L=867379323,R=75867311: RESULT: read_snm_v = 0.300898
sample 126 seed=L=1421928049,R=1981954254: RESULT: read_snm_v = 0.260804
sample 127 seed=L=56604361,R=742052725: RESULT: read_snm_v = 0.282572
sample 128 seed=L=1426261007,R=1406224143: RESULT: read_snm_v = 0.292166
sample 129 seed=L=1111197773,R=272139551: RESULT: read_snm_v = 0.322609
sample 130 seed=L=1032816555,R=12026033: RESULT: read_snm_v = 0.257781
sample 131 seed=L=907601074,R=173326839: RESULT: read_snm_v = 0.264778
sample 132 seed=L=712145694,R=1241017236: RESULT: read_snm_v = 0.267356
sample 133 seed=L=1490202857,R=1388483373: RESULT: read_snm_v = 0.32179
sample 134 seed=L=1551446047,R=1363874489: RESULT: read_snm_v = 0.249806
sample 135 seed=L=609124689,R=1082560109: RESULT: read_snm_v = 0.28748
sample 136 seed=L=860608983,R=1890659638: RESULT: read_snm_v = 0.326681
sample 137 seed=L=532394275,R=589540685: RESULT: read_snm_v = 0.316819
sample 138 seed=L=1904844351,R=600796509: RESULT: read_snm_v = 0.272065
sample 139 seed=L=809815195,R=1847378774: RESULT: read_snm_v = 0.317783
sample 140 seed=L=1104755150,R=1025696848: RESULT: read_snm_v = 0.282201
sample 141 seed=L=1100641785,R=487295085: RESULT: read_snm_v = 0.301139
sample 142 seed=L=1800730283,R=1858065123: RESULT: read_snm_v = 0.308548
sample 143 seed=L=49081539,R=874926113: RESULT: read_snm_v = 0.287917
sample 144 seed=L=1967546470,R=292974117: RESULT: read_snm_v = 0.27069
sample 145 seed=L=205368170,R=176166937: RESULT: read_snm_v = 0.29494
sample 146 seed=L=1377348988,R=801613105: RESULT: read_snm_v = 0.306357
sample 147 seed=L=101889211,R=503668105: RESULT: read_snm_v = 0.29974
sample 148 seed=L=1131823116,R=699082951: RESULT: read_snm_v = 0.324461
sample 149 seed=L=1054018294,R=446451769: RESULT: read_snm_v = 0.264994
sample 150 seed=L=1248272224,R=570594552: RESULT: read_snm_v = 0.285327
sample 151 seed=L=1955707201,R=1262821653: RESULT: read_snm_v = 0.288806
sample 152 seed=L=81144336,R=1967940251: RESULT: read_snm_v = 0.295393
sample 153 seed=L=838062253,R=649632824: RESULT: read_snm_v = 0.274528
sample 154 seed=L=149992407,R=992727930: RESULT: read_snm_v = 0.344044
sample 155 seed=L=1259191971,R=463857995: RESULT: read_snm_v = 0.228737
sample 156 seed=L=128852947,R=425915173: RESULT: read_snm_v = 0.327624
sample 157 seed=L=930322089,R=1883038699: RESULT: read_snm_v = 0.2704
sample 158 seed=L=26050920,R=1751018766: RESULT: read_snm_v = 0.296644
sample 159 seed=L=67619939,R=160976434: RESULT: read_snm_v = 0.293647
sample 160 seed=L=964318688,R=1390030971: RESULT: read_snm_v = 0.263101
sample 161 seed=L=840348456,R=822776360: RESULT: read_snm_v = 0.282056
sample 162 seed=L=973224462,R=213043965: RESULT: read_snm_v = 0.278811
sample 163 seed=L=1579338097,R=1231331026: RESULT: read_snm_v = 0.269849
sample 164 seed=L=291915777,R=1209928306: RESULT: read_snm_v = 0.274109
sample 165 seed=L=347340575,R=1400236391: RESULT: read_snm_v = 0.277309
sample 166 seed=L=1511452055,R=513185278: RESULT: read_snm_v = 0.317418
sample 167 seed=L=1122303110,R=472311233: RESULT: read_snm_v = 0.338255
sample 168 seed=L=117574848,R=1054097624: RESULT: read_snm_v = 0.317836
sample 169 seed=L=1241699117,R=25840389: RESULT: read_snm_v = 0.282342
sample 170 seed=L=110003206,R=1583156595: RESULT: read_snm_v = 0.337099
sample 171 seed=L=1355187800,R=894728483: RESULT: read_snm_v = 0.247489
sample 172 seed=L=454926537,R=220987094: RESULT: read_snm_v = 0.292325
sample 173 seed=L=637060800,R=1472425996: RESULT: read_snm_v = 0.296976
sample 174 seed=L=199641681,R=273741814: RESULT: read_snm_v = 0.338767
sample 175 seed=L=926943936,R=1618070418: RESULT: read_snm_v = 0.331721
sample 176 seed=L=105413153,R=587633175: RESULT: read_snm_v = 0.290751
sample 177 seed=L=1419755751,R=1005026814: RESULT: read_snm_v = 0.285291
sample 178 seed=L=846592174,R=1575041469: RESULT: read_snm_v = 0.301289
sample 179 seed=L=565609545,R=123752561: RESULT: read_snm_v = 0.29355
sample 180 seed=L=158059324,R=1811027401: RESULT: read_snm_v = 0.276279
sample 181 seed=L=1032590068,R=1900586127: RESULT: read_snm_v = 0.245878
sample 182 seed=L=173689165,R=1201159450: RESULT: read_snm_v = 0.266937
sample 183 seed=L=1565455058,R=393363125: RESULT: read_snm_v = 0.292076
sample 184 seed=L=801822824,R=1016191606: RESULT: read_snm_v = 0.27136
sample 185 seed=L=930114478,R=88852229: RESULT: read_snm_v = 0.307266
sample 186 seed=L=141292323,R=1857737620: RESULT: read_snm_v = 0.260405
sample 187 seed=L=1320782744,R=1566661261: RESULT: read_snm_v = 0.211341
sample 188 seed=L=837891816,R=926474135: RESULT: read_snm_v = 0.308563
sample 189 seed=L=1633878553,R=1627728581: RESULT: read_snm_v = 0.326548
sample 190 seed=L=231319696,R=1157882438: RESULT: read_snm_v = 0.284578
sample 191 seed=L=901260913,R=734752086: RESULT: read_snm_v = 0.229677
sample 192 seed=L=937158657,R=225436184: RESULT: read_snm_v = 0.304262
sample 193 seed=L=755880339,R=719442119: RESULT: read_snm_v = 0.329784
sample 194 seed=L=1021988831,R=494273481: RESULT: read_snm_v = 0.350201
sample 195 seed=L=1196470893,R=1057825208: RESULT: read_snm_v = 0.272964
sample 196 seed=L=1272073281,R=1703821411: RESULT: read_snm_v = 0.332068
sample 197 seed=L=664991879,R=35807851: RESULT: read_snm_v = 0.272252
sample 198 seed=L=533636650,R=811207857: RESULT: read_snm_v = 0.258733
sample 199 seed=L=266932995,R=917253981: RESULT: read_snm_v = 0.290793

=== corner ff_25c_3.30v -- determinism control (sw_stat_mismatch=0) ===
sample 0 seed=L=274226427,R=1725659962: RESULT: read_snm_v = 0.29104
sample 1 seed=L=185959717,R=1789700537: RESULT: read_snm_v = 0.29104
sample 2 seed=L=368941648,R=235708857: RESULT: read_snm_v = 0.29104
sample 3 seed=L=1660166371,R=495407867: RESULT: read_snm_v = 0.29104

=== corner ff_25c_3.30v -- negative control (known-bad variant: sw_stat_mismatch=20, i.e. per-instance Vt/current-factor mismatch drawn at 20x the PDK's own sigma (docs/cli/yield.md's 'a mismatch seed pushed past spec')) ===
sample 0 seed=L=4928770,R=831190799: RESULT: read_snm_v = -0.067109
sample 1 seed=L=918496336,R=1061828337: RESULT: read_snm_v = -0.069969
sample 2 seed=L=1772667882,R=129384858: RESULT: read_snm_v = 0.023858
sample 3 seed=L=1614080772,R=1577761173: RESULT: read_snm_v = 0.156764
sample 4 seed=L=290302763,R=1324469272: RESULT: read_snm_v = -0.069249
sample 5 seed=L=1034975093,R=186740603: RESULT: read_snm_v = -0.067837
sample 6 seed=L=1440906852,R=885284203: RESULT: read_snm_v = -0.023029
sample 7 seed=L=784531638,R=1017323891: RESULT: read_snm_v = 0.446184
sample 8 seed=L=658110348,R=30077098: RESULT: read_snm_v = -0.067462
sample 9 seed=L=1085529210,R=975572519: RESULT: read_snm_v = -0.059612
sample 10 seed=L=912111959,R=634086918: RESULT: read_snm_v = -0.07
sample 11 seed=L=282410788,R=1226144622: RESULT: read_snm_v = 0.289493
sample 12 seed=L=197699981,R=474315811: RESULT: read_snm_v = 1.344105
sample 13 seed=L=120451492,R=735309916: RESULT: read_snm_v = -0.057489
sample 14 seed=L=396108299,R=213925733: RESULT: read_snm_v = 0.567255
sample 15 seed=L=1773119326,R=1304795426: RESULT: read_snm_v = 0.286135
sample 16 seed=L=313120168,R=876311582: RESULT: read_snm_v = -0.069813
sample 17 seed=L=200870141,R=637852422: RESULT: read_snm_v = -0.062708
sample 18 seed=L=25993634,R=1380085748: RESULT: read_snm_v = 0.102101
sample 19 seed=L=1208944717,R=331925773: RESULT: read_snm_v = 0.037678
sample 20 seed=L=74427723,R=549813359: RESULT: read_snm_v = -0.065406
sample 21 seed=L=1854182126,R=1306337671: RESULT: read_snm_v = -0.023888
sample 22 seed=L=108073337,R=126147759: RESULT: read_snm_v = -0.066956
sample 23 seed=L=1568100373,R=1241410692: RESULT: read_snm_v = 0.29836
sample 24 seed=L=1199488628,R=924038289: RESULT: read_snm_v = 0.212063
sample 25 seed=L=980518797,R=1959976645: RESULT: read_snm_v = 0.10187
sample 26 seed=L=522625764,R=1735402481: RESULT: read_snm_v = 0.195723
sample 27 seed=L=853167732,R=456537522: RESULT: read_snm_v = -0.066433
sample 28 seed=L=1615183213,R=198522213: RESULT: read_snm_v = 0.885801
sample 29 seed=L=1203543105,R=713770510: RESULT: read_snm_v = 0.435209
sample 30 seed=L=537854110,R=523447708: RESULT: read_snm_v = -0.07
sample 31 seed=L=284662887,R=133903066: OPEN -- R: expected data file read_snm_sweep.txt not produced (ngspice exit 1)
sample 32 seed=L=1675685142,R=1040203254: RESULT: read_snm_v = 0.168982
sample 33 seed=L=56795446,R=715483898: RESULT: read_snm_v = -0.069315
sample 34 seed=L=1788694562,R=59743729: OPEN -- L: expected data file read_snm_sweep.txt not produced (ngspice exit 1)
sample 35 seed=L=1291089515,R=439899860: RESULT: read_snm_v = -0.06687
sample 36 seed=L=906351855,R=1409442215: RESULT: read_snm_v = 0.248922
sample 37 seed=L=197712561,R=93707394: RESULT: read_snm_v = 0.463383
sample 38 seed=L=1136278728,R=580032629: RESULT: read_snm_v = -0.069855
sample 39 seed=L=1682763057,R=322356851: RESULT: read_snm_v = 0.398438
sample 40 seed=L=757927503,R=1353992540: RESULT: read_snm_v = -0.064714
sample 41 seed=L=564520901,R=1089721165: RESULT: read_snm_v = 0.503628
sample 42 seed=L=870247725,R=1579736669: RESULT: read_snm_v = 0.616176
sample 43 seed=L=1176585099,R=274617724: RESULT: read_snm_v = -0.060211
sample 44 seed=L=822968877,R=426362448: RESULT: read_snm_v = -0.064901
sample 45 seed=L=1913706879,R=1082491985: RESULT: read_snm_v = 0.239448
sample 46 seed=L=368956404,R=66335553: RESULT: read_snm_v = 0.282679
sample 47 seed=L=1538089706,R=1313341092: RESULT: read_snm_v = -0.07
sample 48 seed=L=1509765026,R=1640256057: RESULT: read_snm_v = 0.41244
sample 49 seed=L=1860111877,R=28666689: RESULT: read_snm_v = -0.07
sample 50 seed=L=846306689,R=5888660: OPEN -- L: expected data file read_snm_sweep.txt not produced (ngspice exit 1)
sample 51 seed=L=291866771,R=418883473: RESULT: read_snm_v = -0.030468
sample 52 seed=L=1541639265,R=964555410: RESULT: read_snm_v = 0.176603
sample 53 seed=L=278340096,R=498013636: RESULT: read_snm_v = 0.525874
sample 54 seed=L=1921120439,R=897304687: RESULT: read_snm_v = 0.148712
sample 55 seed=L=1501456835,R=1344834975: RESULT: read_snm_v = 0.852036
sample 56 seed=L=749248368,R=848250462: RESULT: read_snm_v = 0.439347
sample 57 seed=L=443369092,R=194582843: RESULT: read_snm_v = -0.069796
sample 58 seed=L=1955343898,R=178088475: RESULT: read_snm_v = -0.07
sample 59 seed=L=1866508764,R=972510860: RESULT: read_snm_v = -0.069974
sample 60 seed=L=228767671,R=1366698934: OPEN -- R: expected data file read_snm_sweep.txt not produced (ngspice exit 1)
sample 61 seed=L=1234637303,R=223799254: RESULT: read_snm_v = -0.01927
sample 62 seed=L=861491431,R=610232418: RESULT: read_snm_v = 0.310726
sample 63 seed=L=375804418,R=1195223157: RESULT: read_snm_v = 0.253098
sample 64 seed=L=401113180,R=437091824: RESULT: read_snm_v = -0.067384
sample 65 seed=L=922762771,R=1309038155: RESULT: read_snm_v = -0.06908
sample 66 seed=L=1220846607,R=222370983: RESULT: read_snm_v = -0.07
sample 67 seed=L=426623682,R=1886411127: RESULT: read_snm_v = -0.066371
sample 68 seed=L=403374873,R=1756933023: RESULT: read_snm_v = 0.802471
sample 69 seed=L=572154535,R=1969831921: RESULT: read_snm_v = 0.07048
sample 70 seed=L=365937560,R=686924709: RESULT: read_snm_v = -0.063322
sample 71 seed=L=918544497,R=218018881: RESULT: read_snm_v = -0.069457
sample 72 seed=L=858115805,R=1456198654: RESULT: read_snm_v = -0.060801
sample 73 seed=L=184313171,R=447378584: RESULT: read_snm_v = 0.234303
sample 74 seed=L=1757526871,R=594132804: RESULT: read_snm_v = 0.146564
sample 75 seed=L=592460871,R=1637440896: RESULT: read_snm_v = -0.069646
sample 76 seed=L=477997625,R=721505744: RESULT: read_snm_v = 0.381297
sample 77 seed=L=1223407194,R=270635947: RESULT: read_snm_v = 0.384475
sample 78 seed=L=903028218,R=831052693: RESULT: read_snm_v = 0.217603
sample 79 seed=L=143251801,R=1258173647: RESULT: read_snm_v = -0.051501
sample 80 seed=L=396239809,R=690880158: RESULT: read_snm_v = -0.066448
sample 81 seed=L=1514670064,R=1324124784: RESULT: read_snm_v = -0.061509
sample 82 seed=L=1253682316,R=182636594: RESULT: read_snm_v = 0.232195
sample 83 seed=L=744536940,R=853076934: RESULT: read_snm_v = -0.067148
sample 84 seed=L=1219013873,R=1688854676: RESULT: read_snm_v = 0.215601
sample 85 seed=L=1799159530,R=315124613: OPEN -- L: expected data file read_snm_sweep.txt not produced (ngspice exit 1)
sample 86 seed=L=680680124,R=1883487896: RESULT: read_snm_v = -0.064991
sample 87 seed=L=141110939,R=808660484: RESULT: read_snm_v = -0.07
sample 88 seed=L=259493459,R=1937923915: RESULT: read_snm_v = -0.060174
sample 89 seed=L=1257327168,R=1526037720: RESULT: read_snm_v = 0.916248
sample 90 seed=L=1011498783,R=161217154: RESULT: read_snm_v = -0.016927
sample 91 seed=L=229282711,R=1436424126: RESULT: read_snm_v = -0.068609
sample 92 seed=L=735454002,R=1394553171: RESULT: read_snm_v = 0.23385
sample 93 seed=L=1341504166,R=1273770579: RESULT: read_snm_v = 0.290524
sample 94 seed=L=100153933,R=1179105636: RESULT: read_snm_v = -0.06547
sample 95 seed=L=1214423260,R=1557647299: RESULT: read_snm_v = 1.019063
sample 96 seed=L=1005048891,R=1127826881: RESULT: read_snm_v = 0.743869
sample 97 seed=L=1577166502,R=466903766: RESULT: read_snm_v = 0.009673
sample 98 seed=L=1939873203,R=368574475: RESULT: read_snm_v = 0.284347
sample 99 seed=L=572011117,R=608973250: RESULT: read_snm_v = 0.419148
