=== corner ss_125c_3.63v -- mismatch samples (sw_stat_mismatch=1) ===
sample 0 seed=L=272044201,R=864790828: RESULT: read_snm_v = 0.402332
sample 1 seed=L=1930257564,R=302678800: RESULT: read_snm_v = 0.377536
sample 2 seed=L=1975677281,R=49385183: RESULT: read_snm_v = 0.398308
sample 3 seed=L=1000471115,R=868571946: RESULT: read_snm_v = 0.443095
sample 4 seed=L=547176389,R=672180695: RESULT: read_snm_v = 0.369307
sample 5 seed=L=1235406623,R=37468096: RESULT: read_snm_v = 0.42274
sample 6 seed=L=1181256633,R=1030787804: RESULT: read_snm_v = 0.354729
sample 7 seed=L=892404795,R=1425777579: RESULT: read_snm_v = 0.405335
sample 8 seed=L=1164208663,R=438077480: RESULT: read_snm_v = 0.419485
sample 9 seed=L=735232965,R=1415366603: RESULT: read_snm_v = 0.427973
sample 10 seed=L=1305953338,R=991228889: RESULT: read_snm_v = 0.46699
sample 11 seed=L=657310202,R=258749817: RESULT: read_snm_v = 0.402188
sample 12 seed=L=1409883439,R=530477785: RESULT: read_snm_v = 0.402825
sample 13 seed=L=1838754630,R=178611699: RESULT: read_snm_v = 0.364339
sample 14 seed=L=93281249,R=1671868054: RESULT: read_snm_v = 0.374519
sample 15 seed=L=687717216,R=1166005164: RESULT: read_snm_v = 0.387172
sample 16 seed=L=245408928,R=800681485: RESULT: read_snm_v = 0.392949
sample 17 seed=L=466605509,R=210412468: RESULT: read_snm_v = 0.424525
sample 18 seed=L=294232707,R=1091781735: RESULT: read_snm_v = 0.386345
sample 19 seed=L=1581975907,R=1864567744: RESULT: read_snm_v = 0.418068
sample 20 seed=L=657453324,R=1062357737: RESULT: read_snm_v = 0.431847
sample 21 seed=L=1734313561,R=29682082: RESULT: read_snm_v = 0.417327
sample 22 seed=L=588487095,R=682775749: RESULT: read_snm_v = 0.447599
sample 23 seed=L=406739578,R=528533061: RESULT: read_snm_v = 0.430813
sample 24 seed=L=543290097,R=797335440: RESULT: read_snm_v = 0.400239
sample 25 seed=L=1436880429,R=85510235: RESULT: read_snm_v = 0.428093
sample 26 seed=L=1178025117,R=421810262: RESULT: read_snm_v = 0.400901
sample 27 seed=L=412435819,R=1429003163: RESULT: read_snm_v = 0.422257
sample 28 seed=L=462187228,R=592534254: RESULT: read_snm_v = 0.40789
sample 29 seed=L=931905472,R=1700308231: RESULT: read_snm_v = 0.413482
sample 30 seed=L=932956586,R=892371612: RESULT: read_snm_v = 0.433089
sample 31 seed=L=1941519102,R=1021670262: RESULT: read_snm_v = 0.431301
sample 32 seed=L=974923722,R=1316446866: RESULT: read_snm_v = 0.434256
sample 33 seed=L=423674064,R=1918132005: RESULT: read_snm_v = 0.373457
sample 34 seed=L=1535350966,R=94077403: RESULT: read_snm_v = 0.435578
sample 35 seed=L=946146280,R=926756345: RESULT: read_snm_v = 0.446427
sample 36 seed=L=743462224,R=1828455389: RESULT: read_snm_v = 0.430155
sample 37 seed=L=1407758690,R=1811038534: RESULT: read_snm_v = 0.397933
sample 38 seed=L=1391920203,R=1317524113: RESULT: read_snm_v = 0.411384
sample 39 seed=L=184762489,R=1820586829: RESULT: read_snm_v = 0.456907
sample 40 seed=L=1271047538,R=195994073: RESULT: read_snm_v = 0.474842
sample 41 seed=L=1930162902,R=1576198063: RESULT: read_snm_v = 0.397249
sample 42 seed=L=351544913,R=483355085: RESULT: read_snm_v = 0.412215
sample 43 seed=L=294322833,R=340912909: RESULT: read_snm_v = 0.371731
sample 44 seed=L=1309176609,R=233966660: RESULT: read_snm_v = 0.413961
sample 45 seed=L=1312537926,R=414407189: RESULT: read_snm_v = 0.420721
sample 46 seed=L=541267509,R=1720501513: RESULT: read_snm_v = 0.4224
sample 47 seed=L=263384509,R=1186303459: RESULT: read_snm_v = 0.374234
sample 48 seed=L=80941301,R=880939936: RESULT: read_snm_v = 0.414428
sample 49 seed=L=1569321409,R=293417372: RESULT: read_snm_v = 0.408923
sample 50 seed=L=602461010,R=1116742487: RESULT: read_snm_v = 0.411742
sample 51 seed=L=1662536502,R=88531088: RESULT: read_snm_v = 0.405218
sample 52 seed=L=991122937,R=49978925: RESULT: read_snm_v = 0.372574
sample 53 seed=L=429055985,R=856576869: RESULT: read_snm_v = 0.377028
sample 54 seed=L=1121214723,R=132469459: RESULT: read_snm_v = 0.366646
sample 55 seed=L=708786287,R=118925880: RESULT: read_snm_v = 0.372764
sample 56 seed=L=1608260263,R=403844284: RESULT: read_snm_v = 0.388119
sample 57 seed=L=1016936873,R=190007809: RESULT: read_snm_v = 0.383627
sample 58 seed=L=156395546,R=319852709: RESULT: read_snm_v = 0.436323
sample 59 seed=L=1940975651,R=124980391: RESULT: read_snm_v = 0.403166
sample 60 seed=L=1660375231,R=156721887: RESULT: read_snm_v = 0.402159
sample 61 seed=L=141542143,R=964807474: RESULT: read_snm_v = 0.389507
sample 62 seed=L=209817304,R=438428695: RESULT: read_snm_v = 0.420405
sample 63 seed=L=1295171605,R=1177149878: RESULT: read_snm_v = 0.417645
sample 64 seed=L=1432827704,R=294689048: RESULT: read_snm_v = 0.360996
sample 65 seed=L=1157538173,R=406483389: RESULT: read_snm_v = 0.38611
sample 66 seed=L=1597062918,R=520479884: RESULT: read_snm_v = 0.441825
sample 67 seed=L=1190314004,R=1753977101: RESULT: read_snm_v = 0.448213
sample 68 seed=L=82752350,R=28206632: RESULT: read_snm_v = 0.354526
sample 69 seed=L=860159322,R=1999063341: RESULT: read_snm_v = 0.429582
sample 70 seed=L=730906527,R=1239630147: RESULT: read_snm_v = 0.376077
sample 71 seed=L=29279450,R=1581589271: RESULT: read_snm_v = 0.416389
sample 72 seed=L=1055250574,R=779232776: RESULT: read_snm_v = 0.448813
sample 73 seed=L=1933830413,R=121638866: RESULT: read_snm_v = 0.393434
sample 74 seed=L=312734619,R=1558798870: RESULT: read_snm_v = 0.393342
sample 75 seed=L=210541995,R=1993718473: RESULT: read_snm_v = 0.38885
sample 76 seed=L=200611187,R=455380104: RESULT: read_snm_v = 0.413621
sample 77 seed=L=657836289,R=1546581670: RESULT: read_snm_v = 0.403728
sample 78 seed=L=1105562929,R=122820040: RESULT: read_snm_v = 0.392515
sample 79 seed=L=90871405,R=951537086: RESULT: read_snm_v = 0.432273
sample 80 seed=L=1019884285,R=1972020063: RESULT: read_snm_v = 0.384103
sample 81 seed=L=911131217,R=351346263: RESULT: read_snm_v = 0.408502
sample 82 seed=L=1259483081,R=73701815: RESULT: read_snm_v = 0.416137
sample 83 seed=L=1307998218,R=1554644296: RESULT: read_snm_v = 0.422255
sample 84 seed=L=868051376,R=674694479: RESULT: read_snm_v = 0.414917
sample 85 seed=L=799569261,R=290614208: RESULT: read_snm_v = 0.430393
sample 86 seed=L=723464979,R=677536128: RESULT: read_snm_v = 0.446288
sample 87 seed=L=1889948849,R=1460014538: RESULT: read_snm_v = 0.418624
sample 88 seed=L=1818976295,R=1240349481: RESULT: read_snm_v = 0.373242
sample 89 seed=L=1946023951,R=541855569: RESULT: read_snm_v = 0.438784
sample 90 seed=L=576261435,R=1339562774: RESULT: read_snm_v = 0.424144
sample 91 seed=L=185342903,R=1675038392: RESULT: read_snm_v = 0.395255
sample 92 seed=L=491465356,R=427654329: RESULT: read_snm_v = 0.46854
sample 93 seed=L=1703159776,R=159550098: RESULT: read_snm_v = 0.385055
sample 94 seed=L=1022197929,R=41520580: RESULT: read_snm_v = 0.397172
sample 95 seed=L=305173370,R=509677783: RESULT: read_snm_v = 0.376981
sample 96 seed=L=1150093338,R=1130635852: RESULT: read_snm_v = 0.419001
sample 97 seed=L=1356231322,R=744999509: RESULT: read_snm_v = 0.338302
sample 98 seed=L=1823613024,R=1834948515: RESULT: read_snm_v = 0.41563
sample 99 seed=L=929232907,R=212182615: RESULT: read_snm_v = 0.404624
sample 100 seed=L=4889290,R=924619083: RESULT: read_snm_v = 0.414372
sample 101 seed=L=1768775714,R=230378248: RESULT: read_snm_v = 0.440375
sample 102 seed=L=241249042,R=129994767: RESULT: read_snm_v = 0.410005
sample 103 seed=L=144853474,R=42719467: RESULT: read_snm_v = 0.335848
sample 104 seed=L=1666207677,R=1129953136: RESULT: read_snm_v = 0.370299
sample 105 seed=L=1038530235,R=1622164992: RESULT: read_snm_v = 0.420484
sample 106 seed=L=1207027396,R=1839828992: RESULT: read_snm_v = 0.40194
sample 107 seed=L=125156749,R=577341309: RESULT: read_snm_v = 0.416352
sample 108 seed=L=719167514,R=1908111787: RESULT: read_snm_v = 0.417568
sample 109 seed=L=1676977663,R=1732263865: RESULT: read_snm_v = 0.402118
sample 110 seed=L=1552951133,R=450653876: RESULT: read_snm_v = 0.388187
sample 111 seed=L=1525589843,R=400843629: RESULT: read_snm_v = 0.382018
sample 112 seed=L=1741704324,R=347500279: RESULT: read_snm_v = 0.383374
sample 113 seed=L=1202998430,R=1922163838: RESULT: read_snm_v = 0.425071
sample 114 seed=L=1812262993,R=1592584037: RESULT: read_snm_v = 0.385188
sample 115 seed=L=787285329,R=1681672839: RESULT: read_snm_v = 0.407429
sample 116 seed=L=1875814826,R=19926620: RESULT: read_snm_v = 0.396034
sample 117 seed=L=283620547,R=601188522: RESULT: read_snm_v = 0.388391
sample 118 seed=L=987791072,R=1037605890: RESULT: read_snm_v = 0.360561
sample 119 seed=L=330886657,R=1220022517: RESULT: read_snm_v = 0.40311
sample 120 seed=L=1153132706,R=509112464: RESULT: read_snm_v = 0.416305
sample 121 seed=L=467765565,R=1177330670: RESULT: read_snm_v = 0.386708
sample 122 seed=L=1098713494,R=1894370025: RESULT: read_snm_v = 0.401074
sample 123 seed=L=147808178,R=1242285233: RESULT: read_snm_v = 0.413018
sample 124 seed=L=1219989090,R=1164722534: RESULT: read_snm_v = 0.402563
sample 125 seed=L=1608119419,R=998598109: RESULT: read_snm_v = 0.410781
sample 126 seed=L=1833297208,R=775086727: RESULT: read_snm_v = 0.395219
sample 127 seed=L=950330936,R=1170445675: RESULT: read_snm_v = 0.380813
sample 128 seed=L=173475976,R=1977448600: RESULT: read_snm_v = 0.413516
sample 129 seed=L=550661757,R=788333250: RESULT: read_snm_v = 0.390398
sample 130 seed=L=1416865016,R=289143813: RESULT: read_snm_v = 0.431687
sample 131 seed=L=1093189920,R=1081071202: RESULT: read_snm_v = 0.399378
sample 132 seed=L=1231059372,R=1998262467: RESULT: read_snm_v = 0.418544
sample 133 seed=L=131310113,R=81485084: RESULT: read_snm_v = 0.430107
sample 134 seed=L=1544855444,R=1251092773: RESULT: read_snm_v = 0.404501
sample 135 seed=L=1683365631,R=1000550256: RESULT: read_snm_v = 0.408834
sample 136 seed=L=1719988581,R=599050928: RESULT: read_snm_v = 0.460213
sample 137 seed=L=1080333661,R=836424308: RESULT: read_snm_v = 0.434197
sample 138 seed=L=1080540628,R=369448461: RESULT: read_snm_v = 0.38626
sample 139 seed=L=69200748,R=1767723303: RESULT: read_snm_v = 0.410776
sample 140 seed=L=443880518,R=348046553: RESULT: read_snm_v = 0.377576
sample 141 seed=L=1823974313,R=1412272559: RESULT: read_snm_v = 0.435703
sample 142 seed=L=26190970,R=1625753098: RESULT: read_snm_v = 0.423018
sample 143 seed=L=80489425,R=228839882: RESULT: read_snm_v = 0.429035
sample 144 seed=L=135284856,R=320564029: RESULT: read_snm_v = 0.445512
sample 145 seed=L=198705137,R=1131382856: RESULT: read_snm_v = 0.350671
sample 146 seed=L=1617454148,R=311867566: RESULT: read_snm_v = 0.401253
sample 147 seed=L=959601482,R=1432128451: RESULT: read_snm_v = 0.441457
sample 148 seed=L=1644881624,R=746635575: RESULT: read_snm_v = 0.430089
sample 149 seed=L=1096546400,R=1177533328: RESULT: read_snm_v = 0.423686
sample 150 seed=L=678564738,R=635695400: RESULT: read_snm_v = 0.404275
sample 151 seed=L=117868381,R=1532417420: RESULT: read_snm_v = 0.422165
sample 152 seed=L=1501096788,R=84945347: RESULT: read_snm_v = 0.464906
sample 153 seed=L=1582321914,R=968896590: RESULT: read_snm_v = 0.36679
sample 154 seed=L=714170262,R=1343294925: RESULT: read_snm_v = 0.396026
sample 155 seed=L=107235190,R=1526622150: RESULT: read_snm_v = 0.398598
sample 156 seed=L=326583590,R=162441311: RESULT: read_snm_v = 0.413243
sample 157 seed=L=1086577145,R=1094528457: RESULT: read_snm_v = 0.399129
sample 158 seed=L=667279963,R=323065793: RESULT: read_snm_v = 0.419224
sample 159 seed=L=1681640166,R=1898171403: RESULT: read_snm_v = 0.395818
sample 160 seed=L=273721535,R=1548094008: RESULT: read_snm_v = 0.409325
sample 161 seed=L=93977106,R=1840167143: RESULT: read_snm_v = 0.468793
sample 162 seed=L=680360518,R=1467507771: RESULT: read_snm_v = 0.437327
sample 163 seed=L=73066588,R=159073594: RESULT: read_snm_v = 0.363218
sample 164 seed=L=637774349,R=1454428750: RESULT: read_snm_v = 0.431781
sample 165 seed=L=116042345,R=1541737404: RESULT: read_snm_v = 0.397174
sample 166 seed=L=340579443,R=656268187: RESULT: read_snm_v = 0.388048
sample 167 seed=L=1843076949,R=939237929: RESULT: read_snm_v = 0.417995
sample 168 seed=L=1880186302,R=88396088: RESULT: read_snm_v = 0.418772
sample 169 seed=L=1952327331,R=90202447: RESULT: read_snm_v = 0.403539
sample 170 seed=L=1151000227,R=1477810393: RESULT: read_snm_v = 0.438993
sample 171 seed=L=1232594172,R=31564550: RESULT: read_snm_v = 0.471712
sample 172 seed=L=122957132,R=482597008: RESULT: read_snm_v = 0.444188
sample 173 seed=L=566865155,R=340651236: RESULT: read_snm_v = 0.390574
sample 174 seed=L=377191541,R=594197745: RESULT: read_snm_v = 0.426229
sample 175 seed=L=1136531092,R=1829573998: RESULT: read_snm_v = 0.400774
sample 176 seed=L=1748994328,R=1055474757: RESULT: read_snm_v = 0.424697
sample 177 seed=L=791258872,R=472284084: RESULT: read_snm_v = 0.366533
sample 178 seed=L=1282266814,R=1216094569: RESULT: read_snm_v = 0.375977
sample 179 seed=L=135433423,R=1118728426: RESULT: read_snm_v = 0.442936
sample 180 seed=L=1154899788,R=1417807454: RESULT: read_snm_v = 0.423496
sample 181 seed=L=981273825,R=1403996067: RESULT: read_snm_v = 0.420697
sample 182 seed=L=93072156,R=616265066: RESULT: read_snm_v = 0.395492
sample 183 seed=L=1519860644,R=4824872: RESULT: read_snm_v = 0.396055
sample 184 seed=L=688812088,R=1995709334: RESULT: read_snm_v = 0.414196
sample 185 seed=L=1109416471,R=985092248: RESULT: read_snm_v = 0.371768
sample 186 seed=L=1110597414,R=246438348: RESULT: read_snm_v = 0.424833
sample 187 seed=L=1917698552,R=1885538372: RESULT: read_snm_v = 0.379172
sample 188 seed=L=1003741771,R=1452241776: RESULT: read_snm_v = 0.390894
sample 189 seed=L=882848688,R=1625737327: RESULT: read_snm_v = 0.474912
sample 190 seed=L=1363464933,R=1735192957: RESULT: read_snm_v = 0.374212
sample 191 seed=L=1176186923,R=1168540322: RESULT: read_snm_v = 0.457183
sample 192 seed=L=377980176,R=876770248: RESULT: read_snm_v = 0.388639
sample 193 seed=L=185610260,R=810377372: RESULT: read_snm_v = 0.437516
sample 194 seed=L=994796213,R=344831252: RESULT: read_snm_v = 0.417379
sample 195 seed=L=121414341,R=504422745: RESULT: read_snm_v = 0.431366
sample 196 seed=L=847095525,R=1146799759: RESULT: read_snm_v = 0.429478
sample 197 seed=L=873442166,R=765440632: RESULT: read_snm_v = 0.383747
sample 198 seed=L=190815449,R=229128281: RESULT: read_snm_v = 0.426389
sample 199 seed=L=1978144854,R=1515021812: RESULT: read_snm_v = 0.349417

=== corner ss_125c_3.63v -- determinism control (sw_stat_mismatch=0) ===
sample 0 seed=L=1645332816,R=897237711: RESULT: read_snm_v = 0.40862
sample 1 seed=L=463555361,R=1969044751: RESULT: read_snm_v = 0.40862
sample 2 seed=L=327236862,R=346066948: RESULT: read_snm_v = 0.40862
sample 3 seed=L=953665199,R=897838685: RESULT: read_snm_v = 0.40862

=== corner ss_125c_3.63v -- negative control (known-bad variant: sw_stat_mismatch=20, i.e. per-instance Vt/current-factor mismatch drawn at 20x the PDK's own sigma (docs/cli/yield.md's 'a mismatch seed pushed past spec')) ===
sample 0 seed=L=121001369,R=1650904329: RESULT: read_snm_v = -0.071463
sample 1 seed=L=502283579,R=1530212968: RESULT: read_snm_v = -0.072651
sample 2 seed=L=1513311188,R=313286157: RESULT: read_snm_v = 0.756221
sample 3 seed=L=301170548,R=200790288: RESULT: read_snm_v = 0.474244
sample 4 seed=L=1554219838,R=283768342: RESULT: read_snm_v = 0.49878
sample 5 seed=L=900849130,R=453640025: RESULT: read_snm_v = 0.675831
sample 6 seed=L=232972175,R=1875776094: RESULT: read_snm_v = 0.334974
sample 7 seed=L=116320370,R=226194103: RESULT: read_snm_v = -0.074809
sample 8 seed=L=1591367982,R=1901897494: RESULT: read_snm_v = 0.162463
sample 9 seed=L=5944661,R=1886252222: RESULT: read_snm_v = 0.193427
sample 10 seed=L=1735808995,R=1342062852: RESULT: read_snm_v = -0.073736
sample 11 seed=L=1225162959,R=1054114685: RESULT: read_snm_v = 0.312934
sample 12 seed=L=708788008,R=695871311: RESULT: read_snm_v = 0.438226
sample 13 seed=L=32744427,R=1085083332: RESULT: read_snm_v = -0.007116
sample 14 seed=L=347523307,R=1785205370: RESULT: read_snm_v = 0.132463
sample 15 seed=L=15970730,R=601318864: RESULT: read_snm_v = 0.508754
sample 16 seed=L=936545551,R=1781866724: RESULT: read_snm_v = 0.519511
sample 17 seed=L=1534941700,R=267836243: RESULT: read_snm_v = -0.07426
sample 18 seed=L=307124404,R=1383774172: RESULT: read_snm_v = 0.159193
sample 19 seed=L=194165312,R=278879009: RESULT: read_snm_v = 0.056575
sample 20 seed=L=1009207099,R=1479527299: RESULT: read_snm_v = 0.380644
sample 21 seed=L=1587670896,R=102581561: RESULT: read_snm_v = -0.06963
sample 22 seed=L=1666669878,R=1262501404: RESULT: read_snm_v = 0.418907
sample 23 seed=L=1241323639,R=483304514: RESULT: read_snm_v = -0.074312
sample 24 seed=L=391080320,R=915353163: RESULT: read_snm_v = -0.073045
sample 25 seed=L=1270977647,R=1283519324: RESULT: read_snm_v = 0.673156
sample 26 seed=L=840492248,R=867416435: RESULT: read_snm_v = -0.068289
sample 27 seed=L=576440692,R=942457333: RESULT: read_snm_v = 0.13976
sample 28 seed=L=1049202537,R=1332155872: RESULT: read_snm_v = -0.074996
sample 29 seed=L=594829453,R=1717028145: RESULT: read_snm_v = 1.205866
sample 30 seed=L=565325181,R=29515035: RESULT: read_snm_v = -0.075
sample 31 seed=L=608497314,R=1383000123: RESULT: read_snm_v = 0.126568
sample 32 seed=L=1513323167,R=1491752920: RESULT: read_snm_v = -0.074552
sample 33 seed=L=1471836226,R=745711420: RESULT: read_snm_v = 0.460747
sample 34 seed=L=971707649,R=566203169: RESULT: read_snm_v = 0.253506
sample 35 seed=L=196408902,R=1965592320: RESULT: read_snm_v = 0.143932
sample 36 seed=L=834946127,R=912109871: RESULT: read_snm_v = -0.075
sample 37 seed=L=714312503,R=1292816816: RESULT: read_snm_v = 0.071204
sample 38 seed=L=1990032747,R=297480696: RESULT: read_snm_v = -0.075692
sample 39 seed=L=577945986,R=1362367040: RESULT: read_snm_v = -0.073052
sample 40 seed=L=1613920808,R=200270975: RESULT: read_snm_v = 0.581936
sample 41 seed=L=1634986565,R=983465383: RESULT: read_snm_v = 0.098926
sample 42 seed=L=202172633,R=1556609143: RESULT: read_snm_v = 0.313922
sample 43 seed=L=656754227,R=1424187481: RESULT: read_snm_v = 0.003797
sample 44 seed=L=295613032,R=312200508: RESULT: read_snm_v = 0.609822
sample 45 seed=L=1598720432,R=1576401578: RESULT: read_snm_v = 0.319725
sample 46 seed=L=1361387639,R=1693761670: RESULT: read_snm_v = 0.544855
sample 47 seed=L=1662736800,R=1748992599: RESULT: read_snm_v = -0.074959
sample 48 seed=L=256397085,R=1764454264: RESULT: read_snm_v = 0.201047
sample 49 seed=L=1103793514,R=381523377: RESULT: read_snm_v = 0.486024
sample 50 seed=L=1809571859,R=1692189417: RESULT: read_snm_v = -0.075
sample 51 seed=L=149175762,R=1774230603: RESULT: read_snm_v = -0.074187
sample 52 seed=L=3543091,R=546362072: OPEN -- R: expected data file read_snm_sweep.txt not produced (ngspice exit 1)
sample 53 seed=L=658831084,R=1218948436: RESULT: read_snm_v = -0.073267
sample 54 seed=L=885482317,R=560795890: RESULT: read_snm_v = 0.57377
sample 55 seed=L=1854828415,R=648778098: RESULT: read_snm_v = -0.045176
sample 56 seed=L=569934457,R=1678298728: RESULT: read_snm_v = 0.162154
sample 57 seed=L=1771676911,R=1426253158: RESULT: read_snm_v = -0.068436
sample 58 seed=L=54538542,R=1018257471: RESULT: read_snm_v = 0.015736
sample 59 seed=L=956402856,R=62796768: RESULT: read_snm_v = -0.073572
sample 60 seed=L=258598796,R=1602268555: RESULT: read_snm_v = 0.09772
sample 61 seed=L=46866307,R=1420672778: RESULT: read_snm_v = 0.577492
sample 62 seed=L=406046618,R=1267536238: RESULT: read_snm_v = 0.270278
sample 63 seed=L=1095889293,R=1313624354: RESULT: read_snm_v = 0.503472
sample 64 seed=L=1847819843,R=451456668: RESULT: read_snm_v = 0.443753
sample 65 seed=L=872683993,R=189320420: RESULT: read_snm_v = -0.075
sample 66 seed=L=190332253,R=668025704: RESULT: read_snm_v = -0.07406
sample 67 seed=L=957704248,R=1125373658: RESULT: read_snm_v = -0.075114
sample 68 seed=L=1445882037,R=1058679388: RESULT: read_snm_v = 0.379815
sample 69 seed=L=501323060,R=1932129692: RESULT: read_snm_v = 0.442197
sample 70 seed=L=296779890,R=1249480113: RESULT: read_snm_v = 0.189159
sample 71 seed=L=2955686,R=935142905: RESULT: read_snm_v = -0.074268
sample 72 seed=L=1139033609,R=184410373: RESULT: read_snm_v = 0.767344
sample 73 seed=L=1801015582,R=1277039130: RESULT: read_snm_v = -0.051844
sample 74 seed=L=1291419254,R=1773283576: RESULT: read_snm_v = 0.595169
sample 75 seed=L=1951731265,R=539316671: RESULT: read_snm_v = 0.340717
sample 76 seed=L=1143984633,R=432072207: RESULT: read_snm_v = 0.271155
sample 77 seed=L=1954173516,R=838861091: RESULT: read_snm_v = 0.26294
sample 78 seed=L=892024832,R=1614692760: RESULT: read_snm_v = -0.074586
sample 79 seed=L=370346611,R=791276116: RESULT: read_snm_v = -0.074911
sample 80 seed=L=1406657482,R=1374721871: RESULT: read_snm_v = -0.067851
sample 81 seed=L=490160507,R=307682993: OPEN -- R: expected data file read_snm_sweep.txt not produced (ngspice exit 1)
sample 82 seed=L=1709480732,R=847048697: RESULT: read_snm_v = 0.204549
sample 83 seed=L=51085926,R=1280301089: RESULT: read_snm_v = -0.073401
sample 84 seed=L=1389458042,R=465072308: RESULT: read_snm_v = 0.177859
sample 85 seed=L=1477222189,R=802002086: RESULT: read_snm_v = -0.075
sample 86 seed=L=1518909176,R=1472046009: RESULT: read_snm_v = 0.880723
sample 87 seed=L=558884058,R=1380328209: RESULT: read_snm_v = 0.046233
sample 88 seed=L=698970086,R=1594680751: RESULT: read_snm_v = 0.145438
sample 89 seed=L=917193823,R=343319775: RESULT: read_snm_v = 0.345127
sample 90 seed=L=158600327,R=1268158731: RESULT: read_snm_v = 0.047042
sample 91 seed=L=1121070877,R=1594343005: RESULT: read_snm_v = 0.294919
sample 92 seed=L=1842378948,R=1035958816: OPEN -- L: expected data file read_snm_sweep.txt not produced (ngspice exit 1)
sample 93 seed=L=1197191511,R=1209238160: RESULT: read_snm_v = -0.075477
sample 94 seed=L=568045506,R=1791594822: RESULT: read_snm_v = 0.209075
sample 95 seed=L=1838813886,R=457438129: RESULT: read_snm_v = -0.072596
sample 96 seed=L=795403612,R=1175450752: RESULT: read_snm_v = -0.074999
sample 97 seed=L=382990916,R=1065933551: RESULT: read_snm_v = 0.048479
sample 98 seed=L=668486811,R=603576586: RESULT: read_snm_v = -0.073952
sample 99 seed=L=687382477,R=996828780: RESULT: read_snm_v = 0.435665
