=== corner ss_25c_2.97v -- mismatch samples (sw_stat_mismatch=1) ===
sample 0 seed=L=296056005,R=1351873392: RESULT: read_snm_v = 0.473347
sample 1 seed=L=1946925785,R=346966354: RESULT: read_snm_v = 0.457966
sample 2 seed=L=375320660,R=1631501474: RESULT: read_snm_v = 0.471097
sample 3 seed=L=356266240,R=360718613: RESULT: read_snm_v = 0.452189
sample 4 seed=L=908082387,R=1157954621: RESULT: read_snm_v = 0.449898
sample 5 seed=L=1612929668,R=142816325: RESULT: read_snm_v = 0.453841
sample 6 seed=L=692912792,R=837840819: RESULT: read_snm_v = 0.516913
sample 7 seed=L=1348883038,R=1248420522: RESULT: read_snm_v = 0.511134
sample 8 seed=L=829042385,R=981748073: RESULT: read_snm_v = 0.455245
sample 9 seed=L=1786811594,R=834375456: RESULT: read_snm_v = 0.475212
sample 10 seed=L=20467990,R=1439456977: RESULT: read_snm_v = 0.496946
sample 11 seed=L=1462962872,R=941936697: RESULT: read_snm_v = 0.46564
sample 12 seed=L=497882764,R=338038484: RESULT: read_snm_v = 0.460724
sample 13 seed=L=1091785091,R=1933140718: RESULT: read_snm_v = 0.487468
sample 14 seed=L=160849094,R=1034285195: RESULT: read_snm_v = 0.490455
sample 15 seed=L=932543799,R=22824532: RESULT: read_snm_v = 0.488733
sample 16 seed=L=446979685,R=1027014492: RESULT: read_snm_v = 0.483386
sample 17 seed=L=1556978346,R=608777812: RESULT: read_snm_v = 0.497699
sample 18 seed=L=1963304688,R=640740682: RESULT: read_snm_v = 0.481009
sample 19 seed=L=75494435,R=989079804: RESULT: read_snm_v = 0.518234
sample 20 seed=L=1564245210,R=1761576586: RESULT: read_snm_v = 0.481422
sample 21 seed=L=1104897178,R=1176920259: RESULT: read_snm_v = 0.470705
sample 22 seed=L=523399544,R=902656338: RESULT: read_snm_v = 0.458432
sample 23 seed=L=210293271,R=653521260: RESULT: read_snm_v = 0.492459
sample 24 seed=L=37293152,R=1059726601: RESULT: read_snm_v = 0.490403
sample 25 seed=L=1353645105,R=689650175: RESULT: read_snm_v = 0.478167
sample 26 seed=L=289342338,R=1702775399: RESULT: read_snm_v = 0.447783
sample 27 seed=L=1033305292,R=1774678338: RESULT: read_snm_v = 0.481146
sample 28 seed=L=1306191341,R=207201747: RESULT: read_snm_v = 0.517054
sample 29 seed=L=753284755,R=800471423: RESULT: read_snm_v = 0.466272
sample 30 seed=L=1096350243,R=1653472979: RESULT: read_snm_v = 0.485152
sample 31 seed=L=1546234145,R=1462452985: RESULT: read_snm_v = 0.419617
sample 32 seed=L=1615406843,R=406464340: RESULT: read_snm_v = 0.440396
sample 33 seed=L=1313224643,R=1694833493: RESULT: read_snm_v = 0.520311
sample 34 seed=L=679784719,R=1356157624: RESULT: read_snm_v = 0.461655
sample 35 seed=L=874437927,R=1411873954: RESULT: read_snm_v = 0.469871
sample 36 seed=L=1996037965,R=214284999: RESULT: read_snm_v = 0.43779
sample 37 seed=L=1346644037,R=1513472330: RESULT: read_snm_v = 0.47658
sample 38 seed=L=1248800719,R=1601404805: RESULT: read_snm_v = 0.444789
sample 39 seed=L=540731052,R=1292506072: RESULT: read_snm_v = 0.489257
sample 40 seed=L=63490329,R=158978060: RESULT: read_snm_v = 0.490649
sample 41 seed=L=288402117,R=544640413: RESULT: read_snm_v = 0.448492
sample 42 seed=L=534069936,R=686530986: RESULT: read_snm_v = 0.476078
sample 43 seed=L=1231954538,R=1432677050: RESULT: read_snm_v = 0.473786
sample 44 seed=L=1854064384,R=1965617766: RESULT: read_snm_v = 0.449887
sample 45 seed=L=1673789563,R=590341979: RESULT: read_snm_v = 0.487272
sample 46 seed=L=547097693,R=278040297: RESULT: read_snm_v = 0.457746
sample 47 seed=L=158126470,R=889703501: RESULT: read_snm_v = 0.516037
sample 48 seed=L=479842679,R=765048784: RESULT: read_snm_v = 0.468057
sample 49 seed=L=1350441445,R=224361466: RESULT: read_snm_v = 0.458658
sample 50 seed=L=872192520,R=54319589: RESULT: read_snm_v = 0.461551
sample 51 seed=L=103700608,R=875914473: RESULT: read_snm_v = 0.473866
sample 52 seed=L=98162253,R=180172252: RESULT: read_snm_v = 0.503974
sample 53 seed=L=1046098080,R=1215954821: RESULT: read_snm_v = 0.481322
sample 54 seed=L=1463179845,R=1654257158: RESULT: read_snm_v = 0.471936
sample 55 seed=L=1215508131,R=1163577677: RESULT: read_snm_v = 0.47219
sample 56 seed=L=154880679,R=1548622036: RESULT: read_snm_v = 0.446459
sample 57 seed=L=515766114,R=870396820: RESULT: read_snm_v = 0.488661
sample 58 seed=L=278527274,R=485810253: RESULT: read_snm_v = 0.506173
sample 59 seed=L=1975390645,R=1083861880: RESULT: read_snm_v = 0.465861
sample 60 seed=L=1638531433,R=1599829639: RESULT: read_snm_v = 0.485793
sample 61 seed=L=19657388,R=1939104517: RESULT: read_snm_v = 0.418227
sample 62 seed=L=1518239246,R=228614292: RESULT: read_snm_v = 0.470604
sample 63 seed=L=1739035661,R=1680031676: RESULT: read_snm_v = 0.43922
sample 64 seed=L=335918091,R=1863845885: RESULT: read_snm_v = 0.478653
sample 65 seed=L=1427397019,R=572112872: RESULT: read_snm_v = 0.481742
sample 66 seed=L=1111688770,R=11703197: RESULT: read_snm_v = 0.487256
sample 67 seed=L=689253521,R=1805390970: RESULT: read_snm_v = 0.493812
sample 68 seed=L=268446464,R=357307189: RESULT: read_snm_v = 0.465059
sample 69 seed=L=126321610,R=912174093: RESULT: read_snm_v = 0.495969
sample 70 seed=L=1681355599,R=666981214: RESULT: read_snm_v = 0.491231
sample 71 seed=L=61065716,R=1228562684: RESULT: read_snm_v = 0.48586
sample 72 seed=L=188107621,R=1004417975: RESULT: read_snm_v = 0.503947
sample 73 seed=L=1585461950,R=618470708: RESULT: read_snm_v = 0.494766
sample 74 seed=L=1542458907,R=219000757: RESULT: read_snm_v = 0.461729
sample 75 seed=L=677334768,R=1549589432: RESULT: read_snm_v = 0.470709
sample 76 seed=L=1793983237,R=311600343: RESULT: read_snm_v = 0.492617
sample 77 seed=L=192550094,R=614963202: RESULT: read_snm_v = 0.437817
sample 78 seed=L=814689280,R=152778781: RESULT: read_snm_v = 0.507302
sample 79 seed=L=1822230754,R=214246793: RESULT: read_snm_v = 0.444318
sample 80 seed=L=1864261088,R=1708500364: RESULT: read_snm_v = 0.480666
sample 81 seed=L=732399087,R=707579591: RESULT: read_snm_v = 0.476353
sample 82 seed=L=89187467,R=1569754708: RESULT: read_snm_v = 0.466036
sample 83 seed=L=630585136,R=178235844: RESULT: read_snm_v = 0.45567
sample 84 seed=L=329431791,R=650809412: RESULT: read_snm_v = 0.495123
sample 85 seed=L=839327178,R=598716672: RESULT: read_snm_v = 0.483658
sample 86 seed=L=423287477,R=210644645: RESULT: read_snm_v = 0.493043
sample 87 seed=L=80242833,R=342819202: RESULT: read_snm_v = 0.480433
sample 88 seed=L=1168095640,R=736904102: RESULT: read_snm_v = 0.465003
sample 89 seed=L=640030551,R=7021209: RESULT: read_snm_v = 0.506148
sample 90 seed=L=490025174,R=424749594: RESULT: read_snm_v = 0.519462
sample 91 seed=L=1400821898,R=1456048398: RESULT: read_snm_v = 0.489247
sample 92 seed=L=1185495579,R=1209897170: RESULT: read_snm_v = 0.466484
sample 93 seed=L=264204779,R=856499901: RESULT: read_snm_v = 0.482984
sample 94 seed=L=959941047,R=452596102: RESULT: read_snm_v = 0.456271
sample 95 seed=L=131404367,R=11781062: RESULT: read_snm_v = 0.471705
sample 96 seed=L=291982088,R=1884655831: RESULT: read_snm_v = 0.473797
sample 97 seed=L=216888269,R=728231982: RESULT: read_snm_v = 0.47892
sample 98 seed=L=257169248,R=1176024876: RESULT: read_snm_v = 0.451206
sample 99 seed=L=699829928,R=1259657139: RESULT: read_snm_v = 0.492463
sample 100 seed=L=1956882401,R=8401886: RESULT: read_snm_v = 0.448259
sample 101 seed=L=1097497535,R=855435143: RESULT: read_snm_v = 0.458659
sample 102 seed=L=587110634,R=1629402083: RESULT: read_snm_v = 0.455263
sample 103 seed=L=1574282722,R=1093972966: RESULT: read_snm_v = 0.477288
sample 104 seed=L=623770152,R=558796994: RESULT: read_snm_v = 0.495866
sample 105 seed=L=1372116466,R=1544969930: RESULT: read_snm_v = 0.503429
sample 106 seed=L=1410126911,R=1641821252: RESULT: read_snm_v = 0.473893
sample 107 seed=L=368246997,R=1197540123: RESULT: read_snm_v = 0.467766
sample 108 seed=L=1917991710,R=1568798266: RESULT: read_snm_v = 0.459184
sample 109 seed=L=654535839,R=119296465: RESULT: read_snm_v = 0.483939
sample 110 seed=L=1558798077,R=743251909: RESULT: read_snm_v = 0.462039
sample 111 seed=L=11545672,R=1853099313: RESULT: read_snm_v = 0.453229
sample 112 seed=L=653540508,R=433799669: RESULT: read_snm_v = 0.454664
sample 113 seed=L=246380682,R=70911937: RESULT: read_snm_v = 0.446178
sample 114 seed=L=1133552114,R=1608023508: RESULT: read_snm_v = 0.471973
sample 115 seed=L=1277924284,R=1248224397: RESULT: read_snm_v = 0.461291
sample 116 seed=L=1160233909,R=902930778: RESULT: read_snm_v = 0.414922
sample 117 seed=L=393699565,R=101632115: RESULT: read_snm_v = 0.464386
sample 118 seed=L=150743707,R=1583711390: RESULT: read_snm_v = 0.510671
sample 119 seed=L=1319915644,R=736154325: RESULT: read_snm_v = 0.460507
sample 120 seed=L=64153492,R=871112020: RESULT: read_snm_v = 0.485351
sample 121 seed=L=1109956923,R=604036603: RESULT: read_snm_v = 0.469536
sample 122 seed=L=508821238,R=548858957: RESULT: read_snm_v = 0.480384
sample 123 seed=L=871733338,R=1559675032: RESULT: read_snm_v = 0.45662
sample 124 seed=L=1853131281,R=1613693441: RESULT: read_snm_v = 0.459571
sample 125 seed=L=54014247,R=252636260: RESULT: read_snm_v = 0.446772
sample 126 seed=L=1524392415,R=114725886: RESULT: read_snm_v = 0.485849
sample 127 seed=L=1530536800,R=1260628995: RESULT: read_snm_v = 0.469277
sample 128 seed=L=1520041666,R=436478863: RESULT: read_snm_v = 0.44664
sample 129 seed=L=1625977139,R=109003480: RESULT: read_snm_v = 0.486045
sample 130 seed=L=380783143,R=235559369: RESULT: read_snm_v = 0.479777
sample 131 seed=L=1230965111,R=1377049606: RESULT: read_snm_v = 0.493338
sample 132 seed=L=35944848,R=1515234852: RESULT: read_snm_v = 0.49665
sample 133 seed=L=232024380,R=634103791: RESULT: read_snm_v = 0.474798
sample 134 seed=L=1763287013,R=350878448: RESULT: read_snm_v = 0.456646
sample 135 seed=L=316759556,R=1433100275: RESULT: read_snm_v = 0.470691
sample 136 seed=L=665224591,R=531775224: RESULT: read_snm_v = 0.481231
sample 137 seed=L=126364782,R=1469195902: RESULT: read_snm_v = 0.456551
sample 138 seed=L=1693670022,R=217748001: RESULT: read_snm_v = 0.451823
sample 139 seed=L=1190449050,R=913344000: RESULT: read_snm_v = 0.441165
sample 140 seed=L=369951742,R=1238175925: RESULT: read_snm_v = 0.426342
sample 141 seed=L=1220482704,R=256244963: RESULT: read_snm_v = 0.469102
sample 142 seed=L=1792027892,R=315928633: RESULT: read_snm_v = 0.4781
sample 143 seed=L=752259165,R=1401377253: RESULT: read_snm_v = 0.45997
sample 144 seed=L=425578346,R=1045398075: RESULT: read_snm_v = 0.476682
sample 145 seed=L=1408868876,R=848218701: RESULT: read_snm_v = 0.459903
sample 146 seed=L=991979190,R=1765738258: RESULT: read_snm_v = 0.468818
sample 147 seed=L=270790381,R=22499550: RESULT: read_snm_v = 0.470099
sample 148 seed=L=171296945,R=1287505916: RESULT: read_snm_v = 0.491219
sample 149 seed=L=382354110,R=562519106: RESULT: read_snm_v = 0.465906
sample 150 seed=L=266544815,R=1578331306: RESULT: read_snm_v = 0.480246
sample 151 seed=L=885089099,R=259893961: RESULT: read_snm_v = 0.489397
sample 152 seed=L=1493320177,R=925756534: RESULT: read_snm_v = 0.452669
sample 153 seed=L=978838351,R=1775894386: RESULT: read_snm_v = 0.507586
sample 154 seed=L=1096226353,R=950087218: RESULT: read_snm_v = 0.444999
sample 155 seed=L=965874510,R=510018002: RESULT: read_snm_v = 0.454735
sample 156 seed=L=1788421440,R=30120827: RESULT: read_snm_v = 0.490398
sample 157 seed=L=1908470486,R=1005278599: RESULT: read_snm_v = 0.487068
sample 158 seed=L=1646855849,R=1015670157: RESULT: read_snm_v = 0.48068
sample 159 seed=L=1201791915,R=416928144: RESULT: read_snm_v = 0.463554
sample 160 seed=L=1792389011,R=864053285: RESULT: read_snm_v = 0.486038
sample 161 seed=L=1090439372,R=953675412: RESULT: read_snm_v = 0.48372
sample 162 seed=L=1032469965,R=1257447245: RESULT: read_snm_v = 0.483373
sample 163 seed=L=604907853,R=1853985738: RESULT: read_snm_v = 0.451012
sample 164 seed=L=1292651580,R=1534298819: RESULT: read_snm_v = 0.480376
sample 165 seed=L=230810952,R=379677963: RESULT: read_snm_v = 0.463077
sample 166 seed=L=221674205,R=1194668147: RESULT: read_snm_v = 0.458342
sample 167 seed=L=1042364913,R=1231867786: RESULT: read_snm_v = 0.446879
sample 168 seed=L=810320858,R=5113439: RESULT: read_snm_v = 0.467245
sample 169 seed=L=1520331820,R=551223417: RESULT: read_snm_v = 0.466107
sample 170 seed=L=553361190,R=1894239330: RESULT: read_snm_v = 0.455722
sample 171 seed=L=419065345,R=987634312: RESULT: read_snm_v = 0.493896
sample 172 seed=L=63863308,R=1091342151: RESULT: read_snm_v = 0.480802
sample 173 seed=L=8354353,R=1008639599: RESULT: read_snm_v = 0.476056
sample 174 seed=L=857785800,R=1382973770: RESULT: read_snm_v = 0.476632
sample 175 seed=L=1831836346,R=958508976: RESULT: read_snm_v = 0.48894
sample 176 seed=L=1622557609,R=1392720911: RESULT: read_snm_v = 0.456654
sample 177 seed=L=1325643734,R=1330212891: RESULT: read_snm_v = 0.428004
sample 178 seed=L=643620389,R=1606685740: RESULT: read_snm_v = 0.430973
sample 179 seed=L=585159876,R=1134471638: RESULT: read_snm_v = 0.462966
sample 180 seed=L=1389943117,R=1867197478: RESULT: read_snm_v = 0.437874
sample 181 seed=L=280898559,R=419496055: RESULT: read_snm_v = 0.477972
sample 182 seed=L=716551489,R=429502458: RESULT: read_snm_v = 0.443316
sample 183 seed=L=1172369725,R=1246671790: RESULT: read_snm_v = 0.489988
sample 184 seed=L=1343077865,R=761088216: RESULT: read_snm_v = 0.467464
sample 185 seed=L=1590018765,R=461507376: RESULT: read_snm_v = 0.443197
sample 186 seed=L=366346037,R=430303238: RESULT: read_snm_v = 0.478012
sample 187 seed=L=1006126580,R=86703728: RESULT: read_snm_v = 0.48467
sample 188 seed=L=890412476,R=708062005: RESULT: read_snm_v = 0.461127
sample 189 seed=L=758501266,R=90498463: RESULT: read_snm_v = 0.472837
sample 190 seed=L=1858951794,R=1481647285: RESULT: read_snm_v = 0.464886
sample 191 seed=L=1790833446,R=1208172021: RESULT: read_snm_v = 0.478534
sample 192 seed=L=805173736,R=248964148: RESULT: read_snm_v = 0.489415
sample 193 seed=L=503980592,R=1458688189: RESULT: read_snm_v = 0.476382
sample 194 seed=L=597959412,R=1880549572: RESULT: read_snm_v = 0.467265
sample 195 seed=L=523762051,R=579827526: RESULT: read_snm_v = 0.491103
sample 196 seed=L=461606028,R=530220151: RESULT: read_snm_v = 0.46064
sample 197 seed=L=467398861,R=1739070912: RESULT: read_snm_v = 0.484367
sample 198 seed=L=253043388,R=850766358: RESULT: read_snm_v = 0.467655
sample 199 seed=L=321808375,R=956578468: RESULT: read_snm_v = 0.500709

=== corner ss_25c_2.97v -- determinism control (sw_stat_mismatch=0) ===
sample 0 seed=L=50978174,R=486804791: RESULT: read_snm_v = 0.475538
sample 1 seed=L=1973047242,R=456028777: RESULT: read_snm_v = 0.475538
sample 2 seed=L=1439197838,R=1259174627: RESULT: read_snm_v = 0.475538
sample 3 seed=L=1630636533,R=1970639172: RESULT: read_snm_v = 0.475538

=== corner ss_25c_2.97v -- negative control (known-bad variant: sw_stat_mismatch=20, i.e. per-instance Vt/current-factor mismatch drawn at 20x the PDK's own sigma (docs/cli/yield.md's 'a mismatch seed pushed past spec')) ===
sample 0 seed=L=1374848277,R=1560756356: RESULT: read_snm_v = 0.207866
sample 1 seed=L=861644960,R=655490919: RESULT: read_snm_v = 0.496665
sample 2 seed=L=1339685853,R=1262736371: OPEN -- L: expected data file read_snm_sweep.txt not produced (ngspice exit 1)
sample 3 seed=L=611352238,R=1322652822: RESULT: read_snm_v = 0.530643
sample 4 seed=L=84735713,R=982544080: RESULT: read_snm_v = -0.062665
sample 5 seed=L=653448815,R=159664528: RESULT: read_snm_v = 0.439985
sample 6 seed=L=1196292323,R=506572139: RESULT: read_snm_v = -0.062122
sample 7 seed=L=1367133156,R=1985891699: OPEN -- L: expected data file read_snm_sweep.txt not produced (ngspice exit 1)
sample 8 seed=L=109909462,R=198405628: RESULT: read_snm_v = 0.624981
sample 9 seed=L=1811319864,R=28106479: RESULT: read_snm_v = 0.19409
sample 10 seed=L=101468690,R=1635591542: RESULT: read_snm_v = 0.803205
sample 11 seed=L=331412027,R=1928629538: RESULT: read_snm_v = 0.541059
sample 12 seed=L=874535921,R=1559205383: RESULT: read_snm_v = 0.805307
sample 13 seed=L=1286441144,R=754916572: RESULT: read_snm_v = -0.059987
sample 14 seed=L=239307336,R=1725741026: RESULT: read_snm_v = 0.21398
sample 15 seed=L=401620678,R=1466786653: OPEN -- L: expected data file read_snm_sweep.txt not produced (ngspice exit 1)
sample 16 seed=L=1107527064,R=337684973: RESULT: read_snm_v = 0.524869
sample 17 seed=L=1023180253,R=1730839448: RESULT: read_snm_v = 0.238174
sample 18 seed=L=335021628,R=1367157971: RESULT: read_snm_v = 0.318581
sample 19 seed=L=585920873,R=800336044: RESULT: read_snm_v = 0.432943
sample 20 seed=L=1780521897,R=1354658367: RESULT: read_snm_v = 0.349977
sample 21 seed=L=399303868,R=641694958: RESULT: read_snm_v = 0.510782
sample 22 seed=L=984472212,R=1195933624: RESULT: read_snm_v = 0.064544
sample 23 seed=L=1573389829,R=511208097: RESULT: read_snm_v = 0.460276
sample 24 seed=L=957753738,R=1286109011: RESULT: read_snm_v = 0.345538
sample 25 seed=L=219961090,R=1234018260: RESULT: read_snm_v = 0.88062
sample 26 seed=L=1461321681,R=1214389234: RESULT: read_snm_v = 0.467598
sample 27 seed=L=769374370,R=1329052214: OPEN -- R: expected data file read_snm_sweep.txt not produced (ngspice exit 1)
sample 28 seed=L=1295797742,R=1501149397: RESULT: read_snm_v = -0.061455
sample 29 seed=L=1922999671,R=27351382: RESULT: read_snm_v = 0.303803
sample 30 seed=L=1006517876,R=1493410612: RESULT: read_snm_v = 0.222928
sample 31 seed=L=1537648305,R=415412521: RESULT: read_snm_v = 0.706462
sample 32 seed=L=1575721856,R=121696913: RESULT: read_snm_v = 0.731328
sample 33 seed=L=1872565426,R=380866593: RESULT: read_snm_v = -0.059718
sample 34 seed=L=210809449,R=392264331: RESULT: read_snm_v = 0.103489
sample 35 seed=L=271422020,R=185676814: RESULT: read_snm_v = -0.06161
sample 36 seed=L=177463561,R=708465082: RESULT: read_snm_v = 0.41158
sample 37 seed=L=1189497824,R=188829451: RESULT: read_snm_v = 0.07241
sample 38 seed=L=1310361202,R=1394872022: RESULT: read_snm_v = 0.220313
sample 39 seed=L=1507651762,R=94834007: RESULT: read_snm_v = 0.409789
sample 40 seed=L=1658489057,R=1284459326: RESULT: read_snm_v = -0.05979
sample 41 seed=L=98977562,R=437617337: RESULT: read_snm_v = 0.224748
sample 42 seed=L=664047841,R=1608991069: RESULT: read_snm_v = 0.431863
sample 43 seed=L=1633688846,R=295604276: RESULT: read_snm_v = 0.418181
sample 44 seed=L=215076033,R=1543841842: RESULT: read_snm_v = 0.33381
sample 45 seed=L=1855788887,R=1138678394: RESULT: read_snm_v = 0.092586
sample 46 seed=L=582194800,R=380460140: RESULT: read_snm_v = 0.133988
sample 47 seed=L=1079750095,R=1779474840: RESULT: read_snm_v = 0.679091
sample 48 seed=L=613817925,R=1396163725: RESULT: read_snm_v = 0.339476
sample 49 seed=L=1151211743,R=660002573: RESULT: read_snm_v = -0.061072
sample 50 seed=L=49431059,R=634749951: RESULT: read_snm_v = 0.582021
sample 51 seed=L=1894929543,R=1570640065: RESULT: read_snm_v = 0.328613
sample 52 seed=L=1975475595,R=1299127119: RESULT: read_snm_v = -0.061245
sample 53 seed=L=1694549367,R=408426737: RESULT: read_snm_v = 0.483396
sample 54 seed=L=1777400096,R=1414344347: RESULT: read_snm_v = 0.601183
sample 55 seed=L=1576497072,R=353728142: RESULT: read_snm_v = -0.059896
sample 56 seed=L=1082882944,R=833705062: RESULT: read_snm_v = -0.059424
sample 57 seed=L=1184149055,R=267723096: RESULT: read_snm_v = 0.18919
sample 58 seed=L=1863646617,R=1520801780: RESULT: read_snm_v = -0.06
sample 59 seed=L=1092140005,R=1409494340: RESULT: read_snm_v = 0.648116
sample 60 seed=L=1032566691,R=1270402549: RESULT: read_snm_v = 0.439201
sample 61 seed=L=1357472819,R=310792067: RESULT: read_snm_v = 0.299655
sample 62 seed=L=1762268731,R=1444475473: RESULT: read_snm_v = 0.011799
sample 63 seed=L=424645072,R=694078470: RESULT: read_snm_v = -0.062027
sample 64 seed=L=629269672,R=409208443: RESULT: read_snm_v = 0.398918
sample 65 seed=L=775502357,R=1349120706: RESULT: read_snm_v = 0.452163
sample 66 seed=L=618607691,R=1383550750: RESULT: read_snm_v = -0.059569
sample 67 seed=L=546214302,R=1495325298: RESULT: read_snm_v = 0.151187
sample 68 seed=L=1504716072,R=812593868: RESULT: read_snm_v = 0.465063
sample 69 seed=L=508374385,R=597614934: RESULT: read_snm_v = 0.349961
sample 70 seed=L=186251384,R=1095080388: RESULT: read_snm_v = 0.860309
sample 71 seed=L=97402354,R=16817227: RESULT: read_snm_v = -0.06
sample 72 seed=L=1239979071,R=152303143: RESULT: read_snm_v = 0.082929
sample 73 seed=L=1806839316,R=1128206113: OPEN -- L: expected data file read_snm_sweep.txt not produced (ngspice exit 1)
sample 74 seed=L=815083523,R=976484577: RESULT: read_snm_v = -0.053297
sample 75 seed=L=404453078,R=1624426481: RESULT: read_snm_v = 0.518829
sample 76 seed=L=1500345876,R=1049800846: RESULT: read_snm_v = 0.480423
sample 77 seed=L=1163252240,R=1534907879: RESULT: read_snm_v = 0.633423
sample 78 seed=L=1457916155,R=539556484: RESULT: read_snm_v = 0.64192
sample 79 seed=L=705418609,R=763374124: RESULT: read_snm_v = -0.06421
sample 80 seed=L=1900669700,R=1472126485: RESULT: read_snm_v = 0.229139
sample 81 seed=L=718396799,R=290375066: RESULT: read_snm_v = 0.192984
sample 82 seed=L=15348356,R=102737621: RESULT: read_snm_v = 0.738312
sample 83 seed=L=1442716281,R=863702839: RESULT: read_snm_v = 0.182591
sample 84 seed=L=189250471,R=1145783681: RESULT: read_snm_v = -0.018411
sample 85 seed=L=1683533117,R=1590308185: RESULT: read_snm_v = 0.311222
sample 86 seed=L=1401460117,R=784410596: RESULT: read_snm_v = 0.770988
sample 87 seed=L=932923315,R=139245990: RESULT: read_snm_v = -0.059849
sample 88 seed=L=283577589,R=1497282267: RESULT: read_snm_v = 1.058216
sample 89 seed=L=95198737,R=849015871: RESULT: read_snm_v = -0.06
sample 90 seed=L=1465952071,R=1479874271: RESULT: read_snm_v = 0.3534
sample 91 seed=L=1690247193,R=881003265: RESULT: read_snm_v = 0.318656
sample 92 seed=L=833459332,R=52143405: RESULT: read_snm_v = 0.9473
sample 93 seed=L=791211988,R=1663453669: RESULT: read_snm_v = -0.061058
sample 94 seed=L=1274545680,R=306307469: RESULT: read_snm_v = -0.061134
sample 95 seed=L=1979841444,R=470678382: RESULT: read_snm_v = -0.059575
sample 96 seed=L=977210946,R=1735263929: RESULT: read_snm_v = 0.342029
sample 97 seed=L=885900233,R=545169737: OPEN -- L: expected data file read_snm_sweep.txt not produced (ngspice exit 1)
sample 98 seed=L=698144498,R=488822843: RESULT: read_snm_v = 0.277779
sample 99 seed=L=85381679,R=723796250: RESULT: read_snm_v = 0.382871
