=== corner tt_-40c_3.63v -- mismatch samples (sw_stat_mismatch=1) ===
sample 0 seed=L=459526048,R=1118394036: RESULT: read_snm_v = 0.450008
sample 1 seed=L=1217717142,R=67050673: RESULT: read_snm_v = 0.500171
sample 2 seed=L=205797828,R=200193196: RESULT: read_snm_v = 0.466062
sample 3 seed=L=705696996,R=1629632257: RESULT: read_snm_v = 0.451443
sample 4 seed=L=494836349,R=1756563490: RESULT: read_snm_v = 0.457243
sample 5 seed=L=1184088633,R=1193553338: RESULT: read_snm_v = 0.441797
sample 6 seed=L=750118061,R=799859592: RESULT: read_snm_v = 0.452435
sample 7 seed=L=1510978246,R=1370450583: RESULT: read_snm_v = 0.430087
sample 8 seed=L=1612677979,R=800855833: RESULT: read_snm_v = 0.436409
sample 9 seed=L=746738767,R=1820500964: RESULT: read_snm_v = 0.442534
sample 10 seed=L=583538026,R=1473769007: RESULT: read_snm_v = 0.463055
sample 11 seed=L=1161882399,R=158583785: RESULT: read_snm_v = 0.480125
sample 12 seed=L=1968296622,R=1291572864: RESULT: read_snm_v = 0.480979
sample 13 seed=L=1937803395,R=545127357: RESULT: read_snm_v = 0.474684
sample 14 seed=L=1938241078,R=281132547: RESULT: read_snm_v = 0.470737
sample 15 seed=L=356160745,R=47828043: RESULT: read_snm_v = 0.436603
sample 16 seed=L=134702861,R=626824997: RESULT: read_snm_v = 0.436149
sample 17 seed=L=11565478,R=1029435569: RESULT: read_snm_v = 0.491676
sample 18 seed=L=464563921,R=815295288: RESULT: read_snm_v = 0.446012
sample 19 seed=L=1473118832,R=1542525977: RESULT: read_snm_v = 0.468916
sample 20 seed=L=1290728099,R=1177831662: RESULT: read_snm_v = 0.409953
sample 21 seed=L=350041572,R=107408454: RESULT: read_snm_v = 0.453247
sample 22 seed=L=235427842,R=287069481: RESULT: read_snm_v = 0.448297
sample 23 seed=L=1100122317,R=1779363496: RESULT: read_snm_v = 0.482659
sample 24 seed=L=452177041,R=1638913379: RESULT: read_snm_v = 0.433352
sample 25 seed=L=1014912668,R=1864168075: RESULT: read_snm_v = 0.46472
sample 26 seed=L=310656363,R=1832114238: RESULT: read_snm_v = 0.398814
sample 27 seed=L=940579234,R=889140275: RESULT: read_snm_v = 0.456168
sample 28 seed=L=961151192,R=585985304: RESULT: read_snm_v = 0.443428
sample 29 seed=L=40736742,R=1745079711: RESULT: read_snm_v = 0.463875
sample 30 seed=L=155852998,R=1462762999: RESULT: read_snm_v = 0.448295
sample 31 seed=L=193278252,R=1392475902: RESULT: read_snm_v = 0.489992
sample 32 seed=L=201034734,R=72091742: RESULT: read_snm_v = 0.464573
sample 33 seed=L=1275996388,R=604105454: RESULT: read_snm_v = 0.468822
sample 34 seed=L=1144675235,R=1764578641: RESULT: read_snm_v = 0.448304
sample 35 seed=L=1445349984,R=114158230: RESULT: read_snm_v = 0.452336
sample 36 seed=L=554739562,R=134412829: RESULT: read_snm_v = 0.511325
sample 37 seed=L=950740328,R=1625333816: RESULT: read_snm_v = 0.458577
sample 38 seed=L=1451321785,R=19466027: RESULT: read_snm_v = 0.450499
sample 39 seed=L=1983204646,R=211867980: RESULT: read_snm_v = 0.459288
sample 40 seed=L=681662117,R=939118586: RESULT: read_snm_v = 0.478993
sample 41 seed=L=1491422379,R=196896762: RESULT: read_snm_v = 0.459537
sample 42 seed=L=114024792,R=372140016: RESULT: read_snm_v = 0.470547
sample 43 seed=L=120792106,R=1990240793: RESULT: read_snm_v = 0.445969
sample 44 seed=L=1766100427,R=246014926: RESULT: read_snm_v = 0.46108
sample 45 seed=L=655172350,R=507773338: RESULT: read_snm_v = 0.479151
sample 46 seed=L=834985010,R=626821854: RESULT: read_snm_v = 0.457552
sample 47 seed=L=1488143598,R=737727767: RESULT: read_snm_v = 0.428283
sample 48 seed=L=1839121599,R=870840617: RESULT: read_snm_v = 0.448408
sample 49 seed=L=251274423,R=788258266: RESULT: read_snm_v = 0.51655
sample 50 seed=L=1531484380,R=1430253885: RESULT: read_snm_v = 0.465207
sample 51 seed=L=873145906,R=1516382414: RESULT: read_snm_v = 0.492194
sample 52 seed=L=1821056138,R=1752294849: RESULT: read_snm_v = 0.451473
sample 53 seed=L=688400238,R=489026103: RESULT: read_snm_v = 0.467791
sample 54 seed=L=1573429371,R=38989365: RESULT: read_snm_v = 0.466045
sample 55 seed=L=375634160,R=1549957468: RESULT: read_snm_v = 0.471254
sample 56 seed=L=1836316532,R=746742067: RESULT: read_snm_v = 0.453075
sample 57 seed=L=1634117737,R=1997690337: RESULT: read_snm_v = 0.432245
sample 58 seed=L=1277821757,R=1610954975: RESULT: read_snm_v = 0.483942
sample 59 seed=L=9648615,R=317031081: RESULT: read_snm_v = 0.467869
sample 60 seed=L=34952085,R=1747734715: RESULT: read_snm_v = 0.423897
sample 61 seed=L=332643293,R=657559621: RESULT: read_snm_v = 0.450165
sample 62 seed=L=427150451,R=241270548: RESULT: read_snm_v = 0.477147
sample 63 seed=L=1615578715,R=661402988: RESULT: read_snm_v = 0.436486
sample 64 seed=L=1674515653,R=1179512964: RESULT: read_snm_v = 0.467535
sample 65 seed=L=693084517,R=1160883917: RESULT: read_snm_v = 0.474459
sample 66 seed=L=100839010,R=727975665: RESULT: read_snm_v = 0.462023
sample 67 seed=L=1270834959,R=1788465457: RESULT: read_snm_v = 0.450751
sample 68 seed=L=1155323191,R=677520393: RESULT: read_snm_v = 0.424799
sample 69 seed=L=459074335,R=1352404254: RESULT: read_snm_v = 0.456925
sample 70 seed=L=343767106,R=583498422: RESULT: read_snm_v = 0.455928
sample 71 seed=L=895472009,R=458695491: RESULT: read_snm_v = 0.475886
sample 72 seed=L=1879002673,R=1304088698: RESULT: read_snm_v = 0.410921
sample 73 seed=L=636351819,R=1547169658: RESULT: read_snm_v = 0.471955
sample 74 seed=L=1555640552,R=1422093370: RESULT: read_snm_v = 0.449647
sample 75 seed=L=1962719686,R=146015532: RESULT: read_snm_v = 0.463462
sample 76 seed=L=1567847245,R=1560836610: RESULT: read_snm_v = 0.474041
sample 77 seed=L=63540409,R=470516793: RESULT: read_snm_v = 0.486913
sample 78 seed=L=628905440,R=299084756: RESULT: read_snm_v = 0.48124
sample 79 seed=L=244621451,R=451435631: RESULT: read_snm_v = 0.452854
sample 80 seed=L=787185257,R=735497566: RESULT: read_snm_v = 0.42248
sample 81 seed=L=1231620653,R=767303591: RESULT: read_snm_v = 0.469547
sample 82 seed=L=55629910,R=1151317220: RESULT: read_snm_v = 0.421925
sample 83 seed=L=246698312,R=147215216: RESULT: read_snm_v = 0.460921
sample 84 seed=L=62328812,R=1149303801: RESULT: read_snm_v = 0.438033
sample 85 seed=L=159081568,R=1833130220: RESULT: read_snm_v = 0.503601
sample 86 seed=L=683288882,R=182684620: RESULT: read_snm_v = 0.446037
sample 87 seed=L=1060427650,R=1120315782: RESULT: read_snm_v = 0.437504
sample 88 seed=L=1190802622,R=1446895562: RESULT: read_snm_v = 0.486421
sample 89 seed=L=780934733,R=73056223: RESULT: read_snm_v = 0.458074
sample 90 seed=L=1229903912,R=1912306752: RESULT: read_snm_v = 0.458811
sample 91 seed=L=369154748,R=1239005116: RESULT: read_snm_v = 0.44444
sample 92 seed=L=664079137,R=666233988: RESULT: read_snm_v = 0.482968
sample 93 seed=L=1318007344,R=49516051: RESULT: read_snm_v = 0.424175
sample 94 seed=L=1198808373,R=196897423: RESULT: read_snm_v = 0.450184
sample 95 seed=L=1504422701,R=680873776: RESULT: read_snm_v = 0.42661
sample 96 seed=L=1094145597,R=1282396492: RESULT: read_snm_v = 0.47368
sample 97 seed=L=1784205634,R=63537881: RESULT: read_snm_v = 0.428286
sample 98 seed=L=1065722655,R=236880603: RESULT: read_snm_v = 0.476034
sample 99 seed=L=1310796587,R=612626085: RESULT: read_snm_v = 0.427047
sample 100 seed=L=1613730634,R=121111183: RESULT: read_snm_v = 0.46333
sample 101 seed=L=234622578,R=1040853432: RESULT: read_snm_v = 0.455589
sample 102 seed=L=263300100,R=48901765: RESULT: read_snm_v = 0.472137
sample 103 seed=L=180233838,R=749318373: RESULT: read_snm_v = 0.456109
sample 104 seed=L=183363301,R=1772958704: RESULT: read_snm_v = 0.372573
sample 105 seed=L=304122705,R=701666954: RESULT: read_snm_v = 0.457117
sample 106 seed=L=348888688,R=1707251107: RESULT: read_snm_v = 0.461915
sample 107 seed=L=121070175,R=687999963: RESULT: read_snm_v = 0.444785
sample 108 seed=L=120579855,R=546815740: RESULT: read_snm_v = 0.50747
sample 109 seed=L=490722556,R=1335568719: RESULT: read_snm_v = 0.420398
sample 110 seed=L=274992003,R=669947985: RESULT: read_snm_v = 0.466547
sample 111 seed=L=1660260732,R=1361227738: RESULT: read_snm_v = 0.483027
sample 112 seed=L=163255213,R=1187627462: RESULT: read_snm_v = 0.458108
sample 113 seed=L=823792634,R=665874479: RESULT: read_snm_v = 0.465569
sample 114 seed=L=971210505,R=997296226: RESULT: read_snm_v = 0.449548
sample 115 seed=L=742710616,R=704588902: RESULT: read_snm_v = 0.429561
sample 116 seed=L=1608853130,R=1717607756: RESULT: read_snm_v = 0.442082
sample 117 seed=L=1480228109,R=999732452: RESULT: read_snm_v = 0.492294
sample 118 seed=L=1134371203,R=1185674676: RESULT: read_snm_v = 0.470865
sample 119 seed=L=848652562,R=559030008: RESULT: read_snm_v = 0.437037
sample 120 seed=L=245297506,R=998560987: RESULT: read_snm_v = 0.444628
sample 121 seed=L=250019841,R=160088287: RESULT: read_snm_v = 0.475043
sample 122 seed=L=196751157,R=92506412: RESULT: read_snm_v = 0.440062
sample 123 seed=L=1259981009,R=1795692121: RESULT: read_snm_v = 0.479585
sample 124 seed=L=1555441825,R=1308266206: RESULT: read_snm_v = 0.448876
sample 125 seed=L=234183209,R=1759576817: RESULT: read_snm_v = 0.451026
sample 126 seed=L=778368317,R=1891928773: RESULT: read_snm_v = 0.463484
sample 127 seed=L=1420140141,R=212956784: RESULT: read_snm_v = 0.43176
sample 128 seed=L=859758554,R=397633972: RESULT: read_snm_v = 0.390917
sample 129 seed=L=1266864759,R=471704064: RESULT: read_snm_v = 0.439792
sample 130 seed=L=1930055655,R=722831131: RESULT: read_snm_v = 0.468897
sample 131 seed=L=979717042,R=951056505: RESULT: read_snm_v = 0.474976
sample 132 seed=L=1470590205,R=619741130: RESULT: read_snm_v = 0.50069
sample 133 seed=L=1198583945,R=475867592: RESULT: read_snm_v = 0.428472
sample 134 seed=L=1902847707,R=1972052091: RESULT: read_snm_v = 0.453618
sample 135 seed=L=501760558,R=653099902: RESULT: read_snm_v = 0.500238
sample 136 seed=L=1957485800,R=1681441412: RESULT: read_snm_v = 0.414407
sample 137 seed=L=322391182,R=828310017: RESULT: read_snm_v = 0.443003
sample 138 seed=L=1110552062,R=1115188821: RESULT: read_snm_v = 0.493352
sample 139 seed=L=822573999,R=938452262: RESULT: read_snm_v = 0.465162
sample 140 seed=L=162557352,R=465289465: RESULT: read_snm_v = 0.479816
sample 141 seed=L=462440849,R=820111572: RESULT: read_snm_v = 0.456361
sample 142 seed=L=1963708190,R=675889521: RESULT: read_snm_v = 0.465657
sample 143 seed=L=982133847,R=1560109398: RESULT: read_snm_v = 0.41564
sample 144 seed=L=1043614514,R=646345873: RESULT: read_snm_v = 0.454476
sample 145 seed=L=808158268,R=607382161: RESULT: read_snm_v = 0.408395
sample 146 seed=L=1726754092,R=1818779106: RESULT: read_snm_v = 0.46038
sample 147 seed=L=1562394348,R=286178823: RESULT: read_snm_v = 0.4254
sample 148 seed=L=899137849,R=343995461: RESULT: read_snm_v = 0.473726
sample 149 seed=L=1515438252,R=757043327: RESULT: read_snm_v = 0.473796
sample 150 seed=L=1689806164,R=1558781111: RESULT: read_snm_v = 0.456996
sample 151 seed=L=1434113830,R=937848181: RESULT: read_snm_v = 0.458908
sample 152 seed=L=1057435823,R=1736733407: RESULT: read_snm_v = 0.468601
sample 153 seed=L=581346781,R=264875570: RESULT: read_snm_v = 0.466977
sample 154 seed=L=139294364,R=83054089: RESULT: read_snm_v = 0.42621
sample 155 seed=L=1309372261,R=1073487692: RESULT: read_snm_v = 0.438764
sample 156 seed=L=1582944278,R=216883200: RESULT: read_snm_v = 0.477091
sample 157 seed=L=1297198235,R=552601291: RESULT: read_snm_v = 0.45408
sample 158 seed=L=358517000,R=1483939962: RESULT: read_snm_v = 0.473256
sample 159 seed=L=643779268,R=1647641541: RESULT: read_snm_v = 0.426626
sample 160 seed=L=1636362688,R=437304586: RESULT: read_snm_v = 0.41741
sample 161 seed=L=1525369596,R=1258136624: RESULT: read_snm_v = 0.447688
sample 162 seed=L=72862386,R=1368729267: RESULT: read_snm_v = 0.456608
sample 163 seed=L=984576069,R=669821214: RESULT: read_snm_v = 0.411714
sample 164 seed=L=245376317,R=1931712814: RESULT: read_snm_v = 0.458972
sample 165 seed=L=1929195753,R=320156933: RESULT: read_snm_v = 0.454141
sample 166 seed=L=1964873493,R=1325775698: RESULT: read_snm_v = 0.423139
sample 167 seed=L=371391911,R=1586103076: RESULT: read_snm_v = 0.410606
sample 168 seed=L=599255403,R=635661772: RESULT: read_snm_v = 0.43456
sample 169 seed=L=1200968429,R=1977085375: RESULT: read_snm_v = 0.482131
sample 170 seed=L=1549073305,R=1064808352: RESULT: read_snm_v = 0.451283
sample 171 seed=L=173752125,R=387897293: RESULT: read_snm_v = 0.453225
sample 172 seed=L=441342772,R=1974972680: RESULT: read_snm_v = 0.444087
sample 173 seed=L=37328920,R=1308422145: RESULT: read_snm_v = 0.463662
sample 174 seed=L=434289111,R=521899638: RESULT: read_snm_v = 0.4278
sample 175 seed=L=109786819,R=156665697: RESULT: read_snm_v = 0.463152
sample 176 seed=L=1699702447,R=960760149: RESULT: read_snm_v = 0.412818
sample 177 seed=L=1320760637,R=946434195: RESULT: read_snm_v = 0.439098
sample 178 seed=L=103278071,R=1571417767: RESULT: read_snm_v = 0.393079
sample 179 seed=L=306142063,R=1520061213: RESULT: read_snm_v = 0.443832
sample 180 seed=L=135659606,R=128049136: RESULT: read_snm_v = 0.45922
sample 181 seed=L=1857202784,R=1320184487: RESULT: read_snm_v = 0.494801
sample 182 seed=L=339089204,R=1712944089: RESULT: read_snm_v = 0.44364
sample 183 seed=L=53885359,R=1599341548: RESULT: read_snm_v = 0.419792
sample 184 seed=L=1957963211,R=1886160418: RESULT: read_snm_v = 0.446307
sample 185 seed=L=1265682579,R=1810419682: RESULT: read_snm_v = 0.415767
sample 186 seed=L=401473075,R=333139374: RESULT: read_snm_v = 0.463799
sample 187 seed=L=73635560,R=415076677: RESULT: read_snm_v = 0.477863
sample 188 seed=L=1700184824,R=892778363: RESULT: read_snm_v = 0.443334
sample 189 seed=L=1021564440,R=629831642: RESULT: read_snm_v = 0.459173
sample 190 seed=L=1620407824,R=1580142963: RESULT: read_snm_v = 0.465459
sample 191 seed=L=931259176,R=1692804160: RESULT: read_snm_v = 0.468855
sample 192 seed=L=53798385,R=1621547739: RESULT: read_snm_v = 0.427211
sample 193 seed=L=1430805391,R=966844360: RESULT: read_snm_v = 0.484483
sample 194 seed=L=1618088254,R=229349321: RESULT: read_snm_v = 0.428501
sample 195 seed=L=6115743,R=80100000: RESULT: read_snm_v = 0.481888
sample 196 seed=L=1800685788,R=818221308: RESULT: read_snm_v = 0.465953
sample 197 seed=L=543778596,R=1709299888: RESULT: read_snm_v = 0.438707
sample 198 seed=L=171166495,R=714025176: RESULT: read_snm_v = 0.449844
sample 199 seed=L=500551669,R=1805645367: RESULT: read_snm_v = 0.445791

=== corner tt_-40c_3.63v -- determinism control (sw_stat_mismatch=0) ===
sample 0 seed=L=571806101,R=44109001: RESULT: read_snm_v = 0.45802
sample 1 seed=L=1636744832,R=1630915345: RESULT: read_snm_v = 0.45802
sample 2 seed=L=275900996,R=1479678396: RESULT: read_snm_v = 0.45802
sample 3 seed=L=1516778351,R=1408761415: RESULT: read_snm_v = 0.45802

=== corner tt_-40c_3.63v -- negative control (known-bad variant: sw_stat_mismatch=20, i.e. per-instance Vt/current-factor mismatch drawn at 20x the PDK's own sigma (docs/cli/yield.md's 'a mismatch seed pushed past spec')) ===
sample 0 seed=L=485128542,R=375040862: RESULT: read_snm_v = 0.94552
sample 1 seed=L=1765502986,R=1153680447: RESULT: read_snm_v = -0.073204
sample 2 seed=L=632915011,R=228680642: RESULT: read_snm_v = 0.22877
sample 3 seed=L=629076148,R=912554016: RESULT: read_snm_v = -0.071138
sample 4 seed=L=191189953,R=617131151: RESULT: read_snm_v = 0.21222
sample 5 seed=L=1602330292,R=523338871: RESULT: read_snm_v = 0.740335
sample 6 seed=L=562690483,R=869806015: RESULT: read_snm_v = 0.277807
sample 7 seed=L=1028502281,R=1047689902: RESULT: read_snm_v = 0.039737
sample 8 seed=L=285609389,R=1801647167: RESULT: read_snm_v = -0.072613
sample 9 seed=L=827324428,R=584952325: RESULT: read_snm_v = 0.415078
sample 10 seed=L=15008496,R=276328345: RESULT: read_snm_v = 0.70754
sample 11 seed=L=1148460834,R=410293917: RESULT: read_snm_v = 0.040401
sample 12 seed=L=419475448,R=1588117073: RESULT: read_snm_v = 0.538955
sample 13 seed=L=1598953523,R=1063237939: RESULT: read_snm_v = 0.010684
sample 14 seed=L=1538264741,R=1678618914: RESULT: read_snm_v = 0.10029
sample 15 seed=L=758165711,R=107973847: RESULT: read_snm_v = -0.073253
sample 16 seed=L=1509781707,R=117791464: RESULT: read_snm_v = 0.10077
sample 17 seed=L=1311917907,R=883023313: RESULT: read_snm_v = -0.073456
sample 18 seed=L=1756612121,R=1774329050: RESULT: read_snm_v = 0.324998
sample 19 seed=L=994668532,R=858904821: RESULT: read_snm_v = 0.43246
sample 20 seed=L=380981684,R=504088325: RESULT: read_snm_v = 0.845137
sample 21 seed=L=1153207307,R=1047810389: OPEN -- L: expected data file read_snm_sweep.txt not produced (ngspice exit 1)
sample 22 seed=L=176917485,R=379502387: RESULT: read_snm_v = 0.853348
sample 23 seed=L=1748478907,R=952851207: OPEN -- L: expected data file read_snm_sweep.txt not produced (ngspice exit 1)
sample 24 seed=L=1601149698,R=572338762: RESULT: read_snm_v = -0.076099
sample 25 seed=L=964531322,R=1565117302: RESULT: read_snm_v = 0.141857
sample 26 seed=L=545713796,R=650142350: RESULT: read_snm_v = 0.609417
sample 27 seed=L=1369185535,R=1479887239: RESULT: read_snm_v = 0.717433
sample 28 seed=L=1106130362,R=214847875: RESULT: read_snm_v = -0.073155
sample 29 seed=L=116161305,R=488683918: RESULT: read_snm_v = -0.074819
sample 30 seed=L=795034451,R=669109101: RESULT: read_snm_v = 0.506356
sample 31 seed=L=1509524738,R=1475763679: RESULT: read_snm_v = 0.418112
sample 32 seed=L=1876019670,R=1638343954: RESULT: read_snm_v = 0.015522
sample 33 seed=L=1334564013,R=548972981: RESULT: read_snm_v = 0.433279
sample 34 seed=L=815393336,R=1108324441: RESULT: read_snm_v = 0.569972
sample 35 seed=L=836902715,R=1579646991: OPEN -- R: expected data file read_snm_sweep.txt not produced (ngspice exit 1)
sample 36 seed=L=598821432,R=968458096: RESULT: read_snm_v = 0.11551
sample 37 seed=L=447862453,R=1273256914: RESULT: read_snm_v = 0.586197
sample 38 seed=L=187508994,R=509831809: RESULT: read_snm_v = 0.841771
sample 39 seed=L=887143280,R=1864007865: RESULT: read_snm_v = -0.073995
sample 40 seed=L=1180565610,R=1934024799: RESULT: read_snm_v = 0.339221
sample 41 seed=L=1751007421,R=668433554: RESULT: read_snm_v = 0.064578
sample 42 seed=L=621034112,R=1777716403: RESULT: read_snm_v = 0.414043
sample 43 seed=L=380472578,R=606577179: OPEN -- R: expected data file read_snm_sweep.txt not produced (ngspice exit 1)
sample 44 seed=L=1894747811,R=1377701462: RESULT: read_snm_v = -0.071241
sample 45 seed=L=1912015920,R=1335435081: RESULT: read_snm_v = 0.4047
sample 46 seed=L=699503425,R=357436960: RESULT: read_snm_v = -0.0732
sample 47 seed=L=1074732750,R=283868675: RESULT: read_snm_v = 0.048876
sample 48 seed=L=125713716,R=75600573: OPEN -- L: expected data file read_snm_sweep.txt not produced (ngspice exit 1)
sample 49 seed=L=585786087,R=133487577: RESULT: read_snm_v = -0.073168
sample 50 seed=L=1345256013,R=1909241006: RESULT: read_snm_v = 0.172843
sample 51 seed=L=27467090,R=882763515: RESULT: read_snm_v = 0.363909
sample 52 seed=L=227663238,R=1574955811: RESULT: read_snm_v = 0.695374
sample 53 seed=L=879968225,R=28780603: RESULT: read_snm_v = -0.075
sample 54 seed=L=88377330,R=1435545201: RESULT: read_snm_v = -0.007837
sample 55 seed=L=69049490,R=180866561: RESULT: read_snm_v = 0.345754
sample 56 seed=L=10563722,R=1467448831: RESULT: read_snm_v = -0.073555
sample 57 seed=L=366259489,R=838397017: RESULT: read_snm_v = -0.072849
sample 58 seed=L=1563745956,R=1271204842: RESULT: read_snm_v = 0.076726
sample 59 seed=L=220915455,R=1173061132: RESULT: read_snm_v = 1.08386
sample 60 seed=L=1300630823,R=788253660: OPEN -- R: expected data file read_snm_sweep.txt not produced (ngspice exit 1)
sample 61 seed=L=1135837137,R=986082260: RESULT: read_snm_v = -0.075
sample 62 seed=L=317347820,R=1901670996: RESULT: read_snm_v = 0.185085
sample 63 seed=L=258614176,R=1488901024: RESULT: read_snm_v = 0.389636
sample 64 seed=L=855165955,R=293845059: RESULT: read_snm_v = -0.075
sample 65 seed=L=1391407389,R=1709170702: RESULT: read_snm_v = -0.075
sample 66 seed=L=1416592871,R=1917414829: RESULT: read_snm_v = 0.612419
sample 67 seed=L=233992304,R=272768185: RESULT: read_snm_v = 0.763036
sample 68 seed=L=506453907,R=1976403897: RESULT: read_snm_v = 0.515199
sample 69 seed=L=1303398344,R=138535294: RESULT: read_snm_v = 0.581656
sample 70 seed=L=1155951140,R=695275760: RESULT: read_snm_v = 0.632283
sample 71 seed=L=1846358174,R=135737617: RESULT: read_snm_v = 0.299541
sample 72 seed=L=30722891,R=1989813625: RESULT: read_snm_v = -0.075
sample 73 seed=L=527211370,R=1773604649: RESULT: read_snm_v = -0.073751
sample 74 seed=L=670535218,R=1610719705: RESULT: read_snm_v = -0.074479
sample 75 seed=L=1795502484,R=1415814512: RESULT: read_snm_v = 0.032362
sample 76 seed=L=1822756316,R=413137172: RESULT: read_snm_v = 0.383344
sample 77 seed=L=1213245744,R=677534816: RESULT: read_snm_v = 0.045796
sample 78 seed=L=175922611,R=1730637450: RESULT: read_snm_v = 0.523666
sample 79 seed=L=625754076,R=1273411579: RESULT: read_snm_v = 0.537784
sample 80 seed=L=14257642,R=792662719: RESULT: read_snm_v = -0.073479
sample 81 seed=L=836676060,R=1813472229: RESULT: read_snm_v = 0.203111
sample 82 seed=L=1692433867,R=118052889: RESULT: read_snm_v = 0.573794
sample 83 seed=L=1207322541,R=1097470579: RESULT: read_snm_v = 0.621615
sample 84 seed=L=1030514487,R=1164109559: RESULT: read_snm_v = 0.142295
sample 85 seed=L=907582265,R=145784024: RESULT: read_snm_v = 0.427094
sample 86 seed=L=1609081736,R=1384036724: RESULT: read_snm_v = 0.7045
sample 87 seed=L=824592082,R=1641967507: RESULT: read_snm_v = 0.208265
sample 88 seed=L=1319724683,R=1799063756: RESULT: read_snm_v = -0.074047
sample 89 seed=L=1014391954,R=1318536707: RESULT: read_snm_v = 0.582171
sample 90 seed=L=14992858,R=1495788033: RESULT: read_snm_v = 0.857097
sample 91 seed=L=813984154,R=127889458: RESULT: read_snm_v = 0.835318
sample 92 seed=L=1464592725,R=434201109: RESULT: read_snm_v = 0.094351
sample 93 seed=L=1804085148,R=1315539531: RESULT: read_snm_v = 0.183074
sample 94 seed=L=154043653,R=891095998: RESULT: read_snm_v = -0.07014
sample 95 seed=L=1013894677,R=922263233: RESULT: read_snm_v = -0.075
sample 96 seed=L=893642298,R=1844235653: RESULT: read_snm_v = -0.070311
sample 97 seed=L=1288553468,R=515834915: RESULT: read_snm_v = 0.274748
sample 98 seed=L=459031933,R=754682306: RESULT: read_snm_v = 0.288552
sample 99 seed=L=626846729,R=1502337663: RESULT: read_snm_v = 0.219782
