=== corner tt_125c_2.97v -- mismatch samples (sw_stat_mismatch=1) ===
sample 0 seed=L=1567581646,R=989966105: RESULT: read_snm_v = 0.25941
sample 1 seed=L=813361544,R=54372831: RESULT: read_snm_v = 0.32293
sample 2 seed=L=1374514401,R=6678101: RESULT: read_snm_v = 0.27517
sample 3 seed=L=1321416137,R=1443276771: RESULT: read_snm_v = 0.32709
sample 4 seed=L=1570370628,R=1229276193: RESULT: read_snm_v = 0.303387
sample 5 seed=L=959633488,R=356037645: RESULT: read_snm_v = 0.266308
sample 6 seed=L=1311116349,R=1861461924: RESULT: read_snm_v = 0.304506
sample 7 seed=L=1022840010,R=1224174328: RESULT: read_snm_v = 0.29466
sample 8 seed=L=1756593121,R=1359221944: RESULT: read_snm_v = 0.254453
sample 9 seed=L=1483807630,R=1927658071: RESULT: read_snm_v = 0.29866
sample 10 seed=L=1932023262,R=217662648: RESULT: read_snm_v = 0.300876
sample 11 seed=L=167304510,R=1469424332: RESULT: read_snm_v = 0.286803
sample 12 seed=L=1637987735,R=899239868: RESULT: read_snm_v = 0.248113
sample 13 seed=L=1628740705,R=532090715: RESULT: read_snm_v = 0.290747
sample 14 seed=L=1970025184,R=971837801: RESULT: read_snm_v = 0.298073
sample 15 seed=L=1615218806,R=64399705: RESULT: read_snm_v = 0.343147
sample 16 seed=L=1933678100,R=1157084312: RESULT: read_snm_v = 0.297787
sample 17 seed=L=490732976,R=1699170185: RESULT: read_snm_v = 0.341847
sample 18 seed=L=1529536329,R=1451314173: RESULT: read_snm_v = 0.329231
sample 19 seed=L=355948750,R=345571977: RESULT: read_snm_v = 0.288471
sample 20 seed=L=1122959204,R=248461292: RESULT: read_snm_v = 0.304222
sample 21 seed=L=834904611,R=1692949178: RESULT: read_snm_v = 0.309641
sample 22 seed=L=143972563,R=805399918: RESULT: read_snm_v = 0.332714
sample 23 seed=L=382092926,R=889238407: RESULT: read_snm_v = 0.311897
sample 24 seed=L=1342897333,R=1616984234: RESULT: read_snm_v = 0.311007
sample 25 seed=L=1158324385,R=499421634: RESULT: read_snm_v = 0.315804
sample 26 seed=L=1744602897,R=6571373: RESULT: read_snm_v = 0.275978
sample 27 seed=L=137955483,R=1237516332: RESULT: read_snm_v = 0.295525
sample 28 seed=L=940768347,R=1788056802: RESULT: read_snm_v = 0.292266
sample 29 seed=L=1947449404,R=408932570: RESULT: read_snm_v = 0.294837
sample 30 seed=L=1648952375,R=1364011590: RESULT: read_snm_v = 0.270295
sample 31 seed=L=1160553360,R=108554126: RESULT: read_snm_v = 0.317383
sample 32 seed=L=1415647573,R=1343667271: RESULT: read_snm_v = 0.311736
sample 33 seed=L=1564198822,R=606068246: RESULT: read_snm_v = 0.317902
sample 34 seed=L=1595642916,R=228119101: RESULT: read_snm_v = 0.306424
sample 35 seed=L=1720577865,R=671320811: RESULT: read_snm_v = 0.289378
sample 36 seed=L=1215037383,R=124359956: RESULT: read_snm_v = 0.272075
sample 37 seed=L=1300013498,R=306528050: RESULT: read_snm_v = 0.283042
sample 38 seed=L=1283587823,R=1748000138: RESULT: read_snm_v = 0.262356
sample 39 seed=L=28069335,R=797899723: RESULT: read_snm_v = 0.284783
sample 40 seed=L=60352240,R=756919455: RESULT: read_snm_v = 0.317723
sample 41 seed=L=1791794758,R=269755193: RESULT: read_snm_v = 0.282435
sample 42 seed=L=140683864,R=100587240: RESULT: read_snm_v = 0.328497
sample 43 seed=L=604418075,R=1489187790: RESULT: read_snm_v = 0.3067
sample 44 seed=L=1844545473,R=1419784140: RESULT: read_snm_v = 0.319653
sample 45 seed=L=431693948,R=1705809555: RESULT: read_snm_v = 0.289041
sample 46 seed=L=1665568687,R=1296610028: RESULT: read_snm_v = 0.266275
sample 47 seed=L=253645662,R=1826165880: RESULT: read_snm_v = 0.29247
sample 48 seed=L=660698214,R=1187308803: RESULT: read_snm_v = 0.343798
sample 49 seed=L=638230660,R=1904683637: RESULT: read_snm_v = 0.287819
sample 50 seed=L=1700082578,R=1379900085: RESULT: read_snm_v = 0.317273
sample 51 seed=L=846501835,R=1799175054: RESULT: read_snm_v = 0.269592
sample 52 seed=L=451903969,R=635525247: RESULT: read_snm_v = 0.299212
sample 53 seed=L=178988842,R=805018845: RESULT: read_snm_v = 0.306924
sample 54 seed=L=513674909,R=1683907894: RESULT: read_snm_v = 0.281817
sample 55 seed=L=982068662,R=759750531: RESULT: read_snm_v = 0.313507
sample 56 seed=L=1959400588,R=1949793038: RESULT: read_snm_v = 0.273431
sample 57 seed=L=1816526644,R=758661075: RESULT: read_snm_v = 0.327306
sample 58 seed=L=1736091332,R=183748225: RESULT: read_snm_v = 0.278102
sample 59 seed=L=1729410882,R=1013460202: RESULT: read_snm_v = 0.294306
sample 60 seed=L=458632342,R=840519282: RESULT: read_snm_v = 0.283145
sample 61 seed=L=1912909229,R=1345764193: RESULT: read_snm_v = 0.300723
sample 62 seed=L=1157065316,R=1801717190: RESULT: read_snm_v = 0.301437
sample 63 seed=L=496894535,R=626687134: RESULT: read_snm_v = 0.30648
sample 64 seed=L=765933303,R=1276315395: RESULT: read_snm_v = 0.275343
sample 65 seed=L=1011327198,R=868593252: RESULT: read_snm_v = 0.317437
sample 66 seed=L=418405939,R=284376254: RESULT: read_snm_v = 0.262126
sample 67 seed=L=639464467,R=804333542: RESULT: read_snm_v = 0.323801
sample 68 seed=L=573444428,R=1589598861: RESULT: read_snm_v = 0.279935
sample 69 seed=L=265100781,R=1722028484: RESULT: read_snm_v = 0.280351
sample 70 seed=L=713995677,R=234128640: RESULT: read_snm_v = 0.300729
sample 71 seed=L=794615184,R=148258752: RESULT: read_snm_v = 0.321315
sample 72 seed=L=662400925,R=274540535: RESULT: read_snm_v = 0.27349
sample 73 seed=L=306862876,R=303777620: RESULT: read_snm_v = 0.33763
sample 74 seed=L=1358526040,R=1835072927: RESULT: read_snm_v = 0.318009
sample 75 seed=L=1834645837,R=1581918776: RESULT: read_snm_v = 0.2902
sample 76 seed=L=319959921,R=337586228: RESULT: read_snm_v = 0.324048
sample 77 seed=L=837932150,R=794822023: RESULT: read_snm_v = 0.306023
sample 78 seed=L=325078060,R=1819756653: RESULT: read_snm_v = 0.269737
sample 79 seed=L=1777145487,R=12718946: RESULT: read_snm_v = 0.322501
sample 80 seed=L=1115967965,R=348292649: RESULT: read_snm_v = 0.320436
sample 81 seed=L=1838056513,R=1557379808: RESULT: read_snm_v = 0.300337
sample 82 seed=L=1318052787,R=50471191: RESULT: read_snm_v = 0.301555
sample 83 seed=L=309708219,R=1914953832: RESULT: read_snm_v = 0.25907
sample 84 seed=L=826290610,R=480614568: RESULT: read_snm_v = 0.31444
sample 85 seed=L=166761312,R=932399501: RESULT: read_snm_v = 0.296386
sample 86 seed=L=422762291,R=1166963576: RESULT: read_snm_v = 0.292681
sample 87 seed=L=1654126528,R=1314358385: RESULT: read_snm_v = 0.336345
sample 88 seed=L=994002483,R=693416927: RESULT: read_snm_v = 0.272449
sample 89 seed=L=150936442,R=478073649: RESULT: read_snm_v = 0.313729
sample 90 seed=L=1967825311,R=1700160235: RESULT: read_snm_v = 0.316169
sample 91 seed=L=1553562927,R=556128075: RESULT: read_snm_v = 0.26572
sample 92 seed=L=1924104246,R=1857312440: RESULT: read_snm_v = 0.312462
sample 93 seed=L=1200969296,R=773832014: RESULT: read_snm_v = 0.295929
sample 94 seed=L=657104771,R=1937999405: RESULT: read_snm_v = 0.307095
sample 95 seed=L=501863719,R=614703597: RESULT: read_snm_v = 0.307925
sample 96 seed=L=50649412,R=1019107737: RESULT: read_snm_v = 0.300827
sample 97 seed=L=1732080882,R=935695846: RESULT: read_snm_v = 0.257307
sample 98 seed=L=1827815623,R=466122638: RESULT: read_snm_v = 0.287667
sample 99 seed=L=757831437,R=1346498104: RESULT: read_snm_v = 0.251779
sample 100 seed=L=1666748601,R=50386212: RESULT: read_snm_v = 0.284522
sample 101 seed=L=1750005249,R=1470532676: RESULT: read_snm_v = 0.307649
sample 102 seed=L=1237518381,R=1261901820: RESULT: read_snm_v = 0.339511
sample 103 seed=L=1847260159,R=1869259807: RESULT: read_snm_v = 0.256402
sample 104 seed=L=1944543473,R=1716028735: RESULT: read_snm_v = 0.29885
sample 105 seed=L=1906089828,R=1592177533: RESULT: read_snm_v = 0.28781
sample 106 seed=L=1109334569,R=855085695: RESULT: read_snm_v = 0.304057
sample 107 seed=L=1561599620,R=1687389805: RESULT: read_snm_v = 0.306903
sample 108 seed=L=1456011460,R=1935517514: RESULT: read_snm_v = 0.280189
sample 109 seed=L=108298061,R=769671905: RESULT: read_snm_v = 0.304595
sample 110 seed=L=572254212,R=1394923178: RESULT: read_snm_v = 0.335454
sample 111 seed=L=1997568188,R=1467896575: RESULT: read_snm_v = 0.285659
sample 112 seed=L=1215563829,R=1311284094: RESULT: read_snm_v = 0.329219
sample 113 seed=L=1145800959,R=1781280393: RESULT: read_snm_v = 0.311027
sample 114 seed=L=207745486,R=1347784724: RESULT: read_snm_v = 0.306979
sample 115 seed=L=897491471,R=1792014097: RESULT: read_snm_v = 0.292551
sample 116 seed=L=631894516,R=1713209970: RESULT: read_snm_v = 0.301058
sample 117 seed=L=497184381,R=120150132: RESULT: read_snm_v = 0.323591
sample 118 seed=L=466321445,R=1607432538: RESULT: read_snm_v = 0.321152
sample 119 seed=L=1663946805,R=271264506: RESULT: read_snm_v = 0.293736
sample 120 seed=L=1137773000,R=1857145355: RESULT: read_snm_v = 0.294414
sample 121 seed=L=1778088236,R=244792549: RESULT: read_snm_v = 0.27261
sample 122 seed=L=718257884,R=887184935: RESULT: read_snm_v = 0.273192
sample 123 seed=L=463693598,R=907669183: RESULT: read_snm_v = 0.27597
sample 124 seed=L=1572577569,R=1847381993: RESULT: read_snm_v = 0.298939
sample 125 seed=L=1544815811,R=70738487: RESULT: read_snm_v = 0.311311
sample 126 seed=L=982704995,R=123274172: RESULT: read_snm_v = 0.301476
sample 127 seed=L=597646335,R=1872081377: RESULT: read_snm_v = 0.290249
sample 128 seed=L=1637427834,R=1067957247: RESULT: read_snm_v = 0.258942
sample 129 seed=L=1440716840,R=344965419: RESULT: read_snm_v = 0.300823
sample 130 seed=L=201606658,R=1764140594: RESULT: read_snm_v = 0.311933
sample 131 seed=L=1659366829,R=889414335: RESULT: read_snm_v = 0.309137
sample 132 seed=L=1180834538,R=613701958: RESULT: read_snm_v = 0.264717
sample 133 seed=L=239377703,R=489475914: RESULT: read_snm_v = 0.270532
sample 134 seed=L=1462894678,R=496484352: RESULT: read_snm_v = 0.264175
sample 135 seed=L=314292847,R=1911016886: RESULT: read_snm_v = 0.280991
sample 136 seed=L=918992676,R=1751898142: RESULT: read_snm_v = 0.272163
sample 137 seed=L=1942530714,R=181119826: RESULT: read_snm_v = 0.334367
sample 138 seed=L=245489557,R=1661736721: RESULT: read_snm_v = 0.274225
sample 139 seed=L=364712275,R=947335629: RESULT: read_snm_v = 0.283348
sample 140 seed=L=1434149312,R=1938557689: RESULT: read_snm_v = 0.321395
sample 141 seed=L=251059776,R=1832899290: RESULT: read_snm_v = 0.331336
sample 142 seed=L=274835289,R=53907662: RESULT: read_snm_v = 0.293186
sample 143 seed=L=269987780,R=194811617: RESULT: read_snm_v = 0.303773
sample 144 seed=L=1159448997,R=1038397248: RESULT: read_snm_v = 0.309215
sample 145 seed=L=1658498039,R=846041823: RESULT: read_snm_v = 0.284539
sample 146 seed=L=1527494909,R=58440403: RESULT: read_snm_v = 0.295797
sample 147 seed=L=864043130,R=581521482: RESULT: read_snm_v = 0.302393
sample 148 seed=L=961230434,R=1960007164: RESULT: read_snm_v = 0.235892
sample 149 seed=L=1851796834,R=1790584840: RESULT: read_snm_v = 0.309065
sample 150 seed=L=416593015,R=1999208262: RESULT: read_snm_v = 0.25605
sample 151 seed=L=1870891856,R=98693185: RESULT: read_snm_v = 0.271856
sample 152 seed=L=211515228,R=259062032: RESULT: read_snm_v = 0.295019
sample 153 seed=L=1768703376,R=1936753957: RESULT: read_snm_v = 0.295335
sample 154 seed=L=258704063,R=147362778: RESULT: read_snm_v = 0.27669
sample 155 seed=L=1402013802,R=223235298: RESULT: read_snm_v = 0.322261
sample 156 seed=L=41739226,R=995435839: RESULT: read_snm_v = 0.287384
sample 157 seed=L=1347347076,R=659654595: RESULT: read_snm_v = 0.308974
sample 158 seed=L=1179398416,R=678013915: RESULT: read_snm_v = 0.263432
sample 159 seed=L=105521434,R=457639142: RESULT: read_snm_v = 0.258967
sample 160 seed=L=133444378,R=1495423483: RESULT: read_snm_v = 0.289551
sample 161 seed=L=1456589493,R=681422860: RESULT: read_snm_v = 0.342582
sample 162 seed=L=53671052,R=1718104925: RESULT: read_snm_v = 0.319617
sample 163 seed=L=100643378,R=745331902: RESULT: read_snm_v = 0.284742
sample 164 seed=L=1650456801,R=1699188381: RESULT: read_snm_v = 0.279098
sample 165 seed=L=1602984465,R=1097176023: RESULT: read_snm_v = 0.343336
sample 166 seed=L=1377670411,R=343147931: RESULT: read_snm_v = 0.261831
sample 167 seed=L=1435012988,R=1423878122: RESULT: read_snm_v = 0.292594
sample 168 seed=L=767563913,R=876086160: RESULT: read_snm_v = 0.262806
sample 169 seed=L=581761269,R=344895545: RESULT: read_snm_v = 0.247822
sample 170 seed=L=1869960522,R=708605917: RESULT: read_snm_v = 0.306084
sample 171 seed=L=137366672,R=1669452: RESULT: read_snm_v = 0.315313
sample 172 seed=L=1268514995,R=564158995: RESULT: read_snm_v = 0.27253
sample 173 seed=L=347145181,R=1606167736: RESULT: read_snm_v = 0.343357
sample 174 seed=L=268931606,R=746606958: RESULT: read_snm_v = 0.321914
sample 175 seed=L=1978929501,R=467334396: RESULT: read_snm_v = 0.310802
sample 176 seed=L=1688056009,R=1204465652: RESULT: read_snm_v = 0.304642
sample 177 seed=L=733782015,R=1416829335: RESULT: read_snm_v = 0.263597
sample 178 seed=L=1706050335,R=1029743440: RESULT: read_snm_v = 0.316779
sample 179 seed=L=1902653556,R=939285429: RESULT: read_snm_v = 0.309002
sample 180 seed=L=42290063,R=1845506808: RESULT: read_snm_v = 0.337086
sample 181 seed=L=913257753,R=1558533259: RESULT: read_snm_v = 0.312399
sample 182 seed=L=1616948635,R=1761891978: RESULT: read_snm_v = 0.340331
sample 183 seed=L=1276621102,R=1471984586: RESULT: read_snm_v = 0.285006
sample 184 seed=L=1070499347,R=1370355887: RESULT: read_snm_v = 0.258334
sample 185 seed=L=686427840,R=1158002730: RESULT: read_snm_v = 0.327738
sample 186 seed=L=8363015,R=917879682: RESULT: read_snm_v = 0.285398
sample 187 seed=L=1628256287,R=273434147: RESULT: read_snm_v = 0.316607
sample 188 seed=L=249138040,R=1583524549: RESULT: read_snm_v = 0.297471
sample 189 seed=L=29469580,R=1347644352: RESULT: read_snm_v = 0.293447
sample 190 seed=L=1642923111,R=115314537: RESULT: read_snm_v = 0.300916
sample 191 seed=L=429059539,R=472328423: RESULT: read_snm_v = 0.280802
sample 192 seed=L=112028287,R=1524860633: RESULT: read_snm_v = 0.296744
sample 193 seed=L=1623580660,R=1379990747: RESULT: read_snm_v = 0.262014
sample 194 seed=L=65718937,R=412033000: RESULT: read_snm_v = 0.303742
sample 195 seed=L=228535171,R=957691807: RESULT: read_snm_v = 0.290547
sample 196 seed=L=1770817044,R=648264295: RESULT: read_snm_v = 0.335351
sample 197 seed=L=479693529,R=691474827: RESULT: read_snm_v = 0.343234
sample 198 seed=L=1585690260,R=210797304: RESULT: read_snm_v = 0.314522
sample 199 seed=L=397677860,R=303240628: RESULT: read_snm_v = 0.309509

=== corner tt_125c_2.97v -- determinism control (sw_stat_mismatch=0) ===
sample 0 seed=L=15901416,R=1091432450: RESULT: read_snm_v = 0.295443
sample 1 seed=L=676275400,R=825691714: RESULT: read_snm_v = 0.295443
sample 2 seed=L=514365237,R=1242733240: RESULT: read_snm_v = 0.295443
sample 3 seed=L=1602074636,R=1745475302: RESULT: read_snm_v = 0.295443

=== corner tt_125c_2.97v -- negative control (known-bad variant: sw_stat_mismatch=20, i.e. per-instance Vt/current-factor mismatch drawn at 20x the PDK's own sigma (docs/cli/yield.md's 'a mismatch seed pushed past spec')) ===
sample 0 seed=L=278773249,R=1298639502: RESULT: read_snm_v = -0.06
sample 1 seed=L=1801389489,R=1038725978: RESULT: read_snm_v = 0.582328
sample 2 seed=L=1107286258,R=476222378: OPEN -- L: expected data file read_snm_sweep.txt not produced (ngspice exit 1)
sample 3 seed=L=1428835612,R=1123872483: RESULT: read_snm_v = -0.059999
sample 4 seed=L=1116186869,R=1803263273: RESULT: read_snm_v = 0.504446
sample 5 seed=L=1444687622,R=1740967591: RESULT: read_snm_v = -0.06
sample 6 seed=L=131099403,R=1770209353: RESULT: read_snm_v = -0.056155
sample 7 seed=L=1562284897,R=1066306707: OPEN -- L: expected data file read_snm_sweep.txt not produced (ngspice exit 1)
sample 8 seed=L=549689233,R=1248041392: RESULT: read_snm_v = -0.060308
sample 9 seed=L=1703156198,R=1650951550: RESULT: read_snm_v = 0.500435
sample 10 seed=L=613744383,R=1452121895: RESULT: read_snm_v = 0.1622
sample 11 seed=L=1206343440,R=1866606680: RESULT: read_snm_v = 0.380438
sample 12 seed=L=928393603,R=1202779342: RESULT: read_snm_v = -0.059808
sample 13 seed=L=775954434,R=35080597: OPEN -- L: expected data file read_snm_sweep.txt not produced (ngspice exit 1)
sample 14 seed=L=520065767,R=1783121691: RESULT: read_snm_v = 0.01808
sample 15 seed=L=1848372478,R=1234618831: RESULT: read_snm_v = 0.810551
sample 16 seed=L=301796268,R=272442211: RESULT: read_snm_v = -0.06
sample 17 seed=L=1779070478,R=1355010756: RESULT: read_snm_v = 0.134035
sample 18 seed=L=1585454034,R=1657609908: RESULT: read_snm_v = -0.061187
sample 19 seed=L=262638566,R=185526087: RESULT: read_snm_v = -0.022702
sample 20 seed=L=291589768,R=1129520596: OPEN -- R: expected data file read_snm_sweep.txt not produced (ngspice exit 1)
sample 21 seed=L=73515375,R=887296938: RESULT: read_snm_v = 0.474515
sample 22 seed=L=556979720,R=186055303: RESULT: read_snm_v = -0.041044
sample 23 seed=L=952455691,R=516844601: RESULT: read_snm_v = 0.513302
sample 24 seed=L=478348470,R=513667312: RESULT: read_snm_v = 0.34779
sample 25 seed=L=435510750,R=1406101332: RESULT: read_snm_v = -0.054964
sample 26 seed=L=1584349483,R=1886490798: RESULT: read_snm_v = 0.470558
sample 27 seed=L=1079457879,R=1673209150: RESULT: read_snm_v = 0.665952
sample 28 seed=L=901709065,R=374107112: RESULT: read_snm_v = -0.057256
sample 29 seed=L=1957036806,R=218628925: RESULT: read_snm_v = 0.218494
sample 30 seed=L=25161427,R=1536678482: RESULT: read_snm_v = -0.06133
sample 31 seed=L=1736586393,R=1665585736: RESULT: read_snm_v = 0.10883
sample 32 seed=L=1147143782,R=980489644: RESULT: read_snm_v = -0.054755
sample 33 seed=L=241733337,R=1907423612: RESULT: read_snm_v = 0.696278
sample 34 seed=L=1101039262,R=1428642177: RESULT: read_snm_v = -0.058528
sample 35 seed=L=272246037,R=946129100: RESULT: read_snm_v = -0.059778
sample 36 seed=L=1276369808,R=1953978323: RESULT: read_snm_v = 0.509995
sample 37 seed=L=1794465591,R=167261377: RESULT: read_snm_v = 0.080327
sample 38 seed=L=870572039,R=1132140877: RESULT: read_snm_v = -0.060403
sample 39 seed=L=1801933481,R=718057825: RESULT: read_snm_v = 0.306454
sample 40 seed=L=537357745,R=140552589: RESULT: read_snm_v = -0.062047
sample 41 seed=L=908484392,R=1294103232: OPEN -- L: expected data file read_snm_sweep.txt not produced (ngspice exit 1)
sample 42 seed=L=251863904,R=1326787960: RESULT: read_snm_v = -0.029106
sample 43 seed=L=71802836,R=1723469880: RESULT: read_snm_v = 0.540505
sample 44 seed=L=5655352,R=1532715549: OPEN -- R: expected data file read_snm_sweep.txt not produced (ngspice exit 1)
sample 45 seed=L=579495397,R=1033066731: RESULT: read_snm_v = -0.064299
sample 46 seed=L=986478578,R=720318203: RESULT: read_snm_v = 0.571521
sample 47 seed=L=1179936879,R=1426791142: RESULT: read_snm_v = 0.736376
sample 48 seed=L=485581155,R=1754366353: RESULT: read_snm_v = 0.713498
sample 49 seed=L=1833957074,R=296171664: OPEN -- R: expected data file read_snm_sweep.txt not produced (ngspice exit 1)
sample 50 seed=L=1642627248,R=339382645: RESULT: read_snm_v = -0.062321
sample 51 seed=L=1628599898,R=1500773827: RESULT: read_snm_v = -0.059525
sample 52 seed=L=131999106,R=1577800329: RESULT: read_snm_v = -0.059995
sample 53 seed=L=470833785,R=1034848066: RESULT: read_snm_v = -0.059945
sample 54 seed=L=94227489,R=622481728: RESULT: read_snm_v = 0.086166
sample 55 seed=L=1304367254,R=385269543: RESULT: read_snm_v = -0.05597
sample 56 seed=L=250797338,R=156317975: RESULT: read_snm_v = 0.226295
sample 57 seed=L=1475553981,R=846910166: RESULT: read_snm_v = 0.012456
sample 58 seed=L=746836195,R=270431002: RESULT: read_snm_v = 0.112696
sample 59 seed=L=1394368171,R=135774713: RESULT: read_snm_v = 0.428562
sample 60 seed=L=1946761472,R=264102532: RESULT: read_snm_v = -0.062398
sample 61 seed=L=1960665383,R=631479342: RESULT: read_snm_v = 0.506599
sample 62 seed=L=316001964,R=1729344761: RESULT: read_snm_v = 0.324781
sample 63 seed=L=149148828,R=1163614340: RESULT: read_snm_v = -0.059928
sample 64 seed=L=1603253835,R=581013134: RESULT: read_snm_v = 0.69536
sample 65 seed=L=1713439424,R=555889200: RESULT: read_snm_v = 0.237446
sample 66 seed=L=1530443254,R=949271590: RESULT: read_snm_v = -0.058503
sample 67 seed=L=1733684958,R=899068555: RESULT: read_snm_v = 0.095035
sample 68 seed=L=1115936784,R=308739384: RESULT: read_snm_v = -0.059533
sample 69 seed=L=1688751042,R=1928770705: RESULT: read_snm_v = 0.716574
sample 70 seed=L=155909250,R=1400104483: RESULT: read_snm_v = -0.011154
sample 71 seed=L=211292362,R=1437403070: RESULT: read_snm_v = -0.052088
sample 72 seed=L=539129107,R=855732249: RESULT: read_snm_v = -0.062306
sample 73 seed=L=1868915145,R=323455463: RESULT: read_snm_v = 0.11445
sample 74 seed=L=788420097,R=648470810: RESULT: read_snm_v = 0.752926
sample 75 seed=L=786987146,R=406658676: RESULT: read_snm_v = -0.046972
sample 76 seed=L=639819099,R=804794528: RESULT: read_snm_v = 0.68724
sample 77 seed=L=1816606463,R=957377904: RESULT: read_snm_v = -0.053441
sample 78 seed=L=133033593,R=926888624: RESULT: read_snm_v = -0.059449
sample 79 seed=L=1325530902,R=1205185923: RESULT: read_snm_v = -0.059543
sample 80 seed=L=1770193078,R=20834137: RESULT: read_snm_v = -0.052572
sample 81 seed=L=662081165,R=22192793: RESULT: read_snm_v = 0.203372
sample 82 seed=L=980328437,R=1620531404: RESULT: read_snm_v = -0.06
sample 83 seed=L=1535238386,R=1046805464: RESULT: read_snm_v = -0.059474
sample 84 seed=L=1000790845,R=656795697: OPEN -- R: expected data file read_snm_sweep.txt not produced (ngspice exit 1)
sample 85 seed=L=292453708,R=1442610694: RESULT: read_snm_v = -0.059999
sample 86 seed=L=1976004804,R=1651175407: RESULT: read_snm_v = 0.364278
sample 87 seed=L=291785155,R=328165585: RESULT: read_snm_v = -0.062249
sample 88 seed=L=1569926766,R=246456288: RESULT: read_snm_v = 0.259721
sample 89 seed=L=1567322536,R=1691809672: RESULT: read_snm_v = -0.059397
sample 90 seed=L=1781732316,R=389290277: RESULT: read_snm_v = -0.038109
sample 91 seed=L=1584654041,R=1867796672: RESULT: read_snm_v = 0.550902
sample 92 seed=L=134007239,R=1046185059: RESULT: read_snm_v = -0.059997
sample 93 seed=L=1023350808,R=622901078: RESULT: read_snm_v = -0.001088
sample 94 seed=L=1302675755,R=188099849: RESULT: read_snm_v = 0.277962
sample 95 seed=L=1109114713,R=177700690: RESULT: read_snm_v = 0.647147
sample 96 seed=L=91656650,R=1223403035: RESULT: read_snm_v = 0.311277
sample 97 seed=L=1278065063,R=489355811: RESULT: read_snm_v = 0.1437
sample 98 seed=L=1669383001,R=1086233808: OPEN -- R: expected data file read_snm_sweep.txt not produced (ngspice exit 1)
sample 99 seed=L=1995727046,R=1718668374: RESULT: read_snm_v = 0.036332
