=== corner ff_-40c_2.97v -- mismatch samples (sw_stat_mismatch=1) ===
sample 0 seed=1207866970: RESULT: write_trip_voltage_v = 1.68422
sample 1 seed=909879318: RESULT: write_trip_voltage_v = 1.69564
sample 2 seed=1312012255: RESULT: write_trip_voltage_v = 1.68712
sample 3 seed=826852383: RESULT: write_trip_voltage_v = 1.69745
sample 4 seed=369581772: RESULT: write_trip_voltage_v = 1.69909
sample 5 seed=306870494: RESULT: write_trip_voltage_v = 1.68476
sample 6 seed=202068043: RESULT: write_trip_voltage_v = 1.69455
sample 7 seed=1987303259: RESULT: write_trip_voltage_v = 1.6864
sample 8 seed=1115490854: RESULT: write_trip_voltage_v = 1.69872
sample 9 seed=1508538373: RESULT: write_trip_voltage_v = 1.69999
sample 10 seed=1740499437: RESULT: write_trip_voltage_v = 1.69147
sample 11 seed=344043094: RESULT: write_trip_voltage_v = 1.71051
sample 12 seed=1865526447: RESULT: write_trip_voltage_v = 1.6835
sample 13 seed=52133529: RESULT: write_trip_voltage_v = 1.69836
sample 14 seed=1080824406: RESULT: write_trip_voltage_v = 1.69999
sample 15 seed=1841788388: RESULT: write_trip_voltage_v = 1.69238
sample 16 seed=111735201: RESULT: write_trip_voltage_v = 1.68911
sample 17 seed=128928595: RESULT: write_trip_voltage_v = 1.69492
sample 18 seed=190460071: RESULT: write_trip_voltage_v = 1.70271
sample 19 seed=274592465: RESULT: write_trip_voltage_v = 1.69238
sample 20 seed=712100799: RESULT: write_trip_voltage_v = 1.69129
sample 21 seed=1743231197: RESULT: write_trip_voltage_v = 1.69963
sample 22 seed=1315630568: RESULT: write_trip_voltage_v = 1.6951
sample 23 seed=465728149: RESULT: write_trip_voltage_v = 1.70525
sample 24 seed=848379551: RESULT: write_trip_voltage_v = 1.68549
sample 25 seed=204002958: RESULT: write_trip_voltage_v = 1.71413
sample 26 seed=790954801: RESULT: write_trip_voltage_v = 1.68785
sample 27 seed=559592493: RESULT: write_trip_voltage_v = 1.68041
sample 28 seed=1450452166: RESULT: write_trip_voltage_v = 1.7038
sample 29 seed=722374441: RESULT: write_trip_voltage_v = 1.70162
sample 30 seed=1008613993: RESULT: write_trip_voltage_v = 1.70416
sample 31 seed=1926041219: RESULT: write_trip_voltage_v = 1.69419
sample 32 seed=1710404073: RESULT: write_trip_voltage_v = 1.696
sample 33 seed=16434690: RESULT: write_trip_voltage_v = 1.69546
sample 34 seed=852902709: RESULT: write_trip_voltage_v = 1.6931
sample 35 seed=322680426: RESULT: write_trip_voltage_v = 1.6989
sample 36 seed=858037011: RESULT: write_trip_voltage_v = 1.69129
sample 37 seed=1310399402: RESULT: write_trip_voltage_v = 1.68331
sample 38 seed=428167725: RESULT: write_trip_voltage_v = 1.69093
sample 39 seed=527706456: RESULT: write_trip_voltage_v = 1.71196
sample 40 seed=1398270045: RESULT: write_trip_voltage_v = 1.70162
sample 41 seed=1210466044: RESULT: write_trip_voltage_v = 1.68803
sample 42 seed=328395057: RESULT: write_trip_voltage_v = 1.6864
sample 43 seed=499384308: RESULT: write_trip_voltage_v = 1.69673
sample 44 seed=29462309: RESULT: write_trip_voltage_v = 1.69111
sample 45 seed=284616624: RESULT: write_trip_voltage_v = 1.69075
sample 46 seed=1351328719: RESULT: write_trip_voltage_v = 1.69582
sample 47 seed=976681732: RESULT: write_trip_voltage_v = 1.6902
sample 48 seed=1984506411: RESULT: write_trip_voltage_v = 1.6835
sample 49 seed=24355641: RESULT: write_trip_voltage_v = 1.68513
sample 50 seed=37876509: RESULT: write_trip_voltage_v = 1.70054
sample 51 seed=1836024257: RESULT: write_trip_voltage_v = 1.70253
sample 52 seed=1068895805: RESULT: write_trip_voltage_v = 1.6902
sample 53 seed=1658298209: RESULT: write_trip_voltage_v = 1.69673
sample 54 seed=458728525: RESULT: write_trip_voltage_v = 1.7047
sample 55 seed=296350393: RESULT: write_trip_voltage_v = 1.69328
sample 56 seed=126513385: RESULT: write_trip_voltage_v = 1.70706
sample 57 seed=1724227742: RESULT: write_trip_voltage_v = 1.69129
sample 58 seed=1447182698: RESULT: write_trip_voltage_v = 1.68803
sample 59 seed=957642266: RESULT: write_trip_voltage_v = 1.69057
sample 60 seed=1317132153: RESULT: write_trip_voltage_v = 1.68712
sample 61 seed=42440081: RESULT: write_trip_voltage_v = 1.69238
sample 62 seed=1314666957: RESULT: write_trip_voltage_v = 1.69909
sample 63 seed=1628507782: RESULT: write_trip_voltage_v = 1.69002
sample 64 seed=132154379: RESULT: write_trip_voltage_v = 1.69093
sample 65 seed=1652472846: RESULT: write_trip_voltage_v = 1.68893
sample 66 seed=96040700: RESULT: write_trip_voltage_v = 1.69437
sample 67 seed=1581900663: RESULT: write_trip_voltage_v = 1.69763
sample 68 seed=36364020: RESULT: write_trip_voltage_v = 1.70108
sample 69 seed=1020400860: RESULT: write_trip_voltage_v = 1.70054
sample 70 seed=204265711: RESULT: write_trip_voltage_v = 1.69836
sample 71 seed=1188147620: RESULT: write_trip_voltage_v = 1.70017
sample 72 seed=629375056: RESULT: write_trip_voltage_v = 1.69655
sample 73 seed=82241881: RESULT: write_trip_voltage_v = 1.68803
sample 74 seed=823294254: RESULT: write_trip_voltage_v = 1.70434
sample 75 seed=1645179974: RESULT: write_trip_voltage_v = 1.70416
sample 76 seed=1970462314: RESULT: write_trip_voltage_v = 1.70416
sample 77 seed=621565343: RESULT: write_trip_voltage_v = 1.69782
sample 78 seed=1999632866: RESULT: write_trip_voltage_v = 1.69854
sample 79 seed=307087839: RESULT: write_trip_voltage_v = 1.68948
sample 80 seed=1787176995: RESULT: write_trip_voltage_v = 1.69691
sample 81 seed=293419050: RESULT: write_trip_voltage_v = 1.69981
sample 82 seed=1204087162: RESULT: write_trip_voltage_v = 1.69546
sample 83 seed=1682132137: RESULT: write_trip_voltage_v = 1.69093
sample 84 seed=365887553: RESULT: write_trip_voltage_v = 1.69945
sample 85 seed=355385442: RESULT: write_trip_voltage_v = 1.70996
sample 86 seed=175579547: RESULT: write_trip_voltage_v = 1.6931
sample 87 seed=1877848297: RESULT: write_trip_voltage_v = 1.69836
sample 88 seed=1768821684: RESULT: write_trip_voltage_v = 1.69818
sample 89 seed=1652074536: RESULT: write_trip_voltage_v = 1.698
sample 90 seed=665955241: RESULT: write_trip_voltage_v = 1.69709
sample 91 seed=799456233: RESULT: write_trip_voltage_v = 1.70325
sample 92 seed=1001048764: RESULT: write_trip_voltage_v = 1.67987
sample 93 seed=797949071: RESULT: write_trip_voltage_v = 1.69057
sample 94 seed=1454198089: RESULT: write_trip_voltage_v = 1.69691
sample 95 seed=1294180866: RESULT: write_trip_voltage_v = 1.68223
sample 96 seed=1154228147: RESULT: write_trip_voltage_v = 1.69202
sample 97 seed=654497449: RESULT: write_trip_voltage_v = 1.68368
sample 98 seed=37160534: RESULT: write_trip_voltage_v = 1.67606
sample 99 seed=1236527999: RESULT: write_trip_voltage_v = 1.70978
sample 100 seed=1961101072: RESULT: write_trip_voltage_v = 1.68603
sample 101 seed=149815495: RESULT: write_trip_voltage_v = 1.68857
sample 102 seed=1289437154: RESULT: write_trip_voltage_v = 1.70307
sample 103 seed=307920123: RESULT: write_trip_voltage_v = 1.70634
sample 104 seed=881908726: RESULT: write_trip_voltage_v = 1.69673
sample 105 seed=985057394: RESULT: write_trip_voltage_v = 1.71087
sample 106 seed=1985149533: RESULT: write_trip_voltage_v = 1.68839
sample 107 seed=1822935298: RESULT: write_trip_voltage_v = 1.69401
sample 108 seed=210523877: RESULT: write_trip_voltage_v = 1.68748
sample 109 seed=1818865199: RESULT: write_trip_voltage_v = 1.71431
sample 110 seed=438817120: RESULT: write_trip_voltage_v = 1.69075
sample 111 seed=900347618: RESULT: write_trip_voltage_v = 1.70706
sample 112 seed=262508112: RESULT: write_trip_voltage_v = 1.69038
sample 113 seed=167243751: RESULT: write_trip_voltage_v = 1.6989
sample 114 seed=1711328277: RESULT: write_trip_voltage_v = 1.6893
sample 115 seed=1513885057: RESULT: write_trip_voltage_v = 1.6864
sample 116 seed=676129665: RESULT: write_trip_voltage_v = 1.71087
sample 117 seed=80759288: RESULT: write_trip_voltage_v = 1.69165
sample 118 seed=1140832794: RESULT: write_trip_voltage_v = 1.69927
sample 119 seed=1906477980: RESULT: write_trip_voltage_v = 1.69328
sample 120 seed=302463306: RESULT: write_trip_voltage_v = 1.70416
sample 121 seed=69212772: RESULT: write_trip_voltage_v = 1.68875
sample 122 seed=513665764: RESULT: write_trip_voltage_v = 1.69057
sample 123 seed=120991973: RESULT: write_trip_voltage_v = 1.68948
sample 124 seed=680815591: RESULT: write_trip_voltage_v = 1.69945
sample 125 seed=1245805264: RESULT: write_trip_voltage_v = 1.70017
sample 126 seed=1043083788: RESULT: write_trip_voltage_v = 1.70108
sample 127 seed=501859036: RESULT: write_trip_voltage_v = 1.70507
sample 128 seed=1223945112: RESULT: write_trip_voltage_v = 1.70634
sample 129 seed=217913381: RESULT: write_trip_voltage_v = 1.69473
sample 130 seed=561524754: RESULT: write_trip_voltage_v = 1.69963
sample 131 seed=1431916088: RESULT: write_trip_voltage_v = 1.69292
sample 132 seed=1466295786: RESULT: write_trip_voltage_v = 1.69945
sample 133 seed=410171827: RESULT: write_trip_voltage_v = 1.69727
sample 134 seed=1345578283: RESULT: write_trip_voltage_v = 1.69256
sample 135 seed=485466276: RESULT: write_trip_voltage_v = 1.69945
sample 136 seed=1470334509: RESULT: write_trip_voltage_v = 1.6989
sample 137 seed=823768400: RESULT: write_trip_voltage_v = 1.70072
sample 138 seed=397395493: RESULT: write_trip_voltage_v = 1.68567
sample 139 seed=40336949: RESULT: write_trip_voltage_v = 1.70307
sample 140 seed=1269510647: RESULT: write_trip_voltage_v = 1.68712
sample 141 seed=365508408: RESULT: write_trip_voltage_v = 1.69854
sample 142 seed=1795314006: RESULT: write_trip_voltage_v = 1.68966
sample 143 seed=62514844: RESULT: write_trip_voltage_v = 1.70779
sample 144 seed=1763386188: RESULT: write_trip_voltage_v = 1.69292
sample 145 seed=840699128: RESULT: write_trip_voltage_v = 1.69927
sample 146 seed=1028892931: RESULT: write_trip_voltage_v = 1.69183
sample 147 seed=1169991321: RESULT: write_trip_voltage_v = 1.6989
sample 148 seed=365754952: RESULT: write_trip_voltage_v = 1.69129
sample 149 seed=245117052: RESULT: write_trip_voltage_v = 1.69872
sample 150 seed=177760798: RESULT: write_trip_voltage_v = 1.6931
sample 151 seed=431385243: RESULT: write_trip_voltage_v = 1.69727
sample 152 seed=721627572: RESULT: write_trip_voltage_v = 1.69546
sample 153 seed=843591249: RESULT: write_trip_voltage_v = 1.70362
sample 154 seed=245635685: RESULT: write_trip_voltage_v = 1.68313
sample 155 seed=269497322: RESULT: write_trip_voltage_v = 1.69238
sample 156 seed=909066140: RESULT: write_trip_voltage_v = 1.69202
sample 157 seed=1938981942: RESULT: write_trip_voltage_v = 1.70344
sample 158 seed=492199927: RESULT: write_trip_voltage_v = 1.696
sample 159 seed=1658428918: RESULT: write_trip_voltage_v = 1.70199
sample 160 seed=1789314888: RESULT: write_trip_voltage_v = 1.68875
sample 161 seed=236969955: RESULT: write_trip_voltage_v = 1.69745
sample 162 seed=1704888826: RESULT: write_trip_voltage_v = 1.70253
sample 163 seed=531196655: RESULT: write_trip_voltage_v = 1.70978
sample 164 seed=1118573819: RESULT: write_trip_voltage_v = 1.70162
sample 165 seed=1652566862: RESULT: write_trip_voltage_v = 1.698
sample 166 seed=1545898495: RESULT: write_trip_voltage_v = 1.68259
sample 167 seed=1248788142: RESULT: write_trip_voltage_v = 1.6951
sample 168 seed=815368292: RESULT: write_trip_voltage_v = 1.69763
sample 169 seed=1518209611: RESULT: write_trip_voltage_v = 1.69945
sample 170 seed=1691509117: RESULT: write_trip_voltage_v = 1.70253
sample 171 seed=572683859: RESULT: write_trip_voltage_v = 1.70126
sample 172 seed=1637440184: RESULT: write_trip_voltage_v = 1.69492
sample 173 seed=1279878817: RESULT: write_trip_voltage_v = 1.69292
sample 174 seed=1622570544: RESULT: write_trip_voltage_v = 1.70543
sample 175 seed=408252082: RESULT: write_trip_voltage_v = 1.70561
sample 176 seed=1835036759: RESULT: write_trip_voltage_v = 1.70452
sample 177 seed=1332621196: RESULT: write_trip_voltage_v = 1.69836
sample 178 seed=1045508896: RESULT: write_trip_voltage_v = 1.70108
sample 179 seed=618790613: RESULT: write_trip_voltage_v = 1.69673
sample 180 seed=878348278: RESULT: write_trip_voltage_v = 1.70579
sample 181 seed=462864470: RESULT: write_trip_voltage_v = 1.70344
sample 182 seed=350596171: RESULT: write_trip_voltage_v = 1.69002
sample 183 seed=546797920: RESULT: write_trip_voltage_v = 1.70652
sample 184 seed=473348457: RESULT: write_trip_voltage_v = 1.68567
sample 185 seed=1294718839: RESULT: write_trip_voltage_v = 1.68603
sample 186 seed=1348401723: RESULT: write_trip_voltage_v = 1.70579
sample 187 seed=1226191128: RESULT: write_trip_voltage_v = 1.69999
sample 188 seed=1178423983: RESULT: write_trip_voltage_v = 1.69564
sample 189 seed=1727359469: RESULT: write_trip_voltage_v = 1.69909
sample 190 seed=1265418886: RESULT: write_trip_voltage_v = 1.70072
sample 191 seed=1498207957: RESULT: write_trip_voltage_v = 1.69836
sample 192 seed=1662039462: RESULT: write_trip_voltage_v = 1.68966
sample 193 seed=1001243607: RESULT: write_trip_voltage_v = 1.70217
sample 194 seed=318544509: RESULT: write_trip_voltage_v = 1.698
sample 195 seed=1728810966: RESULT: write_trip_voltage_v = 1.68948
sample 196 seed=217251750: RESULT: write_trip_voltage_v = 1.70615
sample 197 seed=1683966933: RESULT: write_trip_voltage_v = 1.69401
sample 198 seed=362789423: RESULT: write_trip_voltage_v = 1.69075
sample 199 seed=271264502: RESULT: write_trip_voltage_v = 1.68748

=== corner ff_-40c_2.97v -- determinism control (sw_stat_mismatch=0) ===
sample 0 seed=549053912: RESULT: write_trip_voltage_v = 1.69546
sample 1 seed=1788041049: RESULT: write_trip_voltage_v = 1.69546
sample 2 seed=1254695602: RESULT: write_trip_voltage_v = 1.69546
sample 3 seed=281940031: RESULT: write_trip_voltage_v = 1.69546

=== corner ff_-40c_2.97v -- negative control (known-bad variant: sw_stat_mismatch=6 (6x the PDK's per-instance Vt/current-factor mismatch sigma), VDD=0.60 V (below spec/sram.md's ratified 2.97 V minimum)) ===
sample 0 seed=1397119572: RESULT: write_trip_voltage_v = 0.111841
sample 1 seed=1999127659: RESULT: write_trip_voltage_v = 0.187939
sample 2 seed=213635456: RESULT: write_trip_voltage_v = 0.283301
sample 3 seed=118581914: RESULT: write_trip_voltage_v = -3.66211e-05
sample 4 seed=612958058: RESULT: write_trip_voltage_v = -3.66211e-05
sample 5 seed=190313791: RESULT: write_trip_voltage_v = -3.66211e-05
sample 6 seed=822228204: RESULT: write_trip_voltage_v = 0.22522
sample 7 seed=712339750: RESULT: write_trip_voltage_v = 0.19585
sample 8 seed=1606536225: RESULT: write_trip_voltage_v = 0.239392
sample 9 seed=1089109795: RESULT: write_trip_voltage_v = 0.120667
sample 10 seed=190730716: RESULT: write_trip_voltage_v = 0.122791
sample 11 seed=5273469: RESULT: write_trip_voltage_v = 0.0221558
sample 12 seed=275992345: RESULT: write_trip_voltage_v = 0.185559
sample 13 seed=1756240266: RESULT: write_trip_voltage_v = 0.0614502
sample 14 seed=1820551883: RESULT: write_trip_voltage_v = 0.0165894
sample 15 seed=1397359849: RESULT: write_trip_voltage_v = -3.66211e-05
sample 16 seed=394533339: RESULT: write_trip_voltage_v = 0.228479
sample 17 seed=1438228525: RESULT: write_trip_voltage_v = 0.133081
sample 18 seed=270934545: RESULT: write_trip_voltage_v = -3.66211e-05
sample 19 seed=1983376266: RESULT: write_trip_voltage_v = 0.0944458
sample 20 seed=1015714572: RESULT: write_trip_voltage_v = -3.66211e-05
sample 21 seed=603310184: RESULT: write_trip_voltage_v = 0.106824
sample 22 seed=1112117074: RESULT: write_trip_voltage_v = 0.269531
sample 23 seed=56793281: RESULT: write_trip_voltage_v = 0.100342
sample 24 seed=1494695946: RESULT: write_trip_voltage_v = 0.0984741
sample 25 seed=763187057: RESULT: write_trip_voltage_v = 0.24364
sample 26 seed=815859556: RESULT: write_trip_voltage_v = 0.159375
sample 27 seed=978686749: RESULT: write_trip_voltage_v = 0.197424
sample 28 seed=960389948: RESULT: write_trip_voltage_v = 0.00153809
sample 29 seed=1124265960: RESULT: write_trip_voltage_v = 0.134363
sample 30 seed=610662768: RESULT: write_trip_voltage_v = 0.0884399
sample 31 seed=204381558: RESULT: write_trip_voltage_v = 0.156775
sample 32 seed=416832645: RESULT: write_trip_voltage_v = 0.166589
sample 33 seed=1027292887: RESULT: write_trip_voltage_v = 0.331348
sample 34 seed=625493759: RESULT: write_trip_voltage_v = -3.66211e-05
sample 35 seed=593024048: RESULT: write_trip_voltage_v = 0.277625
sample 36 seed=1719889960: RESULT: write_trip_voltage_v = 0.0715942
sample 37 seed=1916025768: RESULT: write_trip_voltage_v = -3.66211e-05
sample 38 seed=557415778: RESULT: write_trip_voltage_v = 0.214636
sample 39 seed=1340170085: RESULT: write_trip_voltage_v = -3.66211e-05
sample 40 seed=1159785875: RESULT: write_trip_voltage_v = 0.0511597
sample 41 seed=1520076464: RESULT: write_trip_voltage_v = 0.147766
sample 42 seed=778263545: RESULT: write_trip_voltage_v = 0.164355
sample 43 seed=1155508123: RESULT: write_trip_voltage_v = 0.124622
sample 44 seed=227807294: RESULT: write_trip_voltage_v = 0.182446
sample 45 seed=295700486: RESULT: write_trip_voltage_v = 0.154248
sample 46 seed=653568784: RESULT: write_trip_voltage_v = 0.0182007
sample 47 seed=1460571231: RESULT: write_trip_voltage_v = -3.66211e-05
sample 48 seed=985583233: RESULT: write_trip_voltage_v = 0.035083
sample 49 seed=1334777175: RESULT: write_trip_voltage_v = -3.66211e-05
sample 50 seed=1811834593: RESULT: write_trip_voltage_v = -3.66211e-05
sample 51 seed=13463222: RESULT: write_trip_voltage_v = -3.66211e-05
sample 52 seed=1218720195: RESULT: write_trip_voltage_v = 0.302856
sample 53 seed=442074428: RESULT: write_trip_voltage_v = 0.309814
sample 54 seed=1894128051: RESULT: write_trip_voltage_v = 0.357971
sample 55 seed=145129003: RESULT: write_trip_voltage_v = 0.0741211
sample 56 seed=1470508289: RESULT: write_trip_voltage_v = 0.199182
sample 57 seed=494474066: RESULT: write_trip_voltage_v = -3.66211e-05
sample 58 seed=998007386: RESULT: write_trip_voltage_v = 0.140149
sample 59 seed=870631573: RESULT: write_trip_voltage_v = 0.0072876
sample 60 seed=1415245647: RESULT: write_trip_voltage_v = 0.154907
sample 61 seed=272045898: RESULT: write_trip_voltage_v = 0.00585938
sample 62 seed=216487676: RESULT: write_trip_voltage_v = -3.66211e-05
sample 63 seed=190657262: RESULT: write_trip_voltage_v = 0.0668701
sample 64 seed=189682823: RESULT: write_trip_voltage_v = 0.219983
sample 65 seed=1759272469: RESULT: write_trip_voltage_v = -3.66211e-05
sample 66 seed=161493416: RESULT: write_trip_voltage_v = 0.14718
sample 67 seed=1045612706: RESULT: write_trip_voltage_v = 0.0676758
sample 68 seed=817791160: RESULT: write_trip_voltage_v = 0.115283
sample 69 seed=879151111: RESULT: write_trip_voltage_v = 0.30293
sample 70 seed=1895467337: RESULT: write_trip_voltage_v = 0.179736
sample 71 seed=1798346421: RESULT: write_trip_voltage_v = 0.236316
sample 72 seed=254567243: RESULT: write_trip_voltage_v = 0.230786
sample 73 seed=88697774: RESULT: write_trip_voltage_v = -3.66211e-05
sample 74 seed=1920090415: RESULT: write_trip_voltage_v = 0.0230347
sample 75 seed=809014138: RESULT: write_trip_voltage_v = 0.0604248
sample 76 seed=1331656660: RESULT: write_trip_voltage_v = 0.188855
sample 77 seed=1641730839: RESULT: write_trip_voltage_v = 0.302087
sample 78 seed=840493290: RESULT: write_trip_voltage_v = -3.66211e-05
sample 79 seed=1560843479: RESULT: write_trip_voltage_v = 0.0462891
sample 80 seed=955490958: RESULT: write_trip_voltage_v = 0.229358
sample 81 seed=7912241: RESULT: write_trip_voltage_v = 0.226538
sample 82 seed=674511449: RESULT: write_trip_voltage_v = 0.0960205
sample 83 seed=43282007: RESULT: write_trip_voltage_v = -3.66211e-05
sample 84 seed=230034463: RESULT: write_trip_voltage_v = 0.349292
sample 85 seed=166863761: RESULT: write_trip_voltage_v = 0.280481
sample 86 seed=1730473349: RESULT: write_trip_voltage_v = 0.00395508
sample 87 seed=384505994: RESULT: write_trip_voltage_v = -3.66211e-05
sample 88 seed=129137656: RESULT: write_trip_voltage_v = 0.00717773
sample 89 seed=990509893: RESULT: write_trip_voltage_v = -3.66211e-05
sample 90 seed=1518163154: RESULT: write_trip_voltage_v = 0.0823975
sample 91 seed=1767044762: RESULT: write_trip_voltage_v = 0.229285
sample 92 seed=1593738562: RESULT: write_trip_voltage_v = 0.220569
sample 93 seed=1488609573: RESULT: write_trip_voltage_v = 0.275427
sample 94 seed=989337004: RESULT: write_trip_voltage_v = 0.21156
sample 95 seed=1229119436: RESULT: write_trip_voltage_v = 0.14469
sample 96 seed=1069566659: RESULT: write_trip_voltage_v = 0.126855
sample 97 seed=1869736525: RESULT: write_trip_voltage_v = 0.250891
sample 98 seed=123964790: RESULT: write_trip_voltage_v = 0.034021
sample 99 seed=765568528: RESULT: write_trip_voltage_v = 0.0247925
