=== corner ss_125c_3.63v -- mismatch samples (sw_stat_mismatch=1) ===
sample 0 seed=1314768593: RESULT: write_trip_voltage_v = 2.11034
sample 1 seed=1345807506: RESULT: write_trip_voltage_v = 2.10812
sample 2 seed=762054710: RESULT: write_trip_voltage_v = 2.10901
sample 3 seed=190757587: RESULT: write_trip_voltage_v = 2.09837
sample 4 seed=1886395095: RESULT: write_trip_voltage_v = 2.11144
sample 5 seed=1625118882: RESULT: write_trip_voltage_v = 2.10879
sample 6 seed=113220958: RESULT: write_trip_voltage_v = 2.10879
sample 7 seed=906333430: RESULT: write_trip_voltage_v = 2.10192
sample 8 seed=1511825141: RESULT: write_trip_voltage_v = 2.11632
sample 9 seed=25498367: RESULT: write_trip_voltage_v = 2.11543
sample 10 seed=255449178: RESULT: write_trip_voltage_v = 2.10923
sample 11 seed=566637885: RESULT: write_trip_voltage_v = 2.10635
sample 12 seed=1676997892: RESULT: write_trip_voltage_v = 2.11654
sample 13 seed=1872077452: RESULT: write_trip_voltage_v = 2.10325
sample 14 seed=1594917111: RESULT: write_trip_voltage_v = 2.11432
sample 15 seed=246209162: RESULT: write_trip_voltage_v = 2.11034
sample 16 seed=1676727724: RESULT: write_trip_voltage_v = 2.10258
sample 17 seed=1462335746: RESULT: write_trip_voltage_v = 2.10967
sample 18 seed=341680066: RESULT: write_trip_voltage_v = 2.1048
sample 19 seed=1296221720: RESULT: write_trip_voltage_v = 2.10568
sample 20 seed=126147030: RESULT: write_trip_voltage_v = 2.10591
sample 21 seed=442789880: RESULT: write_trip_voltage_v = 2.10967
sample 22 seed=1952451222: RESULT: write_trip_voltage_v = 2.1172
sample 23 seed=1601798075: RESULT: write_trip_voltage_v = 2.111
sample 24 seed=578250929: RESULT: write_trip_voltage_v = 2.10746
sample 25 seed=722517118: RESULT: write_trip_voltage_v = 2.11167
sample 26 seed=307164232: RESULT: write_trip_voltage_v = 2.11698
sample 27 seed=761637155: RESULT: write_trip_voltage_v = 2.11078
sample 28 seed=1782825801: RESULT: write_trip_voltage_v = 2.10081
sample 29 seed=1198193202: RESULT: write_trip_voltage_v = 2.11122
sample 30 seed=1916833019: RESULT: write_trip_voltage_v = 2.10679
sample 31 seed=1648550002: RESULT: write_trip_voltage_v = 2.10435
sample 32 seed=1012986234: RESULT: write_trip_voltage_v = 2.10568
sample 33 seed=1456641954: RESULT: write_trip_voltage_v = 2.10568
sample 34 seed=1254319015: RESULT: write_trip_voltage_v = 2.10635
sample 35 seed=47415394: RESULT: write_trip_voltage_v = 2.11322
sample 36 seed=289260890: RESULT: write_trip_voltage_v = 2.11034
sample 37 seed=108421341: RESULT: write_trip_voltage_v = 2.11144
sample 38 seed=1916708766: RESULT: write_trip_voltage_v = 2.10635
sample 39 seed=1846981761: RESULT: write_trip_voltage_v = 2.10458
sample 40 seed=487283171: RESULT: write_trip_voltage_v = 2.11698
sample 41 seed=445316197: RESULT: write_trip_voltage_v = 2.12008
sample 42 seed=1591348016: RESULT: write_trip_voltage_v = 2.1079
sample 43 seed=213599748: RESULT: write_trip_voltage_v = 2.1028
sample 44 seed=1355862577: RESULT: write_trip_voltage_v = 2.11698
sample 45 seed=1771284526: RESULT: write_trip_voltage_v = 2.10657
sample 46 seed=1453813522: RESULT: write_trip_voltage_v = 2.11366
sample 47 seed=1031039037: RESULT: write_trip_voltage_v = 2.1048
sample 48 seed=233953091: RESULT: write_trip_voltage_v = 2.11122
sample 49 seed=624444135: RESULT: write_trip_voltage_v = 2.11078
sample 50 seed=298892504: RESULT: write_trip_voltage_v = 2.11388
sample 51 seed=1289692355: RESULT: write_trip_voltage_v = 2.10923
sample 52 seed=617586308: RESULT: write_trip_voltage_v = 2.10635
sample 53 seed=882651496: RESULT: write_trip_voltage_v = 2.111
sample 54 seed=470049516: RESULT: write_trip_voltage_v = 2.11034
sample 55 seed=1828210773: RESULT: write_trip_voltage_v = 2.111
sample 56 seed=53024931: RESULT: write_trip_voltage_v = 2.10856
sample 57 seed=662921882: RESULT: write_trip_voltage_v = 2.111
sample 58 seed=1120275338: RESULT: write_trip_voltage_v = 2.11366
sample 59 seed=636959151: RESULT: write_trip_voltage_v = 2.11388
sample 60 seed=849742184: RESULT: write_trip_voltage_v = 2.10524
sample 61 seed=1786137997: RESULT: write_trip_voltage_v = 2.11743
sample 62 seed=1228300188: RESULT: write_trip_voltage_v = 2.11144
sample 63 seed=427343874: RESULT: write_trip_voltage_v = 2.11698
sample 64 seed=1867906852: RESULT: write_trip_voltage_v = 2.10325
sample 65 seed=398015560: RESULT: write_trip_voltage_v = 2.10613
sample 66 seed=1069498341: RESULT: write_trip_voltage_v = 2.1017
sample 67 seed=781331170: RESULT: write_trip_voltage_v = 2.10967
sample 68 seed=753527467: RESULT: write_trip_voltage_v = 2.1161
sample 69 seed=1037041865: RESULT: write_trip_voltage_v = 2.1017
sample 70 seed=386180109: RESULT: write_trip_voltage_v = 2.10989
sample 71 seed=190256324: RESULT: write_trip_voltage_v = 2.11322
sample 72 seed=1784862839: RESULT: write_trip_voltage_v = 2.10812
sample 73 seed=194085903: RESULT: write_trip_voltage_v = 2.11255
sample 74 seed=1804358016: RESULT: write_trip_voltage_v = 2.10923
sample 75 seed=682831467: RESULT: write_trip_voltage_v = 2.11167
sample 76 seed=1966759656: RESULT: write_trip_voltage_v = 2.09926
sample 77 seed=1143449971: RESULT: write_trip_voltage_v = 2.11211
sample 78 seed=1441945890: RESULT: write_trip_voltage_v = 2.10679
sample 79 seed=1064189337: RESULT: write_trip_voltage_v = 2.10369
sample 80 seed=1535264882: RESULT: write_trip_voltage_v = 2.11233
sample 81 seed=170128941: RESULT: write_trip_voltage_v = 2.10413
sample 82 seed=569212983: RESULT: write_trip_voltage_v = 2.10258
sample 83 seed=1211181292: RESULT: write_trip_voltage_v = 2.10635
sample 84 seed=1266363873: RESULT: write_trip_voltage_v = 2.11322
sample 85 seed=1022285347: RESULT: write_trip_voltage_v = 2.10901
sample 86 seed=487350008: RESULT: write_trip_voltage_v = 2.0966
sample 87 seed=1798001555: RESULT: write_trip_voltage_v = 2.10856
sample 88 seed=1586134066: RESULT: write_trip_voltage_v = 2.10989
sample 89 seed=791774263: RESULT: write_trip_voltage_v = 2.10967
sample 90 seed=1913878282: RESULT: write_trip_voltage_v = 2.10014
sample 91 seed=1979248059: RESULT: write_trip_voltage_v = 2.10701
sample 92 seed=415646772: RESULT: write_trip_voltage_v = 2.11011
sample 93 seed=197200381: RESULT: write_trip_voltage_v = 2.10214
sample 94 seed=1761685225: RESULT: write_trip_voltage_v = 2.10214
sample 95 seed=419013992: RESULT: write_trip_voltage_v = 2.111
sample 96 seed=1601386738: RESULT: write_trip_voltage_v = 2.1141
sample 97 seed=123447140: RESULT: write_trip_voltage_v = 2.11299
sample 98 seed=1195244438: RESULT: write_trip_voltage_v = 2.10679
sample 99 seed=1140313424: RESULT: write_trip_voltage_v = 2.10768
sample 100 seed=118241687: RESULT: write_trip_voltage_v = 2.11167
sample 101 seed=1318686070: RESULT: write_trip_voltage_v = 2.11322
sample 102 seed=651253776: RESULT: write_trip_voltage_v = 2.10458
sample 103 seed=662381136: RESULT: write_trip_voltage_v = 2.10635
sample 104 seed=1459121963: RESULT: write_trip_voltage_v = 2.10812
sample 105 seed=931681754: RESULT: write_trip_voltage_v = 2.09992
sample 106 seed=1328165822: RESULT: write_trip_voltage_v = 2.10236
sample 107 seed=1575982320: RESULT: write_trip_voltage_v = 2.10834
sample 108 seed=187861529: RESULT: write_trip_voltage_v = 2.10458
sample 109 seed=570061652: RESULT: write_trip_voltage_v = 2.11499
sample 110 seed=1453432100: RESULT: write_trip_voltage_v = 2.11698
sample 111 seed=527153601: RESULT: write_trip_voltage_v = 2.10458
sample 112 seed=516470537: RESULT: write_trip_voltage_v = 2.1028
sample 113 seed=509453337: RESULT: write_trip_voltage_v = 2.11034
sample 114 seed=973447636: RESULT: write_trip_voltage_v = 2.11455
sample 115 seed=1088011242: RESULT: write_trip_voltage_v = 2.10568
sample 116 seed=503965672: RESULT: write_trip_voltage_v = 2.1079
sample 117 seed=1506325814: RESULT: write_trip_voltage_v = 2.12186
sample 118 seed=556036008: RESULT: write_trip_voltage_v = 2.11632
sample 119 seed=1167888624: RESULT: write_trip_voltage_v = 2.111
sample 120 seed=940922419: RESULT: write_trip_voltage_v = 2.10258
sample 121 seed=371973552: RESULT: write_trip_voltage_v = 2.11499
sample 122 seed=1404439448: RESULT: write_trip_voltage_v = 2.12164
sample 123 seed=1650151821: RESULT: write_trip_voltage_v = 2.10413
sample 124 seed=450839678: RESULT: write_trip_voltage_v = 2.09859
sample 125 seed=1593496065: RESULT: write_trip_voltage_v = 2.10568
sample 126 seed=778926421: RESULT: write_trip_voltage_v = 2.10989
sample 127 seed=1041279834: RESULT: write_trip_voltage_v = 2.10635
sample 128 seed=1122182297: RESULT: write_trip_voltage_v = 2.10192
sample 129 seed=928392845: RESULT: write_trip_voltage_v = 2.10657
sample 130 seed=218133861: RESULT: write_trip_voltage_v = 2.11122
sample 131 seed=1385739077: RESULT: write_trip_voltage_v = 2.10613
sample 132 seed=506804940: RESULT: write_trip_voltage_v = 2.11366
sample 133 seed=806000939: RESULT: write_trip_voltage_v = 2.11034
sample 134 seed=1263019439: RESULT: write_trip_voltage_v = 2.1141
sample 135 seed=282505972: RESULT: write_trip_voltage_v = 2.11499
sample 136 seed=797507319: RESULT: write_trip_voltage_v = 2.10347
sample 137 seed=374452739: RESULT: write_trip_voltage_v = 2.11255
sample 138 seed=1001039688: RESULT: write_trip_voltage_v = 2.10679
sample 139 seed=874929318: RESULT: write_trip_voltage_v = 2.11366
sample 140 seed=1917017112: RESULT: write_trip_voltage_v = 2.10347
sample 141 seed=633733353: RESULT: write_trip_voltage_v = 2.10989
sample 142 seed=52035188: RESULT: write_trip_voltage_v = 2.11034
sample 143 seed=1493650025: RESULT: write_trip_voltage_v = 2.11521
sample 144 seed=1219886350: RESULT: write_trip_voltage_v = 2.11233
sample 145 seed=149101820: RESULT: write_trip_voltage_v = 2.11233
sample 146 seed=291460709: RESULT: write_trip_voltage_v = 2.10546
sample 147 seed=1644523646: RESULT: write_trip_voltage_v = 2.10923
sample 148 seed=1783710087: RESULT: write_trip_voltage_v = 2.10258
sample 149 seed=374125831: RESULT: write_trip_voltage_v = 2.11787
sample 150 seed=268077020: RESULT: write_trip_voltage_v = 2.10923
sample 151 seed=587135327: RESULT: write_trip_voltage_v = 2.11122
sample 152 seed=1399360346: RESULT: write_trip_voltage_v = 2.11588
sample 153 seed=1758262381: RESULT: write_trip_voltage_v = 2.10568
sample 154 seed=328551035: RESULT: write_trip_voltage_v = 2.10502
sample 155 seed=81152736: RESULT: write_trip_voltage_v = 2.1048
sample 156 seed=1219491601: RESULT: write_trip_voltage_v = 2.10945
sample 157 seed=255797171: RESULT: write_trip_voltage_v = 2.09549
sample 158 seed=145671688: RESULT: write_trip_voltage_v = 2.10325
sample 159 seed=345285785: RESULT: write_trip_voltage_v = 2.10856
sample 160 seed=903078728: RESULT: write_trip_voltage_v = 2.11277
sample 161 seed=526167657: RESULT: write_trip_voltage_v = 2.11455
sample 162 seed=597280182: RESULT: write_trip_voltage_v = 2.11122
sample 163 seed=1535434287: RESULT: write_trip_voltage_v = 2.10923
sample 164 seed=1845406962: RESULT: write_trip_voltage_v = 2.10768
sample 165 seed=207173441: RESULT: write_trip_voltage_v = 2.1141
sample 166 seed=1867147772: RESULT: write_trip_voltage_v = 2.10413
sample 167 seed=149021279: RESULT: write_trip_voltage_v = 2.11898
sample 168 seed=1861343284: RESULT: write_trip_voltage_v = 2.11787
sample 169 seed=1345093377: RESULT: write_trip_voltage_v = 2.10147
sample 170 seed=1721347758: RESULT: write_trip_voltage_v = 2.10834
sample 171 seed=153888677: RESULT: write_trip_voltage_v = 2.11233
sample 172 seed=1232126811: RESULT: write_trip_voltage_v = 2.10037
sample 173 seed=565355625: RESULT: write_trip_voltage_v = 2.11743
sample 174 seed=676455789: RESULT: write_trip_voltage_v = 2.11654
sample 175 seed=1238288836: RESULT: write_trip_voltage_v = 2.09992
sample 176 seed=648708566: RESULT: write_trip_voltage_v = 2.10546
sample 177 seed=988607668: RESULT: write_trip_voltage_v = 2.10568
sample 178 seed=1502742538: RESULT: write_trip_voltage_v = 2.11034
sample 179 seed=442267705: RESULT: write_trip_voltage_v = 2.11122
sample 180 seed=1595594398: RESULT: write_trip_voltage_v = 2.111
sample 181 seed=130271639: RESULT: write_trip_voltage_v = 2.10081
sample 182 seed=1924968579: RESULT: write_trip_voltage_v = 2.10568
sample 183 seed=985642640: RESULT: write_trip_voltage_v = 2.10812
sample 184 seed=1894070357: RESULT: write_trip_voltage_v = 2.12008
sample 185 seed=285251465: RESULT: write_trip_voltage_v = 2.11898
sample 186 seed=825575867: RESULT: write_trip_voltage_v = 2.10635
sample 187 seed=960204921: RESULT: write_trip_voltage_v = 2.11056
sample 188 seed=161597303: RESULT: write_trip_voltage_v = 2.10546
sample 189 seed=882702044: RESULT: write_trip_voltage_v = 2.11233
sample 190 seed=1388281395: RESULT: write_trip_voltage_v = 2.10812
sample 191 seed=1764659398: RESULT: write_trip_voltage_v = 2.11189
sample 192 seed=1058783082: RESULT: write_trip_voltage_v = 2.09882
sample 193 seed=611218794: RESULT: write_trip_voltage_v = 2.10945
sample 194 seed=936524282: RESULT: write_trip_voltage_v = 2.11299
sample 195 seed=1193265640: RESULT: write_trip_voltage_v = 2.11853
sample 196 seed=1274427323: RESULT: write_trip_voltage_v = 2.11853
sample 197 seed=712958115: RESULT: write_trip_voltage_v = 2.11565
sample 198 seed=226144587: RESULT: write_trip_voltage_v = 2.11676
sample 199 seed=250847882: RESULT: write_trip_voltage_v = 2.10325

=== corner ss_125c_3.63v -- determinism control (sw_stat_mismatch=0) ===
sample 0 seed=207105612: RESULT: write_trip_voltage_v = 2.10967
sample 1 seed=905682029: RESULT: write_trip_voltage_v = 2.10967
sample 2 seed=386156530: RESULT: write_trip_voltage_v = 2.10967
sample 3 seed=724762198: RESULT: write_trip_voltage_v = 2.10967

=== corner ss_125c_3.63v -- negative control (known-bad variant: sw_stat_mismatch=6 (6x the PDK's per-instance Vt/current-factor mismatch sigma), VDD=0.60 V (below spec/sram.md's ratified 2.97 V minimum)) ===
sample 0 seed=708722250: RESULT: write_trip_voltage_v = -3.66211e-05
sample 1 seed=860308586: RESULT: write_trip_voltage_v = 0.108179
sample 2 seed=13467142: OPEN -- RESULT-ERROR: write_trip_voltage -- write succeeded even with no bit-line differential (VWRITE = VDD)
sample 3 seed=821977315: RESULT: write_trip_voltage_v = 0.299158
sample 4 seed=588553191: OPEN -- RESULT-ERROR: write_trip_voltage -- write succeeded even with no bit-line differential (VWRITE = VDD)
sample 5 seed=1014496088: OPEN -- RESULT-ERROR: write_trip_voltage -- write succeeded even with no bit-line differential (VWRITE = VDD)
sample 6 seed=1119668472: RESULT: write_trip_voltage_v = 0.137402
sample 7 seed=371487223: RESULT: write_trip_voltage_v = 0.00856934
sample 8 seed=1896586453: RESULT: write_trip_voltage_v = -3.66211e-05
sample 9 seed=1515490625: RESULT: write_trip_voltage_v = -3.66211e-05
sample 10 seed=142868543: RESULT: write_trip_voltage_v = -3.66211e-05
sample 11 seed=13352003: OPEN -- RESULT-ERROR: write_trip_voltage -- write succeeded even with no bit-line differential (VWRITE = VDD)
sample 12 seed=1540636144: RESULT: write_trip_voltage_v = 0.169666
sample 13 seed=1566564253: RESULT: write_trip_voltage_v = -3.66211e-05
sample 14 seed=1501814288: OPEN -- RESULT-ERROR: write_trip_voltage -- write succeeded even with no bit-line differential (VWRITE = VDD)
sample 15 seed=13510605: RESULT: write_trip_voltage_v = 0.180652
sample 16 seed=724938566: RESULT: write_trip_voltage_v = 0.154358
sample 17 seed=93571549: RESULT: write_trip_voltage_v = 0.00933838
sample 18 seed=854821414: RESULT: write_trip_voltage_v = -3.66211e-05
sample 19 seed=989918998: OPEN -- RESULT-ERROR: write_trip_voltage -- write succeeded even with no bit-line differential (VWRITE = VDD)
sample 20 seed=946435516: OPEN -- RESULT-ERROR: write_trip_voltage -- write succeeded even with no bit-line differential (VWRITE = VDD)
sample 21 seed=692517845: RESULT: write_trip_voltage_v = -3.66211e-05
sample 22 seed=948090129: OPEN -- RESULT-ERROR: write_trip_voltage -- write succeeded even with no bit-line differential (VWRITE = VDD)
sample 23 seed=1526617194: RESULT: write_trip_voltage_v = 0.213391
sample 24 seed=1735618375: RESULT: write_trip_voltage_v = 0.0164795
sample 25 seed=1208666715: RESULT: write_trip_voltage_v = -3.66211e-05
sample 26 seed=186387573: OPEN -- RESULT-ERROR: write_trip_voltage -- write succeeded even with no bit-line differential (VWRITE = VDD)
sample 27 seed=564891863: RESULT: write_trip_voltage_v = 0.139233
sample 28 seed=829541336: OPEN -- RESULT-ERROR: write_trip_voltage -- write succeeded even with no bit-line differential (VWRITE = VDD)
sample 29 seed=1005523752: RESULT: write_trip_voltage_v = 0.0116455
sample 30 seed=915526774: RESULT: write_trip_voltage_v = 0.167944
sample 31 seed=1762559814: RESULT: write_trip_voltage_v = 0.0853271
sample 32 seed=90140238: RESULT: write_trip_voltage_v = 0.198267
sample 33 seed=1156442124: RESULT: write_trip_voltage_v = 0.27301
sample 34 seed=150340555: RESULT: write_trip_voltage_v = -3.66211e-05
sample 35 seed=1849443778: RESULT: write_trip_voltage_v = 0.171973
sample 36 seed=170587334: RESULT: write_trip_voltage_v = 0.0342041
sample 37 seed=1553438512: RESULT: write_trip_voltage_v = 0.0213867
sample 38 seed=1367033124: RESULT: write_trip_voltage_v = 0.210791
sample 39 seed=73093281: RESULT: write_trip_voltage_v = 0.223718
sample 40 seed=1577747364: RESULT: write_trip_voltage_v = 0.207642
sample 41 seed=160583514: RESULT: write_trip_voltage_v = -3.66211e-05
sample 42 seed=1178801439: RESULT: write_trip_voltage_v = 0.0588135
sample 43 seed=942500601: RESULT: write_trip_voltage_v = -3.66211e-05
sample 44 seed=1794866033: OPEN -- RESULT-ERROR: write_trip_voltage -- write succeeded even with no bit-line differential (VWRITE = VDD)
sample 45 seed=1680489755: RESULT: write_trip_voltage_v = 0.248218
sample 46 seed=148126412: RESULT: write_trip_voltage_v = 0.173877
sample 47 seed=1897019059: RESULT: write_trip_voltage_v = 0.116895
sample 48 seed=138264239: RESULT: write_trip_voltage_v = 0.205334
sample 49 seed=190053281: RESULT: write_trip_voltage_v = 0.0636475
sample 50 seed=1962443938: RESULT: write_trip_voltage_v = 0.167578
sample 51 seed=778559436: RESULT: write_trip_voltage_v = -3.66211e-05
sample 52 seed=1571087667: OPEN -- RESULT-ERROR: write_trip_voltage -- write succeeded even with no bit-line differential (VWRITE = VDD)
sample 53 seed=960183832: RESULT: write_trip_voltage_v = 0.16051
sample 54 seed=1734257652: RESULT: write_trip_voltage_v = 0.0185669
sample 55 seed=1540024075: RESULT: write_trip_voltage_v = -3.66211e-05
sample 56 seed=1846198293: RESULT: write_trip_voltage_v = 0.293188
sample 57 seed=479193621: OPEN -- RESULT-ERROR: write_trip_voltage -- write succeeded even with no bit-line differential (VWRITE = VDD)
sample 58 seed=1833182530: RESULT: write_trip_voltage_v = 0.0274292
sample 59 seed=570397488: OPEN -- RESULT-ERROR: write_trip_voltage -- write succeeded even with no bit-line differential (VWRITE = VDD)
sample 60 seed=1497150052: RESULT: write_trip_voltage_v = 0.145093
sample 61 seed=1035435265: RESULT: write_trip_voltage_v = 0.126929
sample 62 seed=601726966: RESULT: write_trip_voltage_v = 0.0737183
sample 63 seed=1429106536: RESULT: write_trip_voltage_v = 0.361597
sample 64 seed=920667914: RESULT: write_trip_voltage_v = 0.139453
sample 65 seed=736552211: RESULT: write_trip_voltage_v = 0.183179
sample 66 seed=220908780: RESULT: write_trip_voltage_v = -3.66211e-05
sample 67 seed=23277007: RESULT: write_trip_voltage_v = -3.66211e-05
sample 68 seed=1883007654: RESULT: write_trip_voltage_v = -3.66211e-05
sample 69 seed=600027445: RESULT: write_trip_voltage_v = 0.0683716
sample 70 seed=1297193381: RESULT: write_trip_voltage_v = 0.0549316
sample 71 seed=1734891938: RESULT: write_trip_voltage_v = 0.025708
sample 72 seed=1177338929: RESULT: write_trip_voltage_v = 0.129529
sample 73 seed=186331594: OPEN -- RESULT-ERROR: write_trip_voltage -- write succeeded even with no bit-line differential (VWRITE = VDD)
sample 74 seed=1346023995: RESULT: write_trip_voltage_v = 0.169299
sample 75 seed=1181172398: RESULT: write_trip_voltage_v = 0.368591
sample 76 seed=435411029: RESULT: write_trip_voltage_v = 0.0658081
sample 77 seed=110766057: OPEN -- RESULT-ERROR: write_trip_voltage -- write succeeded even with no bit-line differential (VWRITE = VDD)
sample 78 seed=1896959611: RESULT: write_trip_voltage_v = -3.66211e-05
sample 79 seed=639385842: RESULT: write_trip_voltage_v = 0.130884
sample 80 seed=1983559627: RESULT: write_trip_voltage_v = 0.210791
sample 81 seed=784859065: RESULT: write_trip_voltage_v = 0.313037
sample 82 seed=1210488765: RESULT: write_trip_voltage_v = 0.194348
sample 83 seed=920918946: RESULT: write_trip_voltage_v = -3.66211e-05
sample 84 seed=742453450: RESULT: write_trip_voltage_v = 0.231665
sample 85 seed=503646641: RESULT: write_trip_voltage_v = 0.176624
sample 86 seed=264274659: RESULT: write_trip_voltage_v = 0.232214
sample 87 seed=1292107823: OPEN -- RESULT-ERROR: write_trip_voltage -- write succeeded even with no bit-line differential (VWRITE = VDD)
sample 88 seed=578713802: RESULT: write_trip_voltage_v = 0.00904541
sample 89 seed=89970294: OPEN -- RESULT-ERROR: write_trip_voltage -- write succeeded even with no bit-line differential (VWRITE = VDD)
sample 90 seed=164119384: RESULT: write_trip_voltage_v = 0.336035
sample 91 seed=106615504: RESULT: write_trip_voltage_v = 0.102026
sample 92 seed=442574691: RESULT: write_trip_voltage_v = 0.170398
sample 93 seed=334030383: RESULT: write_trip_voltage_v = -3.66211e-05
sample 94 seed=1809495984: RESULT: write_trip_voltage_v = 0.157764
sample 95 seed=638872651: RESULT: write_trip_voltage_v = 0.149963
sample 96 seed=23639236: RESULT: write_trip_voltage_v = 0.163037
sample 97 seed=1752674003: RESULT: write_trip_voltage_v = -3.66211e-05
sample 98 seed=1370246923: OPEN -- RESULT-ERROR: write_trip_voltage -- write succeeded even with no bit-line differential (VWRITE = VDD)
sample 99 seed=1886615903: RESULT: write_trip_voltage_v = 0.111438
