=== corner tt_-40c_3.63v -- mismatch samples (sw_stat_mismatch=1) ===
sample 0 seed=122337767: RESULT: write_trip_voltage_v = 2.14512
sample 1 seed=297294171: RESULT: write_trip_voltage_v = 2.12141
sample 2 seed=747589393: RESULT: write_trip_voltage_v = 2.14268
sample 3 seed=734395904: RESULT: write_trip_voltage_v = 2.14047
sample 4 seed=482087292: RESULT: write_trip_voltage_v = 2.1449
sample 5 seed=405874570: RESULT: write_trip_voltage_v = 2.13028
sample 6 seed=1391354414: RESULT: write_trip_voltage_v = 2.12496
sample 7 seed=1209325747: RESULT: write_trip_voltage_v = 2.11588
sample 8 seed=254967978: RESULT: write_trip_voltage_v = 2.13626
sample 9 seed=668282801: RESULT: write_trip_voltage_v = 2.12607
sample 10 seed=32707896: RESULT: write_trip_voltage_v = 2.14135
sample 11 seed=840638071: RESULT: write_trip_voltage_v = 2.13338
sample 12 seed=909655395: RESULT: write_trip_voltage_v = 2.13294
sample 13 seed=1463842736: RESULT: write_trip_voltage_v = 2.12319
sample 14 seed=312831496: RESULT: write_trip_voltage_v = 2.11632
sample 15 seed=193390604: RESULT: write_trip_voltage_v = 2.14579
sample 16 seed=294174545: RESULT: write_trip_voltage_v = 2.12828
sample 17 seed=1807558786: RESULT: write_trip_voltage_v = 2.12562
sample 18 seed=1298938648: RESULT: write_trip_voltage_v = 2.13072
sample 19 seed=894715734: RESULT: write_trip_voltage_v = 2.13825
sample 20 seed=1852505083: RESULT: write_trip_voltage_v = 2.13537
sample 21 seed=571312703: RESULT: write_trip_voltage_v = 2.12873
sample 22 seed=789782953: RESULT: write_trip_voltage_v = 2.14069
sample 23 seed=443939610: RESULT: write_trip_voltage_v = 2.13892
sample 24 seed=236704095: RESULT: write_trip_voltage_v = 2.13892
sample 25 seed=1563189515: RESULT: write_trip_voltage_v = 2.11876
sample 26 seed=1923623486: RESULT: write_trip_voltage_v = 2.14003
sample 27 seed=1796006870: RESULT: write_trip_voltage_v = 2.1274
sample 28 seed=268074816: RESULT: write_trip_voltage_v = 2.12717
sample 29 seed=1136208305: RESULT: write_trip_voltage_v = 2.13161
sample 30 seed=22855184: RESULT: write_trip_voltage_v = 2.14556
sample 31 seed=1839219168: RESULT: write_trip_voltage_v = 2.13382
sample 32 seed=1107369281: RESULT: write_trip_voltage_v = 2.12518
sample 33 seed=1823314814: RESULT: write_trip_voltage_v = 2.12629
sample 34 seed=1825020989: RESULT: write_trip_voltage_v = 2.13161
sample 35 seed=1863278151: RESULT: write_trip_voltage_v = 2.12917
sample 36 seed=316230363: RESULT: write_trip_voltage_v = 2.12141
sample 37 seed=620924861: RESULT: write_trip_voltage_v = 2.1254
sample 38 seed=1590629103: RESULT: write_trip_voltage_v = 2.13449
sample 39 seed=890753765: RESULT: write_trip_voltage_v = 2.12496
sample 40 seed=1410958269: RESULT: write_trip_voltage_v = 2.12031
sample 41 seed=1256325804: RESULT: write_trip_voltage_v = 2.13737
sample 42 seed=11414077: RESULT: write_trip_voltage_v = 2.13426
sample 43 seed=775085408: RESULT: write_trip_voltage_v = 2.1223
sample 44 seed=47181202: RESULT: write_trip_voltage_v = 2.14025
sample 45 seed=1698331019: RESULT: write_trip_voltage_v = 2.13737
sample 46 seed=153012190: RESULT: write_trip_voltage_v = 2.12363
sample 47 seed=528940917: RESULT: write_trip_voltage_v = 2.13449
sample 48 seed=380166264: RESULT: write_trip_voltage_v = 2.12629
sample 49 seed=830532101: RESULT: write_trip_voltage_v = 2.11964
sample 50 seed=1103548407: RESULT: write_trip_voltage_v = 2.11986
sample 51 seed=375738757: RESULT: write_trip_voltage_v = 2.13249
sample 52 seed=1913990123: RESULT: write_trip_voltage_v = 2.12983
sample 53 seed=194250352: RESULT: write_trip_voltage_v = 2.12562
sample 54 seed=1151302353: RESULT: write_trip_voltage_v = 2.13515
sample 55 seed=758578070: RESULT: write_trip_voltage_v = 2.1285
sample 56 seed=1901524672: RESULT: write_trip_voltage_v = 2.13892
sample 57 seed=1149950461: RESULT: write_trip_voltage_v = 2.13582
sample 58 seed=1674104150: RESULT: write_trip_voltage_v = 2.11743
sample 59 seed=725112285: RESULT: write_trip_voltage_v = 2.13537
sample 60 seed=1453829305: RESULT: write_trip_voltage_v = 2.1336
sample 61 seed=575623889: RESULT: write_trip_voltage_v = 2.13138
sample 62 seed=1550625994: RESULT: write_trip_voltage_v = 2.13183
sample 63 seed=607853786: RESULT: write_trip_voltage_v = 2.14778
sample 64 seed=662492719: RESULT: write_trip_voltage_v = 2.13183
sample 65 seed=1046783939: RESULT: write_trip_voltage_v = 2.13914
sample 66 seed=1664703868: RESULT: write_trip_voltage_v = 2.11765
sample 67 seed=1679730241: RESULT: write_trip_voltage_v = 2.13781
sample 68 seed=1575760488: RESULT: write_trip_voltage_v = 2.13426
sample 69 seed=1299715874: RESULT: write_trip_voltage_v = 2.13426
sample 70 seed=928184299: RESULT: write_trip_voltage_v = 2.13847
sample 71 seed=1626862897: RESULT: write_trip_voltage_v = 2.13582
sample 72 seed=500752033: RESULT: write_trip_voltage_v = 2.13515
sample 73 seed=1661927267: RESULT: write_trip_voltage_v = 2.14423
sample 74 seed=1651855203: RESULT: write_trip_voltage_v = 2.12983
sample 75 seed=1919156872: RESULT: write_trip_voltage_v = 2.13449
sample 76 seed=1656346640: RESULT: write_trip_voltage_v = 2.13825
sample 77 seed=1366783502: RESULT: write_trip_voltage_v = 2.13404
sample 78 seed=1954712267: RESULT: write_trip_voltage_v = 2.14003
sample 79 seed=366196599: RESULT: write_trip_voltage_v = 2.13249
sample 80 seed=1364723453: RESULT: write_trip_voltage_v = 2.11654
sample 81 seed=1549984290: RESULT: write_trip_voltage_v = 2.13537
sample 82 seed=1215940314: RESULT: write_trip_voltage_v = 2.13271
sample 83 seed=905596748: RESULT: write_trip_voltage_v = 2.14003
sample 84 seed=926200927: RESULT: write_trip_voltage_v = 2.14069
sample 85 seed=294078027: RESULT: write_trip_voltage_v = 2.12363
sample 86 seed=338087640: RESULT: write_trip_voltage_v = 2.14313
sample 87 seed=415306136: RESULT: write_trip_voltage_v = 2.13914
sample 88 seed=533867895: RESULT: write_trip_voltage_v = 2.12717
sample 89 seed=1224599146: RESULT: write_trip_voltage_v = 2.13648
sample 90 seed=1396069198: RESULT: write_trip_voltage_v = 2.1254
sample 91 seed=37919297: RESULT: write_trip_voltage_v = 2.14778
sample 92 seed=1078033242: RESULT: write_trip_voltage_v = 2.12961
sample 93 seed=195233244: RESULT: write_trip_voltage_v = 2.14579
sample 94 seed=1063900472: RESULT: write_trip_voltage_v = 2.14003
sample 95 seed=1598489949: RESULT: write_trip_voltage_v = 2.13781
sample 96 seed=61993825: RESULT: write_trip_voltage_v = 2.13737
sample 97 seed=1346618646: RESULT: write_trip_voltage_v = 2.13825
sample 98 seed=1596416874: RESULT: write_trip_voltage_v = 2.12983
sample 99 seed=1686621190: RESULT: write_trip_voltage_v = 2.14025
sample 100 seed=1255411074: RESULT: write_trip_voltage_v = 2.13138
sample 101 seed=190798604: RESULT: write_trip_voltage_v = 2.13493
sample 102 seed=663903410: RESULT: write_trip_voltage_v = 2.14224
sample 103 seed=1107143160: RESULT: write_trip_voltage_v = 2.14113
sample 104 seed=645596524: RESULT: write_trip_voltage_v = 2.14202
sample 105 seed=871478536: RESULT: write_trip_voltage_v = 2.13958
sample 106 seed=1341056918: RESULT: write_trip_voltage_v = 2.12961
sample 107 seed=1891299127: RESULT: write_trip_voltage_v = 2.13271
sample 108 seed=806082109: RESULT: write_trip_voltage_v = 2.14113
sample 109 seed=1719988134: RESULT: write_trip_voltage_v = 2.13781
sample 110 seed=1375379510: RESULT: write_trip_voltage_v = 2.14335
sample 111 seed=1991197071: RESULT: write_trip_voltage_v = 2.12895
sample 112 seed=104045297: RESULT: write_trip_voltage_v = 2.13582
sample 113 seed=1304263537: RESULT: write_trip_voltage_v = 2.13183
sample 114 seed=1464774085: RESULT: write_trip_voltage_v = 2.13138
sample 115 seed=1191888899: RESULT: write_trip_voltage_v = 2.12784
sample 116 seed=886167230: RESULT: write_trip_voltage_v = 2.13515
sample 117 seed=462427514: RESULT: write_trip_voltage_v = 2.12008
sample 118 seed=1542642728: RESULT: write_trip_voltage_v = 2.13626
sample 119 seed=1521924537: RESULT: write_trip_voltage_v = 2.13825
sample 120 seed=1518949073: RESULT: write_trip_voltage_v = 2.1387
sample 121 seed=1893172080: RESULT: write_trip_voltage_v = 2.14423
sample 122 seed=588328391: RESULT: write_trip_voltage_v = 2.13626
sample 123 seed=213155868: RESULT: write_trip_voltage_v = 2.12429
sample 124 seed=1749148097: RESULT: write_trip_voltage_v = 2.13892
sample 125 seed=565205503: RESULT: write_trip_voltage_v = 2.12053
sample 126 seed=1052410778: RESULT: write_trip_voltage_v = 2.12141
sample 127 seed=1070619140: RESULT: write_trip_voltage_v = 2.13737
sample 128 seed=1566245762: RESULT: write_trip_voltage_v = 2.14446
sample 129 seed=1956174060: RESULT: write_trip_voltage_v = 2.13205
sample 130 seed=1675003296: RESULT: write_trip_voltage_v = 2.13914
sample 131 seed=1968605572: RESULT: write_trip_voltage_v = 2.12607
sample 132 seed=271531335: RESULT: write_trip_voltage_v = 2.14667
sample 133 seed=1386290690: RESULT: write_trip_voltage_v = 2.1305
sample 134 seed=386782423: RESULT: write_trip_voltage_v = 2.1367
sample 135 seed=1120178188: RESULT: write_trip_voltage_v = 2.14224
sample 136 seed=529182610: RESULT: write_trip_voltage_v = 2.14313
sample 137 seed=1442424982: RESULT: write_trip_voltage_v = 2.13382
sample 138 seed=1778221724: RESULT: write_trip_voltage_v = 2.13005
sample 139 seed=278592273: RESULT: write_trip_voltage_v = 2.12673
sample 140 seed=738612207: RESULT: write_trip_voltage_v = 2.13161
sample 141 seed=1675956478: RESULT: write_trip_voltage_v = 2.12474
sample 142 seed=1536316624: RESULT: write_trip_voltage_v = 2.12363
sample 143 seed=1760165790: RESULT: write_trip_voltage_v = 2.13205
sample 144 seed=255321054: RESULT: write_trip_voltage_v = 2.12407
sample 145 seed=493911742: RESULT: write_trip_voltage_v = 2.13759
sample 146 seed=1188919065: RESULT: write_trip_voltage_v = 2.1141
sample 147 seed=1677393170: RESULT: write_trip_voltage_v = 2.14556
sample 148 seed=830600119: RESULT: write_trip_voltage_v = 2.13648
sample 149 seed=241933599: RESULT: write_trip_voltage_v = 2.12363
sample 150 seed=835955739: RESULT: write_trip_voltage_v = 2.1398
sample 151 seed=130809530: RESULT: write_trip_voltage_v = 2.12873
sample 152 seed=1610209261: RESULT: write_trip_voltage_v = 2.12629
sample 153 seed=949014819: RESULT: write_trip_voltage_v = 2.1367
sample 154 seed=1563023108: RESULT: write_trip_voltage_v = 2.14645
sample 155 seed=1647043765: RESULT: write_trip_voltage_v = 2.1305
sample 156 seed=1065010849: RESULT: write_trip_voltage_v = 2.13892
sample 157 seed=1587375608: RESULT: write_trip_voltage_v = 2.13028
sample 158 seed=802751848: RESULT: write_trip_voltage_v = 2.12097
sample 159 seed=1288508197: RESULT: write_trip_voltage_v = 2.14069
sample 160 seed=73894550: RESULT: write_trip_voltage_v = 2.12474
sample 161 seed=1790108864: RESULT: write_trip_voltage_v = 2.1398
sample 162 seed=54039454: RESULT: write_trip_voltage_v = 2.12429
sample 163 seed=1244463084: RESULT: write_trip_voltage_v = 2.1274
sample 164 seed=34291959: RESULT: write_trip_voltage_v = 2.14158
sample 165 seed=544305503: RESULT: write_trip_voltage_v = 2.13316
sample 166 seed=1099732441: RESULT: write_trip_voltage_v = 2.14313
sample 167 seed=1900615201: RESULT: write_trip_voltage_v = 2.12895
sample 168 seed=37718292: RESULT: write_trip_voltage_v = 2.1336
sample 169 seed=1427474106: RESULT: write_trip_voltage_v = 2.13005
sample 170 seed=99213484: RESULT: write_trip_voltage_v = 2.13493
sample 171 seed=1844765750: RESULT: write_trip_voltage_v = 2.13072
sample 172 seed=498474804: RESULT: write_trip_voltage_v = 2.12385
sample 173 seed=1938123493: RESULT: write_trip_voltage_v = 2.12407
sample 174 seed=1121988364: RESULT: write_trip_voltage_v = 2.12762
sample 175 seed=227467185: RESULT: write_trip_voltage_v = 2.12407
sample 176 seed=1607364190: RESULT: write_trip_voltage_v = 2.12917
sample 177 seed=459796022: RESULT: write_trip_voltage_v = 2.14689
sample 178 seed=1120164485: RESULT: write_trip_voltage_v = 2.12452
sample 179 seed=46255696: RESULT: write_trip_voltage_v = 2.14623
sample 180 seed=1651249179: RESULT: write_trip_voltage_v = 2.11787
sample 181 seed=232491885: RESULT: write_trip_voltage_v = 2.13493
sample 182 seed=1559581250: RESULT: write_trip_voltage_v = 2.12097
sample 183 seed=1737110182: RESULT: write_trip_voltage_v = 2.13582
sample 184 seed=169872633: RESULT: write_trip_voltage_v = 2.1367
sample 185 seed=1569222601: RESULT: write_trip_voltage_v = 2.13449
sample 186 seed=517597829: RESULT: write_trip_voltage_v = 2.13515
sample 187 seed=205057586: RESULT: write_trip_voltage_v = 2.12429
sample 188 seed=1377605175: RESULT: write_trip_voltage_v = 2.14158
sample 189 seed=422873897: RESULT: write_trip_voltage_v = 2.12983
sample 190 seed=947471738: RESULT: write_trip_voltage_v = 2.12429
sample 191 seed=781792475: RESULT: write_trip_voltage_v = 2.14135
sample 192 seed=790475445: RESULT: write_trip_voltage_v = 2.13692
sample 193 seed=29502362: RESULT: write_trip_voltage_v = 2.12961
sample 194 seed=289266305: RESULT: write_trip_voltage_v = 2.13072
sample 195 seed=1145565586: RESULT: write_trip_voltage_v = 2.1254
sample 196 seed=911521055: RESULT: write_trip_voltage_v = 2.13759
sample 197 seed=285422567: RESULT: write_trip_voltage_v = 2.13138
sample 198 seed=1952439822: RESULT: write_trip_voltage_v = 2.13626
sample 199 seed=1819364086: RESULT: write_trip_voltage_v = 2.12008

=== corner tt_-40c_3.63v -- determinism control (sw_stat_mismatch=0) ===
sample 0 seed=1914683429: RESULT: write_trip_voltage_v = 2.13271
sample 1 seed=1272375870: RESULT: write_trip_voltage_v = 2.13271
sample 2 seed=504341427: RESULT: write_trip_voltage_v = 2.13271
sample 3 seed=1709509597: RESULT: write_trip_voltage_v = 2.13271

=== corner tt_-40c_3.63v -- negative control (known-bad variant: sw_stat_mismatch=6 (6x the PDK's per-instance Vt/current-factor mismatch sigma), VDD=0.60 V (below spec/sram.md's ratified 2.97 V minimum)) ===
sample 0 seed=1776965957: RESULT: write_trip_voltage_v = 0.0618896
sample 1 seed=1475967335: RESULT: write_trip_voltage_v = -3.66211e-05
sample 2 seed=1500291223: RESULT: write_trip_voltage_v = 0.178052
sample 3 seed=1812678891: RESULT: write_trip_voltage_v = 0.270483
sample 4 seed=42005052: RESULT: write_trip_voltage_v = -3.66211e-05
sample 5 seed=1976093987: RESULT: write_trip_voltage_v = -3.66211e-05
sample 6 seed=1240832997: RESULT: write_trip_voltage_v = 0.162378
sample 7 seed=672778056: RESULT: write_trip_voltage_v = -3.66211e-05
sample 8 seed=105149909: RESULT: write_trip_voltage_v = -3.66211e-05
sample 9 seed=759604588: RESULT: write_trip_voltage_v = 0.103308
sample 10 seed=1508511537: RESULT: write_trip_voltage_v = -3.66211e-05
sample 11 seed=381135639: RESULT: write_trip_voltage_v = 0.00201416
sample 12 seed=235082901: RESULT: write_trip_voltage_v = -3.66211e-05
sample 13 seed=399793716: RESULT: write_trip_voltage_v = -3.66211e-05
sample 14 seed=287720323: RESULT: write_trip_voltage_v = 0.165308
sample 15 seed=688095730: RESULT: write_trip_voltage_v = 0.0598755
sample 16 seed=1873278270: RESULT: write_trip_voltage_v = -3.66211e-05
sample 17 seed=1651574645: RESULT: write_trip_voltage_v = -3.66211e-05
sample 18 seed=1637999515: RESULT: write_trip_voltage_v = 0.130737
sample 19 seed=901481179: RESULT: write_trip_voltage_v = 0.245178
sample 20 seed=1848396278: RESULT: write_trip_voltage_v = 0.125537
sample 21 seed=1265353193: RESULT: write_trip_voltage_v = 0.0355591
sample 22 seed=615281817: RESULT: write_trip_voltage_v = 0.0771606
sample 23 seed=37072899: RESULT: write_trip_voltage_v = -3.66211e-05
sample 24 seed=1572292989: RESULT: write_trip_voltage_v = 0.0149414
sample 25 seed=498128662: RESULT: write_trip_voltage_v = -3.66211e-05
sample 26 seed=1623653460: RESULT: write_trip_voltage_v = 0.220642
sample 27 seed=823117740: RESULT: write_trip_voltage_v = 0.170178
sample 28 seed=1062340256: RESULT: write_trip_voltage_v = -3.66211e-05
sample 29 seed=1771050087: RESULT: write_trip_voltage_v = 0.170325
sample 30 seed=365621487: RESULT: write_trip_voltage_v = -3.66211e-05
sample 31 seed=1088400751: RESULT: write_trip_voltage_v = 0.0142456
sample 32 seed=1292372226: RESULT: write_trip_voltage_v = 0.0912964
sample 33 seed=890624535: RESULT: write_trip_voltage_v = 0.014502
sample 34 seed=523568599: RESULT: write_trip_voltage_v = 0.170947
sample 35 seed=1102579893: RESULT: write_trip_voltage_v = 0.0818481
sample 36 seed=613842264: RESULT: write_trip_voltage_v = -3.66211e-05
sample 37 seed=1300923794: RESULT: write_trip_voltage_v = 0.0303223
sample 38 seed=454584844: RESULT: write_trip_voltage_v = -3.66211e-05
sample 39 seed=1099438994: RESULT: write_trip_voltage_v = 0.303406
sample 40 seed=47939739: RESULT: write_trip_voltage_v = -3.66211e-05
sample 41 seed=604998063: RESULT: write_trip_voltage_v = 0.00556641
sample 42 seed=1555542327: RESULT: write_trip_voltage_v = 0.221924
sample 43 seed=153251372: RESULT: write_trip_voltage_v = 0.140662
sample 44 seed=479272954: RESULT: write_trip_voltage_v = 0.112427
sample 45 seed=1853436268: RESULT: write_trip_voltage_v = -3.66211e-05
sample 46 seed=1739627558: RESULT: write_trip_voltage_v = 0.0785156
sample 47 seed=1367617506: RESULT: write_trip_voltage_v = 0.121033
sample 48 seed=484681741: RESULT: write_trip_voltage_v = 0.0874878
sample 49 seed=219544758: RESULT: write_trip_voltage_v = 0.073645
sample 50 seed=1613167741: RESULT: write_trip_voltage_v = 0.0510864
sample 51 seed=119848625: RESULT: write_trip_voltage_v = 0.0826538
sample 52 seed=950203307: RESULT: write_trip_voltage_v = 0.0587769
sample 53 seed=278669433: RESULT: write_trip_voltage_v = 0.365918
sample 54 seed=604630207: RESULT: write_trip_voltage_v = -3.66211e-05
sample 55 seed=663102190: RESULT: write_trip_voltage_v = 0.107703
sample 56 seed=1184819646: RESULT: write_trip_voltage_v = 0.196143
sample 57 seed=489094101: RESULT: write_trip_voltage_v = 0.044165
sample 58 seed=436053662: RESULT: write_trip_voltage_v = -3.66211e-05
sample 59 seed=1936547250: RESULT: write_trip_voltage_v = -3.66211e-05
sample 60 seed=916711410: RESULT: write_trip_voltage_v = 0.0428101
sample 61 seed=155870020: RESULT: write_trip_voltage_v = -3.66211e-05
sample 62 seed=107807136: RESULT: write_trip_voltage_v = 0.317029
sample 63 seed=5887249: RESULT: write_trip_voltage_v = 0.0157471
sample 64 seed=1061828598: RESULT: write_trip_voltage_v = -3.66211e-05
sample 65 seed=528136181: RESULT: write_trip_voltage_v = 0.0462158
sample 66 seed=991032925: RESULT: write_trip_voltage_v = 0.0079834
sample 67 seed=1809093275: RESULT: write_trip_voltage_v = 0.0952881
sample 68 seed=1335383645: RESULT: write_trip_voltage_v = 0.0680786
sample 69 seed=1115909424: RESULT: write_trip_voltage_v = 0.184314
sample 70 seed=1344084954: RESULT: write_trip_voltage_v = 0.253638
sample 71 seed=743106974: RESULT: write_trip_voltage_v = -3.66211e-05
sample 72 seed=1394226688: RESULT: write_trip_voltage_v = -3.66211e-05
sample 73 seed=1358446840: RESULT: write_trip_voltage_v = -3.66211e-05
sample 74 seed=861881165: RESULT: write_trip_voltage_v = 0.0599487
sample 75 seed=702565967: RESULT: write_trip_voltage_v = 0.0208374
sample 76 seed=1521492596: RESULT: write_trip_voltage_v = 0.0325562
sample 77 seed=899275698: RESULT: write_trip_voltage_v = 0.0656616
sample 78 seed=1230104354: RESULT: write_trip_voltage_v = 0.169702
sample 79 seed=193518455: RESULT: write_trip_voltage_v = 0.0531006
sample 80 seed=803630618: RESULT: write_trip_voltage_v = -3.66211e-05
sample 81 seed=93702429: RESULT: write_trip_voltage_v = 0.177356
sample 82 seed=679527888: RESULT: write_trip_voltage_v = 0.295129
sample 83 seed=495972786: RESULT: write_trip_voltage_v = -3.66211e-05
sample 84 seed=690427067: RESULT: write_trip_voltage_v = 0.0445313
sample 85 seed=798407435: RESULT: write_trip_voltage_v = -3.66211e-05
sample 86 seed=128669131: RESULT: write_trip_voltage_v = 0.00505371
sample 87 seed=568956886: RESULT: write_trip_voltage_v = 0.0347168
sample 88 seed=463117977: RESULT: write_trip_voltage_v = 0.077124
sample 89 seed=715739808: RESULT: write_trip_voltage_v = 0.114331
sample 90 seed=1680073057: RESULT: write_trip_voltage_v = -3.66211e-05
sample 91 seed=874707628: RESULT: write_trip_voltage_v = 0.0173218
sample 92 seed=712387263: RESULT: write_trip_voltage_v = 0.201489
sample 93 seed=332120728: RESULT: write_trip_voltage_v = 0.131836
sample 94 seed=737524380: RESULT: write_trip_voltage_v = 0.053833
sample 95 seed=1607042492: RESULT: write_trip_voltage_v = 0.296338
sample 96 seed=1167972899: RESULT: write_trip_voltage_v = 0.0286011
sample 97 seed=872648282: RESULT: write_trip_voltage_v = 0.0136963
sample 98 seed=909786038: RESULT: write_trip_voltage_v = 0.0582275
sample 99 seed=1527782325: RESULT: write_trip_voltage_v = 0.111255
