=== corner tt_25c_3.30v -- mismatch samples (sw_stat_mismatch=1) ===
sample 0 seed=1945852594: RESULT: write_trip_voltage_v = 1.91748
sample 1 seed=1158928930: RESULT: write_trip_voltage_v = 1.90983
sample 2 seed=1437908472: RESULT: write_trip_voltage_v = 1.91184
sample 3 seed=433520369: RESULT: write_trip_voltage_v = 1.89734
sample 4 seed=621462770: RESULT: write_trip_voltage_v = 1.90842
sample 5 seed=1278422549: RESULT: write_trip_voltage_v = 1.91003
sample 6 seed=825038869: RESULT: write_trip_voltage_v = 1.9199
sample 7 seed=1354342981: RESULT: write_trip_voltage_v = 1.91224
sample 8 seed=617652976: RESULT: write_trip_voltage_v = 1.89734
sample 9 seed=466507776: RESULT: write_trip_voltage_v = 1.90822
sample 10 seed=715974556: RESULT: write_trip_voltage_v = 1.90439
sample 11 seed=207397748: RESULT: write_trip_voltage_v = 1.90419
sample 12 seed=1327910981: RESULT: write_trip_voltage_v = 1.91003
sample 13 seed=83441236: RESULT: write_trip_voltage_v = 1.90741
sample 14 seed=127361028: RESULT: write_trip_voltage_v = 1.92191
sample 15 seed=1571773517: RESULT: write_trip_voltage_v = 1.92352
sample 16 seed=852075839: RESULT: write_trip_voltage_v = 1.91406
sample 17 seed=713578981: RESULT: write_trip_voltage_v = 1.91104
sample 18 seed=341943861: RESULT: write_trip_voltage_v = 1.91124
sample 19 seed=241319456: RESULT: write_trip_voltage_v = 1.91526
sample 20 seed=1133835664: RESULT: write_trip_voltage_v = 1.90419
sample 21 seed=502413866: RESULT: write_trip_voltage_v = 1.90902
sample 22 seed=897924232: RESULT: write_trip_voltage_v = 1.90701
sample 23 seed=1654779441: RESULT: write_trip_voltage_v = 1.92191
sample 24 seed=1920759232: RESULT: write_trip_voltage_v = 1.91265
sample 25 seed=371304525: RESULT: write_trip_voltage_v = 1.91083
sample 26 seed=1767905653: RESULT: write_trip_voltage_v = 1.90842
sample 27 seed=297225486: RESULT: write_trip_voltage_v = 1.9054
sample 28 seed=72291179: RESULT: write_trip_voltage_v = 1.90278
sample 29 seed=1874903790: RESULT: write_trip_voltage_v = 1.91667
sample 30 seed=176777106: RESULT: write_trip_voltage_v = 1.92231
sample 31 seed=690951134: RESULT: write_trip_voltage_v = 1.91104
sample 32 seed=816900064: RESULT: write_trip_voltage_v = 1.90681
sample 33 seed=228738711: RESULT: write_trip_voltage_v = 1.90781
sample 34 seed=1620633958: RESULT: write_trip_voltage_v = 1.91385
sample 35 seed=400683926: RESULT: write_trip_voltage_v = 1.92151
sample 36 seed=42833138: RESULT: write_trip_voltage_v = 1.91768
sample 37 seed=261338266: RESULT: write_trip_voltage_v = 1.91224
sample 38 seed=1379008215: RESULT: write_trip_voltage_v = 1.89774
sample 39 seed=216831309: RESULT: write_trip_voltage_v = 1.91385
sample 40 seed=783007976: RESULT: write_trip_voltage_v = 1.90801
sample 41 seed=1485064457: RESULT: write_trip_voltage_v = 1.91486
sample 42 seed=128141345: RESULT: write_trip_voltage_v = 1.91607
sample 43 seed=1507822907: RESULT: write_trip_voltage_v = 1.90922
sample 44 seed=1370627707: RESULT: write_trip_voltage_v = 1.90217
sample 45 seed=754969102: RESULT: write_trip_voltage_v = 1.90701
sample 46 seed=223636429: RESULT: write_trip_voltage_v = 1.9199
sample 47 seed=186834487: RESULT: write_trip_voltage_v = 1.91627
sample 48 seed=1529201745: RESULT: write_trip_voltage_v = 1.90902
sample 49 seed=1513158163: RESULT: write_trip_voltage_v = 1.89714
sample 50 seed=178271732: RESULT: write_trip_voltage_v = 1.90338
sample 51 seed=465080349: RESULT: write_trip_voltage_v = 1.91083
sample 52 seed=294490591: RESULT: write_trip_voltage_v = 1.91808
sample 53 seed=1274788002: RESULT: write_trip_voltage_v = 1.91325
sample 54 seed=767430533: RESULT: write_trip_voltage_v = 1.91164
sample 55 seed=353556634: RESULT: write_trip_voltage_v = 1.90822
sample 56 seed=114187756: RESULT: write_trip_voltage_v = 1.90419
sample 57 seed=136726388: RESULT: write_trip_voltage_v = 1.91587
sample 58 seed=525660315: RESULT: write_trip_voltage_v = 1.90721
sample 59 seed=623064926: RESULT: write_trip_voltage_v = 1.90459
sample 60 seed=46553730: RESULT: write_trip_voltage_v = 1.90298
sample 61 seed=713189779: RESULT: write_trip_voltage_v = 1.91245
sample 62 seed=833177925: RESULT: write_trip_voltage_v = 1.91144
sample 63 seed=213517220: RESULT: write_trip_voltage_v = 1.91869
sample 64 seed=1669681684: RESULT: write_trip_voltage_v = 1.9062
sample 65 seed=903842489: RESULT: write_trip_voltage_v = 1.90479
sample 66 seed=93738735: RESULT: write_trip_voltage_v = 1.91949
sample 67 seed=1950357759: RESULT: write_trip_voltage_v = 1.91607
sample 68 seed=1024683114: RESULT: write_trip_voltage_v = 1.91305
sample 69 seed=1729465397: RESULT: write_trip_voltage_v = 1.92211
sample 70 seed=136790218: RESULT: write_trip_voltage_v = 1.90983
sample 71 seed=37081357: RESULT: write_trip_voltage_v = 1.91063
sample 72 seed=957583574: RESULT: write_trip_voltage_v = 1.91426
sample 73 seed=412951897: RESULT: write_trip_voltage_v = 1.90378
sample 74 seed=1004851943: RESULT: write_trip_voltage_v = 1.9203
sample 75 seed=1646409665: RESULT: write_trip_voltage_v = 1.9062
sample 76 seed=235865419: RESULT: write_trip_voltage_v = 1.90902
sample 77 seed=74494986: RESULT: write_trip_voltage_v = 1.91688
sample 78 seed=539726459: RESULT: write_trip_voltage_v = 1.92473
sample 79 seed=1318653615: RESULT: write_trip_voltage_v = 1.91245
sample 80 seed=721093845: RESULT: write_trip_voltage_v = 1.90741
sample 81 seed=1132348624: RESULT: write_trip_voltage_v = 1.90801
sample 82 seed=397731741: RESULT: write_trip_voltage_v = 1.91325
sample 83 seed=261661292: RESULT: write_trip_voltage_v = 1.91164
sample 84 seed=1314870109: RESULT: write_trip_voltage_v = 1.90842
sample 85 seed=1012635814: RESULT: write_trip_voltage_v = 1.91043
sample 86 seed=621969920: RESULT: write_trip_voltage_v = 1.91063
sample 87 seed=440066214: RESULT: write_trip_voltage_v = 1.91265
sample 88 seed=1721006242: RESULT: write_trip_voltage_v = 1.91385
sample 89 seed=263814669: RESULT: write_trip_voltage_v = 1.91929
sample 90 seed=1813241807: RESULT: write_trip_voltage_v = 1.91526
sample 91 seed=486699472: RESULT: write_trip_voltage_v = 1.90439
sample 92 seed=439332630: RESULT: write_trip_voltage_v = 1.90862
sample 93 seed=36287596: RESULT: write_trip_voltage_v = 1.90338
sample 94 seed=1587582044: RESULT: write_trip_voltage_v = 1.90157
sample 95 seed=753696769: RESULT: write_trip_voltage_v = 1.92493
sample 96 seed=867769377: RESULT: write_trip_voltage_v = 1.9066
sample 97 seed=1001573092: RESULT: write_trip_voltage_v = 1.91285
sample 98 seed=1533430636: RESULT: write_trip_voltage_v = 1.9056
sample 99 seed=39657117: RESULT: write_trip_voltage_v = 1.91245
sample 100 seed=884478478: RESULT: write_trip_voltage_v = 1.91446
sample 101 seed=892459593: RESULT: write_trip_voltage_v = 1.90681
sample 102 seed=1724420379: RESULT: write_trip_voltage_v = 1.90842
sample 103 seed=416948691: RESULT: write_trip_voltage_v = 1.90519
sample 104 seed=1128523233: RESULT: write_trip_voltage_v = 1.9205
sample 105 seed=538456490: RESULT: write_trip_voltage_v = 1.9062
sample 106 seed=456366889: RESULT: write_trip_voltage_v = 1.91607
sample 107 seed=1310107130: RESULT: write_trip_voltage_v = 1.90499
sample 108 seed=139970318: RESULT: write_trip_voltage_v = 1.89996
sample 109 seed=1094088215: RESULT: write_trip_voltage_v = 1.90399
sample 110 seed=680587669: RESULT: write_trip_voltage_v = 1.90902
sample 111 seed=1007935701: RESULT: write_trip_voltage_v = 1.90822
sample 112 seed=65339862: RESULT: write_trip_voltage_v = 1.91043
sample 113 seed=608204763: RESULT: write_trip_voltage_v = 1.90721
sample 114 seed=373921046: RESULT: write_trip_voltage_v = 1.91748
sample 115 seed=1231349849: RESULT: write_trip_voltage_v = 1.91929
sample 116 seed=776486139: RESULT: write_trip_voltage_v = 1.91728
sample 117 seed=1713075000: RESULT: write_trip_voltage_v = 1.90862
sample 118 seed=1076524463: RESULT: write_trip_voltage_v = 1.91627
sample 119 seed=1012074171: RESULT: write_trip_voltage_v = 1.92151
sample 120 seed=578875103: RESULT: write_trip_voltage_v = 1.91385
sample 121 seed=1941865243: RESULT: write_trip_voltage_v = 1.91164
sample 122 seed=1534732144: RESULT: write_trip_voltage_v = 1.89492
sample 123 seed=606988694: RESULT: write_trip_voltage_v = 1.91768
sample 124 seed=608638905: RESULT: write_trip_voltage_v = 1.9058
sample 125 seed=457693003: RESULT: write_trip_voltage_v = 1.906
sample 126 seed=516857518: RESULT: write_trip_voltage_v = 1.9056
sample 127 seed=341226771: RESULT: write_trip_voltage_v = 1.91446
sample 128 seed=1180754551: RESULT: write_trip_voltage_v = 1.89553
sample 129 seed=23512584: RESULT: write_trip_voltage_v = 1.91144
sample 130 seed=1716613339: RESULT: write_trip_voltage_v = 1.91224
sample 131 seed=1803382893: RESULT: write_trip_voltage_v = 1.91204
sample 132 seed=1152355152: RESULT: write_trip_voltage_v = 1.92231
sample 133 seed=1452012213: RESULT: write_trip_voltage_v = 1.90963
sample 134 seed=1123087446: RESULT: write_trip_voltage_v = 1.90479
sample 135 seed=278548329: RESULT: write_trip_voltage_v = 1.91063
sample 136 seed=20217596: RESULT: write_trip_voltage_v = 1.91808
sample 137 seed=1526567555: RESULT: write_trip_voltage_v = 1.90741
sample 138 seed=1431713537: RESULT: write_trip_voltage_v = 1.91728
sample 139 seed=1034891408: RESULT: write_trip_voltage_v = 1.91245
sample 140 seed=1742530415: RESULT: write_trip_voltage_v = 1.93057
sample 141 seed=607759937: RESULT: write_trip_voltage_v = 1.91849
sample 142 seed=390207643: RESULT: write_trip_voltage_v = 1.9062
sample 143 seed=1929193924: RESULT: write_trip_voltage_v = 1.90862
sample 144 seed=142424234: RESULT: write_trip_voltage_v = 1.9062
sample 145 seed=1665384836: RESULT: write_trip_voltage_v = 1.9058
sample 146 seed=93321534: RESULT: write_trip_voltage_v = 1.91285
sample 147 seed=269075664: RESULT: write_trip_voltage_v = 1.89855
sample 148 seed=413355379: RESULT: write_trip_voltage_v = 1.92554
sample 149 seed=1523203108: RESULT: write_trip_voltage_v = 1.90801
sample 150 seed=1095785974: RESULT: write_trip_voltage_v = 1.9209
sample 151 seed=205652466: RESULT: write_trip_voltage_v = 1.90399
sample 152 seed=266350592: RESULT: write_trip_voltage_v = 1.91063
sample 153 seed=602534572: RESULT: write_trip_voltage_v = 1.89895
sample 154 seed=1055161450: RESULT: write_trip_voltage_v = 1.91446
sample 155 seed=102754601: RESULT: write_trip_voltage_v = 1.91728
sample 156 seed=295636007: RESULT: write_trip_voltage_v = 1.89976
sample 157 seed=294692848: RESULT: write_trip_voltage_v = 1.90741
sample 158 seed=1253377850: RESULT: write_trip_voltage_v = 1.91043
sample 159 seed=340531819: RESULT: write_trip_voltage_v = 1.91164
sample 160 seed=1955166097: RESULT: write_trip_voltage_v = 1.91587
sample 161 seed=528467982: RESULT: write_trip_voltage_v = 1.90298
sample 162 seed=282513640: RESULT: write_trip_voltage_v = 1.91688
sample 163 seed=1798287539: RESULT: write_trip_voltage_v = 1.89996
sample 164 seed=1151552032: RESULT: write_trip_voltage_v = 1.90963
sample 165 seed=24506038: RESULT: write_trip_voltage_v = 1.91023
sample 166 seed=1325384919: RESULT: write_trip_voltage_v = 1.91385
sample 167 seed=163681383: RESULT: write_trip_voltage_v = 1.91466
sample 168 seed=443774867: RESULT: write_trip_voltage_v = 1.91285
sample 169 seed=47592737: RESULT: write_trip_voltage_v = 1.91124
sample 170 seed=1786466023: RESULT: write_trip_voltage_v = 1.91446
sample 171 seed=503673097: RESULT: write_trip_voltage_v = 1.91345
sample 172 seed=255057147: RESULT: write_trip_voltage_v = 1.90862
sample 173 seed=1584001562: RESULT: write_trip_voltage_v = 1.91345
sample 174 seed=71597739: RESULT: write_trip_voltage_v = 1.90439
sample 175 seed=1365078582: RESULT: write_trip_voltage_v = 1.91043
sample 176 seed=156033839: RESULT: write_trip_voltage_v = 1.91365
sample 177 seed=761873536: RESULT: write_trip_voltage_v = 1.90681
sample 178 seed=367629354: RESULT: write_trip_voltage_v = 1.91587
sample 179 seed=40838537: RESULT: write_trip_voltage_v = 1.90721
sample 180 seed=1673839624: RESULT: write_trip_voltage_v = 1.90399
sample 181 seed=1930619756: RESULT: write_trip_voltage_v = 1.91345
sample 182 seed=1188811324: RESULT: write_trip_voltage_v = 1.90942
sample 183 seed=965030112: RESULT: write_trip_voltage_v = 1.91788
sample 184 seed=1500598794: RESULT: write_trip_voltage_v = 1.9209
sample 185 seed=58527154: RESULT: write_trip_voltage_v = 1.92352
sample 186 seed=1621303075: RESULT: write_trip_voltage_v = 1.91305
sample 187 seed=1395907258: RESULT: write_trip_voltage_v = 1.90842
sample 188 seed=1833424560: RESULT: write_trip_voltage_v = 1.9058
sample 189 seed=1611857985: RESULT: write_trip_voltage_v = 1.91406
sample 190 seed=575208225: RESULT: write_trip_voltage_v = 1.90963
sample 191 seed=1457075926: RESULT: write_trip_voltage_v = 1.91003
sample 192 seed=896256905: RESULT: write_trip_voltage_v = 1.91547
sample 193 seed=95254195: RESULT: write_trip_voltage_v = 1.90399
sample 194 seed=480334176: RESULT: write_trip_voltage_v = 1.91829
sample 195 seed=1270939797: RESULT: write_trip_voltage_v = 1.91949
sample 196 seed=400877920: RESULT: write_trip_voltage_v = 1.91023
sample 197 seed=764950871: RESULT: write_trip_voltage_v = 1.90177
sample 198 seed=1328746185: RESULT: write_trip_voltage_v = 1.906
sample 199 seed=6585129: RESULT: write_trip_voltage_v = 1.90318

=== corner tt_25c_3.30v -- determinism control (sw_stat_mismatch=0) ===
sample 0 seed=443774260: RESULT: write_trip_voltage_v = 1.91003
sample 1 seed=565021279: RESULT: write_trip_voltage_v = 1.91003
sample 2 seed=965354213: RESULT: write_trip_voltage_v = 1.91003
sample 3 seed=1650044390: RESULT: write_trip_voltage_v = 1.91003

=== corner tt_25c_3.30v -- negative control (known-bad variant: sw_stat_mismatch=6 (6x the PDK's per-instance Vt/current-factor mismatch sigma), VDD=0.60 V (below spec/sram.md's ratified 2.97 V minimum)) ===
sample 0 seed=142087814: RESULT: write_trip_voltage_v = 0.0689575
sample 1 seed=742363483: RESULT: write_trip_voltage_v = 0.0864624
sample 2 seed=1324287635: RESULT: write_trip_voltage_v = -3.66211e-05
sample 3 seed=211440294: RESULT: write_trip_voltage_v = -3.66211e-05
sample 4 seed=779442667: RESULT: write_trip_voltage_v = 0.135095
sample 5 seed=438940439: RESULT: write_trip_voltage_v = -3.66211e-05
sample 6 seed=122493887: RESULT: write_trip_voltage_v = 0.341602
sample 7 seed=383112873: RESULT: write_trip_voltage_v = 0.0982544
sample 8 seed=1558900025: RESULT: write_trip_voltage_v = 0.15033
sample 9 seed=1735269338: RESULT: write_trip_voltage_v = 0.206104
sample 10 seed=1719976440: RESULT: write_trip_voltage_v = 0.00754395
sample 11 seed=129872506: RESULT: write_trip_voltage_v = 0.170728
sample 12 seed=1469136496: RESULT: write_trip_voltage_v = 0.163074
sample 13 seed=1171294562: OPEN -- RESULT-ERROR: write_trip_voltage -- write succeeded even with no bit-line differential (VWRITE = VDD)
sample 14 seed=679966841: RESULT: write_trip_voltage_v = -3.66211e-05
sample 15 seed=893630568: RESULT: write_trip_voltage_v = -3.66211e-05
sample 16 seed=1775091298: RESULT: write_trip_voltage_v = -3.66211e-05
sample 17 seed=1428890583: RESULT: write_trip_voltage_v = 0.0117554
sample 18 seed=1409579882: RESULT: write_trip_voltage_v = 0.275684
sample 19 seed=1657486620: RESULT: write_trip_voltage_v = -3.66211e-05
sample 20 seed=344517959: RESULT: write_trip_voltage_v = -3.66211e-05
sample 21 seed=301264648: OPEN -- RESULT-ERROR: write_trip_voltage -- write succeeded even with no bit-line differential (VWRITE = VDD)
sample 22 seed=222454978: RESULT: write_trip_voltage_v = -3.66211e-05
sample 23 seed=1244633205: RESULT: write_trip_voltage_v = 0.0736816
sample 24 seed=1044104078: RESULT: write_trip_voltage_v = 0.124329
sample 25 seed=293467429: RESULT: write_trip_voltage_v = 0.0237305
sample 26 seed=402191057: RESULT: write_trip_voltage_v = 0.358264
sample 27 seed=39218303: RESULT: write_trip_voltage_v = 0.0714478
sample 28 seed=1227350699: RESULT: write_trip_voltage_v = 0.124878
sample 29 seed=1147086122: RESULT: write_trip_voltage_v = -3.66211e-05
sample 30 seed=1060284864: RESULT: write_trip_voltage_v = -3.66211e-05
sample 31 seed=522700547: RESULT: write_trip_voltage_v = 0.0469849
sample 32 seed=487468160: RESULT: write_trip_voltage_v = 0.242688
sample 33 seed=723565851: RESULT: write_trip_voltage_v = 0.0821411
sample 34 seed=1284174847: RESULT: write_trip_voltage_v = -3.66211e-05
sample 35 seed=230607942: RESULT: write_trip_voltage_v = 0.039917
sample 36 seed=1347425285: RESULT: write_trip_voltage_v = -3.66211e-05
sample 37 seed=1919990074: RESULT: write_trip_voltage_v = 0.111255
sample 38 seed=928348833: RESULT: write_trip_voltage_v = -3.66211e-05
sample 39 seed=1356663332: RESULT: write_trip_voltage_v = 0.214417
sample 40 seed=1456965879: RESULT: write_trip_voltage_v = -3.66211e-05
sample 41 seed=457336999: RESULT: write_trip_voltage_v = 0.140735
sample 42 seed=480427497: RESULT: write_trip_voltage_v = -3.66211e-05
sample 43 seed=14607699: RESULT: write_trip_voltage_v = 0.228735
sample 44 seed=183113062: RESULT: write_trip_voltage_v = 0.145386
sample 45 seed=1596916141: RESULT: write_trip_voltage_v = 0.0256714
sample 46 seed=128755232: RESULT: write_trip_voltage_v = 0.0959839
sample 47 seed=1637816621: RESULT: write_trip_voltage_v = 0.0673828
sample 48 seed=1272343556: RESULT: write_trip_voltage_v = 0.12561
sample 49 seed=175603725: RESULT: write_trip_voltage_v = 0.0176147
sample 50 seed=331073395: RESULT: write_trip_voltage_v = 0.0369507
sample 51 seed=186425946: RESULT: write_trip_voltage_v = 0.240234
sample 52 seed=1993105407: RESULT: write_trip_voltage_v = 0.0185669
sample 53 seed=1580927019: RESULT: write_trip_voltage_v = 0.154358
sample 54 seed=440941427: OPEN -- RESULT-ERROR: write_trip_voltage -- write succeeded even with no bit-line differential (VWRITE = VDD)
sample 55 seed=404274882: RESULT: write_trip_voltage_v = 0.2896
sample 56 seed=1563735301: RESULT: write_trip_voltage_v = 0.0955078
sample 57 seed=785629702: RESULT: write_trip_voltage_v = 0.040979
sample 58 seed=1093439196: RESULT: write_trip_voltage_v = 0.191492
sample 59 seed=1899689490: RESULT: write_trip_voltage_v = 0.0976318
sample 60 seed=1942430434: RESULT: write_trip_voltage_v = 0.142346
sample 61 seed=1326047736: RESULT: write_trip_voltage_v = 0.193176
sample 62 seed=418872606: RESULT: write_trip_voltage_v = 0.0675293
sample 63 seed=1872222578: RESULT: write_trip_voltage_v = -3.66211e-05
sample 64 seed=663800072: RESULT: write_trip_voltage_v = -3.66211e-05
sample 65 seed=242653095: RESULT: write_trip_voltage_v = -3.66211e-05
sample 66 seed=256401118: RESULT: write_trip_voltage_v = 0.0737549
sample 67 seed=1066827310: RESULT: write_trip_voltage_v = 0.0941528
sample 68 seed=1681685853: OPEN -- RESULT-ERROR: write_trip_voltage -- write succeeded even with no bit-line differential (VWRITE = VDD)
sample 69 seed=1257921568: RESULT: write_trip_voltage_v = 0.0563232
sample 70 seed=35368470: RESULT: write_trip_voltage_v = -3.66211e-05
sample 71 seed=976915894: RESULT: write_trip_voltage_v = -3.66211e-05
sample 72 seed=1149679221: OPEN -- RESULT-ERROR: write_trip_voltage -- write succeeded even with no bit-line differential (VWRITE = VDD)
sample 73 seed=1849392423: RESULT: write_trip_voltage_v = 0.190283
sample 74 seed=1294618113: RESULT: write_trip_voltage_v = 0.0624756
sample 75 seed=1828927706: RESULT: write_trip_voltage_v = -3.66211e-05
sample 76 seed=1157237080: RESULT: write_trip_voltage_v = -3.66211e-05
sample 77 seed=1523602450: RESULT: write_trip_voltage_v = -3.66211e-05
sample 78 seed=1097509953: RESULT: write_trip_voltage_v = -3.66211e-05
sample 79 seed=308161575: RESULT: write_trip_voltage_v = 0.354016
sample 80 seed=1247675647: RESULT: write_trip_voltage_v = 0.159558
sample 81 seed=457572522: RESULT: write_trip_voltage_v = -3.66211e-05
sample 82 seed=520918203: RESULT: write_trip_voltage_v = 0.117957
sample 83 seed=522354939: RESULT: write_trip_voltage_v = -3.66211e-05
sample 84 seed=1874733412: RESULT: write_trip_voltage_v = 0.2198
sample 85 seed=632801623: RESULT: write_trip_voltage_v = 0.126526
sample 86 seed=755444154: RESULT: write_trip_voltage_v = 0.0467651
sample 87 seed=1787242585: RESULT: write_trip_voltage_v = 0.0375732
sample 88 seed=799710583: RESULT: write_trip_voltage_v = 0.151685
sample 89 seed=427866347: RESULT: write_trip_voltage_v = -3.66211e-05
sample 90 seed=482896874: RESULT: write_trip_voltage_v = -3.66211e-05
sample 91 seed=1490647843: RESULT: write_trip_voltage_v = 0.164539
sample 92 seed=1723088101: RESULT: write_trip_voltage_v = 0.0120117
sample 93 seed=386738941: RESULT: write_trip_voltage_v = 0.220679
sample 94 seed=1041899006: RESULT: write_trip_voltage_v = 0.230127
sample 95 seed=482437062: RESULT: write_trip_voltage_v = 0.253528
sample 96 seed=202144342: RESULT: write_trip_voltage_v = -3.66211e-05
sample 97 seed=1968188440: RESULT: write_trip_voltage_v = -3.66211e-05
sample 98 seed=1274073444: OPEN -- RESULT-ERROR: write_trip_voltage -- write succeeded even with no bit-line differential (VWRITE = VDD)
sample 99 seed=1633137465: RESULT: write_trip_voltage_v = 0.226648
