
Note: No compatibility mode selected!


Circuit: * by-hand pex write-margin testbench, schematic leg (issue #95).

Reset re-loads circuit * by-hand pex write-margin testbench, schematic leg (issue #95).

Circuit: * by-hand pex write-margin testbench, schematic leg (issue #95).

Doing analysis at TEMP = 25.000000 and TNOM = 27.000000

Using SPARSE 1.3 as Direct Linear Solver

Initial Transient Solution
--------------------------

Node                                   Voltage
----                                   -------
vdd                                       2.97
q                                      1.65911
qb                                     1.65941
vss                                   0.847088
bl                                        2.97
wl                                           0
blb                                          0
vwl#branch                                   0
vblb#branch                        2.02546e-05
vbl#branch                        -8.06288e-12
vvdd#branch                       -2.02546e-05


No. of Data Rows : 429
Reset re-loads circuit * by-hand pex write-margin testbench, schematic leg (issue #95).

Circuit: * by-hand pex write-margin testbench, schematic leg (issue #95).

Doing analysis at TEMP = 25.000000 and TNOM = 27.000000

Using SPARSE 1.3 as Direct Linear Solver

Initial Transient Solution
--------------------------

Node                                   Voltage
----                                   -------
vdd                                       2.97
q                                      1.65911
qb                                     1.65941
vss                                   0.847088
bl                                        2.97
wl                                           0
blb                                          0
vwl#branch                                   0
vblb#branch                        2.02546e-05
vbl#branch                        -8.06288e-12
vvdd#branch                       -2.02546e-05


No. of Data Rows : 429
Reset re-loads circuit * by-hand pex write-margin testbench, schematic leg (issue #95).

Circuit: * by-hand pex write-margin testbench, schematic leg (issue #95).

Doing analysis at TEMP = 25.000000 and TNOM = 27.000000

Using SPARSE 1.3 as Direct Linear Solver

Initial Transient Solution
--------------------------

Node                                   Voltage
----                                   -------
vdd                                       2.97
q                                      1.65911
qb                                     1.65941
vss                                   0.847088
bl                                        2.97
wl                                           0
blb                                          0
vwl#branch                                   0
vblb#branch                        2.02546e-05
vbl#branch                        -8.06288e-12
vvdd#branch                       -2.02546e-05


No. of Data Rows : 429
Reset re-loads circuit * by-hand pex write-margin testbench, schematic leg (issue #95).

Circuit: * by-hand pex write-margin testbench, schematic leg (issue #95).

Doing analysis at TEMP = 25.000000 and TNOM = 27.000000

Using SPARSE 1.3 as Direct Linear Solver

Initial Transient Solution
--------------------------

Node                                   Voltage
----                                   -------
vdd                                       2.97
q                                      1.65911
qb                                     1.65941
vss                                   0.847088
bl                                        2.97
wl                                           0
blb                                          0
vwl#branch                                   0
vblb#branch                        2.02546e-05
vbl#branch                        -8.06288e-12
vvdd#branch                       -2.02546e-05


No. of Data Rows : 429
Reset re-loads circuit * by-hand pex write-margin testbench, schematic leg (issue #95).

Circuit: * by-hand pex write-margin testbench, schematic leg (issue #95).

Doing analysis at TEMP = 25.000000 and TNOM = 27.000000

Using SPARSE 1.3 as Direct Linear Solver

Initial Transient Solution
--------------------------

Node                                   Voltage
----                                   -------
vdd                                       2.97
q                                      1.65911
qb                                     1.65941
vss                                   0.847088
bl                                        2.97
wl                                           0
blb                                          0
vwl#branch                                   0
vblb#branch                        2.02546e-05
vbl#branch                        -8.06288e-12
vvdd#branch                       -2.02546e-05


No. of Data Rows : 429
Reset re-loads circuit * by-hand pex write-margin testbench, schematic leg (issue #95).

Circuit: * by-hand pex write-margin testbench, schematic leg (issue #95).

Doing analysis at TEMP = 25.000000 and TNOM = 27.000000

Using SPARSE 1.3 as Direct Linear Solver

Initial Transient Solution
--------------------------

Node                                   Voltage
----                                   -------
vdd                                       2.97
q                                      1.65911
qb                                     1.65941
vss                                   0.847088
bl                                        2.97
wl                                           0
blb                                          0
vwl#branch                                   0
vblb#branch                        2.02546e-05
vbl#branch                        -8.06288e-12
vvdd#branch                       -2.02546e-05


No. of Data Rows : 429
Reset re-loads circuit * by-hand pex write-margin testbench, schematic leg (issue #95).

Circuit: * by-hand pex write-margin testbench, schematic leg (issue #95).

Doing analysis at TEMP = 25.000000 and TNOM = 27.000000

Using SPARSE 1.3 as Direct Linear Solver

Initial Transient Solution
--------------------------

Node                                   Voltage
----                                   -------
vdd                                       2.97
q                                      1.65911
qb                                     1.65941
vss                                   0.847088
bl                                        2.97
wl                                           0
blb                                          0
vwl#branch                                   0
vblb#branch                        2.02546e-05
vbl#branch                        -8.06288e-12
vvdd#branch                       -2.02546e-05


No. of Data Rows : 429
Reset re-loads circuit * by-hand pex write-margin testbench, schematic leg (issue #95).

Circuit: * by-hand pex write-margin testbench, schematic leg (issue #95).

Doing analysis at TEMP = 25.000000 and TNOM = 27.000000

Using SPARSE 1.3 as Direct Linear Solver

Initial Transient Solution
--------------------------

Node                                   Voltage
----                                   -------
vdd                                       2.97
q                                      1.65911
qb                                     1.65941
vss                                   0.847088
bl                                        2.97
wl                                           0
blb                                          0
vwl#branch                                   0
vblb#branch                        2.02546e-05
vbl#branch                        -8.06288e-12
vvdd#branch                       -2.02546e-05


No. of Data Rows : 429
Reset re-loads circuit * by-hand pex write-margin testbench, schematic leg (issue #95).

Circuit: * by-hand pex write-margin testbench, schematic leg (issue #95).

Doing analysis at TEMP = 25.000000 and TNOM = 27.000000

Using SPARSE 1.3 as Direct Linear Solver

Initial Transient Solution
--------------------------

Node                                   Voltage
----                                   -------
vdd                                       2.97
q                                      1.65911
qb                                     1.65941
vss                                   0.847088
bl                                        2.97
wl                                           0
blb                                          0
vwl#branch                                   0
vblb#branch                        2.02546e-05
vbl#branch                        -8.06288e-12
vvdd#branch                       -2.02546e-05


No. of Data Rows : 429
Reset re-loads circuit * by-hand pex write-margin testbench, schematic leg (issue #95).

Circuit: * by-hand pex write-margin testbench, schematic leg (issue #95).

Doing analysis at TEMP = 25.000000 and TNOM = 27.000000

Using SPARSE 1.3 as Direct Linear Solver

Initial Transient Solution
--------------------------

Node                                   Voltage
----                                   -------
vdd                                       2.97
q                                      1.65911
qb                                     1.65941
vss                                   0.847088
bl                                        2.97
wl                                           0
blb                                          0
vwl#branch                                   0
vblb#branch                        2.02546e-05
vbl#branch                        -8.06288e-12
vvdd#branch                       -2.02546e-05


No. of Data Rows : 429
Reset re-loads circuit * by-hand pex write-margin testbench, schematic leg (issue #95).

Circuit: * by-hand pex write-margin testbench, schematic leg (issue #95).

Doing analysis at TEMP = 25.000000 and TNOM = 27.000000

Using SPARSE 1.3 as Direct Linear Solver

Initial Transient Solution
--------------------------

Node                                   Voltage
----                                   -------
vdd                                       2.97
q                                      1.65911
qb                                     1.65941
vss                                   0.847088
bl                                        2.97
wl                                           0
blb                                          0
vwl#branch                                   0
vblb#branch                        2.02546e-05
vbl#branch                        -8.06288e-12
vvdd#branch                       -2.02546e-05


No. of Data Rows : 429
Reset re-loads circuit * by-hand pex write-margin testbench, schematic leg (issue #95).

Circuit: * by-hand pex write-margin testbench, schematic leg (issue #95).

Doing analysis at TEMP = 25.000000 and TNOM = 27.000000

Using SPARSE 1.3 as Direct Linear Solver

Initial Transient Solution
--------------------------

Node                                   Voltage
----                                   -------
vdd                                       2.97
q                                      1.65911
qb                                     1.65941
vss                                   0.847088
bl                                        2.97
wl                                           0
blb                                          0
vwl#branch                                   0
vblb#branch                        2.02546e-05
vbl#branch                        -8.06288e-12
vvdd#branch                       -2.02546e-05


No. of Data Rows : 429
Reset re-loads circuit * by-hand pex write-margin testbench, schematic leg (issue #95).

Circuit: * by-hand pex write-margin testbench, schematic leg (issue #95).

Doing analysis at TEMP = 25.000000 and TNOM = 27.000000

Using SPARSE 1.3 as Direct Linear Solver

Initial Transient Solution
--------------------------

Node                                   Voltage
----                                   -------
vdd                                       2.97
q                                      1.65911
qb                                     1.65941
vss                                   0.847088
bl                                        2.97
wl                                           0
blb                                          0
vwl#branch                                   0
vblb#branch                        2.02546e-05
vbl#branch                        -8.06288e-12
vvdd#branch                       -2.02546e-05


No. of Data Rows : 429
Reset re-loads circuit * by-hand pex write-margin testbench, schematic leg (issue #95).

Circuit: * by-hand pex write-margin testbench, schematic leg (issue #95).

Doing analysis at TEMP = 25.000000 and TNOM = 27.000000

Using SPARSE 1.3 as Direct Linear Solver

Initial Transient Solution
--------------------------

Node                                   Voltage
----                                   -------
vdd                                       2.97
q                                      1.65911
qb                                     1.65941
vss                                   0.847088
bl                                        2.97
wl                                           0
blb                                          0
vwl#branch                                   0
vblb#branch                        2.02546e-05
vbl#branch                        -8.06288e-12
vvdd#branch                       -2.02546e-05


No. of Data Rows : 429
Reset re-loads circuit * by-hand pex write-margin testbench, schematic leg (issue #95).

Circuit: * by-hand pex write-margin testbench, schematic leg (issue #95).

Doing analysis at TEMP = 25.000000 and TNOM = 27.000000

Using SPARSE 1.3 as Direct Linear Solver

Initial Transient Solution
--------------------------

Node                                   Voltage
----                                   -------
vdd                                       2.97
q                                      1.65911
qb                                     1.65941
vss                                   0.847088
bl                                        2.97
wl                                           0
blb                                          0
vwl#branch                                   0
vblb#branch                        2.02546e-05
vbl#branch                        -8.06288e-12
vvdd#branch                       -2.02546e-05


No. of Data Rows : 429
Reset re-loads circuit * by-hand pex write-margin testbench, schematic leg (issue #95).

Circuit: * by-hand pex write-margin testbench, schematic leg (issue #95).

Doing analysis at TEMP = 25.000000 and TNOM = 27.000000

Using SPARSE 1.3 as Direct Linear Solver

Initial Transient Solution
--------------------------

Node                                   Voltage
----                                   -------
vdd                                       2.97
q                                      1.65911
qb                                     1.65941
vss                                   0.847088
bl                                        2.97
wl                                           0
blb                                          0
vwl#branch                                   0
vblb#branch                        2.02546e-05
vbl#branch                        -8.06288e-12
vvdd#branch                       -2.02546e-05


No. of Data Rows : 429
RESULT: write_trip_voltage_v = 1.67298
RESULT: write_vdd_v = 2.97
Note: Simulation executed from .control section 
=== corner: ff_25c_2.97v (process=ff temp=25C vdd=2.97V) ===
=== ngspice exit status: 0 ===
