
Note: No compatibility mode selected!


Circuit: * by-hand pex write-margin testbench, schematic leg (issue #95).

Reset re-loads circuit * by-hand pex write-margin testbench, schematic leg (issue #95).

Circuit: * by-hand pex write-margin testbench, schematic leg (issue #95).

Doing analysis at TEMP = -40.000000 and TNOM = 27.000000

Using SPARSE 1.3 as Direct Linear Solver

Initial Transient Solution
--------------------------

Node                                   Voltage
----                                   -------
vdd                                       2.97
q                                      1.78449
qb                                     1.78449
vss                                   0.903358
bl                                        2.97
wl                                           0
blb                                          0
vwl#branch                                   0
vblb#branch                        4.11254e-06
vbl#branch                         -8.0066e-12
vvdd#branch                       -4.11257e-06


No. of Data Rows : 429
Reset re-loads circuit * by-hand pex write-margin testbench, schematic leg (issue #95).

Circuit: * by-hand pex write-margin testbench, schematic leg (issue #95).

Doing analysis at TEMP = -40.000000 and TNOM = 27.000000

Using SPARSE 1.3 as Direct Linear Solver

Initial Transient Solution
--------------------------

Node                                   Voltage
----                                   -------
vdd                                       2.97
q                                      1.78449
qb                                     1.78449
vss                                   0.903358
bl                                        2.97
wl                                           0
blb                                          0
vwl#branch                                   0
vblb#branch                        4.11254e-06
vbl#branch                         -8.0066e-12
vvdd#branch                       -4.11257e-06


No. of Data Rows : 429
Reset re-loads circuit * by-hand pex write-margin testbench, schematic leg (issue #95).

Circuit: * by-hand pex write-margin testbench, schematic leg (issue #95).

Doing analysis at TEMP = -40.000000 and TNOM = 27.000000

Using SPARSE 1.3 as Direct Linear Solver

Initial Transient Solution
--------------------------

Node                                   Voltage
----                                   -------
vdd                                       2.97
q                                      1.78449
qb                                     1.78449
vss                                   0.903358
bl                                        2.97
wl                                           0
blb                                          0
vwl#branch                                   0
vblb#branch                        4.11254e-06
vbl#branch                         -8.0066e-12
vvdd#branch                       -4.11257e-06


No. of Data Rows : 429
Reset re-loads circuit * by-hand pex write-margin testbench, schematic leg (issue #95).

Circuit: * by-hand pex write-margin testbench, schematic leg (issue #95).

Doing analysis at TEMP = -40.000000 and TNOM = 27.000000

Using SPARSE 1.3 as Direct Linear Solver

Initial Transient Solution
--------------------------

Node                                   Voltage
----                                   -------
vdd                                       2.97
q                                      1.78449
qb                                     1.78449
vss                                   0.903358
bl                                        2.97
wl                                           0
blb                                          0
vwl#branch                                   0
vblb#branch                        4.11254e-06
vbl#branch                         -8.0066e-12
vvdd#branch                       -4.11257e-06


No. of Data Rows : 429
Reset re-loads circuit * by-hand pex write-margin testbench, schematic leg (issue #95).

Circuit: * by-hand pex write-margin testbench, schematic leg (issue #95).

Doing analysis at TEMP = -40.000000 and TNOM = 27.000000

Using SPARSE 1.3 as Direct Linear Solver

Initial Transient Solution
--------------------------

Node                                   Voltage
----                                   -------
vdd                                       2.97
q                                      1.78449
qb                                     1.78449
vss                                   0.903358
bl                                        2.97
wl                                           0
blb                                          0
vwl#branch                                   0
vblb#branch                        4.11254e-06
vbl#branch                         -8.0066e-12
vvdd#branch                       -4.11257e-06


No. of Data Rows : 429
Reset re-loads circuit * by-hand pex write-margin testbench, schematic leg (issue #95).

Circuit: * by-hand pex write-margin testbench, schematic leg (issue #95).

Doing analysis at TEMP = -40.000000 and TNOM = 27.000000

Using SPARSE 1.3 as Direct Linear Solver

Initial Transient Solution
--------------------------

Node                                   Voltage
----                                   -------
vdd                                       2.97
q                                      1.78449
qb                                     1.78449
vss                                   0.903358
bl                                        2.97
wl                                           0
blb                                          0
vwl#branch                                   0
vblb#branch                        4.11254e-06
vbl#branch                         -8.0066e-12
vvdd#branch                       -4.11257e-06


No. of Data Rows : 429
Reset re-loads circuit * by-hand pex write-margin testbench, schematic leg (issue #95).

Circuit: * by-hand pex write-margin testbench, schematic leg (issue #95).

Doing analysis at TEMP = -40.000000 and TNOM = 27.000000

Using SPARSE 1.3 as Direct Linear Solver

Initial Transient Solution
--------------------------

Node                                   Voltage
----                                   -------
vdd                                       2.97
q                                      1.78449
qb                                     1.78449
vss                                   0.903358
bl                                        2.97
wl                                           0
blb                                          0
vwl#branch                                   0
vblb#branch                        4.11254e-06
vbl#branch                         -8.0066e-12
vvdd#branch                       -4.11257e-06


No. of Data Rows : 429
Reset re-loads circuit * by-hand pex write-margin testbench, schematic leg (issue #95).

Circuit: * by-hand pex write-margin testbench, schematic leg (issue #95).

Doing analysis at TEMP = -40.000000 and TNOM = 27.000000

Using SPARSE 1.3 as Direct Linear Solver

Initial Transient Solution
--------------------------

Node                                   Voltage
----                                   -------
vdd                                       2.97
q                                      1.78449
qb                                     1.78449
vss                                   0.903358
bl                                        2.97
wl                                           0
blb                                          0
vwl#branch                                   0
vblb#branch                        4.11254e-06
vbl#branch                         -8.0066e-12
vvdd#branch                       -4.11257e-06


No. of Data Rows : 429
Reset re-loads circuit * by-hand pex write-margin testbench, schematic leg (issue #95).

Circuit: * by-hand pex write-margin testbench, schematic leg (issue #95).

Doing analysis at TEMP = -40.000000 and TNOM = 27.000000

Using SPARSE 1.3 as Direct Linear Solver

Initial Transient Solution
--------------------------

Node                                   Voltage
----                                   -------
vdd                                       2.97
q                                      1.78449
qb                                     1.78449
vss                                   0.903358
bl                                        2.97
wl                                           0
blb                                          0
vwl#branch                                   0
vblb#branch                        4.11254e-06
vbl#branch                         -8.0066e-12
vvdd#branch                       -4.11257e-06


No. of Data Rows : 429
Reset re-loads circuit * by-hand pex write-margin testbench, schematic leg (issue #95).

Circuit: * by-hand pex write-margin testbench, schematic leg (issue #95).

Doing analysis at TEMP = -40.000000 and TNOM = 27.000000

Using SPARSE 1.3 as Direct Linear Solver

Initial Transient Solution
--------------------------

Node                                   Voltage
----                                   -------
vdd                                       2.97
q                                      1.78449
qb                                     1.78449
vss                                   0.903358
bl                                        2.97
wl                                           0
blb                                          0
vwl#branch                                   0
vblb#branch                        4.11254e-06
vbl#branch                         -8.0066e-12
vvdd#branch                       -4.11257e-06


No. of Data Rows : 429
Reset re-loads circuit * by-hand pex write-margin testbench, schematic leg (issue #95).

Circuit: * by-hand pex write-margin testbench, schematic leg (issue #95).

Doing analysis at TEMP = -40.000000 and TNOM = 27.000000

Using SPARSE 1.3 as Direct Linear Solver

Initial Transient Solution
--------------------------

Node                                   Voltage
----                                   -------
vdd                                       2.97
q                                      1.78449
qb                                     1.78449
vss                                   0.903358
bl                                        2.97
wl                                           0
blb                                          0
vwl#branch                                   0
vblb#branch                        4.11254e-06
vbl#branch                         -8.0066e-12
vvdd#branch                       -4.11257e-06


No. of Data Rows : 429
Reset re-loads circuit * by-hand pex write-margin testbench, schematic leg (issue #95).

Circuit: * by-hand pex write-margin testbench, schematic leg (issue #95).

Doing analysis at TEMP = -40.000000 and TNOM = 27.000000

Using SPARSE 1.3 as Direct Linear Solver

Initial Transient Solution
--------------------------

Node                                   Voltage
----                                   -------
vdd                                       2.97
q                                      1.78449
qb                                     1.78449
vss                                   0.903358
bl                                        2.97
wl                                           0
blb                                          0
vwl#branch                                   0
vblb#branch                        4.11254e-06
vbl#branch                         -8.0066e-12
vvdd#branch                       -4.11257e-06


No. of Data Rows : 429
Reset re-loads circuit * by-hand pex write-margin testbench, schematic leg (issue #95).

Circuit: * by-hand pex write-margin testbench, schematic leg (issue #95).

Doing analysis at TEMP = -40.000000 and TNOM = 27.000000

Using SPARSE 1.3 as Direct Linear Solver

Initial Transient Solution
--------------------------

Node                                   Voltage
----                                   -------
vdd                                       2.97
q                                      1.78449
qb                                     1.78449
vss                                   0.903358
bl                                        2.97
wl                                           0
blb                                          0
vwl#branch                                   0
vblb#branch                        4.11254e-06
vbl#branch                         -8.0066e-12
vvdd#branch                       -4.11257e-06


No. of Data Rows : 429
Reset re-loads circuit * by-hand pex write-margin testbench, schematic leg (issue #95).

Circuit: * by-hand pex write-margin testbench, schematic leg (issue #95).

Doing analysis at TEMP = -40.000000 and TNOM = 27.000000

Using SPARSE 1.3 as Direct Linear Solver

Initial Transient Solution
--------------------------

Node                                   Voltage
----                                   -------
vdd                                       2.97
q                                      1.78449
qb                                     1.78449
vss                                   0.903358
bl                                        2.97
wl                                           0
blb                                          0
vwl#branch                                   0
vblb#branch                        4.11254e-06
vbl#branch                         -8.0066e-12
vvdd#branch                       -4.11257e-06


No. of Data Rows : 429
Reset re-loads circuit * by-hand pex write-margin testbench, schematic leg (issue #95).

Circuit: * by-hand pex write-margin testbench, schematic leg (issue #95).

Doing analysis at TEMP = -40.000000 and TNOM = 27.000000

Using SPARSE 1.3 as Direct Linear Solver

Initial Transient Solution
--------------------------

Node                                   Voltage
----                                   -------
vdd                                       2.97
q                                      1.78449
qb                                     1.78449
vss                                   0.903358
bl                                        2.97
wl                                           0
blb                                          0
vwl#branch                                   0
vblb#branch                        4.11254e-06
vbl#branch                         -8.0066e-12
vvdd#branch                       -4.11257e-06


No. of Data Rows : 429
Reset re-loads circuit * by-hand pex write-margin testbench, schematic leg (issue #95).

Circuit: * by-hand pex write-margin testbench, schematic leg (issue #95).

Doing analysis at TEMP = -40.000000 and TNOM = 27.000000

Using SPARSE 1.3 as Direct Linear Solver

Initial Transient Solution
--------------------------

Node                                   Voltage
----                                   -------
vdd                                       2.97
q                                      1.78449
qb                                     1.78449
vss                                   0.903358
bl                                        2.97
wl                                           0
blb                                          0
vwl#branch                                   0
vblb#branch                        4.11254e-06
vbl#branch                         -8.0066e-12
vvdd#branch                       -4.11257e-06


No. of Data Rows : 429
RESULT: write_trip_voltage_v = 1.76978
RESULT: write_vdd_v = 2.97
Note: Simulation executed from .control section 
=== corner: ss_-40c_2.97v (process=ss temp=-40C vdd=2.97V) ===
=== ngspice exit status: 0 ===
