
Note: No compatibility mode selected!


Circuit: * by-hand pex write-margin testbench, schematic leg (issue #95).

Reset re-loads circuit * by-hand pex write-margin testbench, schematic leg (issue #95).

Circuit: * by-hand pex write-margin testbench, schematic leg (issue #95).

Doing analysis at TEMP = 125.000000 and TNOM = 27.000000

Using SPARSE 1.3 as Direct Linear Solver

Initial Transient Solution
--------------------------

Node                                   Voltage
----                                   -------
vdd                                       2.97
q                                         2.97
qb                                    0.199459
vss                                   0.199459
bl                                        2.97
wl                                           0
blb                                          0
vwl#branch                                   0
vblb#branch                        1.90472e-11
vbl#branch                        -8.74811e-12
vvdd#branch                       -3.84248e-11


No. of Data Rows : 429
Reset re-loads circuit * by-hand pex write-margin testbench, schematic leg (issue #95).

Circuit: * by-hand pex write-margin testbench, schematic leg (issue #95).

Doing analysis at TEMP = 125.000000 and TNOM = 27.000000

Using SPARSE 1.3 as Direct Linear Solver

Initial Transient Solution
--------------------------

Node                                   Voltage
----                                   -------
vdd                                       2.97
q                                         2.97
qb                                    0.199459
vss                                   0.199459
bl                                        2.97
wl                                           0
blb                                          0
vwl#branch                                   0
vblb#branch                        1.90472e-11
vbl#branch                        -8.74811e-12
vvdd#branch                       -3.84248e-11


No. of Data Rows : 429
Reset re-loads circuit * by-hand pex write-margin testbench, schematic leg (issue #95).

Circuit: * by-hand pex write-margin testbench, schematic leg (issue #95).

Doing analysis at TEMP = 125.000000 and TNOM = 27.000000

Using SPARSE 1.3 as Direct Linear Solver

Initial Transient Solution
--------------------------

Node                                   Voltage
----                                   -------
vdd                                       2.97
q                                         2.97
qb                                    0.199459
vss                                   0.199459
bl                                        2.97
wl                                           0
blb                                          0
vwl#branch                                   0
vblb#branch                        1.90472e-11
vbl#branch                        -8.74811e-12
vvdd#branch                       -3.84248e-11


No. of Data Rows : 429
Reset re-loads circuit * by-hand pex write-margin testbench, schematic leg (issue #95).

Circuit: * by-hand pex write-margin testbench, schematic leg (issue #95).

Doing analysis at TEMP = 125.000000 and TNOM = 27.000000

Using SPARSE 1.3 as Direct Linear Solver

Initial Transient Solution
--------------------------

Node                                   Voltage
----                                   -------
vdd                                       2.97
q                                         2.97
qb                                    0.199459
vss                                   0.199459
bl                                        2.97
wl                                           0
blb                                          0
vwl#branch                                   0
vblb#branch                        1.90472e-11
vbl#branch                        -8.74811e-12
vvdd#branch                       -3.84248e-11


No. of Data Rows : 429
Reset re-loads circuit * by-hand pex write-margin testbench, schematic leg (issue #95).

Circuit: * by-hand pex write-margin testbench, schematic leg (issue #95).

Doing analysis at TEMP = 125.000000 and TNOM = 27.000000

Using SPARSE 1.3 as Direct Linear Solver

Initial Transient Solution
--------------------------

Node                                   Voltage
----                                   -------
vdd                                       2.97
q                                         2.97
qb                                    0.199459
vss                                   0.199459
bl                                        2.97
wl                                           0
blb                                          0
vwl#branch                                   0
vblb#branch                        1.90472e-11
vbl#branch                        -8.74811e-12
vvdd#branch                       -3.84248e-11


No. of Data Rows : 429
Reset re-loads circuit * by-hand pex write-margin testbench, schematic leg (issue #95).

Circuit: * by-hand pex write-margin testbench, schematic leg (issue #95).

Doing analysis at TEMP = 125.000000 and TNOM = 27.000000

Using SPARSE 1.3 as Direct Linear Solver

Initial Transient Solution
--------------------------

Node                                   Voltage
----                                   -------
vdd                                       2.97
q                                         2.97
qb                                    0.199459
vss                                   0.199459
bl                                        2.97
wl                                           0
blb                                          0
vwl#branch                                   0
vblb#branch                        1.90472e-11
vbl#branch                        -8.74811e-12
vvdd#branch                       -3.84248e-11


No. of Data Rows : 429
Reset re-loads circuit * by-hand pex write-margin testbench, schematic leg (issue #95).

Circuit: * by-hand pex write-margin testbench, schematic leg (issue #95).

Doing analysis at TEMP = 125.000000 and TNOM = 27.000000

Using SPARSE 1.3 as Direct Linear Solver

Initial Transient Solution
--------------------------

Node                                   Voltage
----                                   -------
vdd                                       2.97
q                                         2.97
qb                                    0.199459
vss                                   0.199459
bl                                        2.97
wl                                           0
blb                                          0
vwl#branch                                   0
vblb#branch                        1.90472e-11
vbl#branch                        -8.74811e-12
vvdd#branch                       -3.84248e-11


No. of Data Rows : 429
Reset re-loads circuit * by-hand pex write-margin testbench, schematic leg (issue #95).

Circuit: * by-hand pex write-margin testbench, schematic leg (issue #95).

Doing analysis at TEMP = 125.000000 and TNOM = 27.000000

Using SPARSE 1.3 as Direct Linear Solver

Initial Transient Solution
--------------------------

Node                                   Voltage
----                                   -------
vdd                                       2.97
q                                         2.97
qb                                    0.199459
vss                                   0.199459
bl                                        2.97
wl                                           0
blb                                          0
vwl#branch                                   0
vblb#branch                        1.90472e-11
vbl#branch                        -8.74811e-12
vvdd#branch                       -3.84248e-11


No. of Data Rows : 429
Reset re-loads circuit * by-hand pex write-margin testbench, schematic leg (issue #95).

Circuit: * by-hand pex write-margin testbench, schematic leg (issue #95).

Doing analysis at TEMP = 125.000000 and TNOM = 27.000000

Using SPARSE 1.3 as Direct Linear Solver

Initial Transient Solution
--------------------------

Node                                   Voltage
----                                   -------
vdd                                       2.97
q                                         2.97
qb                                    0.199459
vss                                   0.199459
bl                                        2.97
wl                                           0
blb                                          0
vwl#branch                                   0
vblb#branch                        1.90472e-11
vbl#branch                        -8.74811e-12
vvdd#branch                       -3.84248e-11


No. of Data Rows : 429
Reset re-loads circuit * by-hand pex write-margin testbench, schematic leg (issue #95).

Circuit: * by-hand pex write-margin testbench, schematic leg (issue #95).

Doing analysis at TEMP = 125.000000 and TNOM = 27.000000

Using SPARSE 1.3 as Direct Linear Solver

Initial Transient Solution
--------------------------

Node                                   Voltage
----                                   -------
vdd                                       2.97
q                                         2.97
qb                                    0.199459
vss                                   0.199459
bl                                        2.97
wl                                           0
blb                                          0
vwl#branch                                   0
vblb#branch                        1.90472e-11
vbl#branch                        -8.74811e-12
vvdd#branch                       -3.84248e-11


No. of Data Rows : 429
Reset re-loads circuit * by-hand pex write-margin testbench, schematic leg (issue #95).

Circuit: * by-hand pex write-margin testbench, schematic leg (issue #95).

Doing analysis at TEMP = 125.000000 and TNOM = 27.000000

Using SPARSE 1.3 as Direct Linear Solver

Initial Transient Solution
--------------------------

Node                                   Voltage
----                                   -------
vdd                                       2.97
q                                         2.97
qb                                    0.199459
vss                                   0.199459
bl                                        2.97
wl                                           0
blb                                          0
vwl#branch                                   0
vblb#branch                        1.90472e-11
vbl#branch                        -8.74811e-12
vvdd#branch                       -3.84248e-11


No. of Data Rows : 429
Reset re-loads circuit * by-hand pex write-margin testbench, schematic leg (issue #95).

Circuit: * by-hand pex write-margin testbench, schematic leg (issue #95).

Doing analysis at TEMP = 125.000000 and TNOM = 27.000000

Using SPARSE 1.3 as Direct Linear Solver

Initial Transient Solution
--------------------------

Node                                   Voltage
----                                   -------
vdd                                       2.97
q                                         2.97
qb                                    0.199459
vss                                   0.199459
bl                                        2.97
wl                                           0
blb                                          0
vwl#branch                                   0
vblb#branch                        1.90472e-11
vbl#branch                        -8.74811e-12
vvdd#branch                       -3.84248e-11


No. of Data Rows : 429
Reset re-loads circuit * by-hand pex write-margin testbench, schematic leg (issue #95).

Circuit: * by-hand pex write-margin testbench, schematic leg (issue #95).

Doing analysis at TEMP = 125.000000 and TNOM = 27.000000

Using SPARSE 1.3 as Direct Linear Solver

Initial Transient Solution
--------------------------

Node                                   Voltage
----                                   -------
vdd                                       2.97
q                                         2.97
qb                                    0.199459
vss                                   0.199459
bl                                        2.97
wl                                           0
blb                                          0
vwl#branch                                   0
vblb#branch                        1.90472e-11
vbl#branch                        -8.74811e-12
vvdd#branch                       -3.84248e-11


No. of Data Rows : 429
Reset re-loads circuit * by-hand pex write-margin testbench, schematic leg (issue #95).

Circuit: * by-hand pex write-margin testbench, schematic leg (issue #95).

Doing analysis at TEMP = 125.000000 and TNOM = 27.000000

Using SPARSE 1.3 as Direct Linear Solver

Initial Transient Solution
--------------------------

Node                                   Voltage
----                                   -------
vdd                                       2.97
q                                         2.97
qb                                    0.199459
vss                                   0.199459
bl                                        2.97
wl                                           0
blb                                          0
vwl#branch                                   0
vblb#branch                        1.90472e-11
vbl#branch                        -8.74811e-12
vvdd#branch                       -3.84248e-11


No. of Data Rows : 429
Reset re-loads circuit * by-hand pex write-margin testbench, schematic leg (issue #95).

Circuit: * by-hand pex write-margin testbench, schematic leg (issue #95).

Doing analysis at TEMP = 125.000000 and TNOM = 27.000000

Using SPARSE 1.3 as Direct Linear Solver

Initial Transient Solution
--------------------------

Node                                   Voltage
----                                   -------
vdd                                       2.97
q                                         2.97
qb                                    0.199459
vss                                   0.199459
bl                                        2.97
wl                                           0
blb                                          0
vwl#branch                                   0
vblb#branch                        1.90472e-11
vbl#branch                        -8.74811e-12
vvdd#branch                       -3.84248e-11


No. of Data Rows : 429
Reset re-loads circuit * by-hand pex write-margin testbench, schematic leg (issue #95).

Circuit: * by-hand pex write-margin testbench, schematic leg (issue #95).

Doing analysis at TEMP = 125.000000 and TNOM = 27.000000

Using SPARSE 1.3 as Direct Linear Solver

Initial Transient Solution
--------------------------

Node                                   Voltage
----                                   -------
vdd                                       2.97
q                                         2.97
qb                                    0.199459
vss                                   0.199459
bl                                        2.97
wl                                           0
blb                                          0
vwl#branch                                   0
vblb#branch                        1.90472e-11
vbl#branch                        -8.74811e-12
vvdd#branch                       -3.84248e-11


No. of Data Rows : 429
RESULT: write_trip_voltage_v = 1.70634
RESULT: write_vdd_v = 2.97
Note: Simulation executed from .control section 
=== corner: ss_125c_2.97v (process=ss temp=125C vdd=2.97V) ===
=== ngspice exit status: 0 ===
