
Note: No compatibility mode selected!


Circuit: * by-hand pex write-margin testbench, schematic leg (issue #95).

Reset re-loads circuit * by-hand pex write-margin testbench, schematic leg (issue #95).

Circuit: * by-hand pex write-margin testbench, schematic leg (issue #95).

Doing analysis at TEMP = 125.000000 and TNOM = 27.000000

Using SPARSE 1.3 as Direct Linear Solver

Initial Transient Solution
--------------------------

Node                                   Voltage
----                                   -------
vdd                                       3.63
q                                       1.7806
qb                                     1.78077
vss                                   0.715651
bl                                        3.63
wl                                           0
blb                                          0
vwl#branch                                   0
vblb#branch                        3.44276e-05
vbl#branch                        -1.02118e-11
vvdd#branch                       -3.44276e-05


No. of Data Rows : 429
Reset re-loads circuit * by-hand pex write-margin testbench, schematic leg (issue #95).

Circuit: * by-hand pex write-margin testbench, schematic leg (issue #95).

Doing analysis at TEMP = 125.000000 and TNOM = 27.000000

Using SPARSE 1.3 as Direct Linear Solver

Initial Transient Solution
--------------------------

Node                                   Voltage
----                                   -------
vdd                                       3.63
q                                       1.7806
qb                                     1.78077
vss                                   0.715651
bl                                        3.63
wl                                           0
blb                                          0
vwl#branch                                   0
vblb#branch                        3.44276e-05
vbl#branch                        -1.02118e-11
vvdd#branch                       -3.44276e-05


No. of Data Rows : 429
Reset re-loads circuit * by-hand pex write-margin testbench, schematic leg (issue #95).

Circuit: * by-hand pex write-margin testbench, schematic leg (issue #95).

Doing analysis at TEMP = 125.000000 and TNOM = 27.000000

Using SPARSE 1.3 as Direct Linear Solver

Initial Transient Solution
--------------------------

Node                                   Voltage
----                                   -------
vdd                                       3.63
q                                       1.7806
qb                                     1.78077
vss                                   0.715651
bl                                        3.63
wl                                           0
blb                                          0
vwl#branch                                   0
vblb#branch                        3.44276e-05
vbl#branch                        -1.02118e-11
vvdd#branch                       -3.44276e-05


No. of Data Rows : 429
Reset re-loads circuit * by-hand pex write-margin testbench, schematic leg (issue #95).

Circuit: * by-hand pex write-margin testbench, schematic leg (issue #95).

Doing analysis at TEMP = 125.000000 and TNOM = 27.000000

Using SPARSE 1.3 as Direct Linear Solver

Initial Transient Solution
--------------------------

Node                                   Voltage
----                                   -------
vdd                                       3.63
q                                       1.7806
qb                                     1.78077
vss                                   0.715651
bl                                        3.63
wl                                           0
blb                                          0
vwl#branch                                   0
vblb#branch                        3.44276e-05
vbl#branch                        -1.02118e-11
vvdd#branch                       -3.44276e-05


No. of Data Rows : 429
Reset re-loads circuit * by-hand pex write-margin testbench, schematic leg (issue #95).

Circuit: * by-hand pex write-margin testbench, schematic leg (issue #95).

Doing analysis at TEMP = 125.000000 and TNOM = 27.000000

Using SPARSE 1.3 as Direct Linear Solver

Initial Transient Solution
--------------------------

Node                                   Voltage
----                                   -------
vdd                                       3.63
q                                       1.7806
qb                                     1.78077
vss                                   0.715651
bl                                        3.63
wl                                           0
blb                                          0
vwl#branch                                   0
vblb#branch                        3.44276e-05
vbl#branch                        -1.02118e-11
vvdd#branch                       -3.44276e-05


No. of Data Rows : 429
Reset re-loads circuit * by-hand pex write-margin testbench, schematic leg (issue #95).

Circuit: * by-hand pex write-margin testbench, schematic leg (issue #95).

Doing analysis at TEMP = 125.000000 and TNOM = 27.000000

Using SPARSE 1.3 as Direct Linear Solver

Initial Transient Solution
--------------------------

Node                                   Voltage
----                                   -------
vdd                                       3.63
q                                       1.7806
qb                                     1.78077
vss                                   0.715651
bl                                        3.63
wl                                           0
blb                                          0
vwl#branch                                   0
vblb#branch                        3.44276e-05
vbl#branch                        -1.02118e-11
vvdd#branch                       -3.44276e-05


No. of Data Rows : 429
Reset re-loads circuit * by-hand pex write-margin testbench, schematic leg (issue #95).

Circuit: * by-hand pex write-margin testbench, schematic leg (issue #95).

Doing analysis at TEMP = 125.000000 and TNOM = 27.000000

Using SPARSE 1.3 as Direct Linear Solver

Initial Transient Solution
--------------------------

Node                                   Voltage
----                                   -------
vdd                                       3.63
q                                       1.7806
qb                                     1.78077
vss                                   0.715651
bl                                        3.63
wl                                           0
blb                                          0
vwl#branch                                   0
vblb#branch                        3.44276e-05
vbl#branch                        -1.02118e-11
vvdd#branch                       -3.44276e-05


No. of Data Rows : 429
Reset re-loads circuit * by-hand pex write-margin testbench, schematic leg (issue #95).

Circuit: * by-hand pex write-margin testbench, schematic leg (issue #95).

Doing analysis at TEMP = 125.000000 and TNOM = 27.000000

Using SPARSE 1.3 as Direct Linear Solver

Initial Transient Solution
--------------------------

Node                                   Voltage
----                                   -------
vdd                                       3.63
q                                       1.7806
qb                                     1.78077
vss                                   0.715651
bl                                        3.63
wl                                           0
blb                                          0
vwl#branch                                   0
vblb#branch                        3.44276e-05
vbl#branch                        -1.02118e-11
vvdd#branch                       -3.44276e-05


No. of Data Rows : 429
Reset re-loads circuit * by-hand pex write-margin testbench, schematic leg (issue #95).

Circuit: * by-hand pex write-margin testbench, schematic leg (issue #95).

Doing analysis at TEMP = 125.000000 and TNOM = 27.000000

Using SPARSE 1.3 as Direct Linear Solver

Initial Transient Solution
--------------------------

Node                                   Voltage
----                                   -------
vdd                                       3.63
q                                       1.7806
qb                                     1.78077
vss                                   0.715651
bl                                        3.63
wl                                           0
blb                                          0
vwl#branch                                   0
vblb#branch                        3.44276e-05
vbl#branch                        -1.02118e-11
vvdd#branch                       -3.44276e-05


No. of Data Rows : 429
Reset re-loads circuit * by-hand pex write-margin testbench, schematic leg (issue #95).

Circuit: * by-hand pex write-margin testbench, schematic leg (issue #95).

Doing analysis at TEMP = 125.000000 and TNOM = 27.000000

Using SPARSE 1.3 as Direct Linear Solver

Initial Transient Solution
--------------------------

Node                                   Voltage
----                                   -------
vdd                                       3.63
q                                       1.7806
qb                                     1.78077
vss                                   0.715651
bl                                        3.63
wl                                           0
blb                                          0
vwl#branch                                   0
vblb#branch                        3.44276e-05
vbl#branch                        -1.02118e-11
vvdd#branch                       -3.44276e-05


No. of Data Rows : 429
Reset re-loads circuit * by-hand pex write-margin testbench, schematic leg (issue #95).

Circuit: * by-hand pex write-margin testbench, schematic leg (issue #95).

Doing analysis at TEMP = 125.000000 and TNOM = 27.000000

Using SPARSE 1.3 as Direct Linear Solver

Initial Transient Solution
--------------------------

Node                                   Voltage
----                                   -------
vdd                                       3.63
q                                       1.7806
qb                                     1.78077
vss                                   0.715651
bl                                        3.63
wl                                           0
blb                                          0
vwl#branch                                   0
vblb#branch                        3.44276e-05
vbl#branch                        -1.02118e-11
vvdd#branch                       -3.44276e-05


No. of Data Rows : 429
Reset re-loads circuit * by-hand pex write-margin testbench, schematic leg (issue #95).

Circuit: * by-hand pex write-margin testbench, schematic leg (issue #95).

Doing analysis at TEMP = 125.000000 and TNOM = 27.000000

Using SPARSE 1.3 as Direct Linear Solver

Initial Transient Solution
--------------------------

Node                                   Voltage
----                                   -------
vdd                                       3.63
q                                       1.7806
qb                                     1.78077
vss                                   0.715651
bl                                        3.63
wl                                           0
blb                                          0
vwl#branch                                   0
vblb#branch                        3.44276e-05
vbl#branch                        -1.02118e-11
vvdd#branch                       -3.44276e-05


No. of Data Rows : 429
Reset re-loads circuit * by-hand pex write-margin testbench, schematic leg (issue #95).

Circuit: * by-hand pex write-margin testbench, schematic leg (issue #95).

Doing analysis at TEMP = 125.000000 and TNOM = 27.000000

Using SPARSE 1.3 as Direct Linear Solver

Initial Transient Solution
--------------------------

Node                                   Voltage
----                                   -------
vdd                                       3.63
q                                       1.7806
qb                                     1.78077
vss                                   0.715651
bl                                        3.63
wl                                           0
blb                                          0
vwl#branch                                   0
vblb#branch                        3.44276e-05
vbl#branch                        -1.02118e-11
vvdd#branch                       -3.44276e-05


No. of Data Rows : 429
Reset re-loads circuit * by-hand pex write-margin testbench, schematic leg (issue #95).

Circuit: * by-hand pex write-margin testbench, schematic leg (issue #95).

Doing analysis at TEMP = 125.000000 and TNOM = 27.000000

Using SPARSE 1.3 as Direct Linear Solver

Initial Transient Solution
--------------------------

Node                                   Voltage
----                                   -------
vdd                                       3.63
q                                       1.7806
qb                                     1.78077
vss                                   0.715651
bl                                        3.63
wl                                           0
blb                                          0
vwl#branch                                   0
vblb#branch                        3.44276e-05
vbl#branch                        -1.02118e-11
vvdd#branch                       -3.44276e-05


No. of Data Rows : 429
Reset re-loads circuit * by-hand pex write-margin testbench, schematic leg (issue #95).

Circuit: * by-hand pex write-margin testbench, schematic leg (issue #95).

Doing analysis at TEMP = 125.000000 and TNOM = 27.000000

Using SPARSE 1.3 as Direct Linear Solver

Initial Transient Solution
--------------------------

Node                                   Voltage
----                                   -------
vdd                                       3.63
q                                       1.7806
qb                                     1.78077
vss                                   0.715651
bl                                        3.63
wl                                           0
blb                                          0
vwl#branch                                   0
vblb#branch                        3.44276e-05
vbl#branch                        -1.02118e-11
vvdd#branch                       -3.44276e-05


No. of Data Rows : 429
Reset re-loads circuit * by-hand pex write-margin testbench, schematic leg (issue #95).

Circuit: * by-hand pex write-margin testbench, schematic leg (issue #95).

Doing analysis at TEMP = 125.000000 and TNOM = 27.000000

Using SPARSE 1.3 as Direct Linear Solver

Initial Transient Solution
--------------------------

Node                                   Voltage
----                                   -------
vdd                                       3.63
q                                       1.7806
qb                                     1.78077
vss                                   0.715651
bl                                        3.63
wl                                           0
blb                                          0
vwl#branch                                   0
vblb#branch                        3.44276e-05
vbl#branch                        -1.02118e-11
vvdd#branch                       -3.44276e-05


No. of Data Rows : 429
RESULT: write_trip_voltage_v = 2.07777
RESULT: write_vdd_v = 3.63
Note: Simulation executed from .control section 
=== corner: tt_125c_3.63v (process=tt temp=125C vdd=3.63V) ===
=== ngspice exit status: 0 ===
