
Note: No compatibility mode selected!


Circuit: * by-hand pex write-margin testbench, schematic leg (issue #95).

Reset re-loads circuit * by-hand pex write-margin testbench, schematic leg (issue #95).

Circuit: * by-hand pex write-margin testbench, schematic leg (issue #95).

Doing analysis at TEMP = -40.000000 and TNOM = 27.000000

Using SPARSE 1.3 as Direct Linear Solver

Initial Transient Solution
--------------------------

Node                                   Voltage
----                                   -------
vdd                                        3.3
q                                       1.8426
qb                                     1.84268
vss                                   0.943962
bl                                         3.3
wl                                           0
blb                                          0
vwl#branch                                   0
vblb#branch                        2.93077e-05
vbl#branch                        -8.95617e-12
vvdd#branch                       -2.93078e-05


No. of Data Rows : 429
Reset re-loads circuit * by-hand pex write-margin testbench, schematic leg (issue #95).

Circuit: * by-hand pex write-margin testbench, schematic leg (issue #95).

Doing analysis at TEMP = -40.000000 and TNOM = 27.000000

Using SPARSE 1.3 as Direct Linear Solver

Initial Transient Solution
--------------------------

Node                                   Voltage
----                                   -------
vdd                                        3.3
q                                       1.8426
qb                                     1.84268
vss                                   0.943962
bl                                         3.3
wl                                           0
blb                                          0
vwl#branch                                   0
vblb#branch                        2.93077e-05
vbl#branch                        -8.95617e-12
vvdd#branch                       -2.93078e-05


No. of Data Rows : 429
Reset re-loads circuit * by-hand pex write-margin testbench, schematic leg (issue #95).

Circuit: * by-hand pex write-margin testbench, schematic leg (issue #95).

Doing analysis at TEMP = -40.000000 and TNOM = 27.000000

Using SPARSE 1.3 as Direct Linear Solver

Initial Transient Solution
--------------------------

Node                                   Voltage
----                                   -------
vdd                                        3.3
q                                       1.8426
qb                                     1.84268
vss                                   0.943962
bl                                         3.3
wl                                           0
blb                                          0
vwl#branch                                   0
vblb#branch                        2.93077e-05
vbl#branch                        -8.95617e-12
vvdd#branch                       -2.93078e-05


No. of Data Rows : 429
Reset re-loads circuit * by-hand pex write-margin testbench, schematic leg (issue #95).

Circuit: * by-hand pex write-margin testbench, schematic leg (issue #95).

Doing analysis at TEMP = -40.000000 and TNOM = 27.000000

Using SPARSE 1.3 as Direct Linear Solver

Initial Transient Solution
--------------------------

Node                                   Voltage
----                                   -------
vdd                                        3.3
q                                       1.8426
qb                                     1.84268
vss                                   0.943962
bl                                         3.3
wl                                           0
blb                                          0
vwl#branch                                   0
vblb#branch                        2.93077e-05
vbl#branch                        -8.95617e-12
vvdd#branch                       -2.93078e-05


No. of Data Rows : 429
Reset re-loads circuit * by-hand pex write-margin testbench, schematic leg (issue #95).

Circuit: * by-hand pex write-margin testbench, schematic leg (issue #95).

Doing analysis at TEMP = -40.000000 and TNOM = 27.000000

Using SPARSE 1.3 as Direct Linear Solver

Initial Transient Solution
--------------------------

Node                                   Voltage
----                                   -------
vdd                                        3.3
q                                       1.8426
qb                                     1.84268
vss                                   0.943962
bl                                         3.3
wl                                           0
blb                                          0
vwl#branch                                   0
vblb#branch                        2.93077e-05
vbl#branch                        -8.95617e-12
vvdd#branch                       -2.93078e-05


No. of Data Rows : 429
Reset re-loads circuit * by-hand pex write-margin testbench, schematic leg (issue #95).

Circuit: * by-hand pex write-margin testbench, schematic leg (issue #95).

Doing analysis at TEMP = -40.000000 and TNOM = 27.000000

Using SPARSE 1.3 as Direct Linear Solver

Initial Transient Solution
--------------------------

Node                                   Voltage
----                                   -------
vdd                                        3.3
q                                       1.8426
qb                                     1.84268
vss                                   0.943962
bl                                         3.3
wl                                           0
blb                                          0
vwl#branch                                   0
vblb#branch                        2.93077e-05
vbl#branch                        -8.95617e-12
vvdd#branch                       -2.93078e-05


No. of Data Rows : 429
Reset re-loads circuit * by-hand pex write-margin testbench, schematic leg (issue #95).

Circuit: * by-hand pex write-margin testbench, schematic leg (issue #95).

Doing analysis at TEMP = -40.000000 and TNOM = 27.000000

Using SPARSE 1.3 as Direct Linear Solver

Initial Transient Solution
--------------------------

Node                                   Voltage
----                                   -------
vdd                                        3.3
q                                       1.8426
qb                                     1.84268
vss                                   0.943962
bl                                         3.3
wl                                           0
blb                                          0
vwl#branch                                   0
vblb#branch                        2.93077e-05
vbl#branch                        -8.95617e-12
vvdd#branch                       -2.93078e-05


No. of Data Rows : 429
Reset re-loads circuit * by-hand pex write-margin testbench, schematic leg (issue #95).

Circuit: * by-hand pex write-margin testbench, schematic leg (issue #95).

Doing analysis at TEMP = -40.000000 and TNOM = 27.000000

Using SPARSE 1.3 as Direct Linear Solver

Initial Transient Solution
--------------------------

Node                                   Voltage
----                                   -------
vdd                                        3.3
q                                       1.8426
qb                                     1.84268
vss                                   0.943962
bl                                         3.3
wl                                           0
blb                                          0
vwl#branch                                   0
vblb#branch                        2.93077e-05
vbl#branch                        -8.95617e-12
vvdd#branch                       -2.93078e-05


No. of Data Rows : 429
Reset re-loads circuit * by-hand pex write-margin testbench, schematic leg (issue #95).

Circuit: * by-hand pex write-margin testbench, schematic leg (issue #95).

Doing analysis at TEMP = -40.000000 and TNOM = 27.000000

Using SPARSE 1.3 as Direct Linear Solver

Initial Transient Solution
--------------------------

Node                                   Voltage
----                                   -------
vdd                                        3.3
q                                       1.8426
qb                                     1.84268
vss                                   0.943962
bl                                         3.3
wl                                           0
blb                                          0
vwl#branch                                   0
vblb#branch                        2.93077e-05
vbl#branch                        -8.95617e-12
vvdd#branch                       -2.93078e-05


No. of Data Rows : 429
Reset re-loads circuit * by-hand pex write-margin testbench, schematic leg (issue #95).

Circuit: * by-hand pex write-margin testbench, schematic leg (issue #95).

Doing analysis at TEMP = -40.000000 and TNOM = 27.000000

Using SPARSE 1.3 as Direct Linear Solver

Initial Transient Solution
--------------------------

Node                                   Voltage
----                                   -------
vdd                                        3.3
q                                       1.8426
qb                                     1.84268
vss                                   0.943962
bl                                         3.3
wl                                           0
blb                                          0
vwl#branch                                   0
vblb#branch                        2.93077e-05
vbl#branch                        -8.95617e-12
vvdd#branch                       -2.93078e-05


No. of Data Rows : 429
Reset re-loads circuit * by-hand pex write-margin testbench, schematic leg (issue #95).

Circuit: * by-hand pex write-margin testbench, schematic leg (issue #95).

Doing analysis at TEMP = -40.000000 and TNOM = 27.000000

Using SPARSE 1.3 as Direct Linear Solver

Initial Transient Solution
--------------------------

Node                                   Voltage
----                                   -------
vdd                                        3.3
q                                       1.8426
qb                                     1.84268
vss                                   0.943962
bl                                         3.3
wl                                           0
blb                                          0
vwl#branch                                   0
vblb#branch                        2.93077e-05
vbl#branch                        -8.95617e-12
vvdd#branch                       -2.93078e-05


No. of Data Rows : 429
Reset re-loads circuit * by-hand pex write-margin testbench, schematic leg (issue #95).

Circuit: * by-hand pex write-margin testbench, schematic leg (issue #95).

Doing analysis at TEMP = -40.000000 and TNOM = 27.000000

Using SPARSE 1.3 as Direct Linear Solver

Initial Transient Solution
--------------------------

Node                                   Voltage
----                                   -------
vdd                                        3.3
q                                       1.8426
qb                                     1.84268
vss                                   0.943962
bl                                         3.3
wl                                           0
blb                                          0
vwl#branch                                   0
vblb#branch                        2.93077e-05
vbl#branch                        -8.95617e-12
vvdd#branch                       -2.93078e-05


No. of Data Rows : 429
Reset re-loads circuit * by-hand pex write-margin testbench, schematic leg (issue #95).

Circuit: * by-hand pex write-margin testbench, schematic leg (issue #95).

Doing analysis at TEMP = -40.000000 and TNOM = 27.000000

Using SPARSE 1.3 as Direct Linear Solver

Initial Transient Solution
--------------------------

Node                                   Voltage
----                                   -------
vdd                                        3.3
q                                       1.8426
qb                                     1.84268
vss                                   0.943962
bl                                         3.3
wl                                           0
blb                                          0
vwl#branch                                   0
vblb#branch                        2.93077e-05
vbl#branch                        -8.95617e-12
vvdd#branch                       -2.93078e-05


No. of Data Rows : 429
Reset re-loads circuit * by-hand pex write-margin testbench, schematic leg (issue #95).

Circuit: * by-hand pex write-margin testbench, schematic leg (issue #95).

Doing analysis at TEMP = -40.000000 and TNOM = 27.000000

Using SPARSE 1.3 as Direct Linear Solver

Initial Transient Solution
--------------------------

Node                                   Voltage
----                                   -------
vdd                                        3.3
q                                       1.8426
qb                                     1.84268
vss                                   0.943962
bl                                         3.3
wl                                           0
blb                                          0
vwl#branch                                   0
vblb#branch                        2.93077e-05
vbl#branch                        -8.95617e-12
vvdd#branch                       -2.93078e-05


No. of Data Rows : 429
Reset re-loads circuit * by-hand pex write-margin testbench, schematic leg (issue #95).

Circuit: * by-hand pex write-margin testbench, schematic leg (issue #95).

Doing analysis at TEMP = -40.000000 and TNOM = 27.000000

Using SPARSE 1.3 as Direct Linear Solver

Initial Transient Solution
--------------------------

Node                                   Voltage
----                                   -------
vdd                                        3.3
q                                       1.8426
qb                                     1.84268
vss                                   0.943962
bl                                         3.3
wl                                           0
blb                                          0
vwl#branch                                   0
vblb#branch                        2.93077e-05
vbl#branch                        -8.95617e-12
vvdd#branch                       -2.93078e-05


No. of Data Rows : 429
Reset re-loads circuit * by-hand pex write-margin testbench, schematic leg (issue #95).

Circuit: * by-hand pex write-margin testbench, schematic leg (issue #95).

Doing analysis at TEMP = -40.000000 and TNOM = 27.000000

Using SPARSE 1.3 as Direct Linear Solver

Initial Transient Solution
--------------------------

Node                                   Voltage
----                                   -------
vdd                                        3.3
q                                       1.8426
qb                                     1.84268
vss                                   0.943962
bl                                         3.3
wl                                           0
blb                                          0
vwl#branch                                   0
vblb#branch                        2.93077e-05
vbl#branch                        -8.95617e-12
vvdd#branch                       -2.93078e-05


No. of Data Rows : 429
RESULT: write_trip_voltage_v = 1.8915
RESULT: write_vdd_v = 3.3
Note: Simulation executed from .control section 
=== corner: ff_-40c_3.30v (process=ff temp=-40C vdd=3.30V) ===
=== ngspice exit status: 0 ===
