
Note: No compatibility mode selected!


Circuit: * by-hand pex write-margin testbench, schematic leg (issue #95).

Reset re-loads circuit * by-hand pex write-margin testbench, schematic leg (issue #95).

Circuit: * by-hand pex write-margin testbench, schematic leg (issue #95).

Doing analysis at TEMP = 25.000000 and TNOM = 27.000000

Using SPARSE 1.3 as Direct Linear Solver

Initial Transient Solution
--------------------------

Node                                   Voltage
----                                   -------
vdd                                        3.3
q                                      1.76583
qb                                     1.76614
vss                                   0.858718
bl                                         3.3
wl                                           0
blb                                          0
vwl#branch                                   0
vblb#branch                        3.16275e-05
vbl#branch                        -9.04143e-12
vvdd#branch                       -3.16275e-05


No. of Data Rows : 429
Reset re-loads circuit * by-hand pex write-margin testbench, schematic leg (issue #95).

Circuit: * by-hand pex write-margin testbench, schematic leg (issue #95).

Doing analysis at TEMP = 25.000000 and TNOM = 27.000000

Using SPARSE 1.3 as Direct Linear Solver

Initial Transient Solution
--------------------------

Node                                   Voltage
----                                   -------
vdd                                        3.3
q                                      1.76583
qb                                     1.76614
vss                                   0.858718
bl                                         3.3
wl                                           0
blb                                          0
vwl#branch                                   0
vblb#branch                        3.16275e-05
vbl#branch                        -9.04143e-12
vvdd#branch                       -3.16275e-05


No. of Data Rows : 429
Reset re-loads circuit * by-hand pex write-margin testbench, schematic leg (issue #95).

Circuit: * by-hand pex write-margin testbench, schematic leg (issue #95).

Doing analysis at TEMP = 25.000000 and TNOM = 27.000000

Using SPARSE 1.3 as Direct Linear Solver

Initial Transient Solution
--------------------------

Node                                   Voltage
----                                   -------
vdd                                        3.3
q                                      1.76583
qb                                     1.76614
vss                                   0.858718
bl                                         3.3
wl                                           0
blb                                          0
vwl#branch                                   0
vblb#branch                        3.16275e-05
vbl#branch                        -9.04143e-12
vvdd#branch                       -3.16275e-05


No. of Data Rows : 429
Reset re-loads circuit * by-hand pex write-margin testbench, schematic leg (issue #95).

Circuit: * by-hand pex write-margin testbench, schematic leg (issue #95).

Doing analysis at TEMP = 25.000000 and TNOM = 27.000000

Using SPARSE 1.3 as Direct Linear Solver

Initial Transient Solution
--------------------------

Node                                   Voltage
----                                   -------
vdd                                        3.3
q                                      1.76583
qb                                     1.76614
vss                                   0.858718
bl                                         3.3
wl                                           0
blb                                          0
vwl#branch                                   0
vblb#branch                        3.16275e-05
vbl#branch                        -9.04143e-12
vvdd#branch                       -3.16275e-05


No. of Data Rows : 429
Reset re-loads circuit * by-hand pex write-margin testbench, schematic leg (issue #95).

Circuit: * by-hand pex write-margin testbench, schematic leg (issue #95).

Doing analysis at TEMP = 25.000000 and TNOM = 27.000000

Using SPARSE 1.3 as Direct Linear Solver

Initial Transient Solution
--------------------------

Node                                   Voltage
----                                   -------
vdd                                        3.3
q                                      1.76583
qb                                     1.76614
vss                                   0.858718
bl                                         3.3
wl                                           0
blb                                          0
vwl#branch                                   0
vblb#branch                        3.16275e-05
vbl#branch                        -9.04143e-12
vvdd#branch                       -3.16275e-05


No. of Data Rows : 429
Reset re-loads circuit * by-hand pex write-margin testbench, schematic leg (issue #95).

Circuit: * by-hand pex write-margin testbench, schematic leg (issue #95).

Doing analysis at TEMP = 25.000000 and TNOM = 27.000000

Using SPARSE 1.3 as Direct Linear Solver

Initial Transient Solution
--------------------------

Node                                   Voltage
----                                   -------
vdd                                        3.3
q                                      1.76583
qb                                     1.76614
vss                                   0.858718
bl                                         3.3
wl                                           0
blb                                          0
vwl#branch                                   0
vblb#branch                        3.16275e-05
vbl#branch                        -9.04143e-12
vvdd#branch                       -3.16275e-05


No. of Data Rows : 429
Reset re-loads circuit * by-hand pex write-margin testbench, schematic leg (issue #95).

Circuit: * by-hand pex write-margin testbench, schematic leg (issue #95).

Doing analysis at TEMP = 25.000000 and TNOM = 27.000000

Using SPARSE 1.3 as Direct Linear Solver

Initial Transient Solution
--------------------------

Node                                   Voltage
----                                   -------
vdd                                        3.3
q                                      1.76583
qb                                     1.76614
vss                                   0.858718
bl                                         3.3
wl                                           0
blb                                          0
vwl#branch                                   0
vblb#branch                        3.16275e-05
vbl#branch                        -9.04143e-12
vvdd#branch                       -3.16275e-05


No. of Data Rows : 429
Reset re-loads circuit * by-hand pex write-margin testbench, schematic leg (issue #95).

Circuit: * by-hand pex write-margin testbench, schematic leg (issue #95).

Doing analysis at TEMP = 25.000000 and TNOM = 27.000000

Using SPARSE 1.3 as Direct Linear Solver

Initial Transient Solution
--------------------------

Node                                   Voltage
----                                   -------
vdd                                        3.3
q                                      1.76583
qb                                     1.76614
vss                                   0.858718
bl                                         3.3
wl                                           0
blb                                          0
vwl#branch                                   0
vblb#branch                        3.16275e-05
vbl#branch                        -9.04143e-12
vvdd#branch                       -3.16275e-05


No. of Data Rows : 429
Reset re-loads circuit * by-hand pex write-margin testbench, schematic leg (issue #95).

Circuit: * by-hand pex write-margin testbench, schematic leg (issue #95).

Doing analysis at TEMP = 25.000000 and TNOM = 27.000000

Using SPARSE 1.3 as Direct Linear Solver

Initial Transient Solution
--------------------------

Node                                   Voltage
----                                   -------
vdd                                        3.3
q                                      1.76583
qb                                     1.76614
vss                                   0.858718
bl                                         3.3
wl                                           0
blb                                          0
vwl#branch                                   0
vblb#branch                        3.16275e-05
vbl#branch                        -9.04143e-12
vvdd#branch                       -3.16275e-05


No. of Data Rows : 429
Reset re-loads circuit * by-hand pex write-margin testbench, schematic leg (issue #95).

Circuit: * by-hand pex write-margin testbench, schematic leg (issue #95).

Doing analysis at TEMP = 25.000000 and TNOM = 27.000000

Using SPARSE 1.3 as Direct Linear Solver

Initial Transient Solution
--------------------------

Node                                   Voltage
----                                   -------
vdd                                        3.3
q                                      1.76583
qb                                     1.76614
vss                                   0.858718
bl                                         3.3
wl                                           0
blb                                          0
vwl#branch                                   0
vblb#branch                        3.16275e-05
vbl#branch                        -9.04143e-12
vvdd#branch                       -3.16275e-05


No. of Data Rows : 429
Reset re-loads circuit * by-hand pex write-margin testbench, schematic leg (issue #95).

Circuit: * by-hand pex write-margin testbench, schematic leg (issue #95).

Doing analysis at TEMP = 25.000000 and TNOM = 27.000000

Using SPARSE 1.3 as Direct Linear Solver

Initial Transient Solution
--------------------------

Node                                   Voltage
----                                   -------
vdd                                        3.3
q                                      1.76583
qb                                     1.76614
vss                                   0.858718
bl                                         3.3
wl                                           0
blb                                          0
vwl#branch                                   0
vblb#branch                        3.16275e-05
vbl#branch                        -9.04143e-12
vvdd#branch                       -3.16275e-05


No. of Data Rows : 429
Reset re-loads circuit * by-hand pex write-margin testbench, schematic leg (issue #95).

Circuit: * by-hand pex write-margin testbench, schematic leg (issue #95).

Doing analysis at TEMP = 25.000000 and TNOM = 27.000000

Using SPARSE 1.3 as Direct Linear Solver

Initial Transient Solution
--------------------------

Node                                   Voltage
----                                   -------
vdd                                        3.3
q                                      1.76583
qb                                     1.76614
vss                                   0.858718
bl                                         3.3
wl                                           0
blb                                          0
vwl#branch                                   0
vblb#branch                        3.16275e-05
vbl#branch                        -9.04143e-12
vvdd#branch                       -3.16275e-05


No. of Data Rows : 429
Reset re-loads circuit * by-hand pex write-margin testbench, schematic leg (issue #95).

Circuit: * by-hand pex write-margin testbench, schematic leg (issue #95).

Doing analysis at TEMP = 25.000000 and TNOM = 27.000000

Using SPARSE 1.3 as Direct Linear Solver

Initial Transient Solution
--------------------------

Node                                   Voltage
----                                   -------
vdd                                        3.3
q                                      1.76583
qb                                     1.76614
vss                                   0.858718
bl                                         3.3
wl                                           0
blb                                          0
vwl#branch                                   0
vblb#branch                        3.16275e-05
vbl#branch                        -9.04143e-12
vvdd#branch                       -3.16275e-05


No. of Data Rows : 429
Reset re-loads circuit * by-hand pex write-margin testbench, schematic leg (issue #95).

Circuit: * by-hand pex write-margin testbench, schematic leg (issue #95).

Doing analysis at TEMP = 25.000000 and TNOM = 27.000000

Using SPARSE 1.3 as Direct Linear Solver

Initial Transient Solution
--------------------------

Node                                   Voltage
----                                   -------
vdd                                        3.3
q                                      1.76583
qb                                     1.76614
vss                                   0.858718
bl                                         3.3
wl                                           0
blb                                          0
vwl#branch                                   0
vblb#branch                        3.16275e-05
vbl#branch                        -9.04143e-12
vvdd#branch                       -3.16275e-05


No. of Data Rows : 429
Reset re-loads circuit * by-hand pex write-margin testbench, schematic leg (issue #95).

Circuit: * by-hand pex write-margin testbench, schematic leg (issue #95).

Doing analysis at TEMP = 25.000000 and TNOM = 27.000000

Using SPARSE 1.3 as Direct Linear Solver

Initial Transient Solution
--------------------------

Node                                   Voltage
----                                   -------
vdd                                        3.3
q                                      1.76583
qb                                     1.76614
vss                                   0.858718
bl                                         3.3
wl                                           0
blb                                          0
vwl#branch                                   0
vblb#branch                        3.16275e-05
vbl#branch                        -9.04143e-12
vvdd#branch                       -3.16275e-05


No. of Data Rows : 429
Reset re-loads circuit * by-hand pex write-margin testbench, schematic leg (issue #95).

Circuit: * by-hand pex write-margin testbench, schematic leg (issue #95).

Doing analysis at TEMP = 25.000000 and TNOM = 27.000000

Using SPARSE 1.3 as Direct Linear Solver

Initial Transient Solution
--------------------------

Node                                   Voltage
----                                   -------
vdd                                        3.3
q                                      1.76583
qb                                     1.76614
vss                                   0.858718
bl                                         3.3
wl                                           0
blb                                          0
vwl#branch                                   0
vblb#branch                        3.16275e-05
vbl#branch                        -9.04143e-12
vvdd#branch                       -3.16275e-05


No. of Data Rows : 429
RESULT: write_trip_voltage_v = 1.87075
RESULT: write_vdd_v = 3.3
Note: Simulation executed from .control section 
=== corner: ff_25c_3.30v (process=ff temp=25C vdd=3.30V) ===
=== ngspice exit status: 0 ===
