
Note: No compatibility mode selected!


Circuit: * by-hand pex write-margin testbench, schematic leg (issue #95).

Reset re-loads circuit * by-hand pex write-margin testbench, schematic leg (issue #95).

Circuit: * by-hand pex write-margin testbench, schematic leg (issue #95).

Doing analysis at TEMP = -40.000000 and TNOM = 27.000000

Using SPARSE 1.3 as Direct Linear Solver

Initial Transient Solution
--------------------------

Node                                   Voltage
----                                   -------
vdd                                       3.63
q                                      2.00163
qb                                     2.00164
vss                                   0.934643
bl                                        3.63
wl                                           0
blb                                          0
vwl#branch                                   0
vblb#branch                        1.91418e-05
vbl#branch                        -9.95559e-12
vvdd#branch                       -1.91418e-05


No. of Data Rows : 429
Reset re-loads circuit * by-hand pex write-margin testbench, schematic leg (issue #95).

Circuit: * by-hand pex write-margin testbench, schematic leg (issue #95).

Doing analysis at TEMP = -40.000000 and TNOM = 27.000000

Using SPARSE 1.3 as Direct Linear Solver

Initial Transient Solution
--------------------------

Node                                   Voltage
----                                   -------
vdd                                       3.63
q                                      2.00163
qb                                     2.00164
vss                                   0.934643
bl                                        3.63
wl                                           0
blb                                          0
vwl#branch                                   0
vblb#branch                        1.91418e-05
vbl#branch                        -9.95559e-12
vvdd#branch                       -1.91418e-05


No. of Data Rows : 429
Reset re-loads circuit * by-hand pex write-margin testbench, schematic leg (issue #95).

Circuit: * by-hand pex write-margin testbench, schematic leg (issue #95).

Doing analysis at TEMP = -40.000000 and TNOM = 27.000000

Using SPARSE 1.3 as Direct Linear Solver

Initial Transient Solution
--------------------------

Node                                   Voltage
----                                   -------
vdd                                       3.63
q                                      2.00163
qb                                     2.00164
vss                                   0.934643
bl                                        3.63
wl                                           0
blb                                          0
vwl#branch                                   0
vblb#branch                        1.91418e-05
vbl#branch                        -9.95559e-12
vvdd#branch                       -1.91418e-05


No. of Data Rows : 429
Reset re-loads circuit * by-hand pex write-margin testbench, schematic leg (issue #95).

Circuit: * by-hand pex write-margin testbench, schematic leg (issue #95).

Doing analysis at TEMP = -40.000000 and TNOM = 27.000000

Using SPARSE 1.3 as Direct Linear Solver

Initial Transient Solution
--------------------------

Node                                   Voltage
----                                   -------
vdd                                       3.63
q                                      2.00163
qb                                     2.00164
vss                                   0.934643
bl                                        3.63
wl                                           0
blb                                          0
vwl#branch                                   0
vblb#branch                        1.91418e-05
vbl#branch                        -9.95559e-12
vvdd#branch                       -1.91418e-05


No. of Data Rows : 429
Reset re-loads circuit * by-hand pex write-margin testbench, schematic leg (issue #95).

Circuit: * by-hand pex write-margin testbench, schematic leg (issue #95).

Doing analysis at TEMP = -40.000000 and TNOM = 27.000000

Using SPARSE 1.3 as Direct Linear Solver

Initial Transient Solution
--------------------------

Node                                   Voltage
----                                   -------
vdd                                       3.63
q                                      2.00163
qb                                     2.00164
vss                                   0.934643
bl                                        3.63
wl                                           0
blb                                          0
vwl#branch                                   0
vblb#branch                        1.91418e-05
vbl#branch                        -9.95559e-12
vvdd#branch                       -1.91418e-05


No. of Data Rows : 429
Reset re-loads circuit * by-hand pex write-margin testbench, schematic leg (issue #95).

Circuit: * by-hand pex write-margin testbench, schematic leg (issue #95).

Doing analysis at TEMP = -40.000000 and TNOM = 27.000000

Using SPARSE 1.3 as Direct Linear Solver

Initial Transient Solution
--------------------------

Node                                   Voltage
----                                   -------
vdd                                       3.63
q                                      2.00163
qb                                     2.00164
vss                                   0.934643
bl                                        3.63
wl                                           0
blb                                          0
vwl#branch                                   0
vblb#branch                        1.91418e-05
vbl#branch                        -9.95559e-12
vvdd#branch                       -1.91418e-05


No. of Data Rows : 429
Reset re-loads circuit * by-hand pex write-margin testbench, schematic leg (issue #95).

Circuit: * by-hand pex write-margin testbench, schematic leg (issue #95).

Doing analysis at TEMP = -40.000000 and TNOM = 27.000000

Using SPARSE 1.3 as Direct Linear Solver

Initial Transient Solution
--------------------------

Node                                   Voltage
----                                   -------
vdd                                       3.63
q                                      2.00163
qb                                     2.00164
vss                                   0.934643
bl                                        3.63
wl                                           0
blb                                          0
vwl#branch                                   0
vblb#branch                        1.91418e-05
vbl#branch                        -9.95559e-12
vvdd#branch                       -1.91418e-05


No. of Data Rows : 429
Reset re-loads circuit * by-hand pex write-margin testbench, schematic leg (issue #95).

Circuit: * by-hand pex write-margin testbench, schematic leg (issue #95).

Doing analysis at TEMP = -40.000000 and TNOM = 27.000000

Using SPARSE 1.3 as Direct Linear Solver

Initial Transient Solution
--------------------------

Node                                   Voltage
----                                   -------
vdd                                       3.63
q                                      2.00163
qb                                     2.00164
vss                                   0.934643
bl                                        3.63
wl                                           0
blb                                          0
vwl#branch                                   0
vblb#branch                        1.91418e-05
vbl#branch                        -9.95559e-12
vvdd#branch                       -1.91418e-05


No. of Data Rows : 429
Reset re-loads circuit * by-hand pex write-margin testbench, schematic leg (issue #95).

Circuit: * by-hand pex write-margin testbench, schematic leg (issue #95).

Doing analysis at TEMP = -40.000000 and TNOM = 27.000000

Using SPARSE 1.3 as Direct Linear Solver

Initial Transient Solution
--------------------------

Node                                   Voltage
----                                   -------
vdd                                       3.63
q                                      2.00163
qb                                     2.00164
vss                                   0.934643
bl                                        3.63
wl                                           0
blb                                          0
vwl#branch                                   0
vblb#branch                        1.91418e-05
vbl#branch                        -9.95559e-12
vvdd#branch                       -1.91418e-05


No. of Data Rows : 429
Reset re-loads circuit * by-hand pex write-margin testbench, schematic leg (issue #95).

Circuit: * by-hand pex write-margin testbench, schematic leg (issue #95).

Doing analysis at TEMP = -40.000000 and TNOM = 27.000000

Using SPARSE 1.3 as Direct Linear Solver

Initial Transient Solution
--------------------------

Node                                   Voltage
----                                   -------
vdd                                       3.63
q                                      2.00163
qb                                     2.00164
vss                                   0.934643
bl                                        3.63
wl                                           0
blb                                          0
vwl#branch                                   0
vblb#branch                        1.91418e-05
vbl#branch                        -9.95559e-12
vvdd#branch                       -1.91418e-05


No. of Data Rows : 429
Reset re-loads circuit * by-hand pex write-margin testbench, schematic leg (issue #95).

Circuit: * by-hand pex write-margin testbench, schematic leg (issue #95).

Doing analysis at TEMP = -40.000000 and TNOM = 27.000000

Using SPARSE 1.3 as Direct Linear Solver

Initial Transient Solution
--------------------------

Node                                   Voltage
----                                   -------
vdd                                       3.63
q                                      2.00163
qb                                     2.00164
vss                                   0.934643
bl                                        3.63
wl                                           0
blb                                          0
vwl#branch                                   0
vblb#branch                        1.91418e-05
vbl#branch                        -9.95559e-12
vvdd#branch                       -1.91418e-05


No. of Data Rows : 429
Reset re-loads circuit * by-hand pex write-margin testbench, schematic leg (issue #95).

Circuit: * by-hand pex write-margin testbench, schematic leg (issue #95).

Doing analysis at TEMP = -40.000000 and TNOM = 27.000000

Using SPARSE 1.3 as Direct Linear Solver

Initial Transient Solution
--------------------------

Node                                   Voltage
----                                   -------
vdd                                       3.63
q                                      2.00163
qb                                     2.00164
vss                                   0.934643
bl                                        3.63
wl                                           0
blb                                          0
vwl#branch                                   0
vblb#branch                        1.91418e-05
vbl#branch                        -9.95559e-12
vvdd#branch                       -1.91418e-05


No. of Data Rows : 429
Reset re-loads circuit * by-hand pex write-margin testbench, schematic leg (issue #95).

Circuit: * by-hand pex write-margin testbench, schematic leg (issue #95).

Doing analysis at TEMP = -40.000000 and TNOM = 27.000000

Using SPARSE 1.3 as Direct Linear Solver

Initial Transient Solution
--------------------------

Node                                   Voltage
----                                   -------
vdd                                       3.63
q                                      2.00163
qb                                     2.00164
vss                                   0.934643
bl                                        3.63
wl                                           0
blb                                          0
vwl#branch                                   0
vblb#branch                        1.91418e-05
vbl#branch                        -9.95559e-12
vvdd#branch                       -1.91418e-05


No. of Data Rows : 429
Reset re-loads circuit * by-hand pex write-margin testbench, schematic leg (issue #95).

Circuit: * by-hand pex write-margin testbench, schematic leg (issue #95).

Doing analysis at TEMP = -40.000000 and TNOM = 27.000000

Using SPARSE 1.3 as Direct Linear Solver

Initial Transient Solution
--------------------------

Node                                   Voltage
----                                   -------
vdd                                       3.63
q                                      2.00163
qb                                     2.00164
vss                                   0.934643
bl                                        3.63
wl                                           0
blb                                          0
vwl#branch                                   0
vblb#branch                        1.91418e-05
vbl#branch                        -9.95559e-12
vvdd#branch                       -1.91418e-05


No. of Data Rows : 429
Reset re-loads circuit * by-hand pex write-margin testbench, schematic leg (issue #95).

Circuit: * by-hand pex write-margin testbench, schematic leg (issue #95).

Doing analysis at TEMP = -40.000000 and TNOM = 27.000000

Using SPARSE 1.3 as Direct Linear Solver

Initial Transient Solution
--------------------------

Node                                   Voltage
----                                   -------
vdd                                       3.63
q                                      2.00163
qb                                     2.00164
vss                                   0.934643
bl                                        3.63
wl                                           0
blb                                          0
vwl#branch                                   0
vblb#branch                        1.91418e-05
vbl#branch                        -9.95559e-12
vvdd#branch                       -1.91418e-05


No. of Data Rows : 429
Reset re-loads circuit * by-hand pex write-margin testbench, schematic leg (issue #95).

Circuit: * by-hand pex write-margin testbench, schematic leg (issue #95).

Doing analysis at TEMP = -40.000000 and TNOM = 27.000000

Using SPARSE 1.3 as Direct Linear Solver

Initial Transient Solution
--------------------------

Node                                   Voltage
----                                   -------
vdd                                       3.63
q                                      2.00163
qb                                     2.00164
vss                                   0.934643
bl                                        3.63
wl                                           0
blb                                          0
vwl#branch                                   0
vblb#branch                        1.91418e-05
vbl#branch                        -9.95559e-12
vvdd#branch                       -1.91418e-05


No. of Data Rows : 429
RESULT: write_trip_voltage_v = 2.17259
RESULT: write_vdd_v = 3.63
Note: Simulation executed from .control section 
=== corner: ss_-40c_3.63v (process=ss temp=-40C vdd=3.63V) ===
=== ngspice exit status: 0 ===
