
Note: No compatibility mode selected!


Circuit: * by-hand pex write-margin testbench, schematic leg (issue #95).

Reset re-loads circuit * by-hand pex write-margin testbench, schematic leg (issue #95).

Circuit: * by-hand pex write-margin testbench, schematic leg (issue #95).

Doing analysis at TEMP = 25.000000 and TNOM = 27.000000

Using SPARSE 1.3 as Direct Linear Solver

Initial Transient Solution
--------------------------

Node                                   Voltage
----                                   -------
vdd                                       3.63
q                                     0.467147
qb                                        3.63
vss                                   0.467147
bl                                        3.63
wl                                           0
blb                                          0
vwl#branch                                   0
vblb#branch                        1.39548e-11
vbl#branch                         -1.0423e-11
vvdd#branch                       -3.94714e-11


No. of Data Rows : 429
Reset re-loads circuit * by-hand pex write-margin testbench, schematic leg (issue #95).

Circuit: * by-hand pex write-margin testbench, schematic leg (issue #95).

Doing analysis at TEMP = 25.000000 and TNOM = 27.000000

Using SPARSE 1.3 as Direct Linear Solver

Initial Transient Solution
--------------------------

Node                                   Voltage
----                                   -------
vdd                                       3.63
q                                     0.467147
qb                                        3.63
vss                                   0.467147
bl                                        3.63
wl                                           0
blb                                          0
vwl#branch                                   0
vblb#branch                        1.39548e-11
vbl#branch                         -1.0423e-11
vvdd#branch                       -3.94714e-11


No. of Data Rows : 429
Reset re-loads circuit * by-hand pex write-margin testbench, schematic leg (issue #95).

Circuit: * by-hand pex write-margin testbench, schematic leg (issue #95).

Doing analysis at TEMP = 25.000000 and TNOM = 27.000000

Using SPARSE 1.3 as Direct Linear Solver

Initial Transient Solution
--------------------------

Node                                   Voltage
----                                   -------
vdd                                       3.63
q                                     0.467147
qb                                        3.63
vss                                   0.467147
bl                                        3.63
wl                                           0
blb                                          0
vwl#branch                                   0
vblb#branch                        1.39548e-11
vbl#branch                         -1.0423e-11
vvdd#branch                       -3.94714e-11


No. of Data Rows : 429
Reset re-loads circuit * by-hand pex write-margin testbench, schematic leg (issue #95).

Circuit: * by-hand pex write-margin testbench, schematic leg (issue #95).

Doing analysis at TEMP = 25.000000 and TNOM = 27.000000

Using SPARSE 1.3 as Direct Linear Solver

Initial Transient Solution
--------------------------

Node                                   Voltage
----                                   -------
vdd                                       3.63
q                                     0.467147
qb                                        3.63
vss                                   0.467147
bl                                        3.63
wl                                           0
blb                                          0
vwl#branch                                   0
vblb#branch                        1.39548e-11
vbl#branch                         -1.0423e-11
vvdd#branch                       -3.94714e-11


No. of Data Rows : 429
Reset re-loads circuit * by-hand pex write-margin testbench, schematic leg (issue #95).

Circuit: * by-hand pex write-margin testbench, schematic leg (issue #95).

Doing analysis at TEMP = 25.000000 and TNOM = 27.000000

Using SPARSE 1.3 as Direct Linear Solver

Initial Transient Solution
--------------------------

Node                                   Voltage
----                                   -------
vdd                                       3.63
q                                     0.467147
qb                                        3.63
vss                                   0.467147
bl                                        3.63
wl                                           0
blb                                          0
vwl#branch                                   0
vblb#branch                        1.39548e-11
vbl#branch                         -1.0423e-11
vvdd#branch                       -3.94714e-11


No. of Data Rows : 429
Reset re-loads circuit * by-hand pex write-margin testbench, schematic leg (issue #95).

Circuit: * by-hand pex write-margin testbench, schematic leg (issue #95).

Doing analysis at TEMP = 25.000000 and TNOM = 27.000000

Using SPARSE 1.3 as Direct Linear Solver

Initial Transient Solution
--------------------------

Node                                   Voltage
----                                   -------
vdd                                       3.63
q                                     0.467147
qb                                        3.63
vss                                   0.467147
bl                                        3.63
wl                                           0
blb                                          0
vwl#branch                                   0
vblb#branch                        1.39548e-11
vbl#branch                         -1.0423e-11
vvdd#branch                       -3.94714e-11


No. of Data Rows : 429
Reset re-loads circuit * by-hand pex write-margin testbench, schematic leg (issue #95).

Circuit: * by-hand pex write-margin testbench, schematic leg (issue #95).

Doing analysis at TEMP = 25.000000 and TNOM = 27.000000

Using SPARSE 1.3 as Direct Linear Solver

Initial Transient Solution
--------------------------

Node                                   Voltage
----                                   -------
vdd                                       3.63
q                                     0.467147
qb                                        3.63
vss                                   0.467147
bl                                        3.63
wl                                           0
blb                                          0
vwl#branch                                   0
vblb#branch                        1.39548e-11
vbl#branch                         -1.0423e-11
vvdd#branch                       -3.94714e-11


No. of Data Rows : 429
Reset re-loads circuit * by-hand pex write-margin testbench, schematic leg (issue #95).

Circuit: * by-hand pex write-margin testbench, schematic leg (issue #95).

Doing analysis at TEMP = 25.000000 and TNOM = 27.000000

Using SPARSE 1.3 as Direct Linear Solver

Initial Transient Solution
--------------------------

Node                                   Voltage
----                                   -------
vdd                                       3.63
q                                     0.467147
qb                                        3.63
vss                                   0.467147
bl                                        3.63
wl                                           0
blb                                          0
vwl#branch                                   0
vblb#branch                        1.39548e-11
vbl#branch                         -1.0423e-11
vvdd#branch                       -3.94714e-11


No. of Data Rows : 429
Reset re-loads circuit * by-hand pex write-margin testbench, schematic leg (issue #95).

Circuit: * by-hand pex write-margin testbench, schematic leg (issue #95).

Doing analysis at TEMP = 25.000000 and TNOM = 27.000000

Using SPARSE 1.3 as Direct Linear Solver

Initial Transient Solution
--------------------------

Node                                   Voltage
----                                   -------
vdd                                       3.63
q                                     0.467147
qb                                        3.63
vss                                   0.467147
bl                                        3.63
wl                                           0
blb                                          0
vwl#branch                                   0
vblb#branch                        1.39548e-11
vbl#branch                         -1.0423e-11
vvdd#branch                       -3.94714e-11


No. of Data Rows : 429
Reset re-loads circuit * by-hand pex write-margin testbench, schematic leg (issue #95).

Circuit: * by-hand pex write-margin testbench, schematic leg (issue #95).

Doing analysis at TEMP = 25.000000 and TNOM = 27.000000

Using SPARSE 1.3 as Direct Linear Solver

Initial Transient Solution
--------------------------

Node                                   Voltage
----                                   -------
vdd                                       3.63
q                                     0.467147
qb                                        3.63
vss                                   0.467147
bl                                        3.63
wl                                           0
blb                                          0
vwl#branch                                   0
vblb#branch                        1.39548e-11
vbl#branch                         -1.0423e-11
vvdd#branch                       -3.94714e-11


No. of Data Rows : 429
Reset re-loads circuit * by-hand pex write-margin testbench, schematic leg (issue #95).

Circuit: * by-hand pex write-margin testbench, schematic leg (issue #95).

Doing analysis at TEMP = 25.000000 and TNOM = 27.000000

Using SPARSE 1.3 as Direct Linear Solver

Initial Transient Solution
--------------------------

Node                                   Voltage
----                                   -------
vdd                                       3.63
q                                     0.467147
qb                                        3.63
vss                                   0.467147
bl                                        3.63
wl                                           0
blb                                          0
vwl#branch                                   0
vblb#branch                        1.39548e-11
vbl#branch                         -1.0423e-11
vvdd#branch                       -3.94714e-11


No. of Data Rows : 429
Reset re-loads circuit * by-hand pex write-margin testbench, schematic leg (issue #95).

Circuit: * by-hand pex write-margin testbench, schematic leg (issue #95).

Doing analysis at TEMP = 25.000000 and TNOM = 27.000000

Using SPARSE 1.3 as Direct Linear Solver

Initial Transient Solution
--------------------------

Node                                   Voltage
----                                   -------
vdd                                       3.63
q                                     0.467147
qb                                        3.63
vss                                   0.467147
bl                                        3.63
wl                                           0
blb                                          0
vwl#branch                                   0
vblb#branch                        1.39548e-11
vbl#branch                         -1.0423e-11
vvdd#branch                       -3.94714e-11


No. of Data Rows : 429
Reset re-loads circuit * by-hand pex write-margin testbench, schematic leg (issue #95).

Circuit: * by-hand pex write-margin testbench, schematic leg (issue #95).

Doing analysis at TEMP = 25.000000 and TNOM = 27.000000

Using SPARSE 1.3 as Direct Linear Solver

Initial Transient Solution
--------------------------

Node                                   Voltage
----                                   -------
vdd                                       3.63
q                                     0.467147
qb                                        3.63
vss                                   0.467147
bl                                        3.63
wl                                           0
blb                                          0
vwl#branch                                   0
vblb#branch                        1.39548e-11
vbl#branch                         -1.0423e-11
vvdd#branch                       -3.94714e-11


No. of Data Rows : 429
Reset re-loads circuit * by-hand pex write-margin testbench, schematic leg (issue #95).

Circuit: * by-hand pex write-margin testbench, schematic leg (issue #95).

Doing analysis at TEMP = 25.000000 and TNOM = 27.000000

Using SPARSE 1.3 as Direct Linear Solver

Initial Transient Solution
--------------------------

Node                                   Voltage
----                                   -------
vdd                                       3.63
q                                     0.467147
qb                                        3.63
vss                                   0.467147
bl                                        3.63
wl                                           0
blb                                          0
vwl#branch                                   0
vblb#branch                        1.39548e-11
vbl#branch                         -1.0423e-11
vvdd#branch                       -3.94714e-11


No. of Data Rows : 429
Reset re-loads circuit * by-hand pex write-margin testbench, schematic leg (issue #95).

Circuit: * by-hand pex write-margin testbench, schematic leg (issue #95).

Doing analysis at TEMP = 25.000000 and TNOM = 27.000000

Using SPARSE 1.3 as Direct Linear Solver

Initial Transient Solution
--------------------------

Node                                   Voltage
----                                   -------
vdd                                       3.63
q                                     0.467147
qb                                        3.63
vss                                   0.467147
bl                                        3.63
wl                                           0
blb                                          0
vwl#branch                                   0
vblb#branch                        1.39548e-11
vbl#branch                         -1.0423e-11
vvdd#branch                       -3.94714e-11


No. of Data Rows : 429
Reset re-loads circuit * by-hand pex write-margin testbench, schematic leg (issue #95).

Circuit: * by-hand pex write-margin testbench, schematic leg (issue #95).

Doing analysis at TEMP = 25.000000 and TNOM = 27.000000

Using SPARSE 1.3 as Direct Linear Solver

Initial Transient Solution
--------------------------

Node                                   Voltage
----                                   -------
vdd                                       3.63
q                                     0.467147
qb                                        3.63
vss                                   0.467147
bl                                        3.63
wl                                           0
blb                                          0
vwl#branch                                   0
vblb#branch                        1.39548e-11
vbl#branch                         -1.0423e-11
vvdd#branch                       -3.94714e-11


No. of Data Rows : 429
RESULT: write_trip_voltage_v = 2.14423
RESULT: write_vdd_v = 3.63
Note: Simulation executed from .control section 
=== corner: ss_25c_3.63v (process=ss temp=25C vdd=3.63V) ===
=== ngspice exit status: 0 ===
