
Note: No compatibility mode selected!


Circuit: * by-hand pex write-margin testbench, schematic leg (issue #95).

Reset re-loads circuit * by-hand pex write-margin testbench, schematic leg (issue #95).

Circuit: * by-hand pex write-margin testbench, schematic leg (issue #95).

Doing analysis at TEMP = -40.000000 and TNOM = 27.000000

Using SPARSE 1.3 as Direct Linear Solver

Initial Transient Solution
--------------------------

Node                                   Voltage
----                                   -------
vdd                                       3.63
q                                      1.97412
qb                                     1.97414
vss                                   0.944063
bl                                        3.63
wl                                           0
blb                                          0
vwl#branch                                   0
vblb#branch                        2.99042e-05
vbl#branch                        -9.94638e-12
vvdd#branch                       -2.99043e-05


No. of Data Rows : 429
Reset re-loads circuit * by-hand pex write-margin testbench, schematic leg (issue #95).

Circuit: * by-hand pex write-margin testbench, schematic leg (issue #95).

Doing analysis at TEMP = -40.000000 and TNOM = 27.000000

Using SPARSE 1.3 as Direct Linear Solver

Initial Transient Solution
--------------------------

Node                                   Voltage
----                                   -------
vdd                                       3.63
q                                      1.97412
qb                                     1.97414
vss                                   0.944063
bl                                        3.63
wl                                           0
blb                                          0
vwl#branch                                   0
vblb#branch                        2.99042e-05
vbl#branch                        -9.94638e-12
vvdd#branch                       -2.99043e-05


No. of Data Rows : 429
Reset re-loads circuit * by-hand pex write-margin testbench, schematic leg (issue #95).

Circuit: * by-hand pex write-margin testbench, schematic leg (issue #95).

Doing analysis at TEMP = -40.000000 and TNOM = 27.000000

Using SPARSE 1.3 as Direct Linear Solver

Initial Transient Solution
--------------------------

Node                                   Voltage
----                                   -------
vdd                                       3.63
q                                      1.97412
qb                                     1.97414
vss                                   0.944063
bl                                        3.63
wl                                           0
blb                                          0
vwl#branch                                   0
vblb#branch                        2.99042e-05
vbl#branch                        -9.94638e-12
vvdd#branch                       -2.99043e-05


No. of Data Rows : 429
Reset re-loads circuit * by-hand pex write-margin testbench, schematic leg (issue #95).

Circuit: * by-hand pex write-margin testbench, schematic leg (issue #95).

Doing analysis at TEMP = -40.000000 and TNOM = 27.000000

Using SPARSE 1.3 as Direct Linear Solver

Initial Transient Solution
--------------------------

Node                                   Voltage
----                                   -------
vdd                                       3.63
q                                      1.97412
qb                                     1.97414
vss                                   0.944063
bl                                        3.63
wl                                           0
blb                                          0
vwl#branch                                   0
vblb#branch                        2.99042e-05
vbl#branch                        -9.94638e-12
vvdd#branch                       -2.99043e-05


No. of Data Rows : 429
Reset re-loads circuit * by-hand pex write-margin testbench, schematic leg (issue #95).

Circuit: * by-hand pex write-margin testbench, schematic leg (issue #95).

Doing analysis at TEMP = -40.000000 and TNOM = 27.000000

Using SPARSE 1.3 as Direct Linear Solver

Initial Transient Solution
--------------------------

Node                                   Voltage
----                                   -------
vdd                                       3.63
q                                      1.97412
qb                                     1.97414
vss                                   0.944063
bl                                        3.63
wl                                           0
blb                                          0
vwl#branch                                   0
vblb#branch                        2.99042e-05
vbl#branch                        -9.94638e-12
vvdd#branch                       -2.99043e-05


No. of Data Rows : 429
Reset re-loads circuit * by-hand pex write-margin testbench, schematic leg (issue #95).

Circuit: * by-hand pex write-margin testbench, schematic leg (issue #95).

Doing analysis at TEMP = -40.000000 and TNOM = 27.000000

Using SPARSE 1.3 as Direct Linear Solver

Initial Transient Solution
--------------------------

Node                                   Voltage
----                                   -------
vdd                                       3.63
q                                      1.97412
qb                                     1.97414
vss                                   0.944063
bl                                        3.63
wl                                           0
blb                                          0
vwl#branch                                   0
vblb#branch                        2.99042e-05
vbl#branch                        -9.94638e-12
vvdd#branch                       -2.99043e-05


No. of Data Rows : 429
Reset re-loads circuit * by-hand pex write-margin testbench, schematic leg (issue #95).

Circuit: * by-hand pex write-margin testbench, schematic leg (issue #95).

Doing analysis at TEMP = -40.000000 and TNOM = 27.000000

Using SPARSE 1.3 as Direct Linear Solver

Initial Transient Solution
--------------------------

Node                                   Voltage
----                                   -------
vdd                                       3.63
q                                      1.97412
qb                                     1.97414
vss                                   0.944063
bl                                        3.63
wl                                           0
blb                                          0
vwl#branch                                   0
vblb#branch                        2.99042e-05
vbl#branch                        -9.94638e-12
vvdd#branch                       -2.99043e-05


No. of Data Rows : 429
Reset re-loads circuit * by-hand pex write-margin testbench, schematic leg (issue #95).

Circuit: * by-hand pex write-margin testbench, schematic leg (issue #95).

Doing analysis at TEMP = -40.000000 and TNOM = 27.000000

Using SPARSE 1.3 as Direct Linear Solver

Initial Transient Solution
--------------------------

Node                                   Voltage
----                                   -------
vdd                                       3.63
q                                      1.97412
qb                                     1.97414
vss                                   0.944063
bl                                        3.63
wl                                           0
blb                                          0
vwl#branch                                   0
vblb#branch                        2.99042e-05
vbl#branch                        -9.94638e-12
vvdd#branch                       -2.99043e-05


No. of Data Rows : 429
Reset re-loads circuit * by-hand pex write-margin testbench, schematic leg (issue #95).

Circuit: * by-hand pex write-margin testbench, schematic leg (issue #95).

Doing analysis at TEMP = -40.000000 and TNOM = 27.000000

Using SPARSE 1.3 as Direct Linear Solver

Initial Transient Solution
--------------------------

Node                                   Voltage
----                                   -------
vdd                                       3.63
q                                      1.97412
qb                                     1.97414
vss                                   0.944063
bl                                        3.63
wl                                           0
blb                                          0
vwl#branch                                   0
vblb#branch                        2.99042e-05
vbl#branch                        -9.94638e-12
vvdd#branch                       -2.99043e-05


No. of Data Rows : 429
Reset re-loads circuit * by-hand pex write-margin testbench, schematic leg (issue #95).

Circuit: * by-hand pex write-margin testbench, schematic leg (issue #95).

Doing analysis at TEMP = -40.000000 and TNOM = 27.000000

Using SPARSE 1.3 as Direct Linear Solver

Initial Transient Solution
--------------------------

Node                                   Voltage
----                                   -------
vdd                                       3.63
q                                      1.97412
qb                                     1.97414
vss                                   0.944063
bl                                        3.63
wl                                           0
blb                                          0
vwl#branch                                   0
vblb#branch                        2.99042e-05
vbl#branch                        -9.94638e-12
vvdd#branch                       -2.99043e-05


No. of Data Rows : 429
Reset re-loads circuit * by-hand pex write-margin testbench, schematic leg (issue #95).

Circuit: * by-hand pex write-margin testbench, schematic leg (issue #95).

Doing analysis at TEMP = -40.000000 and TNOM = 27.000000

Using SPARSE 1.3 as Direct Linear Solver

Initial Transient Solution
--------------------------

Node                                   Voltage
----                                   -------
vdd                                       3.63
q                                      1.97412
qb                                     1.97414
vss                                   0.944063
bl                                        3.63
wl                                           0
blb                                          0
vwl#branch                                   0
vblb#branch                        2.99042e-05
vbl#branch                        -9.94638e-12
vvdd#branch                       -2.99043e-05


No. of Data Rows : 429
Reset re-loads circuit * by-hand pex write-margin testbench, schematic leg (issue #95).

Circuit: * by-hand pex write-margin testbench, schematic leg (issue #95).

Doing analysis at TEMP = -40.000000 and TNOM = 27.000000

Using SPARSE 1.3 as Direct Linear Solver

Initial Transient Solution
--------------------------

Node                                   Voltage
----                                   -------
vdd                                       3.63
q                                      1.97412
qb                                     1.97414
vss                                   0.944063
bl                                        3.63
wl                                           0
blb                                          0
vwl#branch                                   0
vblb#branch                        2.99042e-05
vbl#branch                        -9.94638e-12
vvdd#branch                       -2.99043e-05


No. of Data Rows : 429
Reset re-loads circuit * by-hand pex write-margin testbench, schematic leg (issue #95).

Circuit: * by-hand pex write-margin testbench, schematic leg (issue #95).

Doing analysis at TEMP = -40.000000 and TNOM = 27.000000

Using SPARSE 1.3 as Direct Linear Solver

Initial Transient Solution
--------------------------

Node                                   Voltage
----                                   -------
vdd                                       3.63
q                                      1.97412
qb                                     1.97414
vss                                   0.944063
bl                                        3.63
wl                                           0
blb                                          0
vwl#branch                                   0
vblb#branch                        2.99042e-05
vbl#branch                        -9.94638e-12
vvdd#branch                       -2.99043e-05


No. of Data Rows : 429
Reset re-loads circuit * by-hand pex write-margin testbench, schematic leg (issue #95).

Circuit: * by-hand pex write-margin testbench, schematic leg (issue #95).

Doing analysis at TEMP = -40.000000 and TNOM = 27.000000

Using SPARSE 1.3 as Direct Linear Solver

Initial Transient Solution
--------------------------

Node                                   Voltage
----                                   -------
vdd                                       3.63
q                                      1.97412
qb                                     1.97414
vss                                   0.944063
bl                                        3.63
wl                                           0
blb                                          0
vwl#branch                                   0
vblb#branch                        2.99042e-05
vbl#branch                        -9.94638e-12
vvdd#branch                       -2.99043e-05


No. of Data Rows : 429
Reset re-loads circuit * by-hand pex write-margin testbench, schematic leg (issue #95).

Circuit: * by-hand pex write-margin testbench, schematic leg (issue #95).

Doing analysis at TEMP = -40.000000 and TNOM = 27.000000

Using SPARSE 1.3 as Direct Linear Solver

Initial Transient Solution
--------------------------

Node                                   Voltage
----                                   -------
vdd                                       3.63
q                                      1.97412
qb                                     1.97414
vss                                   0.944063
bl                                        3.63
wl                                           0
blb                                          0
vwl#branch                                   0
vblb#branch                        2.99042e-05
vbl#branch                        -9.94638e-12
vvdd#branch                       -2.99043e-05


No. of Data Rows : 429
Reset re-loads circuit * by-hand pex write-margin testbench, schematic leg (issue #95).

Circuit: * by-hand pex write-margin testbench, schematic leg (issue #95).

Doing analysis at TEMP = -40.000000 and TNOM = 27.000000

Using SPARSE 1.3 as Direct Linear Solver

Initial Transient Solution
--------------------------

Node                                   Voltage
----                                   -------
vdd                                       3.63
q                                      1.97412
qb                                     1.97414
vss                                   0.944063
bl                                        3.63
wl                                           0
blb                                          0
vwl#branch                                   0
vblb#branch                        2.99042e-05
vbl#branch                        -9.94638e-12
vvdd#branch                       -2.99043e-05


No. of Data Rows : 429
RESULT: write_trip_voltage_v = 2.13271
RESULT: write_vdd_v = 3.63
Note: Simulation executed from .control section 
=== corner: tt_-40c_3.63v (process=tt temp=-40C vdd=3.63V) ===
=== ngspice exit status: 0 ===
