
Note: No compatibility mode selected!


Circuit: * by-hand pex write-margin testbench, schematic leg (issue #95).

Reset re-loads circuit * by-hand pex write-margin testbench, schematic leg (issue #95).

Circuit: * by-hand pex write-margin testbench, schematic leg (issue #95).

Doing analysis at TEMP = 25.000000 and TNOM = 27.000000

Using SPARSE 1.3 as Direct Linear Solver

Initial Transient Solution
--------------------------

Node                                   Voltage
----                                   -------
vdd                                        3.3
q                                          3.3
qb                                    0.446982
vss                                   0.446982
bl                                         3.3
wl                                           0
blb                                          0
vwl#branch                                   0
vblb#branch                         8.5897e-12
vbl#branch                         -9.4531e-12
vvdd#branch                       -3.19652e-11


No. of Data Rows : 429
Reset re-loads circuit * by-hand pex write-margin testbench, schematic leg (issue #95).

Circuit: * by-hand pex write-margin testbench, schematic leg (issue #95).

Doing analysis at TEMP = 25.000000 and TNOM = 27.000000

Using SPARSE 1.3 as Direct Linear Solver

Initial Transient Solution
--------------------------

Node                                   Voltage
----                                   -------
vdd                                        3.3
q                                          3.3
qb                                    0.446982
vss                                   0.446982
bl                                         3.3
wl                                           0
blb                                          0
vwl#branch                                   0
vblb#branch                         8.5897e-12
vbl#branch                         -9.4531e-12
vvdd#branch                       -3.19652e-11


No. of Data Rows : 429
Reset re-loads circuit * by-hand pex write-margin testbench, schematic leg (issue #95).

Circuit: * by-hand pex write-margin testbench, schematic leg (issue #95).

Doing analysis at TEMP = 25.000000 and TNOM = 27.000000

Using SPARSE 1.3 as Direct Linear Solver

Initial Transient Solution
--------------------------

Node                                   Voltage
----                                   -------
vdd                                        3.3
q                                          3.3
qb                                    0.446982
vss                                   0.446982
bl                                         3.3
wl                                           0
blb                                          0
vwl#branch                                   0
vblb#branch                         8.5897e-12
vbl#branch                         -9.4531e-12
vvdd#branch                       -3.19652e-11


No. of Data Rows : 429
Reset re-loads circuit * by-hand pex write-margin testbench, schematic leg (issue #95).

Circuit: * by-hand pex write-margin testbench, schematic leg (issue #95).

Doing analysis at TEMP = 25.000000 and TNOM = 27.000000

Using SPARSE 1.3 as Direct Linear Solver

Initial Transient Solution
--------------------------

Node                                   Voltage
----                                   -------
vdd                                        3.3
q                                          3.3
qb                                    0.446982
vss                                   0.446982
bl                                         3.3
wl                                           0
blb                                          0
vwl#branch                                   0
vblb#branch                         8.5897e-12
vbl#branch                         -9.4531e-12
vvdd#branch                       -3.19652e-11


No. of Data Rows : 429
Reset re-loads circuit * by-hand pex write-margin testbench, schematic leg (issue #95).

Circuit: * by-hand pex write-margin testbench, schematic leg (issue #95).

Doing analysis at TEMP = 25.000000 and TNOM = 27.000000

Using SPARSE 1.3 as Direct Linear Solver

Initial Transient Solution
--------------------------

Node                                   Voltage
----                                   -------
vdd                                        3.3
q                                          3.3
qb                                    0.446982
vss                                   0.446982
bl                                         3.3
wl                                           0
blb                                          0
vwl#branch                                   0
vblb#branch                         8.5897e-12
vbl#branch                         -9.4531e-12
vvdd#branch                       -3.19652e-11


No. of Data Rows : 429
Reset re-loads circuit * by-hand pex write-margin testbench, schematic leg (issue #95).

Circuit: * by-hand pex write-margin testbench, schematic leg (issue #95).

Doing analysis at TEMP = 25.000000 and TNOM = 27.000000

Using SPARSE 1.3 as Direct Linear Solver

Initial Transient Solution
--------------------------

Node                                   Voltage
----                                   -------
vdd                                        3.3
q                                          3.3
qb                                    0.446982
vss                                   0.446982
bl                                         3.3
wl                                           0
blb                                          0
vwl#branch                                   0
vblb#branch                         8.5897e-12
vbl#branch                         -9.4531e-12
vvdd#branch                       -3.19652e-11


No. of Data Rows : 429
Reset re-loads circuit * by-hand pex write-margin testbench, schematic leg (issue #95).

Circuit: * by-hand pex write-margin testbench, schematic leg (issue #95).

Doing analysis at TEMP = 25.000000 and TNOM = 27.000000

Using SPARSE 1.3 as Direct Linear Solver

Initial Transient Solution
--------------------------

Node                                   Voltage
----                                   -------
vdd                                        3.3
q                                          3.3
qb                                    0.446982
vss                                   0.446982
bl                                         3.3
wl                                           0
blb                                          0
vwl#branch                                   0
vblb#branch                         8.5897e-12
vbl#branch                         -9.4531e-12
vvdd#branch                       -3.19652e-11


No. of Data Rows : 429
Reset re-loads circuit * by-hand pex write-margin testbench, schematic leg (issue #95).

Circuit: * by-hand pex write-margin testbench, schematic leg (issue #95).

Doing analysis at TEMP = 25.000000 and TNOM = 27.000000

Using SPARSE 1.3 as Direct Linear Solver

Initial Transient Solution
--------------------------

Node                                   Voltage
----                                   -------
vdd                                        3.3
q                                          3.3
qb                                    0.446982
vss                                   0.446982
bl                                         3.3
wl                                           0
blb                                          0
vwl#branch                                   0
vblb#branch                         8.5897e-12
vbl#branch                         -9.4531e-12
vvdd#branch                       -3.19652e-11


No. of Data Rows : 429
Reset re-loads circuit * by-hand pex write-margin testbench, schematic leg (issue #95).

Circuit: * by-hand pex write-margin testbench, schematic leg (issue #95).

Doing analysis at TEMP = 25.000000 and TNOM = 27.000000

Using SPARSE 1.3 as Direct Linear Solver

Initial Transient Solution
--------------------------

Node                                   Voltage
----                                   -------
vdd                                        3.3
q                                          3.3
qb                                    0.446982
vss                                   0.446982
bl                                         3.3
wl                                           0
blb                                          0
vwl#branch                                   0
vblb#branch                         8.5897e-12
vbl#branch                         -9.4531e-12
vvdd#branch                       -3.19652e-11


No. of Data Rows : 429
Reset re-loads circuit * by-hand pex write-margin testbench, schematic leg (issue #95).

Circuit: * by-hand pex write-margin testbench, schematic leg (issue #95).

Doing analysis at TEMP = 25.000000 and TNOM = 27.000000

Using SPARSE 1.3 as Direct Linear Solver

Initial Transient Solution
--------------------------

Node                                   Voltage
----                                   -------
vdd                                        3.3
q                                          3.3
qb                                    0.446982
vss                                   0.446982
bl                                         3.3
wl                                           0
blb                                          0
vwl#branch                                   0
vblb#branch                         8.5897e-12
vbl#branch                         -9.4531e-12
vvdd#branch                       -3.19652e-11


No. of Data Rows : 429
Reset re-loads circuit * by-hand pex write-margin testbench, schematic leg (issue #95).

Circuit: * by-hand pex write-margin testbench, schematic leg (issue #95).

Doing analysis at TEMP = 25.000000 and TNOM = 27.000000

Using SPARSE 1.3 as Direct Linear Solver

Initial Transient Solution
--------------------------

Node                                   Voltage
----                                   -------
vdd                                        3.3
q                                          3.3
qb                                    0.446982
vss                                   0.446982
bl                                         3.3
wl                                           0
blb                                          0
vwl#branch                                   0
vblb#branch                         8.5897e-12
vbl#branch                         -9.4531e-12
vvdd#branch                       -3.19652e-11


No. of Data Rows : 429
Reset re-loads circuit * by-hand pex write-margin testbench, schematic leg (issue #95).

Circuit: * by-hand pex write-margin testbench, schematic leg (issue #95).

Doing analysis at TEMP = 25.000000 and TNOM = 27.000000

Using SPARSE 1.3 as Direct Linear Solver

Initial Transient Solution
--------------------------

Node                                   Voltage
----                                   -------
vdd                                        3.3
q                                          3.3
qb                                    0.446982
vss                                   0.446982
bl                                         3.3
wl                                           0
blb                                          0
vwl#branch                                   0
vblb#branch                         8.5897e-12
vbl#branch                         -9.4531e-12
vvdd#branch                       -3.19652e-11


No. of Data Rows : 429
Reset re-loads circuit * by-hand pex write-margin testbench, schematic leg (issue #95).

Circuit: * by-hand pex write-margin testbench, schematic leg (issue #95).

Doing analysis at TEMP = 25.000000 and TNOM = 27.000000

Using SPARSE 1.3 as Direct Linear Solver

Initial Transient Solution
--------------------------

Node                                   Voltage
----                                   -------
vdd                                        3.3
q                                          3.3
qb                                    0.446982
vss                                   0.446982
bl                                         3.3
wl                                           0
blb                                          0
vwl#branch                                   0
vblb#branch                         8.5897e-12
vbl#branch                         -9.4531e-12
vvdd#branch                       -3.19652e-11


No. of Data Rows : 429
Reset re-loads circuit * by-hand pex write-margin testbench, schematic leg (issue #95).

Circuit: * by-hand pex write-margin testbench, schematic leg (issue #95).

Doing analysis at TEMP = 25.000000 and TNOM = 27.000000

Using SPARSE 1.3 as Direct Linear Solver

Initial Transient Solution
--------------------------

Node                                   Voltage
----                                   -------
vdd                                        3.3
q                                          3.3
qb                                    0.446982
vss                                   0.446982
bl                                         3.3
wl                                           0
blb                                          0
vwl#branch                                   0
vblb#branch                         8.5897e-12
vbl#branch                         -9.4531e-12
vvdd#branch                       -3.19652e-11


No. of Data Rows : 429
Reset re-loads circuit * by-hand pex write-margin testbench, schematic leg (issue #95).

Circuit: * by-hand pex write-margin testbench, schematic leg (issue #95).

Doing analysis at TEMP = 25.000000 and TNOM = 27.000000

Using SPARSE 1.3 as Direct Linear Solver

Initial Transient Solution
--------------------------

Node                                   Voltage
----                                   -------
vdd                                        3.3
q                                          3.3
qb                                    0.446982
vss                                   0.446982
bl                                         3.3
wl                                           0
blb                                          0
vwl#branch                                   0
vblb#branch                         8.5897e-12
vbl#branch                         -9.4531e-12
vvdd#branch                       -3.19652e-11


No. of Data Rows : 429
Reset re-loads circuit * by-hand pex write-margin testbench, schematic leg (issue #95).

Circuit: * by-hand pex write-margin testbench, schematic leg (issue #95).

Doing analysis at TEMP = 25.000000 and TNOM = 27.000000

Using SPARSE 1.3 as Direct Linear Solver

Initial Transient Solution
--------------------------

Node                                   Voltage
----                                   -------
vdd                                        3.3
q                                          3.3
qb                                    0.446982
vss                                   0.446982
bl                                         3.3
wl                                           0
blb                                          0
vwl#branch                                   0
vblb#branch                         8.5897e-12
vbl#branch                         -9.4531e-12
vvdd#branch                       -3.19652e-11


No. of Data Rows : 429
RESULT: write_trip_voltage_v = 1.91003
RESULT: write_vdd_v = 3.3
Note: Simulation executed from .control section 
=== corner: tt_25c_3.30v (process=tt temp=25C vdd=3.30V) ===
=== ngspice exit status: 0 ===
