
Note: No compatibility mode selected!


Circuit: * by-hand pex write-margin testbench, extracted leg (issue #95).

Reset re-loads circuit * by-hand pex write-margin testbench, extracted leg (issue #95).

Circuit: * by-hand pex write-margin testbench, extracted leg (issue #95).

Doing analysis at TEMP = 25.000000 and TNOM = 27.000000

Using SPARSE 1.3 as Direct Linear Solver

Initial Transient Solution
--------------------------

Node                                   Voltage
----                                   -------
vdd                                       3.63
xdut.q__t3                             1.88161
xdut.wl__t0                                  0
xdut.bl__t0                               3.63
xdut.vss__t0                          0.834351
xdut.blb__t0                       5.23597e-05
xdut.wl__t1                                  0
xdut.qb__t3                            1.88167
xdut.vss__t1                          0.834333
xdut.vss__t4                          0.834355
xdut.qb__t0                            1.88167
xdut.q__t4                             1.88139
xdut.vss__t2                          0.834351
xdut.qb__t4                            1.88145
xdut.q__t0                             1.88161
xdut.vss__t5                          0.834355
xdut.vss__t3                          0.834351
xdut.vdd__t2                           3.62999
xdut.qb__t1                            1.88167
xdut.q__t1                             1.88193
xdut.vdd__t0                              3.63
xdut.qb__t2                            1.88199
xdut.q__t2                             1.88161
xdut.vdd__t3                           3.62999
xdut.vdd__t1                              3.63
bl                                        3.63
xdut.vsubs                                   0
blb                                          0
q                                      1.88161
qb                                     1.88167
vss                                   0.834351
wl                                           0
vwl#branch                                   0
vblb#branch                        3.23808e-05
vbl#branch                         -1.0056e-11
vvdd#branch                       -3.23808e-05


No. of Data Rows : 429
Reset re-loads circuit * by-hand pex write-margin testbench, extracted leg (issue #95).

Circuit: * by-hand pex write-margin testbench, extracted leg (issue #95).

Doing analysis at TEMP = 25.000000 and TNOM = 27.000000

Using SPARSE 1.3 as Direct Linear Solver

Initial Transient Solution
--------------------------

Node                                   Voltage
----                                   -------
vdd                                       3.63
xdut.q__t3                             1.88161
xdut.wl__t0                                  0
xdut.bl__t0                               3.63
xdut.vss__t0                          0.834351
xdut.blb__t0                       5.23597e-05
xdut.wl__t1                                  0
xdut.qb__t3                            1.88167
xdut.vss__t1                          0.834333
xdut.vss__t4                          0.834355
xdut.qb__t0                            1.88167
xdut.q__t4                             1.88139
xdut.vss__t2                          0.834351
xdut.qb__t4                            1.88145
xdut.q__t0                             1.88161
xdut.vss__t5                          0.834355
xdut.vss__t3                          0.834351
xdut.vdd__t2                           3.62999
xdut.qb__t1                            1.88167
xdut.q__t1                             1.88193
xdut.vdd__t0                              3.63
xdut.qb__t2                            1.88199
xdut.q__t2                             1.88161
xdut.vdd__t3                           3.62999
xdut.vdd__t1                              3.63
bl                                        3.63
xdut.vsubs                                   0
blb                                          0
q                                      1.88161
qb                                     1.88167
vss                                   0.834351
wl                                           0
vwl#branch                                   0
vblb#branch                        3.23808e-05
vbl#branch                         -1.0056e-11
vvdd#branch                       -3.23808e-05


No. of Data Rows : 429
Reset re-loads circuit * by-hand pex write-margin testbench, extracted leg (issue #95).

Circuit: * by-hand pex write-margin testbench, extracted leg (issue #95).

Doing analysis at TEMP = 25.000000 and TNOM = 27.000000

Using SPARSE 1.3 as Direct Linear Solver

Initial Transient Solution
--------------------------

Node                                   Voltage
----                                   -------
vdd                                       3.63
xdut.q__t3                             1.88161
xdut.wl__t0                                  0
xdut.bl__t0                               3.63
xdut.vss__t0                          0.834351
xdut.blb__t0                       5.23597e-05
xdut.wl__t1                                  0
xdut.qb__t3                            1.88167
xdut.vss__t1                          0.834333
xdut.vss__t4                          0.834355
xdut.qb__t0                            1.88167
xdut.q__t4                             1.88139
xdut.vss__t2                          0.834351
xdut.qb__t4                            1.88145
xdut.q__t0                             1.88161
xdut.vss__t5                          0.834355
xdut.vss__t3                          0.834351
xdut.vdd__t2                           3.62999
xdut.qb__t1                            1.88167
xdut.q__t1                             1.88193
xdut.vdd__t0                              3.63
xdut.qb__t2                            1.88199
xdut.q__t2                             1.88161
xdut.vdd__t3                           3.62999
xdut.vdd__t1                              3.63
bl                                        3.63
xdut.vsubs                                   0
blb                                          0
q                                      1.88161
qb                                     1.88167
vss                                   0.834351
wl                                           0
vwl#branch                                   0
vblb#branch                        3.23808e-05
vbl#branch                         -1.0056e-11
vvdd#branch                       -3.23808e-05


No. of Data Rows : 429
Reset re-loads circuit * by-hand pex write-margin testbench, extracted leg (issue #95).

Circuit: * by-hand pex write-margin testbench, extracted leg (issue #95).

Doing analysis at TEMP = 25.000000 and TNOM = 27.000000

Using SPARSE 1.3 as Direct Linear Solver

Initial Transient Solution
--------------------------

Node                                   Voltage
----                                   -------
vdd                                       3.63
xdut.q__t3                             1.88161
xdut.wl__t0                                  0
xdut.bl__t0                               3.63
xdut.vss__t0                          0.834351
xdut.blb__t0                       5.23597e-05
xdut.wl__t1                                  0
xdut.qb__t3                            1.88167
xdut.vss__t1                          0.834333
xdut.vss__t4                          0.834355
xdut.qb__t0                            1.88167
xdut.q__t4                             1.88139
xdut.vss__t2                          0.834351
xdut.qb__t4                            1.88145
xdut.q__t0                             1.88161
xdut.vss__t5                          0.834355
xdut.vss__t3                          0.834351
xdut.vdd__t2                           3.62999
xdut.qb__t1                            1.88167
xdut.q__t1                             1.88193
xdut.vdd__t0                              3.63
xdut.qb__t2                            1.88199
xdut.q__t2                             1.88161
xdut.vdd__t3                           3.62999
xdut.vdd__t1                              3.63
bl                                        3.63
xdut.vsubs                                   0
blb                                          0
q                                      1.88161
qb                                     1.88167
vss                                   0.834351
wl                                           0
vwl#branch                                   0
vblb#branch                        3.23808e-05
vbl#branch                         -1.0056e-11
vvdd#branch                       -3.23808e-05


No. of Data Rows : 429
Reset re-loads circuit * by-hand pex write-margin testbench, extracted leg (issue #95).

Circuit: * by-hand pex write-margin testbench, extracted leg (issue #95).

Doing analysis at TEMP = 25.000000 and TNOM = 27.000000

Using SPARSE 1.3 as Direct Linear Solver

Initial Transient Solution
--------------------------

Node                                   Voltage
----                                   -------
vdd                                       3.63
xdut.q__t3                             1.88161
xdut.wl__t0                                  0
xdut.bl__t0                               3.63
xdut.vss__t0                          0.834351
xdut.blb__t0                       5.23597e-05
xdut.wl__t1                                  0
xdut.qb__t3                            1.88167
xdut.vss__t1                          0.834333
xdut.vss__t4                          0.834355
xdut.qb__t0                            1.88167
xdut.q__t4                             1.88139
xdut.vss__t2                          0.834351
xdut.qb__t4                            1.88145
xdut.q__t0                             1.88161
xdut.vss__t5                          0.834355
xdut.vss__t3                          0.834351
xdut.vdd__t2                           3.62999
xdut.qb__t1                            1.88167
xdut.q__t1                             1.88193
xdut.vdd__t0                              3.63
xdut.qb__t2                            1.88199
xdut.q__t2                             1.88161
xdut.vdd__t3                           3.62999
xdut.vdd__t1                              3.63
bl                                        3.63
xdut.vsubs                                   0
blb                                          0
q                                      1.88161
qb                                     1.88167
vss                                   0.834351
wl                                           0
vwl#branch                                   0
vblb#branch                        3.23808e-05
vbl#branch                         -1.0056e-11
vvdd#branch                       -3.23808e-05


No. of Data Rows : 429
Reset re-loads circuit * by-hand pex write-margin testbench, extracted leg (issue #95).

Circuit: * by-hand pex write-margin testbench, extracted leg (issue #95).

Doing analysis at TEMP = 25.000000 and TNOM = 27.000000

Using SPARSE 1.3 as Direct Linear Solver

Initial Transient Solution
--------------------------

Node                                   Voltage
----                                   -------
vdd                                       3.63
xdut.q__t3                             1.88161
xdut.wl__t0                                  0
xdut.bl__t0                               3.63
xdut.vss__t0                          0.834351
xdut.blb__t0                       5.23597e-05
xdut.wl__t1                                  0
xdut.qb__t3                            1.88167
xdut.vss__t1                          0.834333
xdut.vss__t4                          0.834355
xdut.qb__t0                            1.88167
xdut.q__t4                             1.88139
xdut.vss__t2                          0.834351
xdut.qb__t4                            1.88145
xdut.q__t0                             1.88161
xdut.vss__t5                          0.834355
xdut.vss__t3                          0.834351
xdut.vdd__t2                           3.62999
xdut.qb__t1                            1.88167
xdut.q__t1                             1.88193
xdut.vdd__t0                              3.63
xdut.qb__t2                            1.88199
xdut.q__t2                             1.88161
xdut.vdd__t3                           3.62999
xdut.vdd__t1                              3.63
bl                                        3.63
xdut.vsubs                                   0
blb                                          0
q                                      1.88161
qb                                     1.88167
vss                                   0.834351
wl                                           0
vwl#branch                                   0
vblb#branch                        3.23808e-05
vbl#branch                         -1.0056e-11
vvdd#branch                       -3.23808e-05


No. of Data Rows : 429
Reset re-loads circuit * by-hand pex write-margin testbench, extracted leg (issue #95).

Circuit: * by-hand pex write-margin testbench, extracted leg (issue #95).

Doing analysis at TEMP = 25.000000 and TNOM = 27.000000

Using SPARSE 1.3 as Direct Linear Solver

Initial Transient Solution
--------------------------

Node                                   Voltage
----                                   -------
vdd                                       3.63
xdut.q__t3                             1.88161
xdut.wl__t0                                  0
xdut.bl__t0                               3.63
xdut.vss__t0                          0.834351
xdut.blb__t0                       5.23597e-05
xdut.wl__t1                                  0
xdut.qb__t3                            1.88167
xdut.vss__t1                          0.834333
xdut.vss__t4                          0.834355
xdut.qb__t0                            1.88167
xdut.q__t4                             1.88139
xdut.vss__t2                          0.834351
xdut.qb__t4                            1.88145
xdut.q__t0                             1.88161
xdut.vss__t5                          0.834355
xdut.vss__t3                          0.834351
xdut.vdd__t2                           3.62999
xdut.qb__t1                            1.88167
xdut.q__t1                             1.88193
xdut.vdd__t0                              3.63
xdut.qb__t2                            1.88199
xdut.q__t2                             1.88161
xdut.vdd__t3                           3.62999
xdut.vdd__t1                              3.63
bl                                        3.63
xdut.vsubs                                   0
blb                                          0
q                                      1.88161
qb                                     1.88167
vss                                   0.834351
wl                                           0
vwl#branch                                   0
vblb#branch                        3.23808e-05
vbl#branch                         -1.0056e-11
vvdd#branch                       -3.23808e-05


No. of Data Rows : 429
Reset re-loads circuit * by-hand pex write-margin testbench, extracted leg (issue #95).

Circuit: * by-hand pex write-margin testbench, extracted leg (issue #95).

Doing analysis at TEMP = 25.000000 and TNOM = 27.000000

Using SPARSE 1.3 as Direct Linear Solver

Initial Transient Solution
--------------------------

Node                                   Voltage
----                                   -------
vdd                                       3.63
xdut.q__t3                             1.88161
xdut.wl__t0                                  0
xdut.bl__t0                               3.63
xdut.vss__t0                          0.834351
xdut.blb__t0                       5.23597e-05
xdut.wl__t1                                  0
xdut.qb__t3                            1.88167
xdut.vss__t1                          0.834333
xdut.vss__t4                          0.834355
xdut.qb__t0                            1.88167
xdut.q__t4                             1.88139
xdut.vss__t2                          0.834351
xdut.qb__t4                            1.88145
xdut.q__t0                             1.88161
xdut.vss__t5                          0.834355
xdut.vss__t3                          0.834351
xdut.vdd__t2                           3.62999
xdut.qb__t1                            1.88167
xdut.q__t1                             1.88193
xdut.vdd__t0                              3.63
xdut.qb__t2                            1.88199
xdut.q__t2                             1.88161
xdut.vdd__t3                           3.62999
xdut.vdd__t1                              3.63
bl                                        3.63
xdut.vsubs                                   0
blb                                          0
q                                      1.88161
qb                                     1.88167
vss                                   0.834351
wl                                           0
vwl#branch                                   0
vblb#branch                        3.23808e-05
vbl#branch                         -1.0056e-11
vvdd#branch                       -3.23808e-05


No. of Data Rows : 429
Reset re-loads circuit * by-hand pex write-margin testbench, extracted leg (issue #95).

Circuit: * by-hand pex write-margin testbench, extracted leg (issue #95).

Doing analysis at TEMP = 25.000000 and TNOM = 27.000000

Using SPARSE 1.3 as Direct Linear Solver

Initial Transient Solution
--------------------------

Node                                   Voltage
----                                   -------
vdd                                       3.63
xdut.q__t3                             1.88161
xdut.wl__t0                                  0
xdut.bl__t0                               3.63
xdut.vss__t0                          0.834351
xdut.blb__t0                       5.23597e-05
xdut.wl__t1                                  0
xdut.qb__t3                            1.88167
xdut.vss__t1                          0.834333
xdut.vss__t4                          0.834355
xdut.qb__t0                            1.88167
xdut.q__t4                             1.88139
xdut.vss__t2                          0.834351
xdut.qb__t4                            1.88145
xdut.q__t0                             1.88161
xdut.vss__t5                          0.834355
xdut.vss__t3                          0.834351
xdut.vdd__t2                           3.62999
xdut.qb__t1                            1.88167
xdut.q__t1                             1.88193
xdut.vdd__t0                              3.63
xdut.qb__t2                            1.88199
xdut.q__t2                             1.88161
xdut.vdd__t3                           3.62999
xdut.vdd__t1                              3.63
bl                                        3.63
xdut.vsubs                                   0
blb                                          0
q                                      1.88161
qb                                     1.88167
vss                                   0.834351
wl                                           0
vwl#branch                                   0
vblb#branch                        3.23808e-05
vbl#branch                         -1.0056e-11
vvdd#branch                       -3.23808e-05


No. of Data Rows : 429
Reset re-loads circuit * by-hand pex write-margin testbench, extracted leg (issue #95).

Circuit: * by-hand pex write-margin testbench, extracted leg (issue #95).

Doing analysis at TEMP = 25.000000 and TNOM = 27.000000

Using SPARSE 1.3 as Direct Linear Solver

Initial Transient Solution
--------------------------

Node                                   Voltage
----                                   -------
vdd                                       3.63
xdut.q__t3                             1.88161
xdut.wl__t0                                  0
xdut.bl__t0                               3.63
xdut.vss__t0                          0.834351
xdut.blb__t0                       5.23597e-05
xdut.wl__t1                                  0
xdut.qb__t3                            1.88167
xdut.vss__t1                          0.834333
xdut.vss__t4                          0.834355
xdut.qb__t0                            1.88167
xdut.q__t4                             1.88139
xdut.vss__t2                          0.834351
xdut.qb__t4                            1.88145
xdut.q__t0                             1.88161
xdut.vss__t5                          0.834355
xdut.vss__t3                          0.834351
xdut.vdd__t2                           3.62999
xdut.qb__t1                            1.88167
xdut.q__t1                             1.88193
xdut.vdd__t0                              3.63
xdut.qb__t2                            1.88199
xdut.q__t2                             1.88161
xdut.vdd__t3                           3.62999
xdut.vdd__t1                              3.63
bl                                        3.63
xdut.vsubs                                   0
blb                                          0
q                                      1.88161
qb                                     1.88167
vss                                   0.834351
wl                                           0
vwl#branch                                   0
vblb#branch                        3.23808e-05
vbl#branch                         -1.0056e-11
vvdd#branch                       -3.23808e-05


No. of Data Rows : 429
Reset re-loads circuit * by-hand pex write-margin testbench, extracted leg (issue #95).

Circuit: * by-hand pex write-margin testbench, extracted leg (issue #95).

Doing analysis at TEMP = 25.000000 and TNOM = 27.000000

Using SPARSE 1.3 as Direct Linear Solver

Initial Transient Solution
--------------------------

Node                                   Voltage
----                                   -------
vdd                                       3.63
xdut.q__t3                             1.88161
xdut.wl__t0                                  0
xdut.bl__t0                               3.63
xdut.vss__t0                          0.834351
xdut.blb__t0                       5.23597e-05
xdut.wl__t1                                  0
xdut.qb__t3                            1.88167
xdut.vss__t1                          0.834333
xdut.vss__t4                          0.834355
xdut.qb__t0                            1.88167
xdut.q__t4                             1.88139
xdut.vss__t2                          0.834351
xdut.qb__t4                            1.88145
xdut.q__t0                             1.88161
xdut.vss__t5                          0.834355
xdut.vss__t3                          0.834351
xdut.vdd__t2                           3.62999
xdut.qb__t1                            1.88167
xdut.q__t1                             1.88193
xdut.vdd__t0                              3.63
xdut.qb__t2                            1.88199
xdut.q__t2                             1.88161
xdut.vdd__t3                           3.62999
xdut.vdd__t1                              3.63
bl                                        3.63
xdut.vsubs                                   0
blb                                          0
q                                      1.88161
qb                                     1.88167
vss                                   0.834351
wl                                           0
vwl#branch                                   0
vblb#branch                        3.23808e-05
vbl#branch                         -1.0056e-11
vvdd#branch                       -3.23808e-05


No. of Data Rows : 429
Reset re-loads circuit * by-hand pex write-margin testbench, extracted leg (issue #95).

Circuit: * by-hand pex write-margin testbench, extracted leg (issue #95).

Doing analysis at TEMP = 25.000000 and TNOM = 27.000000

Using SPARSE 1.3 as Direct Linear Solver

Initial Transient Solution
--------------------------

Node                                   Voltage
----                                   -------
vdd                                       3.63
xdut.q__t3                             1.88161
xdut.wl__t0                                  0
xdut.bl__t0                               3.63
xdut.vss__t0                          0.834351
xdut.blb__t0                       5.23597e-05
xdut.wl__t1                                  0
xdut.qb__t3                            1.88167
xdut.vss__t1                          0.834333
xdut.vss__t4                          0.834355
xdut.qb__t0                            1.88167
xdut.q__t4                             1.88139
xdut.vss__t2                          0.834351
xdut.qb__t4                            1.88145
xdut.q__t0                             1.88161
xdut.vss__t5                          0.834355
xdut.vss__t3                          0.834351
xdut.vdd__t2                           3.62999
xdut.qb__t1                            1.88167
xdut.q__t1                             1.88193
xdut.vdd__t0                              3.63
xdut.qb__t2                            1.88199
xdut.q__t2                             1.88161
xdut.vdd__t3                           3.62999
xdut.vdd__t1                              3.63
bl                                        3.63
xdut.vsubs                                   0
blb                                          0
q                                      1.88161
qb                                     1.88167
vss                                   0.834351
wl                                           0
vwl#branch                                   0
vblb#branch                        3.23808e-05
vbl#branch                         -1.0056e-11
vvdd#branch                       -3.23808e-05


No. of Data Rows : 429
Reset re-loads circuit * by-hand pex write-margin testbench, extracted leg (issue #95).

Circuit: * by-hand pex write-margin testbench, extracted leg (issue #95).

Doing analysis at TEMP = 25.000000 and TNOM = 27.000000

Using SPARSE 1.3 as Direct Linear Solver

Initial Transient Solution
--------------------------

Node                                   Voltage
----                                   -------
vdd                                       3.63
xdut.q__t3                             1.88161
xdut.wl__t0                                  0
xdut.bl__t0                               3.63
xdut.vss__t0                          0.834351
xdut.blb__t0                       5.23597e-05
xdut.wl__t1                                  0
xdut.qb__t3                            1.88167
xdut.vss__t1                          0.834333
xdut.vss__t4                          0.834355
xdut.qb__t0                            1.88167
xdut.q__t4                             1.88139
xdut.vss__t2                          0.834351
xdut.qb__t4                            1.88145
xdut.q__t0                             1.88161
xdut.vss__t5                          0.834355
xdut.vss__t3                          0.834351
xdut.vdd__t2                           3.62999
xdut.qb__t1                            1.88167
xdut.q__t1                             1.88193
xdut.vdd__t0                              3.63
xdut.qb__t2                            1.88199
xdut.q__t2                             1.88161
xdut.vdd__t3                           3.62999
xdut.vdd__t1                              3.63
bl                                        3.63
xdut.vsubs                                   0
blb                                          0
q                                      1.88161
qb                                     1.88167
vss                                   0.834351
wl                                           0
vwl#branch                                   0
vblb#branch                        3.23808e-05
vbl#branch                         -1.0056e-11
vvdd#branch                       -3.23808e-05


No. of Data Rows : 429
Reset re-loads circuit * by-hand pex write-margin testbench, extracted leg (issue #95).

Circuit: * by-hand pex write-margin testbench, extracted leg (issue #95).

Doing analysis at TEMP = 25.000000 and TNOM = 27.000000

Using SPARSE 1.3 as Direct Linear Solver

Initial Transient Solution
--------------------------

Node                                   Voltage
----                                   -------
vdd                                       3.63
xdut.q__t3                             1.88161
xdut.wl__t0                                  0
xdut.bl__t0                               3.63
xdut.vss__t0                          0.834351
xdut.blb__t0                       5.23597e-05
xdut.wl__t1                                  0
xdut.qb__t3                            1.88167
xdut.vss__t1                          0.834333
xdut.vss__t4                          0.834355
xdut.qb__t0                            1.88167
xdut.q__t4                             1.88139
xdut.vss__t2                          0.834351
xdut.qb__t4                            1.88145
xdut.q__t0                             1.88161
xdut.vss__t5                          0.834355
xdut.vss__t3                          0.834351
xdut.vdd__t2                           3.62999
xdut.qb__t1                            1.88167
xdut.q__t1                             1.88193
xdut.vdd__t0                              3.63
xdut.qb__t2                            1.88199
xdut.q__t2                             1.88161
xdut.vdd__t3                           3.62999
xdut.vdd__t1                              3.63
bl                                        3.63
xdut.vsubs                                   0
blb                                          0
q                                      1.88161
qb                                     1.88167
vss                                   0.834351
wl                                           0
vwl#branch                                   0
vblb#branch                        3.23808e-05
vbl#branch                         -1.0056e-11
vvdd#branch                       -3.23808e-05


No. of Data Rows : 429
Reset re-loads circuit * by-hand pex write-margin testbench, extracted leg (issue #95).

Circuit: * by-hand pex write-margin testbench, extracted leg (issue #95).

Doing analysis at TEMP = 25.000000 and TNOM = 27.000000

Using SPARSE 1.3 as Direct Linear Solver

Initial Transient Solution
--------------------------

Node                                   Voltage
----                                   -------
vdd                                       3.63
xdut.q__t3                             1.88161
xdut.wl__t0                                  0
xdut.bl__t0                               3.63
xdut.vss__t0                          0.834351
xdut.blb__t0                       5.23597e-05
xdut.wl__t1                                  0
xdut.qb__t3                            1.88167
xdut.vss__t1                          0.834333
xdut.vss__t4                          0.834355
xdut.qb__t0                            1.88167
xdut.q__t4                             1.88139
xdut.vss__t2                          0.834351
xdut.qb__t4                            1.88145
xdut.q__t0                             1.88161
xdut.vss__t5                          0.834355
xdut.vss__t3                          0.834351
xdut.vdd__t2                           3.62999
xdut.qb__t1                            1.88167
xdut.q__t1                             1.88193
xdut.vdd__t0                              3.63
xdut.qb__t2                            1.88199
xdut.q__t2                             1.88161
xdut.vdd__t3                           3.62999
xdut.vdd__t1                              3.63
bl                                        3.63
xdut.vsubs                                   0
blb                                          0
q                                      1.88161
qb                                     1.88167
vss                                   0.834351
wl                                           0
vwl#branch                                   0
vblb#branch                        3.23808e-05
vbl#branch                         -1.0056e-11
vvdd#branch                       -3.23808e-05


No. of Data Rows : 429
Reset re-loads circuit * by-hand pex write-margin testbench, extracted leg (issue #95).

Circuit: * by-hand pex write-margin testbench, extracted leg (issue #95).

Doing analysis at TEMP = 25.000000 and TNOM = 27.000000

Using SPARSE 1.3 as Direct Linear Solver

Initial Transient Solution
--------------------------

Node                                   Voltage
----                                   -------
vdd                                       3.63
xdut.q__t3                             1.88161
xdut.wl__t0                                  0
xdut.bl__t0                               3.63
xdut.vss__t0                          0.834351
xdut.blb__t0                       5.23597e-05
xdut.wl__t1                                  0
xdut.qb__t3                            1.88167
xdut.vss__t1                          0.834333
xdut.vss__t4                          0.834355
xdut.qb__t0                            1.88167
xdut.q__t4                             1.88139
xdut.vss__t2                          0.834351
xdut.qb__t4                            1.88145
xdut.q__t0                             1.88161
xdut.vss__t5                          0.834355
xdut.vss__t3                          0.834351
xdut.vdd__t2                           3.62999
xdut.qb__t1                            1.88167
xdut.q__t1                             1.88193
xdut.vdd__t0                              3.63
xdut.qb__t2                            1.88199
xdut.q__t2                             1.88161
xdut.vdd__t3                           3.62999
xdut.vdd__t1                              3.63
bl                                        3.63
xdut.vsubs                                   0
blb                                          0
q                                      1.88161
qb                                     1.88167
vss                                   0.834351
wl                                           0
vwl#branch                                   0
vblb#branch                        3.23808e-05
vbl#branch                         -1.0056e-11
vvdd#branch                       -3.23808e-05


No. of Data Rows : 429
RESULT: write_trip_voltage_v = 2.07046
RESULT: write_vdd_v = 3.63
Note: Simulation executed from .control section 
=== corner: tt_25c_3.63v (process=tt temp=25C vdd=3.63V) ===
=== ngspice exit status: 0 ===
