
Note: Compatibility modes selected: hs a

Warning: m=xx on .subckt line will override multiplier m hierarchy!


Circuit: * write margin testbench -- bitcell_6t, dut netlist `.include`d directly.

Reset re-loads circuit * write margin testbench -- bitcell_6t, dut netlist `.include`d directly.

Circuit: * write margin testbench -- bitcell_6t, dut netlist `.include`d directly.

Doing analysis at TEMP = 25.000000 and TNOM = 27.000000

Using SPARSE 1.3 as Direct Linear Solver

Initial Transient Solution
--------------------------

Node                                   Voltage
----                                   -------
vdd                                       2.97
bl                                        2.97
blb                                          0
wl                                           0
q                                      1.70433
qb                                     1.70434
vss                                   0.817537
vwl#branch                                   0
vblb#branch                        6.70103e-06
vbl#branch                        -2.15244e-12
vvdd#branch                       -6.70103e-06


No. of Data Rows : 429
Reset re-loads circuit * write margin testbench -- bitcell_6t, dut netlist `.include`d directly.

Circuit: * write margin testbench -- bitcell_6t, dut netlist `.include`d directly.

Doing analysis at TEMP = 25.000000 and TNOM = 27.000000

Using SPARSE 1.3 as Direct Linear Solver

Initial Transient Solution
--------------------------

Node                                   Voltage
----                                   -------
vdd                                       2.97
bl                                        2.97
blb                                          0
wl                                           0
q                                      1.70433
qb                                     1.70434
vss                                   0.817537
vwl#branch                                   0
vblb#branch                        6.70103e-06
vbl#branch                        -2.15244e-12
vvdd#branch                       -6.70103e-06


No. of Data Rows : 429
Reset re-loads circuit * write margin testbench -- bitcell_6t, dut netlist `.include`d directly.

Circuit: * write margin testbench -- bitcell_6t, dut netlist `.include`d directly.

Doing analysis at TEMP = 25.000000 and TNOM = 27.000000

Using SPARSE 1.3 as Direct Linear Solver

Initial Transient Solution
--------------------------

Node                                   Voltage
----                                   -------
vdd                                       2.97
bl                                        2.97
blb                                          0
wl                                           0
q                                      1.70433
qb                                     1.70434
vss                                   0.817537
vwl#branch                                   0
vblb#branch                        6.70103e-06
vbl#branch                        -2.15244e-12
vvdd#branch                       -6.70103e-06


No. of Data Rows : 429
Reset re-loads circuit * write margin testbench -- bitcell_6t, dut netlist `.include`d directly.

Circuit: * write margin testbench -- bitcell_6t, dut netlist `.include`d directly.

Doing analysis at TEMP = 25.000000 and TNOM = 27.000000

Using SPARSE 1.3 as Direct Linear Solver

Initial Transient Solution
--------------------------

Node                                   Voltage
----                                   -------
vdd                                       2.97
bl                                        2.97
blb                                          0
wl                                           0
q                                      1.70433
qb                                     1.70434
vss                                   0.817537
vwl#branch                                   0
vblb#branch                        6.70103e-06
vbl#branch                        -2.15244e-12
vvdd#branch                       -6.70103e-06


No. of Data Rows : 429
Reset re-loads circuit * write margin testbench -- bitcell_6t, dut netlist `.include`d directly.

Circuit: * write margin testbench -- bitcell_6t, dut netlist `.include`d directly.

Doing analysis at TEMP = 25.000000 and TNOM = 27.000000

Using SPARSE 1.3 as Direct Linear Solver

Initial Transient Solution
--------------------------

Node                                   Voltage
----                                   -------
vdd                                       2.97
bl                                        2.97
blb                                          0
wl                                           0
q                                      1.70433
qb                                     1.70434
vss                                   0.817537
vwl#branch                                   0
vblb#branch                        6.70103e-06
vbl#branch                        -2.15244e-12
vvdd#branch                       -6.70103e-06


No. of Data Rows : 429
Reset re-loads circuit * write margin testbench -- bitcell_6t, dut netlist `.include`d directly.

Circuit: * write margin testbench -- bitcell_6t, dut netlist `.include`d directly.

Doing analysis at TEMP = 25.000000 and TNOM = 27.000000

Using SPARSE 1.3 as Direct Linear Solver

Initial Transient Solution
--------------------------

Node                                   Voltage
----                                   -------
vdd                                       2.97
bl                                        2.97
blb                                          0
wl                                           0
q                                      1.70433
qb                                     1.70434
vss                                   0.817537
vwl#branch                                   0
vblb#branch                        6.70103e-06
vbl#branch                        -2.15244e-12
vvdd#branch                       -6.70103e-06


No. of Data Rows : 429
Reset re-loads circuit * write margin testbench -- bitcell_6t, dut netlist `.include`d directly.

Circuit: * write margin testbench -- bitcell_6t, dut netlist `.include`d directly.

Doing analysis at TEMP = 25.000000 and TNOM = 27.000000

Using SPARSE 1.3 as Direct Linear Solver

Initial Transient Solution
--------------------------

Node                                   Voltage
----                                   -------
vdd                                       2.97
bl                                        2.97
blb                                          0
wl                                           0
q                                      1.70433
qb                                     1.70434
vss                                   0.817537
vwl#branch                                   0
vblb#branch                        6.70103e-06
vbl#branch                        -2.15244e-12
vvdd#branch                       -6.70103e-06


No. of Data Rows : 429
Reset re-loads circuit * write margin testbench -- bitcell_6t, dut netlist `.include`d directly.

Circuit: * write margin testbench -- bitcell_6t, dut netlist `.include`d directly.

Doing analysis at TEMP = 25.000000 and TNOM = 27.000000

Using SPARSE 1.3 as Direct Linear Solver

Initial Transient Solution
--------------------------

Node                                   Voltage
----                                   -------
vdd                                       2.97
bl                                        2.97
blb                                          0
wl                                           0
q                                      1.70433
qb                                     1.70434
vss                                   0.817537
vwl#branch                                   0
vblb#branch                        6.70103e-06
vbl#branch                        -2.15244e-12
vvdd#branch                       -6.70103e-06


No. of Data Rows : 429
Reset re-loads circuit * write margin testbench -- bitcell_6t, dut netlist `.include`d directly.

Circuit: * write margin testbench -- bitcell_6t, dut netlist `.include`d directly.

Doing analysis at TEMP = 25.000000 and TNOM = 27.000000

Using SPARSE 1.3 as Direct Linear Solver

Initial Transient Solution
--------------------------

Node                                   Voltage
----                                   -------
vdd                                       2.97
bl                                        2.97
blb                                          0
wl                                           0
q                                      1.70433
qb                                     1.70434
vss                                   0.817537
vwl#branch                                   0
vblb#branch                        6.70103e-06
vbl#branch                        -2.15244e-12
vvdd#branch                       -6.70103e-06


No. of Data Rows : 429
Reset re-loads circuit * write margin testbench -- bitcell_6t, dut netlist `.include`d directly.

Circuit: * write margin testbench -- bitcell_6t, dut netlist `.include`d directly.

Doing analysis at TEMP = 25.000000 and TNOM = 27.000000

Using SPARSE 1.3 as Direct Linear Solver

Initial Transient Solution
--------------------------

Node                                   Voltage
----                                   -------
vdd                                       2.97
bl                                        2.97
blb                                          0
wl                                           0
q                                      1.70433
qb                                     1.70434
vss                                   0.817537
vwl#branch                                   0
vblb#branch                        6.70103e-06
vbl#branch                        -2.15244e-12
vvdd#branch                       -6.70103e-06


No. of Data Rows : 429
Reset re-loads circuit * write margin testbench -- bitcell_6t, dut netlist `.include`d directly.

Circuit: * write margin testbench -- bitcell_6t, dut netlist `.include`d directly.

Doing analysis at TEMP = 25.000000 and TNOM = 27.000000

Using SPARSE 1.3 as Direct Linear Solver

Initial Transient Solution
--------------------------

Node                                   Voltage
----                                   -------
vdd                                       2.97
bl                                        2.97
blb                                          0
wl                                           0
q                                      1.70433
qb                                     1.70434
vss                                   0.817537
vwl#branch                                   0
vblb#branch                        6.70103e-06
vbl#branch                        -2.15244e-12
vvdd#branch                       -6.70103e-06


No. of Data Rows : 429
Reset re-loads circuit * write margin testbench -- bitcell_6t, dut netlist `.include`d directly.

Circuit: * write margin testbench -- bitcell_6t, dut netlist `.include`d directly.

Doing analysis at TEMP = 25.000000 and TNOM = 27.000000

Using SPARSE 1.3 as Direct Linear Solver

Initial Transient Solution
--------------------------

Node                                   Voltage
----                                   -------
vdd                                       2.97
bl                                        2.97
blb                                          0
wl                                           0
q                                      1.70433
qb                                     1.70434
vss                                   0.817537
vwl#branch                                   0
vblb#branch                        6.70103e-06
vbl#branch                        -2.15244e-12
vvdd#branch                       -6.70103e-06


No. of Data Rows : 429
Reset re-loads circuit * write margin testbench -- bitcell_6t, dut netlist `.include`d directly.

Circuit: * write margin testbench -- bitcell_6t, dut netlist `.include`d directly.

Doing analysis at TEMP = 25.000000 and TNOM = 27.000000

Using SPARSE 1.3 as Direct Linear Solver

Initial Transient Solution
--------------------------

Node                                   Voltage
----                                   -------
vdd                                       2.97
bl                                        2.97
blb                                          0
wl                                           0
q                                      1.70433
qb                                     1.70434
vss                                   0.817537
vwl#branch                                   0
vblb#branch                        6.70103e-06
vbl#branch                        -2.15244e-12
vvdd#branch                       -6.70103e-06


No. of Data Rows : 429
Reset re-loads circuit * write margin testbench -- bitcell_6t, dut netlist `.include`d directly.

Circuit: * write margin testbench -- bitcell_6t, dut netlist `.include`d directly.

Doing analysis at TEMP = 25.000000 and TNOM = 27.000000

Using SPARSE 1.3 as Direct Linear Solver

Initial Transient Solution
--------------------------

Node                                   Voltage
----                                   -------
vdd                                       2.97
bl                                        2.97
blb                                          0
wl                                           0
q                                      1.70433
qb                                     1.70434
vss                                   0.817537
vwl#branch                                   0
vblb#branch                        6.70103e-06
vbl#branch                        -2.15244e-12
vvdd#branch                       -6.70103e-06


No. of Data Rows : 429
Reset re-loads circuit * write margin testbench -- bitcell_6t, dut netlist `.include`d directly.

Circuit: * write margin testbench -- bitcell_6t, dut netlist `.include`d directly.

Doing analysis at TEMP = 25.000000 and TNOM = 27.000000

Using SPARSE 1.3 as Direct Linear Solver

Initial Transient Solution
--------------------------

Node                                   Voltage
----                                   -------
vdd                                       2.97
bl                                        2.97
blb                                          0
wl                                           0
q                                      1.70433
qb                                     1.70434
vss                                   0.817537
vwl#branch                                   0
vblb#branch                        6.70103e-06
vbl#branch                        -2.15244e-12
vvdd#branch                       -6.70103e-06


No. of Data Rows : 429
Reset re-loads circuit * write margin testbench -- bitcell_6t, dut netlist `.include`d directly.

Circuit: * write margin testbench -- bitcell_6t, dut netlist `.include`d directly.

Doing analysis at TEMP = 25.000000 and TNOM = 27.000000

Using SPARSE 1.3 as Direct Linear Solver

Initial Transient Solution
--------------------------

Node                                   Voltage
----                                   -------
vdd                                       2.97
bl                                        2.97
blb                                          0
wl                                           0
q                                      1.70433
qb                                     1.70434
vss                                   0.817537
vwl#branch                                   0
vblb#branch                        6.70103e-06
vbl#branch                        -2.15244e-12
vvdd#branch                       -6.70103e-06


No. of Data Rows : 429
Reset re-loads circuit * write margin testbench -- bitcell_6t, dut netlist `.include`d directly.

Circuit: * write margin testbench -- bitcell_6t, dut netlist `.include`d directly.

Doing analysis at TEMP = 25.000000 and TNOM = 27.000000

Using SPARSE 1.3 as Direct Linear Solver

Initial Transient Solution
--------------------------

Node                                   Voltage
----                                   -------
vdd                                       2.97
bl                                        2.97
blb                                          0
wl                                           0
q                                      1.70433
qb                                     1.70434
vss                                   0.817537
vwl#branch                                   0
vblb#branch                        6.70103e-06
vbl#branch                        -2.15244e-12
vvdd#branch                       -6.70103e-06


No. of Data Rows : 429
Reset re-loads circuit * write margin testbench -- bitcell_6t, dut netlist `.include`d directly.

Circuit: * write margin testbench -- bitcell_6t, dut netlist `.include`d directly.

Doing analysis at TEMP = 25.000000 and TNOM = 27.000000

Using SPARSE 1.3 as Direct Linear Solver

Initial Transient Solution
--------------------------

Node                                   Voltage
----                                   -------
vdd                                       2.97
bl                                        2.97
blb                                          0
wl                                           0
q                                      1.70433
qb                                     1.70434
vss                                   0.817537
vwl#branch                                   0
vblb#branch                        6.70103e-06
vbl#branch                        -2.15244e-12
vvdd#branch                       -6.70103e-06


No. of Data Rows : 429
Reset re-loads circuit * write margin testbench -- bitcell_6t, dut netlist `.include`d directly.

Circuit: * write margin testbench -- bitcell_6t, dut netlist `.include`d directly.

Doing analysis at TEMP = 25.000000 and TNOM = 27.000000

Using SPARSE 1.3 as Direct Linear Solver

Initial Transient Solution
--------------------------

Node                                   Voltage
----                                   -------
vdd                                       2.97
bl                                        2.97
blb                                          0
wl                                           0
q                                      1.70433
qb                                     1.70434
vss                                   0.817537
vwl#branch                                   0
vblb#branch                        6.70103e-06
vbl#branch                        -2.15244e-12
vvdd#branch                       -6.70103e-06


No. of Data Rows : 429
Reset re-loads circuit * write margin testbench -- bitcell_6t, dut netlist `.include`d directly.

Circuit: * write margin testbench -- bitcell_6t, dut netlist `.include`d directly.

Doing analysis at TEMP = 25.000000 and TNOM = 27.000000

Using SPARSE 1.3 as Direct Linear Solver

Initial Transient Solution
--------------------------

Node                                   Voltage
----                                   -------
vdd                                       2.97
bl                                        2.97
blb                                          0
wl                                           0
q                                      1.70433
qb                                     1.70434
vss                                   0.817537
vwl#branch                                   0
vblb#branch                        6.70103e-06
vbl#branch                        -2.15244e-12
vvdd#branch                       -6.70103e-06


No. of Data Rows : 429
Reset re-loads circuit * write margin testbench -- bitcell_6t, dut netlist `.include`d directly.

Circuit: * write margin testbench -- bitcell_6t, dut netlist `.include`d directly.

Doing analysis at TEMP = 25.000000 and TNOM = 27.000000

Using SPARSE 1.3 as Direct Linear Solver

Initial Transient Solution
--------------------------

Node                                   Voltage
----                                   -------
vdd                                       2.97
bl                                        2.97
blb                                          0
wl                                           0
q                                      1.70433
qb                                     1.70434
vss                                   0.817537
vwl#branch                                   0
vblb#branch                        6.70103e-06
vbl#branch                        -2.15244e-12
vvdd#branch                       -6.70103e-06


No. of Data Rows : 429
Reset re-loads circuit * write margin testbench -- bitcell_6t, dut netlist `.include`d directly.

Circuit: * write margin testbench -- bitcell_6t, dut netlist `.include`d directly.

Doing analysis at TEMP = 25.000000 and TNOM = 27.000000

Using SPARSE 1.3 as Direct Linear Solver

Initial Transient Solution
--------------------------

Node                                   Voltage
----                                   -------
vdd                                       2.97
bl                                        2.97
blb                                          0
wl                                           0
q                                      1.70433
qb                                     1.70434
vss                                   0.817537
vwl#branch                                   0
vblb#branch                        6.70103e-06
vbl#branch                        -2.15244e-12
vvdd#branch                       -6.70103e-06


No. of Data Rows : 429
Reset re-loads circuit * write margin testbench -- bitcell_6t, dut netlist `.include`d directly.

Circuit: * write margin testbench -- bitcell_6t, dut netlist `.include`d directly.

Doing analysis at TEMP = 25.000000 and TNOM = 27.000000

Using SPARSE 1.3 as Direct Linear Solver

Initial Transient Solution
--------------------------

Node                                   Voltage
----                                   -------
vdd                                       2.97
bl                                        2.97
blb                                          0
wl                                           0
q                                      1.70433
qb                                     1.70434
vss                                   0.817537
vwl#branch                                   0
vblb#branch                        6.70103e-06
vbl#branch                        -2.15244e-12
vvdd#branch                       -6.70103e-06


No. of Data Rows : 429
Reset re-loads circuit * write margin testbench -- bitcell_6t, dut netlist `.include`d directly.

Circuit: * write margin testbench -- bitcell_6t, dut netlist `.include`d directly.

Doing analysis at TEMP = 25.000000 and TNOM = 27.000000

Using SPARSE 1.3 as Direct Linear Solver

Initial Transient Solution
--------------------------

Node                                   Voltage
----                                   -------
vdd                                       2.97
bl                                        2.97
blb                                          0
wl                                           0
q                                      1.70433
qb                                     1.70434
vss                                   0.817537
vwl#branch                                   0
vblb#branch                        6.70103e-06
vbl#branch                        -2.15244e-12
vvdd#branch                       -6.70103e-06


No. of Data Rows : 429
Reset re-loads circuit * write margin testbench -- bitcell_6t, dut netlist `.include`d directly.

Circuit: * write margin testbench -- bitcell_6t, dut netlist `.include`d directly.

Doing analysis at TEMP = 25.000000 and TNOM = 27.000000

Using SPARSE 1.3 as Direct Linear Solver

Initial Transient Solution
--------------------------

Node                                   Voltage
----                                   -------
vdd                                       2.97
bl                                        2.97
blb                                          0
wl                                           0
q                                      1.70433
qb                                     1.70434
vss                                   0.817537
vwl#branch                                   0
vblb#branch                        6.70103e-06
vbl#branch                        -2.15244e-12
vvdd#branch                       -6.70103e-06


No. of Data Rows : 429
Reset re-loads circuit * write margin testbench -- bitcell_6t, dut netlist `.include`d directly.

Circuit: * write margin testbench -- bitcell_6t, dut netlist `.include`d directly.

Doing analysis at TEMP = 25.000000 and TNOM = 27.000000

Using SPARSE 1.3 as Direct Linear Solver

Initial Transient Solution
--------------------------

Node                                   Voltage
----                                   -------
vdd                                       2.97
bl                                        2.97
blb                                          0
wl                                           0
q                                      1.70433
qb                                     1.70434
vss                                   0.817537
vwl#branch                                   0
vblb#branch                        6.70103e-06
vbl#branch                        -2.15244e-12
vvdd#branch                       -6.70103e-06


No. of Data Rows : 429
Reset re-loads circuit * write margin testbench -- bitcell_6t, dut netlist `.include`d directly.

Circuit: * write margin testbench -- bitcell_6t, dut netlist `.include`d directly.

Doing analysis at TEMP = 25.000000 and TNOM = 27.000000

Using SPARSE 1.3 as Direct Linear Solver

Initial Transient Solution
--------------------------

Node                                   Voltage
----                                   -------
vdd                                       2.97
bl                                        2.97
blb                                          0
wl                                           0
q                                      1.70433
qb                                     1.70434
vss                                   0.817537
vwl#branch                                   0
vblb#branch                        6.70103e-06
vbl#branch                        -2.15244e-12
vvdd#branch                       -6.70103e-06


No. of Data Rows : 429
Reset re-loads circuit * write margin testbench -- bitcell_6t, dut netlist `.include`d directly.

Circuit: * write margin testbench -- bitcell_6t, dut netlist `.include`d directly.

Doing analysis at TEMP = 25.000000 and TNOM = 27.000000

Using SPARSE 1.3 as Direct Linear Solver

Initial Transient Solution
--------------------------

Node                                   Voltage
----                                   -------
vdd                                       2.97
bl                                        2.97
blb                                          0
wl                                           0
q                                      1.70433
qb                                     1.70434
vss                                   0.817537
vwl#branch                                   0
vblb#branch                        6.70103e-06
vbl#branch                        -2.15244e-12
vvdd#branch                       -6.70103e-06


No. of Data Rows : 429
Reset re-loads circuit * write margin testbench -- bitcell_6t, dut netlist `.include`d directly.

Circuit: * write margin testbench -- bitcell_6t, dut netlist `.include`d directly.

Doing analysis at TEMP = 25.000000 and TNOM = 27.000000

Using SPARSE 1.3 as Direct Linear Solver

Initial Transient Solution
--------------------------

Node                                   Voltage
----                                   -------
vdd                                       2.97
bl                                        2.97
blb                                          0
wl                                           0
q                                      1.70433
qb                                     1.70434
vss                                   0.817537
vwl#branch                                   0
vblb#branch                        6.70103e-06
vbl#branch                        -2.15244e-12
vvdd#branch                       -6.70103e-06


No. of Data Rows : 429
Reset re-loads circuit * write margin testbench -- bitcell_6t, dut netlist `.include`d directly.

Circuit: * write margin testbench -- bitcell_6t, dut netlist `.include`d directly.

Doing analysis at TEMP = 25.000000 and TNOM = 27.000000

Using SPARSE 1.3 as Direct Linear Solver

Initial Transient Solution
--------------------------

Node                                   Voltage
----                                   -------
vdd                                       2.97
bl                                        2.97
blb                                          0
wl                                           0
q                                      1.70433
qb                                     1.70434
vss                                   0.817537
vwl#branch                                   0
vblb#branch                        6.70103e-06
vbl#branch                        -2.15244e-12
vvdd#branch                       -6.70103e-06


No. of Data Rows : 429
Reset re-loads circuit * write margin testbench -- bitcell_6t, dut netlist `.include`d directly.

Circuit: * write margin testbench -- bitcell_6t, dut netlist `.include`d directly.

Doing analysis at TEMP = 25.000000 and TNOM = 27.000000

Using SPARSE 1.3 as Direct Linear Solver

Initial Transient Solution
--------------------------

Node                                   Voltage
----                                   -------
vdd                                       2.97
bl                                        2.97
blb                                          0
wl                                           0
q                                      1.70433
qb                                     1.70434
vss                                   0.817537
vwl#branch                                   0
vblb#branch                        6.70103e-06
vbl#branch                        -2.15244e-12
vvdd#branch                       -6.70103e-06


No. of Data Rows : 429
Reset re-loads circuit * write margin testbench -- bitcell_6t, dut netlist `.include`d directly.

Circuit: * write margin testbench -- bitcell_6t, dut netlist `.include`d directly.

Doing analysis at TEMP = 25.000000 and TNOM = 27.000000

Using SPARSE 1.3 as Direct Linear Solver

Initial Transient Solution
--------------------------

Node                                   Voltage
----                                   -------
vdd                                       2.97
bl                                        2.97
blb                                          0
wl                                           0
q                                      1.70433
qb                                     1.70434
vss                                   0.817537
vwl#branch                                   0
vblb#branch                        6.70103e-06
vbl#branch                        -2.15244e-12
vvdd#branch                       -6.70103e-06


No. of Data Rows : 429
Reset re-loads circuit * write margin testbench -- bitcell_6t, dut netlist `.include`d directly.

Circuit: * write margin testbench -- bitcell_6t, dut netlist `.include`d directly.

Doing analysis at TEMP = 25.000000 and TNOM = 27.000000

Using SPARSE 1.3 as Direct Linear Solver

Initial Transient Solution
--------------------------

Node                                   Voltage
----                                   -------
vdd                                       2.97
bl                                        2.97
blb                                          0
wl                                           0
q                                      1.70433
qb                                     1.70434
vss                                   0.817537
vwl#branch                                   0
vblb#branch                        6.70103e-06
vbl#branch                        -2.15244e-12
vvdd#branch                       -6.70103e-06


No. of Data Rows : 429
Reset re-loads circuit * write margin testbench -- bitcell_6t, dut netlist `.include`d directly.

Circuit: * write margin testbench -- bitcell_6t, dut netlist `.include`d directly.

Doing analysis at TEMP = 25.000000 and TNOM = 27.000000

Using SPARSE 1.3 as Direct Linear Solver

Initial Transient Solution
--------------------------

Node                                   Voltage
----                                   -------
vdd                                       2.97
bl                                        2.97
blb                                          0
wl                                           0
q                                      1.70433
qb                                     1.70434
vss                                   0.817537
vwl#branch                                   0
vblb#branch                        6.70103e-06
vbl#branch                        -2.15244e-12
vvdd#branch                       -6.70103e-06


No. of Data Rows : 429
Reset re-loads circuit * write margin testbench -- bitcell_6t, dut netlist `.include`d directly.

Circuit: * write margin testbench -- bitcell_6t, dut netlist `.include`d directly.

Doing analysis at TEMP = 25.000000 and TNOM = 27.000000

Using SPARSE 1.3 as Direct Linear Solver

Initial Transient Solution
--------------------------

Node                                   Voltage
----                                   -------
vdd                                       2.97
bl                                        2.97
blb                                          0
wl                                           0
q                                      1.70433
qb                                     1.70434
vss                                   0.817537
vwl#branch                                   0
vblb#branch                        6.70103e-06
vbl#branch                        -2.15244e-12
vvdd#branch                       -6.70103e-06


No. of Data Rows : 429
Reset re-loads circuit * write margin testbench -- bitcell_6t, dut netlist `.include`d directly.

Circuit: * write margin testbench -- bitcell_6t, dut netlist `.include`d directly.

Doing analysis at TEMP = 25.000000 and TNOM = 27.000000

Using SPARSE 1.3 as Direct Linear Solver

Initial Transient Solution
--------------------------

Node                                   Voltage
----                                   -------
vdd                                       2.97
bl                                        2.97
blb                                          0
wl                                           0
q                                      1.70433
qb                                     1.70434
vss                                   0.817537
vwl#branch                                   0
vblb#branch                        6.70103e-06
vbl#branch                        -2.15244e-12
vvdd#branch                       -6.70103e-06


No. of Data Rows : 429
Reset re-loads circuit * write margin testbench -- bitcell_6t, dut netlist `.include`d directly.

Circuit: * write margin testbench -- bitcell_6t, dut netlist `.include`d directly.

Doing analysis at TEMP = 25.000000 and TNOM = 27.000000

Using SPARSE 1.3 as Direct Linear Solver

Initial Transient Solution
--------------------------

Node                                   Voltage
----                                   -------
vdd                                       2.97
bl                                        2.97
blb                                          0
wl                                           0
q                                      1.70433
qb                                     1.70434
vss                                   0.817537
vwl#branch                                   0
vblb#branch                        6.70103e-06
vbl#branch                        -2.15244e-12
vvdd#branch                       -6.70103e-06


No. of Data Rows : 429
Reset re-loads circuit * write margin testbench -- bitcell_6t, dut netlist `.include`d directly.

Circuit: * write margin testbench -- bitcell_6t, dut netlist `.include`d directly.

Doing analysis at TEMP = 25.000000 and TNOM = 27.000000

Using SPARSE 1.3 as Direct Linear Solver

Initial Transient Solution
--------------------------

Node                                   Voltage
----                                   -------
vdd                                       2.97
bl                                        2.97
blb                                          0
wl                                           0
q                                      1.70433
qb                                     1.70434
vss                                   0.817537
vwl#branch                                   0
vblb#branch                        6.70103e-06
vbl#branch                        -2.15244e-12
vvdd#branch                       -6.70103e-06


No. of Data Rows : 429
Reset re-loads circuit * write margin testbench -- bitcell_6t, dut netlist `.include`d directly.

Circuit: * write margin testbench -- bitcell_6t, dut netlist `.include`d directly.

Doing analysis at TEMP = 25.000000 and TNOM = 27.000000

Using SPARSE 1.3 as Direct Linear Solver

Initial Transient Solution
--------------------------

Node                                   Voltage
----                                   -------
vdd                                       2.97
bl                                        2.97
blb                                          0
wl                                           0
q                                      1.70433
qb                                     1.70434
vss                                   0.817537
vwl#branch                                   0
vblb#branch                        6.70103e-06
vbl#branch                        -2.15244e-12
vvdd#branch                       -6.70103e-06


No. of Data Rows : 429
Reset re-loads circuit * write margin testbench -- bitcell_6t, dut netlist `.include`d directly.

Circuit: * write margin testbench -- bitcell_6t, dut netlist `.include`d directly.

Doing analysis at TEMP = 25.000000 and TNOM = 27.000000

Using SPARSE 1.3 as Direct Linear Solver

Initial Transient Solution
--------------------------

Node                                   Voltage
----                                   -------
vdd                                       2.97
bl                                        2.97
blb                                          0
wl                                           0
q                                      1.70433
qb                                     1.70434
vss                                   0.817537
vwl#branch                                   0
vblb#branch                        6.70103e-06
vbl#branch                        -2.15244e-12
vvdd#branch                       -6.70103e-06


No. of Data Rows : 429
RESULT: write_trip_voltage_v = 1.782
RESULT: write_vdd_v = 2.97
Note: Simulation executed from .control section 
=== corner: ss_25c_2.97v (process=ss temp=25C vdd=2.97V) ===
=== ngspice exit status: 0 ===
