
Note: No compatibility mode selected!


Circuit: * by-hand pex write-margin testbench, extracted leg (issue #95).

Reset re-loads circuit * by-hand pex write-margin testbench, extracted leg (issue #95).

Circuit: * by-hand pex write-margin testbench, extracted leg (issue #95).

Doing analysis at TEMP = -40.000000 and TNOM = 27.000000

Using SPARSE 1.3 as Direct Linear Solver

Initial Transient Solution
--------------------------

Node                                   Voltage
----                                   -------
vdd                                        3.3
xdut.q__t3                            0.607315
xdut.wl__t0                                  0
xdut.bl__t0                                3.3
xdut.vss__t0                          0.607315
xdut.blb__t0                       1.41201e-10
xdut.wl__t1                                  0
xdut.qb__t3                                3.3
xdut.vss__t1                          0.607315
xdut.vss__t4                          0.607315
xdut.qb__t0                                3.3
xdut.q__t4                            0.607315
xdut.vss__t2                          0.607315
xdut.qb__t4                                3.3
xdut.q__t0                            0.607315
xdut.vss__t5                          0.607315
xdut.vss__t3                          0.607315
xdut.vdd__t2                               3.3
xdut.qb__t1                                3.3
xdut.q__t1                            0.607315
xdut.vdd__t0                               3.3
xdut.qb__t2                                3.3
xdut.q__t2                            0.607315
xdut.vdd__t3                               3.3
xdut.vdd__t1                               3.3
bl                                         3.3
xdut.vsubs                                   0
blb                                          0
q                                     0.607315
qb                                         3.3
vss                                   0.607315
wl                                           0
vwl#branch                                   0
vblb#branch                        8.71611e-11
vbl#branch                        -9.29257e-12
vvdd#branch                       -1.28665e-10


No. of Data Rows : 429
Reset re-loads circuit * by-hand pex write-margin testbench, extracted leg (issue #95).

Circuit: * by-hand pex write-margin testbench, extracted leg (issue #95).

Doing analysis at TEMP = -40.000000 and TNOM = 27.000000

Using SPARSE 1.3 as Direct Linear Solver

Initial Transient Solution
--------------------------

Node                                   Voltage
----                                   -------
vdd                                        3.3
xdut.q__t3                            0.607315
xdut.wl__t0                                  0
xdut.bl__t0                                3.3
xdut.vss__t0                          0.607315
xdut.blb__t0                       1.41201e-10
xdut.wl__t1                                  0
xdut.qb__t3                                3.3
xdut.vss__t1                          0.607315
xdut.vss__t4                          0.607315
xdut.qb__t0                                3.3
xdut.q__t4                            0.607315
xdut.vss__t2                          0.607315
xdut.qb__t4                                3.3
xdut.q__t0                            0.607315
xdut.vss__t5                          0.607315
xdut.vss__t3                          0.607315
xdut.vdd__t2                               3.3
xdut.qb__t1                                3.3
xdut.q__t1                            0.607315
xdut.vdd__t0                               3.3
xdut.qb__t2                                3.3
xdut.q__t2                            0.607315
xdut.vdd__t3                               3.3
xdut.vdd__t1                               3.3
bl                                         3.3
xdut.vsubs                                   0
blb                                          0
q                                     0.607315
qb                                         3.3
vss                                   0.607315
wl                                           0
vwl#branch                                   0
vblb#branch                        8.71611e-11
vbl#branch                        -9.29257e-12
vvdd#branch                       -1.28665e-10


No. of Data Rows : 429
Reset re-loads circuit * by-hand pex write-margin testbench, extracted leg (issue #95).

Circuit: * by-hand pex write-margin testbench, extracted leg (issue #95).

Doing analysis at TEMP = -40.000000 and TNOM = 27.000000

Using SPARSE 1.3 as Direct Linear Solver

Initial Transient Solution
--------------------------

Node                                   Voltage
----                                   -------
vdd                                        3.3
xdut.q__t3                            0.607315
xdut.wl__t0                                  0
xdut.bl__t0                                3.3
xdut.vss__t0                          0.607315
xdut.blb__t0                       1.41201e-10
xdut.wl__t1                                  0
xdut.qb__t3                                3.3
xdut.vss__t1                          0.607315
xdut.vss__t4                          0.607315
xdut.qb__t0                                3.3
xdut.q__t4                            0.607315
xdut.vss__t2                          0.607315
xdut.qb__t4                                3.3
xdut.q__t0                            0.607315
xdut.vss__t5                          0.607315
xdut.vss__t3                          0.607315
xdut.vdd__t2                               3.3
xdut.qb__t1                                3.3
xdut.q__t1                            0.607315
xdut.vdd__t0                               3.3
xdut.qb__t2                                3.3
xdut.q__t2                            0.607315
xdut.vdd__t3                               3.3
xdut.vdd__t1                               3.3
bl                                         3.3
xdut.vsubs                                   0
blb                                          0
q                                     0.607315
qb                                         3.3
vss                                   0.607315
wl                                           0
vwl#branch                                   0
vblb#branch                        8.71611e-11
vbl#branch                        -9.29257e-12
vvdd#branch                       -1.28665e-10


No. of Data Rows : 429
Reset re-loads circuit * by-hand pex write-margin testbench, extracted leg (issue #95).

Circuit: * by-hand pex write-margin testbench, extracted leg (issue #95).

Doing analysis at TEMP = -40.000000 and TNOM = 27.000000

Using SPARSE 1.3 as Direct Linear Solver

Initial Transient Solution
--------------------------

Node                                   Voltage
----                                   -------
vdd                                        3.3
xdut.q__t3                            0.607315
xdut.wl__t0                                  0
xdut.bl__t0                                3.3
xdut.vss__t0                          0.607315
xdut.blb__t0                       1.41201e-10
xdut.wl__t1                                  0
xdut.qb__t3                                3.3
xdut.vss__t1                          0.607315
xdut.vss__t4                          0.607315
xdut.qb__t0                                3.3
xdut.q__t4                            0.607315
xdut.vss__t2                          0.607315
xdut.qb__t4                                3.3
xdut.q__t0                            0.607315
xdut.vss__t5                          0.607315
xdut.vss__t3                          0.607315
xdut.vdd__t2                               3.3
xdut.qb__t1                                3.3
xdut.q__t1                            0.607315
xdut.vdd__t0                               3.3
xdut.qb__t2                                3.3
xdut.q__t2                            0.607315
xdut.vdd__t3                               3.3
xdut.vdd__t1                               3.3
bl                                         3.3
xdut.vsubs                                   0
blb                                          0
q                                     0.607315
qb                                         3.3
vss                                   0.607315
wl                                           0
vwl#branch                                   0
vblb#branch                        8.71611e-11
vbl#branch                        -9.29257e-12
vvdd#branch                       -1.28665e-10


No. of Data Rows : 429
Reset re-loads circuit * by-hand pex write-margin testbench, extracted leg (issue #95).

Circuit: * by-hand pex write-margin testbench, extracted leg (issue #95).

Doing analysis at TEMP = -40.000000 and TNOM = 27.000000

Using SPARSE 1.3 as Direct Linear Solver

Initial Transient Solution
--------------------------

Node                                   Voltage
----                                   -------
vdd                                        3.3
xdut.q__t3                            0.607315
xdut.wl__t0                                  0
xdut.bl__t0                                3.3
xdut.vss__t0                          0.607315
xdut.blb__t0                       1.41201e-10
xdut.wl__t1                                  0
xdut.qb__t3                                3.3
xdut.vss__t1                          0.607315
xdut.vss__t4                          0.607315
xdut.qb__t0                                3.3
xdut.q__t4                            0.607315
xdut.vss__t2                          0.607315
xdut.qb__t4                                3.3
xdut.q__t0                            0.607315
xdut.vss__t5                          0.607315
xdut.vss__t3                          0.607315
xdut.vdd__t2                               3.3
xdut.qb__t1                                3.3
xdut.q__t1                            0.607315
xdut.vdd__t0                               3.3
xdut.qb__t2                                3.3
xdut.q__t2                            0.607315
xdut.vdd__t3                               3.3
xdut.vdd__t1                               3.3
bl                                         3.3
xdut.vsubs                                   0
blb                                          0
q                                     0.607315
qb                                         3.3
vss                                   0.607315
wl                                           0
vwl#branch                                   0
vblb#branch                        8.71611e-11
vbl#branch                        -9.29257e-12
vvdd#branch                       -1.28665e-10


No. of Data Rows : 429
Reset re-loads circuit * by-hand pex write-margin testbench, extracted leg (issue #95).

Circuit: * by-hand pex write-margin testbench, extracted leg (issue #95).

Doing analysis at TEMP = -40.000000 and TNOM = 27.000000

Using SPARSE 1.3 as Direct Linear Solver

Initial Transient Solution
--------------------------

Node                                   Voltage
----                                   -------
vdd                                        3.3
xdut.q__t3                            0.607315
xdut.wl__t0                                  0
xdut.bl__t0                                3.3
xdut.vss__t0                          0.607315
xdut.blb__t0                       1.41201e-10
xdut.wl__t1                                  0
xdut.qb__t3                                3.3
xdut.vss__t1                          0.607315
xdut.vss__t4                          0.607315
xdut.qb__t0                                3.3
xdut.q__t4                            0.607315
xdut.vss__t2                          0.607315
xdut.qb__t4                                3.3
xdut.q__t0                            0.607315
xdut.vss__t5                          0.607315
xdut.vss__t3                          0.607315
xdut.vdd__t2                               3.3
xdut.qb__t1                                3.3
xdut.q__t1                            0.607315
xdut.vdd__t0                               3.3
xdut.qb__t2                                3.3
xdut.q__t2                            0.607315
xdut.vdd__t3                               3.3
xdut.vdd__t1                               3.3
bl                                         3.3
xdut.vsubs                                   0
blb                                          0
q                                     0.607315
qb                                         3.3
vss                                   0.607315
wl                                           0
vwl#branch                                   0
vblb#branch                        8.71611e-11
vbl#branch                        -9.29257e-12
vvdd#branch                       -1.28665e-10


No. of Data Rows : 429
Reset re-loads circuit * by-hand pex write-margin testbench, extracted leg (issue #95).

Circuit: * by-hand pex write-margin testbench, extracted leg (issue #95).

Doing analysis at TEMP = -40.000000 and TNOM = 27.000000

Using SPARSE 1.3 as Direct Linear Solver

Initial Transient Solution
--------------------------

Node                                   Voltage
----                                   -------
vdd                                        3.3
xdut.q__t3                            0.607315
xdut.wl__t0                                  0
xdut.bl__t0                                3.3
xdut.vss__t0                          0.607315
xdut.blb__t0                       1.41201e-10
xdut.wl__t1                                  0
xdut.qb__t3                                3.3
xdut.vss__t1                          0.607315
xdut.vss__t4                          0.607315
xdut.qb__t0                                3.3
xdut.q__t4                            0.607315
xdut.vss__t2                          0.607315
xdut.qb__t4                                3.3
xdut.q__t0                            0.607315
xdut.vss__t5                          0.607315
xdut.vss__t3                          0.607315
xdut.vdd__t2                               3.3
xdut.qb__t1                                3.3
xdut.q__t1                            0.607315
xdut.vdd__t0                               3.3
xdut.qb__t2                                3.3
xdut.q__t2                            0.607315
xdut.vdd__t3                               3.3
xdut.vdd__t1                               3.3
bl                                         3.3
xdut.vsubs                                   0
blb                                          0
q                                     0.607315
qb                                         3.3
vss                                   0.607315
wl                                           0
vwl#branch                                   0
vblb#branch                        8.71611e-11
vbl#branch                        -9.29257e-12
vvdd#branch                       -1.28665e-10


No. of Data Rows : 429
Reset re-loads circuit * by-hand pex write-margin testbench, extracted leg (issue #95).

Circuit: * by-hand pex write-margin testbench, extracted leg (issue #95).

Doing analysis at TEMP = -40.000000 and TNOM = 27.000000

Using SPARSE 1.3 as Direct Linear Solver

Initial Transient Solution
--------------------------

Node                                   Voltage
----                                   -------
vdd                                        3.3
xdut.q__t3                            0.607315
xdut.wl__t0                                  0
xdut.bl__t0                                3.3
xdut.vss__t0                          0.607315
xdut.blb__t0                       1.41201e-10
xdut.wl__t1                                  0
xdut.qb__t3                                3.3
xdut.vss__t1                          0.607315
xdut.vss__t4                          0.607315
xdut.qb__t0                                3.3
xdut.q__t4                            0.607315
xdut.vss__t2                          0.607315
xdut.qb__t4                                3.3
xdut.q__t0                            0.607315
xdut.vss__t5                          0.607315
xdut.vss__t3                          0.607315
xdut.vdd__t2                               3.3
xdut.qb__t1                                3.3
xdut.q__t1                            0.607315
xdut.vdd__t0                               3.3
xdut.qb__t2                                3.3
xdut.q__t2                            0.607315
xdut.vdd__t3                               3.3
xdut.vdd__t1                               3.3
bl                                         3.3
xdut.vsubs                                   0
blb                                          0
q                                     0.607315
qb                                         3.3
vss                                   0.607315
wl                                           0
vwl#branch                                   0
vblb#branch                        8.71611e-11
vbl#branch                        -9.29257e-12
vvdd#branch                       -1.28665e-10


No. of Data Rows : 429
Reset re-loads circuit * by-hand pex write-margin testbench, extracted leg (issue #95).

Circuit: * by-hand pex write-margin testbench, extracted leg (issue #95).

Doing analysis at TEMP = -40.000000 and TNOM = 27.000000

Using SPARSE 1.3 as Direct Linear Solver

Initial Transient Solution
--------------------------

Node                                   Voltage
----                                   -------
vdd                                        3.3
xdut.q__t3                            0.607315
xdut.wl__t0                                  0
xdut.bl__t0                                3.3
xdut.vss__t0                          0.607315
xdut.blb__t0                       1.41201e-10
xdut.wl__t1                                  0
xdut.qb__t3                                3.3
xdut.vss__t1                          0.607315
xdut.vss__t4                          0.607315
xdut.qb__t0                                3.3
xdut.q__t4                            0.607315
xdut.vss__t2                          0.607315
xdut.qb__t4                                3.3
xdut.q__t0                            0.607315
xdut.vss__t5                          0.607315
xdut.vss__t3                          0.607315
xdut.vdd__t2                               3.3
xdut.qb__t1                                3.3
xdut.q__t1                            0.607315
xdut.vdd__t0                               3.3
xdut.qb__t2                                3.3
xdut.q__t2                            0.607315
xdut.vdd__t3                               3.3
xdut.vdd__t1                               3.3
bl                                         3.3
xdut.vsubs                                   0
blb                                          0
q                                     0.607315
qb                                         3.3
vss                                   0.607315
wl                                           0
vwl#branch                                   0
vblb#branch                        8.71611e-11
vbl#branch                        -9.29257e-12
vvdd#branch                       -1.28665e-10


No. of Data Rows : 429
Reset re-loads circuit * by-hand pex write-margin testbench, extracted leg (issue #95).

Circuit: * by-hand pex write-margin testbench, extracted leg (issue #95).

Doing analysis at TEMP = -40.000000 and TNOM = 27.000000

Using SPARSE 1.3 as Direct Linear Solver

Initial Transient Solution
--------------------------

Node                                   Voltage
----                                   -------
vdd                                        3.3
xdut.q__t3                            0.607315
xdut.wl__t0                                  0
xdut.bl__t0                                3.3
xdut.vss__t0                          0.607315
xdut.blb__t0                       1.41201e-10
xdut.wl__t1                                  0
xdut.qb__t3                                3.3
xdut.vss__t1                          0.607315
xdut.vss__t4                          0.607315
xdut.qb__t0                                3.3
xdut.q__t4                            0.607315
xdut.vss__t2                          0.607315
xdut.qb__t4                                3.3
xdut.q__t0                            0.607315
xdut.vss__t5                          0.607315
xdut.vss__t3                          0.607315
xdut.vdd__t2                               3.3
xdut.qb__t1                                3.3
xdut.q__t1                            0.607315
xdut.vdd__t0                               3.3
xdut.qb__t2                                3.3
xdut.q__t2                            0.607315
xdut.vdd__t3                               3.3
xdut.vdd__t1                               3.3
bl                                         3.3
xdut.vsubs                                   0
blb                                          0
q                                     0.607315
qb                                         3.3
vss                                   0.607315
wl                                           0
vwl#branch                                   0
vblb#branch                        8.71611e-11
vbl#branch                        -9.29257e-12
vvdd#branch                       -1.28665e-10


No. of Data Rows : 429
Reset re-loads circuit * by-hand pex write-margin testbench, extracted leg (issue #95).

Circuit: * by-hand pex write-margin testbench, extracted leg (issue #95).

Doing analysis at TEMP = -40.000000 and TNOM = 27.000000

Using SPARSE 1.3 as Direct Linear Solver

Initial Transient Solution
--------------------------

Node                                   Voltage
----                                   -------
vdd                                        3.3
xdut.q__t3                            0.607315
xdut.wl__t0                                  0
xdut.bl__t0                                3.3
xdut.vss__t0                          0.607315
xdut.blb__t0                       1.41201e-10
xdut.wl__t1                                  0
xdut.qb__t3                                3.3
xdut.vss__t1                          0.607315
xdut.vss__t4                          0.607315
xdut.qb__t0                                3.3
xdut.q__t4                            0.607315
xdut.vss__t2                          0.607315
xdut.qb__t4                                3.3
xdut.q__t0                            0.607315
xdut.vss__t5                          0.607315
xdut.vss__t3                          0.607315
xdut.vdd__t2                               3.3
xdut.qb__t1                                3.3
xdut.q__t1                            0.607315
xdut.vdd__t0                               3.3
xdut.qb__t2                                3.3
xdut.q__t2                            0.607315
xdut.vdd__t3                               3.3
xdut.vdd__t1                               3.3
bl                                         3.3
xdut.vsubs                                   0
blb                                          0
q                                     0.607315
qb                                         3.3
vss                                   0.607315
wl                                           0
vwl#branch                                   0
vblb#branch                        8.71611e-11
vbl#branch                        -9.29257e-12
vvdd#branch                       -1.28665e-10


No. of Data Rows : 429
Reset re-loads circuit * by-hand pex write-margin testbench, extracted leg (issue #95).

Circuit: * by-hand pex write-margin testbench, extracted leg (issue #95).

Doing analysis at TEMP = -40.000000 and TNOM = 27.000000

Using SPARSE 1.3 as Direct Linear Solver

Initial Transient Solution
--------------------------

Node                                   Voltage
----                                   -------
vdd                                        3.3
xdut.q__t3                            0.607315
xdut.wl__t0                                  0
xdut.bl__t0                                3.3
xdut.vss__t0                          0.607315
xdut.blb__t0                       1.41201e-10
xdut.wl__t1                                  0
xdut.qb__t3                                3.3
xdut.vss__t1                          0.607315
xdut.vss__t4                          0.607315
xdut.qb__t0                                3.3
xdut.q__t4                            0.607315
xdut.vss__t2                          0.607315
xdut.qb__t4                                3.3
xdut.q__t0                            0.607315
xdut.vss__t5                          0.607315
xdut.vss__t3                          0.607315
xdut.vdd__t2                               3.3
xdut.qb__t1                                3.3
xdut.q__t1                            0.607315
xdut.vdd__t0                               3.3
xdut.qb__t2                                3.3
xdut.q__t2                            0.607315
xdut.vdd__t3                               3.3
xdut.vdd__t1                               3.3
bl                                         3.3
xdut.vsubs                                   0
blb                                          0
q                                     0.607315
qb                                         3.3
vss                                   0.607315
wl                                           0
vwl#branch                                   0
vblb#branch                        8.71611e-11
vbl#branch                        -9.29257e-12
vvdd#branch                       -1.28665e-10


No. of Data Rows : 429
Reset re-loads circuit * by-hand pex write-margin testbench, extracted leg (issue #95).

Circuit: * by-hand pex write-margin testbench, extracted leg (issue #95).

Doing analysis at TEMP = -40.000000 and TNOM = 27.000000

Using SPARSE 1.3 as Direct Linear Solver

Initial Transient Solution
--------------------------

Node                                   Voltage
----                                   -------
vdd                                        3.3
xdut.q__t3                            0.607315
xdut.wl__t0                                  0
xdut.bl__t0                                3.3
xdut.vss__t0                          0.607315
xdut.blb__t0                       1.41201e-10
xdut.wl__t1                                  0
xdut.qb__t3                                3.3
xdut.vss__t1                          0.607315
xdut.vss__t4                          0.607315
xdut.qb__t0                                3.3
xdut.q__t4                            0.607315
xdut.vss__t2                          0.607315
xdut.qb__t4                                3.3
xdut.q__t0                            0.607315
xdut.vss__t5                          0.607315
xdut.vss__t3                          0.607315
xdut.vdd__t2                               3.3
xdut.qb__t1                                3.3
xdut.q__t1                            0.607315
xdut.vdd__t0                               3.3
xdut.qb__t2                                3.3
xdut.q__t2                            0.607315
xdut.vdd__t3                               3.3
xdut.vdd__t1                               3.3
bl                                         3.3
xdut.vsubs                                   0
blb                                          0
q                                     0.607315
qb                                         3.3
vss                                   0.607315
wl                                           0
vwl#branch                                   0
vblb#branch                        8.71611e-11
vbl#branch                        -9.29257e-12
vvdd#branch                       -1.28665e-10


No. of Data Rows : 429
Reset re-loads circuit * by-hand pex write-margin testbench, extracted leg (issue #95).

Circuit: * by-hand pex write-margin testbench, extracted leg (issue #95).

Doing analysis at TEMP = -40.000000 and TNOM = 27.000000

Using SPARSE 1.3 as Direct Linear Solver

Initial Transient Solution
--------------------------

Node                                   Voltage
----                                   -------
vdd                                        3.3
xdut.q__t3                            0.607315
xdut.wl__t0                                  0
xdut.bl__t0                                3.3
xdut.vss__t0                          0.607315
xdut.blb__t0                       1.41201e-10
xdut.wl__t1                                  0
xdut.qb__t3                                3.3
xdut.vss__t1                          0.607315
xdut.vss__t4                          0.607315
xdut.qb__t0                                3.3
xdut.q__t4                            0.607315
xdut.vss__t2                          0.607315
xdut.qb__t4                                3.3
xdut.q__t0                            0.607315
xdut.vss__t5                          0.607315
xdut.vss__t3                          0.607315
xdut.vdd__t2                               3.3
xdut.qb__t1                                3.3
xdut.q__t1                            0.607315
xdut.vdd__t0                               3.3
xdut.qb__t2                                3.3
xdut.q__t2                            0.607315
xdut.vdd__t3                               3.3
xdut.vdd__t1                               3.3
bl                                         3.3
xdut.vsubs                                   0
blb                                          0
q                                     0.607315
qb                                         3.3
vss                                   0.607315
wl                                           0
vwl#branch                                   0
vblb#branch                        8.71611e-11
vbl#branch                        -9.29257e-12
vvdd#branch                       -1.28665e-10


No. of Data Rows : 429
Reset re-loads circuit * by-hand pex write-margin testbench, extracted leg (issue #95).

Circuit: * by-hand pex write-margin testbench, extracted leg (issue #95).

Doing analysis at TEMP = -40.000000 and TNOM = 27.000000

Using SPARSE 1.3 as Direct Linear Solver

Initial Transient Solution
--------------------------

Node                                   Voltage
----                                   -------
vdd                                        3.3
xdut.q__t3                            0.607315
xdut.wl__t0                                  0
xdut.bl__t0                                3.3
xdut.vss__t0                          0.607315
xdut.blb__t0                       1.41201e-10
xdut.wl__t1                                  0
xdut.qb__t3                                3.3
xdut.vss__t1                          0.607315
xdut.vss__t4                          0.607315
xdut.qb__t0                                3.3
xdut.q__t4                            0.607315
xdut.vss__t2                          0.607315
xdut.qb__t4                                3.3
xdut.q__t0                            0.607315
xdut.vss__t5                          0.607315
xdut.vss__t3                          0.607315
xdut.vdd__t2                               3.3
xdut.qb__t1                                3.3
xdut.q__t1                            0.607315
xdut.vdd__t0                               3.3
xdut.qb__t2                                3.3
xdut.q__t2                            0.607315
xdut.vdd__t3                               3.3
xdut.vdd__t1                               3.3
bl                                         3.3
xdut.vsubs                                   0
blb                                          0
q                                     0.607315
qb                                         3.3
vss                                   0.607315
wl                                           0
vwl#branch                                   0
vblb#branch                        8.71611e-11
vbl#branch                        -9.29257e-12
vvdd#branch                       -1.28665e-10


No. of Data Rows : 429
Reset re-loads circuit * by-hand pex write-margin testbench, extracted leg (issue #95).

Circuit: * by-hand pex write-margin testbench, extracted leg (issue #95).

Doing analysis at TEMP = -40.000000 and TNOM = 27.000000

Using SPARSE 1.3 as Direct Linear Solver

Initial Transient Solution
--------------------------

Node                                   Voltage
----                                   -------
vdd                                        3.3
xdut.q__t3                            0.607315
xdut.wl__t0                                  0
xdut.bl__t0                                3.3
xdut.vss__t0                          0.607315
xdut.blb__t0                       1.41201e-10
xdut.wl__t1                                  0
xdut.qb__t3                                3.3
xdut.vss__t1                          0.607315
xdut.vss__t4                          0.607315
xdut.qb__t0                                3.3
xdut.q__t4                            0.607315
xdut.vss__t2                          0.607315
xdut.qb__t4                                3.3
xdut.q__t0                            0.607315
xdut.vss__t5                          0.607315
xdut.vss__t3                          0.607315
xdut.vdd__t2                               3.3
xdut.qb__t1                                3.3
xdut.q__t1                            0.607315
xdut.vdd__t0                               3.3
xdut.qb__t2                                3.3
xdut.q__t2                            0.607315
xdut.vdd__t3                               3.3
xdut.vdd__t1                               3.3
bl                                         3.3
xdut.vsubs                                   0
blb                                          0
q                                     0.607315
qb                                         3.3
vss                                   0.607315
wl                                           0
vwl#branch                                   0
vblb#branch                        8.71611e-11
vbl#branch                        -9.29257e-12
vvdd#branch                       -1.28665e-10


No. of Data Rows : 429
RESULT: write_trip_voltage_v = 1.86632
RESULT: write_vdd_v = 3.3
Note: Simulation executed from .control section 
=== corner: ff_-40c_3.30v (process=ff temp=-40C vdd=3.30V) ===
=== ngspice exit status: 0 ===
