
Note: No compatibility mode selected!


Circuit: * by-hand pex write-margin testbench, extracted leg (issue #95).

Reset re-loads circuit * by-hand pex write-margin testbench, extracted leg (issue #95).

Circuit: * by-hand pex write-margin testbench, extracted leg (issue #95).

Doing analysis at TEMP = -40.000000 and TNOM = 27.000000

Using SPARSE 1.3 as Direct Linear Solver

Initial Transient Solution
--------------------------

Node                                   Voltage
----                                   -------
vdd                                       3.63
xdut.q__t3                                3.63
xdut.wl__t0                                  0
xdut.bl__t0                               3.63
xdut.vss__t0                          0.567727
xdut.blb__t0                       7.95492e-12
xdut.wl__t1                                  0
xdut.qb__t3                           0.567727
xdut.vss__t1                          0.567727
xdut.vss__t4                          0.567727
xdut.qb__t0                           0.567727
xdut.q__t4                                3.63
xdut.vss__t2                          0.567727
xdut.qb__t4                           0.567727
xdut.q__t0                                3.63
xdut.vss__t5                          0.567727
xdut.vss__t3                          0.567727
xdut.vdd__t2                              3.63
xdut.qb__t1                           0.567727
xdut.q__t1                                3.63
xdut.vdd__t0                              3.63
xdut.qb__t2                           0.567727
xdut.q__t2                                3.63
xdut.vdd__t3                              3.63
xdut.vdd__t1                              3.63
bl                                        3.63
xdut.vsubs                                   0
blb                                          0
q                                         3.63
qb                                    0.567727
vss                                   0.567727
wl                                           0
vwl#branch                                   0
vblb#branch                        4.91045e-12
vbl#branch                        -1.03233e-11
vvdd#branch                       -4.91598e-11


No. of Data Rows : 429
Reset re-loads circuit * by-hand pex write-margin testbench, extracted leg (issue #95).

Circuit: * by-hand pex write-margin testbench, extracted leg (issue #95).

Doing analysis at TEMP = -40.000000 and TNOM = 27.000000

Using SPARSE 1.3 as Direct Linear Solver

Initial Transient Solution
--------------------------

Node                                   Voltage
----                                   -------
vdd                                       3.63
xdut.q__t3                                3.63
xdut.wl__t0                                  0
xdut.bl__t0                               3.63
xdut.vss__t0                          0.567727
xdut.blb__t0                       7.95492e-12
xdut.wl__t1                                  0
xdut.qb__t3                           0.567727
xdut.vss__t1                          0.567727
xdut.vss__t4                          0.567727
xdut.qb__t0                           0.567727
xdut.q__t4                                3.63
xdut.vss__t2                          0.567727
xdut.qb__t4                           0.567727
xdut.q__t0                                3.63
xdut.vss__t5                          0.567727
xdut.vss__t3                          0.567727
xdut.vdd__t2                              3.63
xdut.qb__t1                           0.567727
xdut.q__t1                                3.63
xdut.vdd__t0                              3.63
xdut.qb__t2                           0.567727
xdut.q__t2                                3.63
xdut.vdd__t3                              3.63
xdut.vdd__t1                              3.63
bl                                        3.63
xdut.vsubs                                   0
blb                                          0
q                                         3.63
qb                                    0.567727
vss                                   0.567727
wl                                           0
vwl#branch                                   0
vblb#branch                        4.91045e-12
vbl#branch                        -1.03233e-11
vvdd#branch                       -4.91598e-11


No. of Data Rows : 429
Reset re-loads circuit * by-hand pex write-margin testbench, extracted leg (issue #95).

Circuit: * by-hand pex write-margin testbench, extracted leg (issue #95).

Doing analysis at TEMP = -40.000000 and TNOM = 27.000000

Using SPARSE 1.3 as Direct Linear Solver

Initial Transient Solution
--------------------------

Node                                   Voltage
----                                   -------
vdd                                       3.63
xdut.q__t3                                3.63
xdut.wl__t0                                  0
xdut.bl__t0                               3.63
xdut.vss__t0                          0.567727
xdut.blb__t0                       7.95492e-12
xdut.wl__t1                                  0
xdut.qb__t3                           0.567727
xdut.vss__t1                          0.567727
xdut.vss__t4                          0.567727
xdut.qb__t0                           0.567727
xdut.q__t4                                3.63
xdut.vss__t2                          0.567727
xdut.qb__t4                           0.567727
xdut.q__t0                                3.63
xdut.vss__t5                          0.567727
xdut.vss__t3                          0.567727
xdut.vdd__t2                              3.63
xdut.qb__t1                           0.567727
xdut.q__t1                                3.63
xdut.vdd__t0                              3.63
xdut.qb__t2                           0.567727
xdut.q__t2                                3.63
xdut.vdd__t3                              3.63
xdut.vdd__t1                              3.63
bl                                        3.63
xdut.vsubs                                   0
blb                                          0
q                                         3.63
qb                                    0.567727
vss                                   0.567727
wl                                           0
vwl#branch                                   0
vblb#branch                        4.91045e-12
vbl#branch                        -1.03233e-11
vvdd#branch                       -4.91598e-11


No. of Data Rows : 429
Reset re-loads circuit * by-hand pex write-margin testbench, extracted leg (issue #95).

Circuit: * by-hand pex write-margin testbench, extracted leg (issue #95).

Doing analysis at TEMP = -40.000000 and TNOM = 27.000000

Using SPARSE 1.3 as Direct Linear Solver

Initial Transient Solution
--------------------------

Node                                   Voltage
----                                   -------
vdd                                       3.63
xdut.q__t3                                3.63
xdut.wl__t0                                  0
xdut.bl__t0                               3.63
xdut.vss__t0                          0.567727
xdut.blb__t0                       7.95492e-12
xdut.wl__t1                                  0
xdut.qb__t3                           0.567727
xdut.vss__t1                          0.567727
xdut.vss__t4                          0.567727
xdut.qb__t0                           0.567727
xdut.q__t4                                3.63
xdut.vss__t2                          0.567727
xdut.qb__t4                           0.567727
xdut.q__t0                                3.63
xdut.vss__t5                          0.567727
xdut.vss__t3                          0.567727
xdut.vdd__t2                              3.63
xdut.qb__t1                           0.567727
xdut.q__t1                                3.63
xdut.vdd__t0                              3.63
xdut.qb__t2                           0.567727
xdut.q__t2                                3.63
xdut.vdd__t3                              3.63
xdut.vdd__t1                              3.63
bl                                        3.63
xdut.vsubs                                   0
blb                                          0
q                                         3.63
qb                                    0.567727
vss                                   0.567727
wl                                           0
vwl#branch                                   0
vblb#branch                        4.91045e-12
vbl#branch                        -1.03233e-11
vvdd#branch                       -4.91598e-11


No. of Data Rows : 429
Reset re-loads circuit * by-hand pex write-margin testbench, extracted leg (issue #95).

Circuit: * by-hand pex write-margin testbench, extracted leg (issue #95).

Doing analysis at TEMP = -40.000000 and TNOM = 27.000000

Using SPARSE 1.3 as Direct Linear Solver

Initial Transient Solution
--------------------------

Node                                   Voltage
----                                   -------
vdd                                       3.63
xdut.q__t3                                3.63
xdut.wl__t0                                  0
xdut.bl__t0                               3.63
xdut.vss__t0                          0.567727
xdut.blb__t0                       7.95492e-12
xdut.wl__t1                                  0
xdut.qb__t3                           0.567727
xdut.vss__t1                          0.567727
xdut.vss__t4                          0.567727
xdut.qb__t0                           0.567727
xdut.q__t4                                3.63
xdut.vss__t2                          0.567727
xdut.qb__t4                           0.567727
xdut.q__t0                                3.63
xdut.vss__t5                          0.567727
xdut.vss__t3                          0.567727
xdut.vdd__t2                              3.63
xdut.qb__t1                           0.567727
xdut.q__t1                                3.63
xdut.vdd__t0                              3.63
xdut.qb__t2                           0.567727
xdut.q__t2                                3.63
xdut.vdd__t3                              3.63
xdut.vdd__t1                              3.63
bl                                        3.63
xdut.vsubs                                   0
blb                                          0
q                                         3.63
qb                                    0.567727
vss                                   0.567727
wl                                           0
vwl#branch                                   0
vblb#branch                        4.91045e-12
vbl#branch                        -1.03233e-11
vvdd#branch                       -4.91598e-11


No. of Data Rows : 429
Reset re-loads circuit * by-hand pex write-margin testbench, extracted leg (issue #95).

Circuit: * by-hand pex write-margin testbench, extracted leg (issue #95).

Doing analysis at TEMP = -40.000000 and TNOM = 27.000000

Using SPARSE 1.3 as Direct Linear Solver

Initial Transient Solution
--------------------------

Node                                   Voltage
----                                   -------
vdd                                       3.63
xdut.q__t3                                3.63
xdut.wl__t0                                  0
xdut.bl__t0                               3.63
xdut.vss__t0                          0.567727
xdut.blb__t0                       7.95492e-12
xdut.wl__t1                                  0
xdut.qb__t3                           0.567727
xdut.vss__t1                          0.567727
xdut.vss__t4                          0.567727
xdut.qb__t0                           0.567727
xdut.q__t4                                3.63
xdut.vss__t2                          0.567727
xdut.qb__t4                           0.567727
xdut.q__t0                                3.63
xdut.vss__t5                          0.567727
xdut.vss__t3                          0.567727
xdut.vdd__t2                              3.63
xdut.qb__t1                           0.567727
xdut.q__t1                                3.63
xdut.vdd__t0                              3.63
xdut.qb__t2                           0.567727
xdut.q__t2                                3.63
xdut.vdd__t3                              3.63
xdut.vdd__t1                              3.63
bl                                        3.63
xdut.vsubs                                   0
blb                                          0
q                                         3.63
qb                                    0.567727
vss                                   0.567727
wl                                           0
vwl#branch                                   0
vblb#branch                        4.91045e-12
vbl#branch                        -1.03233e-11
vvdd#branch                       -4.91598e-11


No. of Data Rows : 429
Reset re-loads circuit * by-hand pex write-margin testbench, extracted leg (issue #95).

Circuit: * by-hand pex write-margin testbench, extracted leg (issue #95).

Doing analysis at TEMP = -40.000000 and TNOM = 27.000000

Using SPARSE 1.3 as Direct Linear Solver

Initial Transient Solution
--------------------------

Node                                   Voltage
----                                   -------
vdd                                       3.63
xdut.q__t3                                3.63
xdut.wl__t0                                  0
xdut.bl__t0                               3.63
xdut.vss__t0                          0.567727
xdut.blb__t0                       7.95492e-12
xdut.wl__t1                                  0
xdut.qb__t3                           0.567727
xdut.vss__t1                          0.567727
xdut.vss__t4                          0.567727
xdut.qb__t0                           0.567727
xdut.q__t4                                3.63
xdut.vss__t2                          0.567727
xdut.qb__t4                           0.567727
xdut.q__t0                                3.63
xdut.vss__t5                          0.567727
xdut.vss__t3                          0.567727
xdut.vdd__t2                              3.63
xdut.qb__t1                           0.567727
xdut.q__t1                                3.63
xdut.vdd__t0                              3.63
xdut.qb__t2                           0.567727
xdut.q__t2                                3.63
xdut.vdd__t3                              3.63
xdut.vdd__t1                              3.63
bl                                        3.63
xdut.vsubs                                   0
blb                                          0
q                                         3.63
qb                                    0.567727
vss                                   0.567727
wl                                           0
vwl#branch                                   0
vblb#branch                        4.91045e-12
vbl#branch                        -1.03233e-11
vvdd#branch                       -4.91598e-11


No. of Data Rows : 429
Reset re-loads circuit * by-hand pex write-margin testbench, extracted leg (issue #95).

Circuit: * by-hand pex write-margin testbench, extracted leg (issue #95).

Doing analysis at TEMP = -40.000000 and TNOM = 27.000000

Using SPARSE 1.3 as Direct Linear Solver

Initial Transient Solution
--------------------------

Node                                   Voltage
----                                   -------
vdd                                       3.63
xdut.q__t3                                3.63
xdut.wl__t0                                  0
xdut.bl__t0                               3.63
xdut.vss__t0                          0.567727
xdut.blb__t0                       7.95492e-12
xdut.wl__t1                                  0
xdut.qb__t3                           0.567727
xdut.vss__t1                          0.567727
xdut.vss__t4                          0.567727
xdut.qb__t0                           0.567727
xdut.q__t4                                3.63
xdut.vss__t2                          0.567727
xdut.qb__t4                           0.567727
xdut.q__t0                                3.63
xdut.vss__t5                          0.567727
xdut.vss__t3                          0.567727
xdut.vdd__t2                              3.63
xdut.qb__t1                           0.567727
xdut.q__t1                                3.63
xdut.vdd__t0                              3.63
xdut.qb__t2                           0.567727
xdut.q__t2                                3.63
xdut.vdd__t3                              3.63
xdut.vdd__t1                              3.63
bl                                        3.63
xdut.vsubs                                   0
blb                                          0
q                                         3.63
qb                                    0.567727
vss                                   0.567727
wl                                           0
vwl#branch                                   0
vblb#branch                        4.91045e-12
vbl#branch                        -1.03233e-11
vvdd#branch                       -4.91598e-11


No. of Data Rows : 429
Reset re-loads circuit * by-hand pex write-margin testbench, extracted leg (issue #95).

Circuit: * by-hand pex write-margin testbench, extracted leg (issue #95).

Doing analysis at TEMP = -40.000000 and TNOM = 27.000000

Using SPARSE 1.3 as Direct Linear Solver

Initial Transient Solution
--------------------------

Node                                   Voltage
----                                   -------
vdd                                       3.63
xdut.q__t3                                3.63
xdut.wl__t0                                  0
xdut.bl__t0                               3.63
xdut.vss__t0                          0.567727
xdut.blb__t0                       7.95492e-12
xdut.wl__t1                                  0
xdut.qb__t3                           0.567727
xdut.vss__t1                          0.567727
xdut.vss__t4                          0.567727
xdut.qb__t0                           0.567727
xdut.q__t4                                3.63
xdut.vss__t2                          0.567727
xdut.qb__t4                           0.567727
xdut.q__t0                                3.63
xdut.vss__t5                          0.567727
xdut.vss__t3                          0.567727
xdut.vdd__t2                              3.63
xdut.qb__t1                           0.567727
xdut.q__t1                                3.63
xdut.vdd__t0                              3.63
xdut.qb__t2                           0.567727
xdut.q__t2                                3.63
xdut.vdd__t3                              3.63
xdut.vdd__t1                              3.63
bl                                        3.63
xdut.vsubs                                   0
blb                                          0
q                                         3.63
qb                                    0.567727
vss                                   0.567727
wl                                           0
vwl#branch                                   0
vblb#branch                        4.91045e-12
vbl#branch                        -1.03233e-11
vvdd#branch                       -4.91598e-11


No. of Data Rows : 429
Reset re-loads circuit * by-hand pex write-margin testbench, extracted leg (issue #95).

Circuit: * by-hand pex write-margin testbench, extracted leg (issue #95).

Doing analysis at TEMP = -40.000000 and TNOM = 27.000000

Using SPARSE 1.3 as Direct Linear Solver

Initial Transient Solution
--------------------------

Node                                   Voltage
----                                   -------
vdd                                       3.63
xdut.q__t3                                3.63
xdut.wl__t0                                  0
xdut.bl__t0                               3.63
xdut.vss__t0                          0.567727
xdut.blb__t0                       7.95492e-12
xdut.wl__t1                                  0
xdut.qb__t3                           0.567727
xdut.vss__t1                          0.567727
xdut.vss__t4                          0.567727
xdut.qb__t0                           0.567727
xdut.q__t4                                3.63
xdut.vss__t2                          0.567727
xdut.qb__t4                           0.567727
xdut.q__t0                                3.63
xdut.vss__t5                          0.567727
xdut.vss__t3                          0.567727
xdut.vdd__t2                              3.63
xdut.qb__t1                           0.567727
xdut.q__t1                                3.63
xdut.vdd__t0                              3.63
xdut.qb__t2                           0.567727
xdut.q__t2                                3.63
xdut.vdd__t3                              3.63
xdut.vdd__t1                              3.63
bl                                        3.63
xdut.vsubs                                   0
blb                                          0
q                                         3.63
qb                                    0.567727
vss                                   0.567727
wl                                           0
vwl#branch                                   0
vblb#branch                        4.91045e-12
vbl#branch                        -1.03233e-11
vvdd#branch                       -4.91598e-11


No. of Data Rows : 429
Reset re-loads circuit * by-hand pex write-margin testbench, extracted leg (issue #95).

Circuit: * by-hand pex write-margin testbench, extracted leg (issue #95).

Doing analysis at TEMP = -40.000000 and TNOM = 27.000000

Using SPARSE 1.3 as Direct Linear Solver

Initial Transient Solution
--------------------------

Node                                   Voltage
----                                   -------
vdd                                       3.63
xdut.q__t3                                3.63
xdut.wl__t0                                  0
xdut.bl__t0                               3.63
xdut.vss__t0                          0.567727
xdut.blb__t0                       7.95492e-12
xdut.wl__t1                                  0
xdut.qb__t3                           0.567727
xdut.vss__t1                          0.567727
xdut.vss__t4                          0.567727
xdut.qb__t0                           0.567727
xdut.q__t4                                3.63
xdut.vss__t2                          0.567727
xdut.qb__t4                           0.567727
xdut.q__t0                                3.63
xdut.vss__t5                          0.567727
xdut.vss__t3                          0.567727
xdut.vdd__t2                              3.63
xdut.qb__t1                           0.567727
xdut.q__t1                                3.63
xdut.vdd__t0                              3.63
xdut.qb__t2                           0.567727
xdut.q__t2                                3.63
xdut.vdd__t3                              3.63
xdut.vdd__t1                              3.63
bl                                        3.63
xdut.vsubs                                   0
blb                                          0
q                                         3.63
qb                                    0.567727
vss                                   0.567727
wl                                           0
vwl#branch                                   0
vblb#branch                        4.91045e-12
vbl#branch                        -1.03233e-11
vvdd#branch                       -4.91598e-11


No. of Data Rows : 429
Reset re-loads circuit * by-hand pex write-margin testbench, extracted leg (issue #95).

Circuit: * by-hand pex write-margin testbench, extracted leg (issue #95).

Doing analysis at TEMP = -40.000000 and TNOM = 27.000000

Using SPARSE 1.3 as Direct Linear Solver

Initial Transient Solution
--------------------------

Node                                   Voltage
----                                   -------
vdd                                       3.63
xdut.q__t3                                3.63
xdut.wl__t0                                  0
xdut.bl__t0                               3.63
xdut.vss__t0                          0.567727
xdut.blb__t0                       7.95492e-12
xdut.wl__t1                                  0
xdut.qb__t3                           0.567727
xdut.vss__t1                          0.567727
xdut.vss__t4                          0.567727
xdut.qb__t0                           0.567727
xdut.q__t4                                3.63
xdut.vss__t2                          0.567727
xdut.qb__t4                           0.567727
xdut.q__t0                                3.63
xdut.vss__t5                          0.567727
xdut.vss__t3                          0.567727
xdut.vdd__t2                              3.63
xdut.qb__t1                           0.567727
xdut.q__t1                                3.63
xdut.vdd__t0                              3.63
xdut.qb__t2                           0.567727
xdut.q__t2                                3.63
xdut.vdd__t3                              3.63
xdut.vdd__t1                              3.63
bl                                        3.63
xdut.vsubs                                   0
blb                                          0
q                                         3.63
qb                                    0.567727
vss                                   0.567727
wl                                           0
vwl#branch                                   0
vblb#branch                        4.91045e-12
vbl#branch                        -1.03233e-11
vvdd#branch                       -4.91598e-11


No. of Data Rows : 429
Reset re-loads circuit * by-hand pex write-margin testbench, extracted leg (issue #95).

Circuit: * by-hand pex write-margin testbench, extracted leg (issue #95).

Doing analysis at TEMP = -40.000000 and TNOM = 27.000000

Using SPARSE 1.3 as Direct Linear Solver

Initial Transient Solution
--------------------------

Node                                   Voltage
----                                   -------
vdd                                       3.63
xdut.q__t3                                3.63
xdut.wl__t0                                  0
xdut.bl__t0                               3.63
xdut.vss__t0                          0.567727
xdut.blb__t0                       7.95492e-12
xdut.wl__t1                                  0
xdut.qb__t3                           0.567727
xdut.vss__t1                          0.567727
xdut.vss__t4                          0.567727
xdut.qb__t0                           0.567727
xdut.q__t4                                3.63
xdut.vss__t2                          0.567727
xdut.qb__t4                           0.567727
xdut.q__t0                                3.63
xdut.vss__t5                          0.567727
xdut.vss__t3                          0.567727
xdut.vdd__t2                              3.63
xdut.qb__t1                           0.567727
xdut.q__t1                                3.63
xdut.vdd__t0                              3.63
xdut.qb__t2                           0.567727
xdut.q__t2                                3.63
xdut.vdd__t3                              3.63
xdut.vdd__t1                              3.63
bl                                        3.63
xdut.vsubs                                   0
blb                                          0
q                                         3.63
qb                                    0.567727
vss                                   0.567727
wl                                           0
vwl#branch                                   0
vblb#branch                        4.91045e-12
vbl#branch                        -1.03233e-11
vvdd#branch                       -4.91598e-11


No. of Data Rows : 429
Reset re-loads circuit * by-hand pex write-margin testbench, extracted leg (issue #95).

Circuit: * by-hand pex write-margin testbench, extracted leg (issue #95).

Doing analysis at TEMP = -40.000000 and TNOM = 27.000000

Using SPARSE 1.3 as Direct Linear Solver

Initial Transient Solution
--------------------------

Node                                   Voltage
----                                   -------
vdd                                       3.63
xdut.q__t3                                3.63
xdut.wl__t0                                  0
xdut.bl__t0                               3.63
xdut.vss__t0                          0.567727
xdut.blb__t0                       7.95492e-12
xdut.wl__t1                                  0
xdut.qb__t3                           0.567727
xdut.vss__t1                          0.567727
xdut.vss__t4                          0.567727
xdut.qb__t0                           0.567727
xdut.q__t4                                3.63
xdut.vss__t2                          0.567727
xdut.qb__t4                           0.567727
xdut.q__t0                                3.63
xdut.vss__t5                          0.567727
xdut.vss__t3                          0.567727
xdut.vdd__t2                              3.63
xdut.qb__t1                           0.567727
xdut.q__t1                                3.63
xdut.vdd__t0                              3.63
xdut.qb__t2                           0.567727
xdut.q__t2                                3.63
xdut.vdd__t3                              3.63
xdut.vdd__t1                              3.63
bl                                        3.63
xdut.vsubs                                   0
blb                                          0
q                                         3.63
qb                                    0.567727
vss                                   0.567727
wl                                           0
vwl#branch                                   0
vblb#branch                        4.91045e-12
vbl#branch                        -1.03233e-11
vvdd#branch                       -4.91598e-11


No. of Data Rows : 429
Reset re-loads circuit * by-hand pex write-margin testbench, extracted leg (issue #95).

Circuit: * by-hand pex write-margin testbench, extracted leg (issue #95).

Doing analysis at TEMP = -40.000000 and TNOM = 27.000000

Using SPARSE 1.3 as Direct Linear Solver

Initial Transient Solution
--------------------------

Node                                   Voltage
----                                   -------
vdd                                       3.63
xdut.q__t3                                3.63
xdut.wl__t0                                  0
xdut.bl__t0                               3.63
xdut.vss__t0                          0.567727
xdut.blb__t0                       7.95492e-12
xdut.wl__t1                                  0
xdut.qb__t3                           0.567727
xdut.vss__t1                          0.567727
xdut.vss__t4                          0.567727
xdut.qb__t0                           0.567727
xdut.q__t4                                3.63
xdut.vss__t2                          0.567727
xdut.qb__t4                           0.567727
xdut.q__t0                                3.63
xdut.vss__t5                          0.567727
xdut.vss__t3                          0.567727
xdut.vdd__t2                              3.63
xdut.qb__t1                           0.567727
xdut.q__t1                                3.63
xdut.vdd__t0                              3.63
xdut.qb__t2                           0.567727
xdut.q__t2                                3.63
xdut.vdd__t3                              3.63
xdut.vdd__t1                              3.63
bl                                        3.63
xdut.vsubs                                   0
blb                                          0
q                                         3.63
qb                                    0.567727
vss                                   0.567727
wl                                           0
vwl#branch                                   0
vblb#branch                        4.91045e-12
vbl#branch                        -1.03233e-11
vvdd#branch                       -4.91598e-11


No. of Data Rows : 429
Reset re-loads circuit * by-hand pex write-margin testbench, extracted leg (issue #95).

Circuit: * by-hand pex write-margin testbench, extracted leg (issue #95).

Doing analysis at TEMP = -40.000000 and TNOM = 27.000000

Using SPARSE 1.3 as Direct Linear Solver

Initial Transient Solution
--------------------------

Node                                   Voltage
----                                   -------
vdd                                       3.63
xdut.q__t3                                3.63
xdut.wl__t0                                  0
xdut.bl__t0                               3.63
xdut.vss__t0                          0.567727
xdut.blb__t0                       7.95492e-12
xdut.wl__t1                                  0
xdut.qb__t3                           0.567727
xdut.vss__t1                          0.567727
xdut.vss__t4                          0.567727
xdut.qb__t0                           0.567727
xdut.q__t4                                3.63
xdut.vss__t2                          0.567727
xdut.qb__t4                           0.567727
xdut.q__t0                                3.63
xdut.vss__t5                          0.567727
xdut.vss__t3                          0.567727
xdut.vdd__t2                              3.63
xdut.qb__t1                           0.567727
xdut.q__t1                                3.63
xdut.vdd__t0                              3.63
xdut.qb__t2                           0.567727
xdut.q__t2                                3.63
xdut.vdd__t3                              3.63
xdut.vdd__t1                              3.63
bl                                        3.63
xdut.vsubs                                   0
blb                                          0
q                                         3.63
qb                                    0.567727
vss                                   0.567727
wl                                           0
vwl#branch                                   0
vblb#branch                        4.91045e-12
vbl#branch                        -1.03233e-11
vvdd#branch                       -4.91598e-11


No. of Data Rows : 429
RESULT: write_trip_voltage_v = 2.05517
RESULT: write_vdd_v = 3.63
Note: Simulation executed from .control section 
=== corner: ff_-40c_3.63v (process=ff temp=-40C vdd=3.63V) ===
=== ngspice exit status: 0 ===
