
Note: No compatibility mode selected!


Circuit: * by-hand pex write-margin testbench, extracted leg (issue #95).

Reset re-loads circuit * by-hand pex write-margin testbench, extracted leg (issue #95).

Circuit: * by-hand pex write-margin testbench, extracted leg (issue #95).

Doing analysis at TEMP = 125.000000 and TNOM = 27.000000

Using SPARSE 1.3 as Direct Linear Solver

Initial Transient Solution
--------------------------

Node                                   Voltage
----                                   -------
vdd                                        3.3
xdut.q__t3                             1.62439
xdut.wl__t0                                  0
xdut.bl__t0                                3.3
xdut.vss__t0                          0.685073
xdut.blb__t0                       5.91634e-05
xdut.wl__t1                                  0
xdut.qb__t3                            1.62485
xdut.vss__t1                          0.685053
xdut.vss__t4                          0.685077
xdut.qb__t0                            1.62485
xdut.q__t4                             1.62414
xdut.vss__t2                          0.685073
xdut.qb__t4                             1.6246
xdut.q__t0                             1.62439
xdut.vss__t5                          0.685077
xdut.vss__t3                          0.685073
xdut.vdd__t2                           3.29999
xdut.qb__t1                            1.62485
xdut.q__t1                             1.62475
xdut.vdd__t0                               3.3
xdut.qb__t2                            1.62522
xdut.q__t2                             1.62439
xdut.vdd__t3                           3.29999
xdut.vdd__t1                               3.3
bl                                         3.3
xdut.vsubs                                   0
blb                                          0
q                                      1.62439
qb                                     1.62485
vss                                   0.685073
wl                                           0
vwl#branch                                   0
vblb#branch                        3.65206e-05
vbl#branch                        -9.30944e-12
vvdd#branch                       -3.65207e-05


No. of Data Rows : 429
Reset re-loads circuit * by-hand pex write-margin testbench, extracted leg (issue #95).

Circuit: * by-hand pex write-margin testbench, extracted leg (issue #95).

Doing analysis at TEMP = 125.000000 and TNOM = 27.000000

Using SPARSE 1.3 as Direct Linear Solver

Initial Transient Solution
--------------------------

Node                                   Voltage
----                                   -------
vdd                                        3.3
xdut.q__t3                             1.62439
xdut.wl__t0                                  0
xdut.bl__t0                                3.3
xdut.vss__t0                          0.685073
xdut.blb__t0                       5.91634e-05
xdut.wl__t1                                  0
xdut.qb__t3                            1.62485
xdut.vss__t1                          0.685053
xdut.vss__t4                          0.685077
xdut.qb__t0                            1.62485
xdut.q__t4                             1.62414
xdut.vss__t2                          0.685073
xdut.qb__t4                             1.6246
xdut.q__t0                             1.62439
xdut.vss__t5                          0.685077
xdut.vss__t3                          0.685073
xdut.vdd__t2                           3.29999
xdut.qb__t1                            1.62485
xdut.q__t1                             1.62475
xdut.vdd__t0                               3.3
xdut.qb__t2                            1.62522
xdut.q__t2                             1.62439
xdut.vdd__t3                           3.29999
xdut.vdd__t1                               3.3
bl                                         3.3
xdut.vsubs                                   0
blb                                          0
q                                      1.62439
qb                                     1.62485
vss                                   0.685073
wl                                           0
vwl#branch                                   0
vblb#branch                        3.65206e-05
vbl#branch                        -9.30944e-12
vvdd#branch                       -3.65207e-05


No. of Data Rows : 429
Reset re-loads circuit * by-hand pex write-margin testbench, extracted leg (issue #95).

Circuit: * by-hand pex write-margin testbench, extracted leg (issue #95).

Doing analysis at TEMP = 125.000000 and TNOM = 27.000000

Using SPARSE 1.3 as Direct Linear Solver

Initial Transient Solution
--------------------------

Node                                   Voltage
----                                   -------
vdd                                        3.3
xdut.q__t3                             1.62439
xdut.wl__t0                                  0
xdut.bl__t0                                3.3
xdut.vss__t0                          0.685073
xdut.blb__t0                       5.91634e-05
xdut.wl__t1                                  0
xdut.qb__t3                            1.62485
xdut.vss__t1                          0.685053
xdut.vss__t4                          0.685077
xdut.qb__t0                            1.62485
xdut.q__t4                             1.62414
xdut.vss__t2                          0.685073
xdut.qb__t4                             1.6246
xdut.q__t0                             1.62439
xdut.vss__t5                          0.685077
xdut.vss__t3                          0.685073
xdut.vdd__t2                           3.29999
xdut.qb__t1                            1.62485
xdut.q__t1                             1.62475
xdut.vdd__t0                               3.3
xdut.qb__t2                            1.62522
xdut.q__t2                             1.62439
xdut.vdd__t3                           3.29999
xdut.vdd__t1                               3.3
bl                                         3.3
xdut.vsubs                                   0
blb                                          0
q                                      1.62439
qb                                     1.62485
vss                                   0.685073
wl                                           0
vwl#branch                                   0
vblb#branch                        3.65206e-05
vbl#branch                        -9.30944e-12
vvdd#branch                       -3.65207e-05


No. of Data Rows : 429
Reset re-loads circuit * by-hand pex write-margin testbench, extracted leg (issue #95).

Circuit: * by-hand pex write-margin testbench, extracted leg (issue #95).

Doing analysis at TEMP = 125.000000 and TNOM = 27.000000

Using SPARSE 1.3 as Direct Linear Solver

Initial Transient Solution
--------------------------

Node                                   Voltage
----                                   -------
vdd                                        3.3
xdut.q__t3                             1.62439
xdut.wl__t0                                  0
xdut.bl__t0                                3.3
xdut.vss__t0                          0.685073
xdut.blb__t0                       5.91634e-05
xdut.wl__t1                                  0
xdut.qb__t3                            1.62485
xdut.vss__t1                          0.685053
xdut.vss__t4                          0.685077
xdut.qb__t0                            1.62485
xdut.q__t4                             1.62414
xdut.vss__t2                          0.685073
xdut.qb__t4                             1.6246
xdut.q__t0                             1.62439
xdut.vss__t5                          0.685077
xdut.vss__t3                          0.685073
xdut.vdd__t2                           3.29999
xdut.qb__t1                            1.62485
xdut.q__t1                             1.62475
xdut.vdd__t0                               3.3
xdut.qb__t2                            1.62522
xdut.q__t2                             1.62439
xdut.vdd__t3                           3.29999
xdut.vdd__t1                               3.3
bl                                         3.3
xdut.vsubs                                   0
blb                                          0
q                                      1.62439
qb                                     1.62485
vss                                   0.685073
wl                                           0
vwl#branch                                   0
vblb#branch                        3.65206e-05
vbl#branch                        -9.30944e-12
vvdd#branch                       -3.65207e-05


No. of Data Rows : 429
Reset re-loads circuit * by-hand pex write-margin testbench, extracted leg (issue #95).

Circuit: * by-hand pex write-margin testbench, extracted leg (issue #95).

Doing analysis at TEMP = 125.000000 and TNOM = 27.000000

Using SPARSE 1.3 as Direct Linear Solver

Initial Transient Solution
--------------------------

Node                                   Voltage
----                                   -------
vdd                                        3.3
xdut.q__t3                             1.62439
xdut.wl__t0                                  0
xdut.bl__t0                                3.3
xdut.vss__t0                          0.685073
xdut.blb__t0                       5.91634e-05
xdut.wl__t1                                  0
xdut.qb__t3                            1.62485
xdut.vss__t1                          0.685053
xdut.vss__t4                          0.685077
xdut.qb__t0                            1.62485
xdut.q__t4                             1.62414
xdut.vss__t2                          0.685073
xdut.qb__t4                             1.6246
xdut.q__t0                             1.62439
xdut.vss__t5                          0.685077
xdut.vss__t3                          0.685073
xdut.vdd__t2                           3.29999
xdut.qb__t1                            1.62485
xdut.q__t1                             1.62475
xdut.vdd__t0                               3.3
xdut.qb__t2                            1.62522
xdut.q__t2                             1.62439
xdut.vdd__t3                           3.29999
xdut.vdd__t1                               3.3
bl                                         3.3
xdut.vsubs                                   0
blb                                          0
q                                      1.62439
qb                                     1.62485
vss                                   0.685073
wl                                           0
vwl#branch                                   0
vblb#branch                        3.65206e-05
vbl#branch                        -9.30944e-12
vvdd#branch                       -3.65207e-05


No. of Data Rows : 429
Reset re-loads circuit * by-hand pex write-margin testbench, extracted leg (issue #95).

Circuit: * by-hand pex write-margin testbench, extracted leg (issue #95).

Doing analysis at TEMP = 125.000000 and TNOM = 27.000000

Using SPARSE 1.3 as Direct Linear Solver

Initial Transient Solution
--------------------------

Node                                   Voltage
----                                   -------
vdd                                        3.3
xdut.q__t3                             1.62439
xdut.wl__t0                                  0
xdut.bl__t0                                3.3
xdut.vss__t0                          0.685073
xdut.blb__t0                       5.91634e-05
xdut.wl__t1                                  0
xdut.qb__t3                            1.62485
xdut.vss__t1                          0.685053
xdut.vss__t4                          0.685077
xdut.qb__t0                            1.62485
xdut.q__t4                             1.62414
xdut.vss__t2                          0.685073
xdut.qb__t4                             1.6246
xdut.q__t0                             1.62439
xdut.vss__t5                          0.685077
xdut.vss__t3                          0.685073
xdut.vdd__t2                           3.29999
xdut.qb__t1                            1.62485
xdut.q__t1                             1.62475
xdut.vdd__t0                               3.3
xdut.qb__t2                            1.62522
xdut.q__t2                             1.62439
xdut.vdd__t3                           3.29999
xdut.vdd__t1                               3.3
bl                                         3.3
xdut.vsubs                                   0
blb                                          0
q                                      1.62439
qb                                     1.62485
vss                                   0.685073
wl                                           0
vwl#branch                                   0
vblb#branch                        3.65206e-05
vbl#branch                        -9.30944e-12
vvdd#branch                       -3.65207e-05


No. of Data Rows : 429
Reset re-loads circuit * by-hand pex write-margin testbench, extracted leg (issue #95).

Circuit: * by-hand pex write-margin testbench, extracted leg (issue #95).

Doing analysis at TEMP = 125.000000 and TNOM = 27.000000

Using SPARSE 1.3 as Direct Linear Solver

Initial Transient Solution
--------------------------

Node                                   Voltage
----                                   -------
vdd                                        3.3
xdut.q__t3                             1.62439
xdut.wl__t0                                  0
xdut.bl__t0                                3.3
xdut.vss__t0                          0.685073
xdut.blb__t0                       5.91634e-05
xdut.wl__t1                                  0
xdut.qb__t3                            1.62485
xdut.vss__t1                          0.685053
xdut.vss__t4                          0.685077
xdut.qb__t0                            1.62485
xdut.q__t4                             1.62414
xdut.vss__t2                          0.685073
xdut.qb__t4                             1.6246
xdut.q__t0                             1.62439
xdut.vss__t5                          0.685077
xdut.vss__t3                          0.685073
xdut.vdd__t2                           3.29999
xdut.qb__t1                            1.62485
xdut.q__t1                             1.62475
xdut.vdd__t0                               3.3
xdut.qb__t2                            1.62522
xdut.q__t2                             1.62439
xdut.vdd__t3                           3.29999
xdut.vdd__t1                               3.3
bl                                         3.3
xdut.vsubs                                   0
blb                                          0
q                                      1.62439
qb                                     1.62485
vss                                   0.685073
wl                                           0
vwl#branch                                   0
vblb#branch                        3.65206e-05
vbl#branch                        -9.30944e-12
vvdd#branch                       -3.65207e-05


No. of Data Rows : 429
Reset re-loads circuit * by-hand pex write-margin testbench, extracted leg (issue #95).

Circuit: * by-hand pex write-margin testbench, extracted leg (issue #95).

Doing analysis at TEMP = 125.000000 and TNOM = 27.000000

Using SPARSE 1.3 as Direct Linear Solver

Initial Transient Solution
--------------------------

Node                                   Voltage
----                                   -------
vdd                                        3.3
xdut.q__t3                             1.62439
xdut.wl__t0                                  0
xdut.bl__t0                                3.3
xdut.vss__t0                          0.685073
xdut.blb__t0                       5.91634e-05
xdut.wl__t1                                  0
xdut.qb__t3                            1.62485
xdut.vss__t1                          0.685053
xdut.vss__t4                          0.685077
xdut.qb__t0                            1.62485
xdut.q__t4                             1.62414
xdut.vss__t2                          0.685073
xdut.qb__t4                             1.6246
xdut.q__t0                             1.62439
xdut.vss__t5                          0.685077
xdut.vss__t3                          0.685073
xdut.vdd__t2                           3.29999
xdut.qb__t1                            1.62485
xdut.q__t1                             1.62475
xdut.vdd__t0                               3.3
xdut.qb__t2                            1.62522
xdut.q__t2                             1.62439
xdut.vdd__t3                           3.29999
xdut.vdd__t1                               3.3
bl                                         3.3
xdut.vsubs                                   0
blb                                          0
q                                      1.62439
qb                                     1.62485
vss                                   0.685073
wl                                           0
vwl#branch                                   0
vblb#branch                        3.65206e-05
vbl#branch                        -9.30944e-12
vvdd#branch                       -3.65207e-05


No. of Data Rows : 429
Reset re-loads circuit * by-hand pex write-margin testbench, extracted leg (issue #95).

Circuit: * by-hand pex write-margin testbench, extracted leg (issue #95).

Doing analysis at TEMP = 125.000000 and TNOM = 27.000000

Using SPARSE 1.3 as Direct Linear Solver

Initial Transient Solution
--------------------------

Node                                   Voltage
----                                   -------
vdd                                        3.3
xdut.q__t3                             1.62439
xdut.wl__t0                                  0
xdut.bl__t0                                3.3
xdut.vss__t0                          0.685073
xdut.blb__t0                       5.91634e-05
xdut.wl__t1                                  0
xdut.qb__t3                            1.62485
xdut.vss__t1                          0.685053
xdut.vss__t4                          0.685077
xdut.qb__t0                            1.62485
xdut.q__t4                             1.62414
xdut.vss__t2                          0.685073
xdut.qb__t4                             1.6246
xdut.q__t0                             1.62439
xdut.vss__t5                          0.685077
xdut.vss__t3                          0.685073
xdut.vdd__t2                           3.29999
xdut.qb__t1                            1.62485
xdut.q__t1                             1.62475
xdut.vdd__t0                               3.3
xdut.qb__t2                            1.62522
xdut.q__t2                             1.62439
xdut.vdd__t3                           3.29999
xdut.vdd__t1                               3.3
bl                                         3.3
xdut.vsubs                                   0
blb                                          0
q                                      1.62439
qb                                     1.62485
vss                                   0.685073
wl                                           0
vwl#branch                                   0
vblb#branch                        3.65206e-05
vbl#branch                        -9.30944e-12
vvdd#branch                       -3.65207e-05


No. of Data Rows : 429
Reset re-loads circuit * by-hand pex write-margin testbench, extracted leg (issue #95).

Circuit: * by-hand pex write-margin testbench, extracted leg (issue #95).

Doing analysis at TEMP = 125.000000 and TNOM = 27.000000

Using SPARSE 1.3 as Direct Linear Solver

Initial Transient Solution
--------------------------

Node                                   Voltage
----                                   -------
vdd                                        3.3
xdut.q__t3                             1.62439
xdut.wl__t0                                  0
xdut.bl__t0                                3.3
xdut.vss__t0                          0.685073
xdut.blb__t0                       5.91634e-05
xdut.wl__t1                                  0
xdut.qb__t3                            1.62485
xdut.vss__t1                          0.685053
xdut.vss__t4                          0.685077
xdut.qb__t0                            1.62485
xdut.q__t4                             1.62414
xdut.vss__t2                          0.685073
xdut.qb__t4                             1.6246
xdut.q__t0                             1.62439
xdut.vss__t5                          0.685077
xdut.vss__t3                          0.685073
xdut.vdd__t2                           3.29999
xdut.qb__t1                            1.62485
xdut.q__t1                             1.62475
xdut.vdd__t0                               3.3
xdut.qb__t2                            1.62522
xdut.q__t2                             1.62439
xdut.vdd__t3                           3.29999
xdut.vdd__t1                               3.3
bl                                         3.3
xdut.vsubs                                   0
blb                                          0
q                                      1.62439
qb                                     1.62485
vss                                   0.685073
wl                                           0
vwl#branch                                   0
vblb#branch                        3.65206e-05
vbl#branch                        -9.30944e-12
vvdd#branch                       -3.65207e-05


No. of Data Rows : 429
Reset re-loads circuit * by-hand pex write-margin testbench, extracted leg (issue #95).

Circuit: * by-hand pex write-margin testbench, extracted leg (issue #95).

Doing analysis at TEMP = 125.000000 and TNOM = 27.000000

Using SPARSE 1.3 as Direct Linear Solver

Initial Transient Solution
--------------------------

Node                                   Voltage
----                                   -------
vdd                                        3.3
xdut.q__t3                             1.62439
xdut.wl__t0                                  0
xdut.bl__t0                                3.3
xdut.vss__t0                          0.685073
xdut.blb__t0                       5.91634e-05
xdut.wl__t1                                  0
xdut.qb__t3                            1.62485
xdut.vss__t1                          0.685053
xdut.vss__t4                          0.685077
xdut.qb__t0                            1.62485
xdut.q__t4                             1.62414
xdut.vss__t2                          0.685073
xdut.qb__t4                             1.6246
xdut.q__t0                             1.62439
xdut.vss__t5                          0.685077
xdut.vss__t3                          0.685073
xdut.vdd__t2                           3.29999
xdut.qb__t1                            1.62485
xdut.q__t1                             1.62475
xdut.vdd__t0                               3.3
xdut.qb__t2                            1.62522
xdut.q__t2                             1.62439
xdut.vdd__t3                           3.29999
xdut.vdd__t1                               3.3
bl                                         3.3
xdut.vsubs                                   0
blb                                          0
q                                      1.62439
qb                                     1.62485
vss                                   0.685073
wl                                           0
vwl#branch                                   0
vblb#branch                        3.65206e-05
vbl#branch                        -9.30944e-12
vvdd#branch                       -3.65207e-05


No. of Data Rows : 429
Reset re-loads circuit * by-hand pex write-margin testbench, extracted leg (issue #95).

Circuit: * by-hand pex write-margin testbench, extracted leg (issue #95).

Doing analysis at TEMP = 125.000000 and TNOM = 27.000000

Using SPARSE 1.3 as Direct Linear Solver

Initial Transient Solution
--------------------------

Node                                   Voltage
----                                   -------
vdd                                        3.3
xdut.q__t3                             1.62439
xdut.wl__t0                                  0
xdut.bl__t0                                3.3
xdut.vss__t0                          0.685073
xdut.blb__t0                       5.91634e-05
xdut.wl__t1                                  0
xdut.qb__t3                            1.62485
xdut.vss__t1                          0.685053
xdut.vss__t4                          0.685077
xdut.qb__t0                            1.62485
xdut.q__t4                             1.62414
xdut.vss__t2                          0.685073
xdut.qb__t4                             1.6246
xdut.q__t0                             1.62439
xdut.vss__t5                          0.685077
xdut.vss__t3                          0.685073
xdut.vdd__t2                           3.29999
xdut.qb__t1                            1.62485
xdut.q__t1                             1.62475
xdut.vdd__t0                               3.3
xdut.qb__t2                            1.62522
xdut.q__t2                             1.62439
xdut.vdd__t3                           3.29999
xdut.vdd__t1                               3.3
bl                                         3.3
xdut.vsubs                                   0
blb                                          0
q                                      1.62439
qb                                     1.62485
vss                                   0.685073
wl                                           0
vwl#branch                                   0
vblb#branch                        3.65206e-05
vbl#branch                        -9.30944e-12
vvdd#branch                       -3.65207e-05


No. of Data Rows : 429
Reset re-loads circuit * by-hand pex write-margin testbench, extracted leg (issue #95).

Circuit: * by-hand pex write-margin testbench, extracted leg (issue #95).

Doing analysis at TEMP = 125.000000 and TNOM = 27.000000

Using SPARSE 1.3 as Direct Linear Solver

Initial Transient Solution
--------------------------

Node                                   Voltage
----                                   -------
vdd                                        3.3
xdut.q__t3                             1.62439
xdut.wl__t0                                  0
xdut.bl__t0                                3.3
xdut.vss__t0                          0.685073
xdut.blb__t0                       5.91634e-05
xdut.wl__t1                                  0
xdut.qb__t3                            1.62485
xdut.vss__t1                          0.685053
xdut.vss__t4                          0.685077
xdut.qb__t0                            1.62485
xdut.q__t4                             1.62414
xdut.vss__t2                          0.685073
xdut.qb__t4                             1.6246
xdut.q__t0                             1.62439
xdut.vss__t5                          0.685077
xdut.vss__t3                          0.685073
xdut.vdd__t2                           3.29999
xdut.qb__t1                            1.62485
xdut.q__t1                             1.62475
xdut.vdd__t0                               3.3
xdut.qb__t2                            1.62522
xdut.q__t2                             1.62439
xdut.vdd__t3                           3.29999
xdut.vdd__t1                               3.3
bl                                         3.3
xdut.vsubs                                   0
blb                                          0
q                                      1.62439
qb                                     1.62485
vss                                   0.685073
wl                                           0
vwl#branch                                   0
vblb#branch                        3.65206e-05
vbl#branch                        -9.30944e-12
vvdd#branch                       -3.65207e-05


No. of Data Rows : 429
Reset re-loads circuit * by-hand pex write-margin testbench, extracted leg (issue #95).

Circuit: * by-hand pex write-margin testbench, extracted leg (issue #95).

Doing analysis at TEMP = 125.000000 and TNOM = 27.000000

Using SPARSE 1.3 as Direct Linear Solver

Initial Transient Solution
--------------------------

Node                                   Voltage
----                                   -------
vdd                                        3.3
xdut.q__t3                             1.62439
xdut.wl__t0                                  0
xdut.bl__t0                                3.3
xdut.vss__t0                          0.685073
xdut.blb__t0                       5.91634e-05
xdut.wl__t1                                  0
xdut.qb__t3                            1.62485
xdut.vss__t1                          0.685053
xdut.vss__t4                          0.685077
xdut.qb__t0                            1.62485
xdut.q__t4                             1.62414
xdut.vss__t2                          0.685073
xdut.qb__t4                             1.6246
xdut.q__t0                             1.62439
xdut.vss__t5                          0.685077
xdut.vss__t3                          0.685073
xdut.vdd__t2                           3.29999
xdut.qb__t1                            1.62485
xdut.q__t1                             1.62475
xdut.vdd__t0                               3.3
xdut.qb__t2                            1.62522
xdut.q__t2                             1.62439
xdut.vdd__t3                           3.29999
xdut.vdd__t1                               3.3
bl                                         3.3
xdut.vsubs                                   0
blb                                          0
q                                      1.62439
qb                                     1.62485
vss                                   0.685073
wl                                           0
vwl#branch                                   0
vblb#branch                        3.65206e-05
vbl#branch                        -9.30944e-12
vvdd#branch                       -3.65207e-05


No. of Data Rows : 429
Reset re-loads circuit * by-hand pex write-margin testbench, extracted leg (issue #95).

Circuit: * by-hand pex write-margin testbench, extracted leg (issue #95).

Doing analysis at TEMP = 125.000000 and TNOM = 27.000000

Using SPARSE 1.3 as Direct Linear Solver

Initial Transient Solution
--------------------------

Node                                   Voltage
----                                   -------
vdd                                        3.3
xdut.q__t3                             1.62439
xdut.wl__t0                                  0
xdut.bl__t0                                3.3
xdut.vss__t0                          0.685073
xdut.blb__t0                       5.91634e-05
xdut.wl__t1                                  0
xdut.qb__t3                            1.62485
xdut.vss__t1                          0.685053
xdut.vss__t4                          0.685077
xdut.qb__t0                            1.62485
xdut.q__t4                             1.62414
xdut.vss__t2                          0.685073
xdut.qb__t4                             1.6246
xdut.q__t0                             1.62439
xdut.vss__t5                          0.685077
xdut.vss__t3                          0.685073
xdut.vdd__t2                           3.29999
xdut.qb__t1                            1.62485
xdut.q__t1                             1.62475
xdut.vdd__t0                               3.3
xdut.qb__t2                            1.62522
xdut.q__t2                             1.62439
xdut.vdd__t3                           3.29999
xdut.vdd__t1                               3.3
bl                                         3.3
xdut.vsubs                                   0
blb                                          0
q                                      1.62439
qb                                     1.62485
vss                                   0.685073
wl                                           0
vwl#branch                                   0
vblb#branch                        3.65206e-05
vbl#branch                        -9.30944e-12
vvdd#branch                       -3.65207e-05


No. of Data Rows : 429
Reset re-loads circuit * by-hand pex write-margin testbench, extracted leg (issue #95).

Circuit: * by-hand pex write-margin testbench, extracted leg (issue #95).

Doing analysis at TEMP = 125.000000 and TNOM = 27.000000

Using SPARSE 1.3 as Direct Linear Solver

Initial Transient Solution
--------------------------

Node                                   Voltage
----                                   -------
vdd                                        3.3
xdut.q__t3                             1.62439
xdut.wl__t0                                  0
xdut.bl__t0                                3.3
xdut.vss__t0                          0.685073
xdut.blb__t0                       5.91634e-05
xdut.wl__t1                                  0
xdut.qb__t3                            1.62485
xdut.vss__t1                          0.685053
xdut.vss__t4                          0.685077
xdut.qb__t0                            1.62485
xdut.q__t4                             1.62414
xdut.vss__t2                          0.685073
xdut.qb__t4                             1.6246
xdut.q__t0                             1.62439
xdut.vss__t5                          0.685077
xdut.vss__t3                          0.685073
xdut.vdd__t2                           3.29999
xdut.qb__t1                            1.62485
xdut.q__t1                             1.62475
xdut.vdd__t0                               3.3
xdut.qb__t2                            1.62522
xdut.q__t2                             1.62439
xdut.vdd__t3                           3.29999
xdut.vdd__t1                               3.3
bl                                         3.3
xdut.vsubs                                   0
blb                                          0
q                                      1.62439
qb                                     1.62485
vss                                   0.685073
wl                                           0
vwl#branch                                   0
vblb#branch                        3.65206e-05
vbl#branch                        -9.30944e-12
vvdd#branch                       -3.65207e-05


No. of Data Rows : 429
RESULT: write_trip_voltage_v = 1.82584
RESULT: write_vdd_v = 3.3
Note: Simulation executed from .control section 
=== corner: ff_125c_3.30v (process=ff temp=125C vdd=3.30V) ===
=== ngspice exit status: 0 ===
