
Note: No compatibility mode selected!


Circuit: * by-hand pex write-margin testbench, extracted leg (issue #95).

Reset re-loads circuit * by-hand pex write-margin testbench, extracted leg (issue #95).

Circuit: * by-hand pex write-margin testbench, extracted leg (issue #95).

Doing analysis at TEMP = 125.000000 and TNOM = 27.000000

Using SPARSE 1.3 as Direct Linear Solver

Initial Transient Solution
--------------------------

Node                                   Voltage
----                                   -------
vdd                                       2.97
xdut.q__t3                             1.51412
xdut.wl__t0                                  0
xdut.bl__t0                               2.97
xdut.vss__t0                          0.673396
xdut.blb__t0                       4.22738e-05
xdut.wl__t1                                  0
xdut.qb__t3                            1.51457
xdut.vss__t1                          0.673382
xdut.vss__t4                          0.673399
xdut.qb__t0                            1.51457
xdut.q__t4                             1.51394
xdut.vss__t2                          0.673396
xdut.qb__t4                            1.51439
xdut.q__t0                             1.51412
xdut.vss__t5                          0.673399
xdut.vss__t3                          0.673396
xdut.vdd__t2                           2.96999
xdut.qb__t1                            1.51457
xdut.q__t1                             1.51438
xdut.vdd__t0                              2.97
xdut.qb__t2                            1.51483
xdut.q__t2                             1.51412
xdut.vdd__t3                           2.96999
xdut.vdd__t1                              2.97
bl                                        2.97
xdut.vsubs                                   0
blb                                          0
q                                      1.51412
qb                                     1.51457
vss                                   0.673396
wl                                           0
vwl#branch                                   0
vblb#branch                        2.60949e-05
vbl#branch                        -8.33134e-12
vvdd#branch                        -2.6095e-05


No. of Data Rows : 429
Reset re-loads circuit * by-hand pex write-margin testbench, extracted leg (issue #95).

Circuit: * by-hand pex write-margin testbench, extracted leg (issue #95).

Doing analysis at TEMP = 125.000000 and TNOM = 27.000000

Using SPARSE 1.3 as Direct Linear Solver

Initial Transient Solution
--------------------------

Node                                   Voltage
----                                   -------
vdd                                       2.97
xdut.q__t3                             1.51412
xdut.wl__t0                                  0
xdut.bl__t0                               2.97
xdut.vss__t0                          0.673396
xdut.blb__t0                       4.22738e-05
xdut.wl__t1                                  0
xdut.qb__t3                            1.51457
xdut.vss__t1                          0.673382
xdut.vss__t4                          0.673399
xdut.qb__t0                            1.51457
xdut.q__t4                             1.51394
xdut.vss__t2                          0.673396
xdut.qb__t4                            1.51439
xdut.q__t0                             1.51412
xdut.vss__t5                          0.673399
xdut.vss__t3                          0.673396
xdut.vdd__t2                           2.96999
xdut.qb__t1                            1.51457
xdut.q__t1                             1.51438
xdut.vdd__t0                              2.97
xdut.qb__t2                            1.51483
xdut.q__t2                             1.51412
xdut.vdd__t3                           2.96999
xdut.vdd__t1                              2.97
bl                                        2.97
xdut.vsubs                                   0
blb                                          0
q                                      1.51412
qb                                     1.51457
vss                                   0.673396
wl                                           0
vwl#branch                                   0
vblb#branch                        2.60949e-05
vbl#branch                        -8.33134e-12
vvdd#branch                        -2.6095e-05


No. of Data Rows : 429
Reset re-loads circuit * by-hand pex write-margin testbench, extracted leg (issue #95).

Circuit: * by-hand pex write-margin testbench, extracted leg (issue #95).

Doing analysis at TEMP = 125.000000 and TNOM = 27.000000

Using SPARSE 1.3 as Direct Linear Solver

Initial Transient Solution
--------------------------

Node                                   Voltage
----                                   -------
vdd                                       2.97
xdut.q__t3                             1.51412
xdut.wl__t0                                  0
xdut.bl__t0                               2.97
xdut.vss__t0                          0.673396
xdut.blb__t0                       4.22738e-05
xdut.wl__t1                                  0
xdut.qb__t3                            1.51457
xdut.vss__t1                          0.673382
xdut.vss__t4                          0.673399
xdut.qb__t0                            1.51457
xdut.q__t4                             1.51394
xdut.vss__t2                          0.673396
xdut.qb__t4                            1.51439
xdut.q__t0                             1.51412
xdut.vss__t5                          0.673399
xdut.vss__t3                          0.673396
xdut.vdd__t2                           2.96999
xdut.qb__t1                            1.51457
xdut.q__t1                             1.51438
xdut.vdd__t0                              2.97
xdut.qb__t2                            1.51483
xdut.q__t2                             1.51412
xdut.vdd__t3                           2.96999
xdut.vdd__t1                              2.97
bl                                        2.97
xdut.vsubs                                   0
blb                                          0
q                                      1.51412
qb                                     1.51457
vss                                   0.673396
wl                                           0
vwl#branch                                   0
vblb#branch                        2.60949e-05
vbl#branch                        -8.33134e-12
vvdd#branch                        -2.6095e-05


No. of Data Rows : 429
Reset re-loads circuit * by-hand pex write-margin testbench, extracted leg (issue #95).

Circuit: * by-hand pex write-margin testbench, extracted leg (issue #95).

Doing analysis at TEMP = 125.000000 and TNOM = 27.000000

Using SPARSE 1.3 as Direct Linear Solver

Initial Transient Solution
--------------------------

Node                                   Voltage
----                                   -------
vdd                                       2.97
xdut.q__t3                             1.51412
xdut.wl__t0                                  0
xdut.bl__t0                               2.97
xdut.vss__t0                          0.673396
xdut.blb__t0                       4.22738e-05
xdut.wl__t1                                  0
xdut.qb__t3                            1.51457
xdut.vss__t1                          0.673382
xdut.vss__t4                          0.673399
xdut.qb__t0                            1.51457
xdut.q__t4                             1.51394
xdut.vss__t2                          0.673396
xdut.qb__t4                            1.51439
xdut.q__t0                             1.51412
xdut.vss__t5                          0.673399
xdut.vss__t3                          0.673396
xdut.vdd__t2                           2.96999
xdut.qb__t1                            1.51457
xdut.q__t1                             1.51438
xdut.vdd__t0                              2.97
xdut.qb__t2                            1.51483
xdut.q__t2                             1.51412
xdut.vdd__t3                           2.96999
xdut.vdd__t1                              2.97
bl                                        2.97
xdut.vsubs                                   0
blb                                          0
q                                      1.51412
qb                                     1.51457
vss                                   0.673396
wl                                           0
vwl#branch                                   0
vblb#branch                        2.60949e-05
vbl#branch                        -8.33134e-12
vvdd#branch                        -2.6095e-05


No. of Data Rows : 429
Reset re-loads circuit * by-hand pex write-margin testbench, extracted leg (issue #95).

Circuit: * by-hand pex write-margin testbench, extracted leg (issue #95).

Doing analysis at TEMP = 125.000000 and TNOM = 27.000000

Using SPARSE 1.3 as Direct Linear Solver

Initial Transient Solution
--------------------------

Node                                   Voltage
----                                   -------
vdd                                       2.97
xdut.q__t3                             1.51412
xdut.wl__t0                                  0
xdut.bl__t0                               2.97
xdut.vss__t0                          0.673396
xdut.blb__t0                       4.22738e-05
xdut.wl__t1                                  0
xdut.qb__t3                            1.51457
xdut.vss__t1                          0.673382
xdut.vss__t4                          0.673399
xdut.qb__t0                            1.51457
xdut.q__t4                             1.51394
xdut.vss__t2                          0.673396
xdut.qb__t4                            1.51439
xdut.q__t0                             1.51412
xdut.vss__t5                          0.673399
xdut.vss__t3                          0.673396
xdut.vdd__t2                           2.96999
xdut.qb__t1                            1.51457
xdut.q__t1                             1.51438
xdut.vdd__t0                              2.97
xdut.qb__t2                            1.51483
xdut.q__t2                             1.51412
xdut.vdd__t3                           2.96999
xdut.vdd__t1                              2.97
bl                                        2.97
xdut.vsubs                                   0
blb                                          0
q                                      1.51412
qb                                     1.51457
vss                                   0.673396
wl                                           0
vwl#branch                                   0
vblb#branch                        2.60949e-05
vbl#branch                        -8.33134e-12
vvdd#branch                        -2.6095e-05


No. of Data Rows : 429
Reset re-loads circuit * by-hand pex write-margin testbench, extracted leg (issue #95).

Circuit: * by-hand pex write-margin testbench, extracted leg (issue #95).

Doing analysis at TEMP = 125.000000 and TNOM = 27.000000

Using SPARSE 1.3 as Direct Linear Solver

Initial Transient Solution
--------------------------

Node                                   Voltage
----                                   -------
vdd                                       2.97
xdut.q__t3                             1.51412
xdut.wl__t0                                  0
xdut.bl__t0                               2.97
xdut.vss__t0                          0.673396
xdut.blb__t0                       4.22738e-05
xdut.wl__t1                                  0
xdut.qb__t3                            1.51457
xdut.vss__t1                          0.673382
xdut.vss__t4                          0.673399
xdut.qb__t0                            1.51457
xdut.q__t4                             1.51394
xdut.vss__t2                          0.673396
xdut.qb__t4                            1.51439
xdut.q__t0                             1.51412
xdut.vss__t5                          0.673399
xdut.vss__t3                          0.673396
xdut.vdd__t2                           2.96999
xdut.qb__t1                            1.51457
xdut.q__t1                             1.51438
xdut.vdd__t0                              2.97
xdut.qb__t2                            1.51483
xdut.q__t2                             1.51412
xdut.vdd__t3                           2.96999
xdut.vdd__t1                              2.97
bl                                        2.97
xdut.vsubs                                   0
blb                                          0
q                                      1.51412
qb                                     1.51457
vss                                   0.673396
wl                                           0
vwl#branch                                   0
vblb#branch                        2.60949e-05
vbl#branch                        -8.33134e-12
vvdd#branch                        -2.6095e-05


No. of Data Rows : 429
Reset re-loads circuit * by-hand pex write-margin testbench, extracted leg (issue #95).

Circuit: * by-hand pex write-margin testbench, extracted leg (issue #95).

Doing analysis at TEMP = 125.000000 and TNOM = 27.000000

Using SPARSE 1.3 as Direct Linear Solver

Initial Transient Solution
--------------------------

Node                                   Voltage
----                                   -------
vdd                                       2.97
xdut.q__t3                             1.51412
xdut.wl__t0                                  0
xdut.bl__t0                               2.97
xdut.vss__t0                          0.673396
xdut.blb__t0                       4.22738e-05
xdut.wl__t1                                  0
xdut.qb__t3                            1.51457
xdut.vss__t1                          0.673382
xdut.vss__t4                          0.673399
xdut.qb__t0                            1.51457
xdut.q__t4                             1.51394
xdut.vss__t2                          0.673396
xdut.qb__t4                            1.51439
xdut.q__t0                             1.51412
xdut.vss__t5                          0.673399
xdut.vss__t3                          0.673396
xdut.vdd__t2                           2.96999
xdut.qb__t1                            1.51457
xdut.q__t1                             1.51438
xdut.vdd__t0                              2.97
xdut.qb__t2                            1.51483
xdut.q__t2                             1.51412
xdut.vdd__t3                           2.96999
xdut.vdd__t1                              2.97
bl                                        2.97
xdut.vsubs                                   0
blb                                          0
q                                      1.51412
qb                                     1.51457
vss                                   0.673396
wl                                           0
vwl#branch                                   0
vblb#branch                        2.60949e-05
vbl#branch                        -8.33134e-12
vvdd#branch                        -2.6095e-05


No. of Data Rows : 429
Reset re-loads circuit * by-hand pex write-margin testbench, extracted leg (issue #95).

Circuit: * by-hand pex write-margin testbench, extracted leg (issue #95).

Doing analysis at TEMP = 125.000000 and TNOM = 27.000000

Using SPARSE 1.3 as Direct Linear Solver

Initial Transient Solution
--------------------------

Node                                   Voltage
----                                   -------
vdd                                       2.97
xdut.q__t3                             1.51412
xdut.wl__t0                                  0
xdut.bl__t0                               2.97
xdut.vss__t0                          0.673396
xdut.blb__t0                       4.22738e-05
xdut.wl__t1                                  0
xdut.qb__t3                            1.51457
xdut.vss__t1                          0.673382
xdut.vss__t4                          0.673399
xdut.qb__t0                            1.51457
xdut.q__t4                             1.51394
xdut.vss__t2                          0.673396
xdut.qb__t4                            1.51439
xdut.q__t0                             1.51412
xdut.vss__t5                          0.673399
xdut.vss__t3                          0.673396
xdut.vdd__t2                           2.96999
xdut.qb__t1                            1.51457
xdut.q__t1                             1.51438
xdut.vdd__t0                              2.97
xdut.qb__t2                            1.51483
xdut.q__t2                             1.51412
xdut.vdd__t3                           2.96999
xdut.vdd__t1                              2.97
bl                                        2.97
xdut.vsubs                                   0
blb                                          0
q                                      1.51412
qb                                     1.51457
vss                                   0.673396
wl                                           0
vwl#branch                                   0
vblb#branch                        2.60949e-05
vbl#branch                        -8.33134e-12
vvdd#branch                        -2.6095e-05


No. of Data Rows : 429
Reset re-loads circuit * by-hand pex write-margin testbench, extracted leg (issue #95).

Circuit: * by-hand pex write-margin testbench, extracted leg (issue #95).

Doing analysis at TEMP = 125.000000 and TNOM = 27.000000

Using SPARSE 1.3 as Direct Linear Solver

Initial Transient Solution
--------------------------

Node                                   Voltage
----                                   -------
vdd                                       2.97
xdut.q__t3                             1.51412
xdut.wl__t0                                  0
xdut.bl__t0                               2.97
xdut.vss__t0                          0.673396
xdut.blb__t0                       4.22738e-05
xdut.wl__t1                                  0
xdut.qb__t3                            1.51457
xdut.vss__t1                          0.673382
xdut.vss__t4                          0.673399
xdut.qb__t0                            1.51457
xdut.q__t4                             1.51394
xdut.vss__t2                          0.673396
xdut.qb__t4                            1.51439
xdut.q__t0                             1.51412
xdut.vss__t5                          0.673399
xdut.vss__t3                          0.673396
xdut.vdd__t2                           2.96999
xdut.qb__t1                            1.51457
xdut.q__t1                             1.51438
xdut.vdd__t0                              2.97
xdut.qb__t2                            1.51483
xdut.q__t2                             1.51412
xdut.vdd__t3                           2.96999
xdut.vdd__t1                              2.97
bl                                        2.97
xdut.vsubs                                   0
blb                                          0
q                                      1.51412
qb                                     1.51457
vss                                   0.673396
wl                                           0
vwl#branch                                   0
vblb#branch                        2.60949e-05
vbl#branch                        -8.33134e-12
vvdd#branch                        -2.6095e-05


No. of Data Rows : 429
Reset re-loads circuit * by-hand pex write-margin testbench, extracted leg (issue #95).

Circuit: * by-hand pex write-margin testbench, extracted leg (issue #95).

Doing analysis at TEMP = 125.000000 and TNOM = 27.000000

Using SPARSE 1.3 as Direct Linear Solver

Initial Transient Solution
--------------------------

Node                                   Voltage
----                                   -------
vdd                                       2.97
xdut.q__t3                             1.51412
xdut.wl__t0                                  0
xdut.bl__t0                               2.97
xdut.vss__t0                          0.673396
xdut.blb__t0                       4.22738e-05
xdut.wl__t1                                  0
xdut.qb__t3                            1.51457
xdut.vss__t1                          0.673382
xdut.vss__t4                          0.673399
xdut.qb__t0                            1.51457
xdut.q__t4                             1.51394
xdut.vss__t2                          0.673396
xdut.qb__t4                            1.51439
xdut.q__t0                             1.51412
xdut.vss__t5                          0.673399
xdut.vss__t3                          0.673396
xdut.vdd__t2                           2.96999
xdut.qb__t1                            1.51457
xdut.q__t1                             1.51438
xdut.vdd__t0                              2.97
xdut.qb__t2                            1.51483
xdut.q__t2                             1.51412
xdut.vdd__t3                           2.96999
xdut.vdd__t1                              2.97
bl                                        2.97
xdut.vsubs                                   0
blb                                          0
q                                      1.51412
qb                                     1.51457
vss                                   0.673396
wl                                           0
vwl#branch                                   0
vblb#branch                        2.60949e-05
vbl#branch                        -8.33134e-12
vvdd#branch                        -2.6095e-05


No. of Data Rows : 429
Reset re-loads circuit * by-hand pex write-margin testbench, extracted leg (issue #95).

Circuit: * by-hand pex write-margin testbench, extracted leg (issue #95).

Doing analysis at TEMP = 125.000000 and TNOM = 27.000000

Using SPARSE 1.3 as Direct Linear Solver

Initial Transient Solution
--------------------------

Node                                   Voltage
----                                   -------
vdd                                       2.97
xdut.q__t3                             1.51412
xdut.wl__t0                                  0
xdut.bl__t0                               2.97
xdut.vss__t0                          0.673396
xdut.blb__t0                       4.22738e-05
xdut.wl__t1                                  0
xdut.qb__t3                            1.51457
xdut.vss__t1                          0.673382
xdut.vss__t4                          0.673399
xdut.qb__t0                            1.51457
xdut.q__t4                             1.51394
xdut.vss__t2                          0.673396
xdut.qb__t4                            1.51439
xdut.q__t0                             1.51412
xdut.vss__t5                          0.673399
xdut.vss__t3                          0.673396
xdut.vdd__t2                           2.96999
xdut.qb__t1                            1.51457
xdut.q__t1                             1.51438
xdut.vdd__t0                              2.97
xdut.qb__t2                            1.51483
xdut.q__t2                             1.51412
xdut.vdd__t3                           2.96999
xdut.vdd__t1                              2.97
bl                                        2.97
xdut.vsubs                                   0
blb                                          0
q                                      1.51412
qb                                     1.51457
vss                                   0.673396
wl                                           0
vwl#branch                                   0
vblb#branch                        2.60949e-05
vbl#branch                        -8.33134e-12
vvdd#branch                        -2.6095e-05


No. of Data Rows : 429
Reset re-loads circuit * by-hand pex write-margin testbench, extracted leg (issue #95).

Circuit: * by-hand pex write-margin testbench, extracted leg (issue #95).

Doing analysis at TEMP = 125.000000 and TNOM = 27.000000

Using SPARSE 1.3 as Direct Linear Solver

Initial Transient Solution
--------------------------

Node                                   Voltage
----                                   -------
vdd                                       2.97
xdut.q__t3                             1.51412
xdut.wl__t0                                  0
xdut.bl__t0                               2.97
xdut.vss__t0                          0.673396
xdut.blb__t0                       4.22738e-05
xdut.wl__t1                                  0
xdut.qb__t3                            1.51457
xdut.vss__t1                          0.673382
xdut.vss__t4                          0.673399
xdut.qb__t0                            1.51457
xdut.q__t4                             1.51394
xdut.vss__t2                          0.673396
xdut.qb__t4                            1.51439
xdut.q__t0                             1.51412
xdut.vss__t5                          0.673399
xdut.vss__t3                          0.673396
xdut.vdd__t2                           2.96999
xdut.qb__t1                            1.51457
xdut.q__t1                             1.51438
xdut.vdd__t0                              2.97
xdut.qb__t2                            1.51483
xdut.q__t2                             1.51412
xdut.vdd__t3                           2.96999
xdut.vdd__t1                              2.97
bl                                        2.97
xdut.vsubs                                   0
blb                                          0
q                                      1.51412
qb                                     1.51457
vss                                   0.673396
wl                                           0
vwl#branch                                   0
vblb#branch                        2.60949e-05
vbl#branch                        -8.33134e-12
vvdd#branch                        -2.6095e-05


No. of Data Rows : 429
Reset re-loads circuit * by-hand pex write-margin testbench, extracted leg (issue #95).

Circuit: * by-hand pex write-margin testbench, extracted leg (issue #95).

Doing analysis at TEMP = 125.000000 and TNOM = 27.000000

Using SPARSE 1.3 as Direct Linear Solver

Initial Transient Solution
--------------------------

Node                                   Voltage
----                                   -------
vdd                                       2.97
xdut.q__t3                             1.51412
xdut.wl__t0                                  0
xdut.bl__t0                               2.97
xdut.vss__t0                          0.673396
xdut.blb__t0                       4.22738e-05
xdut.wl__t1                                  0
xdut.qb__t3                            1.51457
xdut.vss__t1                          0.673382
xdut.vss__t4                          0.673399
xdut.qb__t0                            1.51457
xdut.q__t4                             1.51394
xdut.vss__t2                          0.673396
xdut.qb__t4                            1.51439
xdut.q__t0                             1.51412
xdut.vss__t5                          0.673399
xdut.vss__t3                          0.673396
xdut.vdd__t2                           2.96999
xdut.qb__t1                            1.51457
xdut.q__t1                             1.51438
xdut.vdd__t0                              2.97
xdut.qb__t2                            1.51483
xdut.q__t2                             1.51412
xdut.vdd__t3                           2.96999
xdut.vdd__t1                              2.97
bl                                        2.97
xdut.vsubs                                   0
blb                                          0
q                                      1.51412
qb                                     1.51457
vss                                   0.673396
wl                                           0
vwl#branch                                   0
vblb#branch                        2.60949e-05
vbl#branch                        -8.33134e-12
vvdd#branch                        -2.6095e-05


No. of Data Rows : 429
Reset re-loads circuit * by-hand pex write-margin testbench, extracted leg (issue #95).

Circuit: * by-hand pex write-margin testbench, extracted leg (issue #95).

Doing analysis at TEMP = 125.000000 and TNOM = 27.000000

Using SPARSE 1.3 as Direct Linear Solver

Initial Transient Solution
--------------------------

Node                                   Voltage
----                                   -------
vdd                                       2.97
xdut.q__t3                             1.51412
xdut.wl__t0                                  0
xdut.bl__t0                               2.97
xdut.vss__t0                          0.673396
xdut.blb__t0                       4.22738e-05
xdut.wl__t1                                  0
xdut.qb__t3                            1.51457
xdut.vss__t1                          0.673382
xdut.vss__t4                          0.673399
xdut.qb__t0                            1.51457
xdut.q__t4                             1.51394
xdut.vss__t2                          0.673396
xdut.qb__t4                            1.51439
xdut.q__t0                             1.51412
xdut.vss__t5                          0.673399
xdut.vss__t3                          0.673396
xdut.vdd__t2                           2.96999
xdut.qb__t1                            1.51457
xdut.q__t1                             1.51438
xdut.vdd__t0                              2.97
xdut.qb__t2                            1.51483
xdut.q__t2                             1.51412
xdut.vdd__t3                           2.96999
xdut.vdd__t1                              2.97
bl                                        2.97
xdut.vsubs                                   0
blb                                          0
q                                      1.51412
qb                                     1.51457
vss                                   0.673396
wl                                           0
vwl#branch                                   0
vblb#branch                        2.60949e-05
vbl#branch                        -8.33134e-12
vvdd#branch                        -2.6095e-05


No. of Data Rows : 429
Reset re-loads circuit * by-hand pex write-margin testbench, extracted leg (issue #95).

Circuit: * by-hand pex write-margin testbench, extracted leg (issue #95).

Doing analysis at TEMP = 125.000000 and TNOM = 27.000000

Using SPARSE 1.3 as Direct Linear Solver

Initial Transient Solution
--------------------------

Node                                   Voltage
----                                   -------
vdd                                       2.97
xdut.q__t3                             1.51412
xdut.wl__t0                                  0
xdut.bl__t0                               2.97
xdut.vss__t0                          0.673396
xdut.blb__t0                       4.22738e-05
xdut.wl__t1                                  0
xdut.qb__t3                            1.51457
xdut.vss__t1                          0.673382
xdut.vss__t4                          0.673399
xdut.qb__t0                            1.51457
xdut.q__t4                             1.51394
xdut.vss__t2                          0.673396
xdut.qb__t4                            1.51439
xdut.q__t0                             1.51412
xdut.vss__t5                          0.673399
xdut.vss__t3                          0.673396
xdut.vdd__t2                           2.96999
xdut.qb__t1                            1.51457
xdut.q__t1                             1.51438
xdut.vdd__t0                              2.97
xdut.qb__t2                            1.51483
xdut.q__t2                             1.51412
xdut.vdd__t3                           2.96999
xdut.vdd__t1                              2.97
bl                                        2.97
xdut.vsubs                                   0
blb                                          0
q                                      1.51412
qb                                     1.51457
vss                                   0.673396
wl                                           0
vwl#branch                                   0
vblb#branch                        2.60949e-05
vbl#branch                        -8.33134e-12
vvdd#branch                        -2.6095e-05


No. of Data Rows : 429
Reset re-loads circuit * by-hand pex write-margin testbench, extracted leg (issue #95).

Circuit: * by-hand pex write-margin testbench, extracted leg (issue #95).

Doing analysis at TEMP = 125.000000 and TNOM = 27.000000

Using SPARSE 1.3 as Direct Linear Solver

Initial Transient Solution
--------------------------

Node                                   Voltage
----                                   -------
vdd                                       2.97
xdut.q__t3                             1.51412
xdut.wl__t0                                  0
xdut.bl__t0                               2.97
xdut.vss__t0                          0.673396
xdut.blb__t0                       4.22738e-05
xdut.wl__t1                                  0
xdut.qb__t3                            1.51457
xdut.vss__t1                          0.673382
xdut.vss__t4                          0.673399
xdut.qb__t0                            1.51457
xdut.q__t4                             1.51394
xdut.vss__t2                          0.673396
xdut.qb__t4                            1.51439
xdut.q__t0                             1.51412
xdut.vss__t5                          0.673399
xdut.vss__t3                          0.673396
xdut.vdd__t2                           2.96999
xdut.qb__t1                            1.51457
xdut.q__t1                             1.51438
xdut.vdd__t0                              2.97
xdut.qb__t2                            1.51483
xdut.q__t2                             1.51412
xdut.vdd__t3                           2.96999
xdut.vdd__t1                              2.97
bl                                        2.97
xdut.vsubs                                   0
blb                                          0
q                                      1.51412
qb                                     1.51457
vss                                   0.673396
wl                                           0
vwl#branch                                   0
vblb#branch                        2.60949e-05
vbl#branch                        -8.33134e-12
vvdd#branch                        -2.6095e-05


No. of Data Rows : 429
RESULT: write_trip_voltage_v = 1.63655
RESULT: write_vdd_v = 2.97
Note: Simulation executed from .control section 
=== corner: ff_125c_2.97v (process=ff temp=125C vdd=2.97V) ===
=== ngspice exit status: 0 ===
