
Note: No compatibility mode selected!


Circuit: * by-hand pex write-margin testbench, extracted leg (issue #95).

Reset re-loads circuit * by-hand pex write-margin testbench, extracted leg (issue #95).

Circuit: * by-hand pex write-margin testbench, extracted leg (issue #95).

Doing analysis at TEMP = 25.000000 and TNOM = 27.000000

Using SPARSE 1.3 as Direct Linear Solver

Initial Transient Solution
--------------------------

Node                                   Voltage
----                                   -------
vdd                                        3.3
xdut.q__t3                            0.470528
xdut.wl__t0                                  0
xdut.bl__t0                                3.3
xdut.vss__t0                          0.470528
xdut.blb__t0                       8.95841e-10
xdut.wl__t1                                  0
xdut.qb__t3                            3.29999
xdut.vss__t1                          0.470528
xdut.vss__t4                          0.470528
xdut.qb__t0                            3.29999
xdut.q__t4                            0.470528
xdut.vss__t2                          0.470528
xdut.qb__t4                            3.29999
xdut.q__t0                            0.470528
xdut.vss__t5                          0.470528
xdut.vss__t3                          0.470528
xdut.vdd__t2                               3.3
xdut.qb__t1                            3.29999
xdut.q__t1                            0.470528
xdut.vdd__t0                               3.3
xdut.qb__t2                            3.29999
xdut.q__t2                            0.470528
xdut.vdd__t3                               3.3
xdut.vdd__t1                               3.3
bl                                         3.3
xdut.vsubs                                   0
blb                                          0
q                                     0.470528
qb                                     3.29999
vss                                   0.470528
wl                                           0
vwl#branch                                   0
vblb#branch                        5.52988e-10
vbl#branch                        -9.42979e-12
vvdd#branch                       -5.92574e-10


No. of Data Rows : 429
Reset re-loads circuit * by-hand pex write-margin testbench, extracted leg (issue #95).

Circuit: * by-hand pex write-margin testbench, extracted leg (issue #95).

Doing analysis at TEMP = 25.000000 and TNOM = 27.000000

Using SPARSE 1.3 as Direct Linear Solver

Initial Transient Solution
--------------------------

Node                                   Voltage
----                                   -------
vdd                                        3.3
xdut.q__t3                            0.470528
xdut.wl__t0                                  0
xdut.bl__t0                                3.3
xdut.vss__t0                          0.470528
xdut.blb__t0                       8.95841e-10
xdut.wl__t1                                  0
xdut.qb__t3                            3.29999
xdut.vss__t1                          0.470528
xdut.vss__t4                          0.470528
xdut.qb__t0                            3.29999
xdut.q__t4                            0.470528
xdut.vss__t2                          0.470528
xdut.qb__t4                            3.29999
xdut.q__t0                            0.470528
xdut.vss__t5                          0.470528
xdut.vss__t3                          0.470528
xdut.vdd__t2                               3.3
xdut.qb__t1                            3.29999
xdut.q__t1                            0.470528
xdut.vdd__t0                               3.3
xdut.qb__t2                            3.29999
xdut.q__t2                            0.470528
xdut.vdd__t3                               3.3
xdut.vdd__t1                               3.3
bl                                         3.3
xdut.vsubs                                   0
blb                                          0
q                                     0.470528
qb                                     3.29999
vss                                   0.470528
wl                                           0
vwl#branch                                   0
vblb#branch                        5.52988e-10
vbl#branch                        -9.42979e-12
vvdd#branch                       -5.92574e-10


No. of Data Rows : 429
Reset re-loads circuit * by-hand pex write-margin testbench, extracted leg (issue #95).

Circuit: * by-hand pex write-margin testbench, extracted leg (issue #95).

Doing analysis at TEMP = 25.000000 and TNOM = 27.000000

Using SPARSE 1.3 as Direct Linear Solver

Initial Transient Solution
--------------------------

Node                                   Voltage
----                                   -------
vdd                                        3.3
xdut.q__t3                            0.470528
xdut.wl__t0                                  0
xdut.bl__t0                                3.3
xdut.vss__t0                          0.470528
xdut.blb__t0                       8.95841e-10
xdut.wl__t1                                  0
xdut.qb__t3                            3.29999
xdut.vss__t1                          0.470528
xdut.vss__t4                          0.470528
xdut.qb__t0                            3.29999
xdut.q__t4                            0.470528
xdut.vss__t2                          0.470528
xdut.qb__t4                            3.29999
xdut.q__t0                            0.470528
xdut.vss__t5                          0.470528
xdut.vss__t3                          0.470528
xdut.vdd__t2                               3.3
xdut.qb__t1                            3.29999
xdut.q__t1                            0.470528
xdut.vdd__t0                               3.3
xdut.qb__t2                            3.29999
xdut.q__t2                            0.470528
xdut.vdd__t3                               3.3
xdut.vdd__t1                               3.3
bl                                         3.3
xdut.vsubs                                   0
blb                                          0
q                                     0.470528
qb                                     3.29999
vss                                   0.470528
wl                                           0
vwl#branch                                   0
vblb#branch                        5.52988e-10
vbl#branch                        -9.42979e-12
vvdd#branch                       -5.92574e-10


No. of Data Rows : 429
Reset re-loads circuit * by-hand pex write-margin testbench, extracted leg (issue #95).

Circuit: * by-hand pex write-margin testbench, extracted leg (issue #95).

Doing analysis at TEMP = 25.000000 and TNOM = 27.000000

Using SPARSE 1.3 as Direct Linear Solver

Initial Transient Solution
--------------------------

Node                                   Voltage
----                                   -------
vdd                                        3.3
xdut.q__t3                            0.470528
xdut.wl__t0                                  0
xdut.bl__t0                                3.3
xdut.vss__t0                          0.470528
xdut.blb__t0                       8.95841e-10
xdut.wl__t1                                  0
xdut.qb__t3                            3.29999
xdut.vss__t1                          0.470528
xdut.vss__t4                          0.470528
xdut.qb__t0                            3.29999
xdut.q__t4                            0.470528
xdut.vss__t2                          0.470528
xdut.qb__t4                            3.29999
xdut.q__t0                            0.470528
xdut.vss__t5                          0.470528
xdut.vss__t3                          0.470528
xdut.vdd__t2                               3.3
xdut.qb__t1                            3.29999
xdut.q__t1                            0.470528
xdut.vdd__t0                               3.3
xdut.qb__t2                            3.29999
xdut.q__t2                            0.470528
xdut.vdd__t3                               3.3
xdut.vdd__t1                               3.3
bl                                         3.3
xdut.vsubs                                   0
blb                                          0
q                                     0.470528
qb                                     3.29999
vss                                   0.470528
wl                                           0
vwl#branch                                   0
vblb#branch                        5.52988e-10
vbl#branch                        -9.42979e-12
vvdd#branch                       -5.92574e-10


No. of Data Rows : 429
Reset re-loads circuit * by-hand pex write-margin testbench, extracted leg (issue #95).

Circuit: * by-hand pex write-margin testbench, extracted leg (issue #95).

Doing analysis at TEMP = 25.000000 and TNOM = 27.000000

Using SPARSE 1.3 as Direct Linear Solver

Initial Transient Solution
--------------------------

Node                                   Voltage
----                                   -------
vdd                                        3.3
xdut.q__t3                            0.470528
xdut.wl__t0                                  0
xdut.bl__t0                                3.3
xdut.vss__t0                          0.470528
xdut.blb__t0                       8.95841e-10
xdut.wl__t1                                  0
xdut.qb__t3                            3.29999
xdut.vss__t1                          0.470528
xdut.vss__t4                          0.470528
xdut.qb__t0                            3.29999
xdut.q__t4                            0.470528
xdut.vss__t2                          0.470528
xdut.qb__t4                            3.29999
xdut.q__t0                            0.470528
xdut.vss__t5                          0.470528
xdut.vss__t3                          0.470528
xdut.vdd__t2                               3.3
xdut.qb__t1                            3.29999
xdut.q__t1                            0.470528
xdut.vdd__t0                               3.3
xdut.qb__t2                            3.29999
xdut.q__t2                            0.470528
xdut.vdd__t3                               3.3
xdut.vdd__t1                               3.3
bl                                         3.3
xdut.vsubs                                   0
blb                                          0
q                                     0.470528
qb                                     3.29999
vss                                   0.470528
wl                                           0
vwl#branch                                   0
vblb#branch                        5.52988e-10
vbl#branch                        -9.42979e-12
vvdd#branch                       -5.92574e-10


No. of Data Rows : 429
Reset re-loads circuit * by-hand pex write-margin testbench, extracted leg (issue #95).

Circuit: * by-hand pex write-margin testbench, extracted leg (issue #95).

Doing analysis at TEMP = 25.000000 and TNOM = 27.000000

Using SPARSE 1.3 as Direct Linear Solver

Initial Transient Solution
--------------------------

Node                                   Voltage
----                                   -------
vdd                                        3.3
xdut.q__t3                            0.470528
xdut.wl__t0                                  0
xdut.bl__t0                                3.3
xdut.vss__t0                          0.470528
xdut.blb__t0                       8.95841e-10
xdut.wl__t1                                  0
xdut.qb__t3                            3.29999
xdut.vss__t1                          0.470528
xdut.vss__t4                          0.470528
xdut.qb__t0                            3.29999
xdut.q__t4                            0.470528
xdut.vss__t2                          0.470528
xdut.qb__t4                            3.29999
xdut.q__t0                            0.470528
xdut.vss__t5                          0.470528
xdut.vss__t3                          0.470528
xdut.vdd__t2                               3.3
xdut.qb__t1                            3.29999
xdut.q__t1                            0.470528
xdut.vdd__t0                               3.3
xdut.qb__t2                            3.29999
xdut.q__t2                            0.470528
xdut.vdd__t3                               3.3
xdut.vdd__t1                               3.3
bl                                         3.3
xdut.vsubs                                   0
blb                                          0
q                                     0.470528
qb                                     3.29999
vss                                   0.470528
wl                                           0
vwl#branch                                   0
vblb#branch                        5.52988e-10
vbl#branch                        -9.42979e-12
vvdd#branch                       -5.92574e-10


No. of Data Rows : 429
Reset re-loads circuit * by-hand pex write-margin testbench, extracted leg (issue #95).

Circuit: * by-hand pex write-margin testbench, extracted leg (issue #95).

Doing analysis at TEMP = 25.000000 and TNOM = 27.000000

Using SPARSE 1.3 as Direct Linear Solver

Initial Transient Solution
--------------------------

Node                                   Voltage
----                                   -------
vdd                                        3.3
xdut.q__t3                            0.470528
xdut.wl__t0                                  0
xdut.bl__t0                                3.3
xdut.vss__t0                          0.470528
xdut.blb__t0                       8.95841e-10
xdut.wl__t1                                  0
xdut.qb__t3                            3.29999
xdut.vss__t1                          0.470528
xdut.vss__t4                          0.470528
xdut.qb__t0                            3.29999
xdut.q__t4                            0.470528
xdut.vss__t2                          0.470528
xdut.qb__t4                            3.29999
xdut.q__t0                            0.470528
xdut.vss__t5                          0.470528
xdut.vss__t3                          0.470528
xdut.vdd__t2                               3.3
xdut.qb__t1                            3.29999
xdut.q__t1                            0.470528
xdut.vdd__t0                               3.3
xdut.qb__t2                            3.29999
xdut.q__t2                            0.470528
xdut.vdd__t3                               3.3
xdut.vdd__t1                               3.3
bl                                         3.3
xdut.vsubs                                   0
blb                                          0
q                                     0.470528
qb                                     3.29999
vss                                   0.470528
wl                                           0
vwl#branch                                   0
vblb#branch                        5.52988e-10
vbl#branch                        -9.42979e-12
vvdd#branch                       -5.92574e-10


No. of Data Rows : 429
Reset re-loads circuit * by-hand pex write-margin testbench, extracted leg (issue #95).

Circuit: * by-hand pex write-margin testbench, extracted leg (issue #95).

Doing analysis at TEMP = 25.000000 and TNOM = 27.000000

Using SPARSE 1.3 as Direct Linear Solver

Initial Transient Solution
--------------------------

Node                                   Voltage
----                                   -------
vdd                                        3.3
xdut.q__t3                            0.470528
xdut.wl__t0                                  0
xdut.bl__t0                                3.3
xdut.vss__t0                          0.470528
xdut.blb__t0                       8.95841e-10
xdut.wl__t1                                  0
xdut.qb__t3                            3.29999
xdut.vss__t1                          0.470528
xdut.vss__t4                          0.470528
xdut.qb__t0                            3.29999
xdut.q__t4                            0.470528
xdut.vss__t2                          0.470528
xdut.qb__t4                            3.29999
xdut.q__t0                            0.470528
xdut.vss__t5                          0.470528
xdut.vss__t3                          0.470528
xdut.vdd__t2                               3.3
xdut.qb__t1                            3.29999
xdut.q__t1                            0.470528
xdut.vdd__t0                               3.3
xdut.qb__t2                            3.29999
xdut.q__t2                            0.470528
xdut.vdd__t3                               3.3
xdut.vdd__t1                               3.3
bl                                         3.3
xdut.vsubs                                   0
blb                                          0
q                                     0.470528
qb                                     3.29999
vss                                   0.470528
wl                                           0
vwl#branch                                   0
vblb#branch                        5.52988e-10
vbl#branch                        -9.42979e-12
vvdd#branch                       -5.92574e-10


No. of Data Rows : 429
Reset re-loads circuit * by-hand pex write-margin testbench, extracted leg (issue #95).

Circuit: * by-hand pex write-margin testbench, extracted leg (issue #95).

Doing analysis at TEMP = 25.000000 and TNOM = 27.000000

Using SPARSE 1.3 as Direct Linear Solver

Initial Transient Solution
--------------------------

Node                                   Voltage
----                                   -------
vdd                                        3.3
xdut.q__t3                            0.470528
xdut.wl__t0                                  0
xdut.bl__t0                                3.3
xdut.vss__t0                          0.470528
xdut.blb__t0                       8.95841e-10
xdut.wl__t1                                  0
xdut.qb__t3                            3.29999
xdut.vss__t1                          0.470528
xdut.vss__t4                          0.470528
xdut.qb__t0                            3.29999
xdut.q__t4                            0.470528
xdut.vss__t2                          0.470528
xdut.qb__t4                            3.29999
xdut.q__t0                            0.470528
xdut.vss__t5                          0.470528
xdut.vss__t3                          0.470528
xdut.vdd__t2                               3.3
xdut.qb__t1                            3.29999
xdut.q__t1                            0.470528
xdut.vdd__t0                               3.3
xdut.qb__t2                            3.29999
xdut.q__t2                            0.470528
xdut.vdd__t3                               3.3
xdut.vdd__t1                               3.3
bl                                         3.3
xdut.vsubs                                   0
blb                                          0
q                                     0.470528
qb                                     3.29999
vss                                   0.470528
wl                                           0
vwl#branch                                   0
vblb#branch                        5.52988e-10
vbl#branch                        -9.42979e-12
vvdd#branch                       -5.92574e-10


No. of Data Rows : 429
Reset re-loads circuit * by-hand pex write-margin testbench, extracted leg (issue #95).

Circuit: * by-hand pex write-margin testbench, extracted leg (issue #95).

Doing analysis at TEMP = 25.000000 and TNOM = 27.000000

Using SPARSE 1.3 as Direct Linear Solver

Initial Transient Solution
--------------------------

Node                                   Voltage
----                                   -------
vdd                                        3.3
xdut.q__t3                            0.470528
xdut.wl__t0                                  0
xdut.bl__t0                                3.3
xdut.vss__t0                          0.470528
xdut.blb__t0                       8.95841e-10
xdut.wl__t1                                  0
xdut.qb__t3                            3.29999
xdut.vss__t1                          0.470528
xdut.vss__t4                          0.470528
xdut.qb__t0                            3.29999
xdut.q__t4                            0.470528
xdut.vss__t2                          0.470528
xdut.qb__t4                            3.29999
xdut.q__t0                            0.470528
xdut.vss__t5                          0.470528
xdut.vss__t3                          0.470528
xdut.vdd__t2                               3.3
xdut.qb__t1                            3.29999
xdut.q__t1                            0.470528
xdut.vdd__t0                               3.3
xdut.qb__t2                            3.29999
xdut.q__t2                            0.470528
xdut.vdd__t3                               3.3
xdut.vdd__t1                               3.3
bl                                         3.3
xdut.vsubs                                   0
blb                                          0
q                                     0.470528
qb                                     3.29999
vss                                   0.470528
wl                                           0
vwl#branch                                   0
vblb#branch                        5.52988e-10
vbl#branch                        -9.42979e-12
vvdd#branch                       -5.92574e-10


No. of Data Rows : 429
Reset re-loads circuit * by-hand pex write-margin testbench, extracted leg (issue #95).

Circuit: * by-hand pex write-margin testbench, extracted leg (issue #95).

Doing analysis at TEMP = 25.000000 and TNOM = 27.000000

Using SPARSE 1.3 as Direct Linear Solver

Initial Transient Solution
--------------------------

Node                                   Voltage
----                                   -------
vdd                                        3.3
xdut.q__t3                            0.470528
xdut.wl__t0                                  0
xdut.bl__t0                                3.3
xdut.vss__t0                          0.470528
xdut.blb__t0                       8.95841e-10
xdut.wl__t1                                  0
xdut.qb__t3                            3.29999
xdut.vss__t1                          0.470528
xdut.vss__t4                          0.470528
xdut.qb__t0                            3.29999
xdut.q__t4                            0.470528
xdut.vss__t2                          0.470528
xdut.qb__t4                            3.29999
xdut.q__t0                            0.470528
xdut.vss__t5                          0.470528
xdut.vss__t3                          0.470528
xdut.vdd__t2                               3.3
xdut.qb__t1                            3.29999
xdut.q__t1                            0.470528
xdut.vdd__t0                               3.3
xdut.qb__t2                            3.29999
xdut.q__t2                            0.470528
xdut.vdd__t3                               3.3
xdut.vdd__t1                               3.3
bl                                         3.3
xdut.vsubs                                   0
blb                                          0
q                                     0.470528
qb                                     3.29999
vss                                   0.470528
wl                                           0
vwl#branch                                   0
vblb#branch                        5.52988e-10
vbl#branch                        -9.42979e-12
vvdd#branch                       -5.92574e-10


No. of Data Rows : 429
Reset re-loads circuit * by-hand pex write-margin testbench, extracted leg (issue #95).

Circuit: * by-hand pex write-margin testbench, extracted leg (issue #95).

Doing analysis at TEMP = 25.000000 and TNOM = 27.000000

Using SPARSE 1.3 as Direct Linear Solver

Initial Transient Solution
--------------------------

Node                                   Voltage
----                                   -------
vdd                                        3.3
xdut.q__t3                            0.470528
xdut.wl__t0                                  0
xdut.bl__t0                                3.3
xdut.vss__t0                          0.470528
xdut.blb__t0                       8.95841e-10
xdut.wl__t1                                  0
xdut.qb__t3                            3.29999
xdut.vss__t1                          0.470528
xdut.vss__t4                          0.470528
xdut.qb__t0                            3.29999
xdut.q__t4                            0.470528
xdut.vss__t2                          0.470528
xdut.qb__t4                            3.29999
xdut.q__t0                            0.470528
xdut.vss__t5                          0.470528
xdut.vss__t3                          0.470528
xdut.vdd__t2                               3.3
xdut.qb__t1                            3.29999
xdut.q__t1                            0.470528
xdut.vdd__t0                               3.3
xdut.qb__t2                            3.29999
xdut.q__t2                            0.470528
xdut.vdd__t3                               3.3
xdut.vdd__t1                               3.3
bl                                         3.3
xdut.vsubs                                   0
blb                                          0
q                                     0.470528
qb                                     3.29999
vss                                   0.470528
wl                                           0
vwl#branch                                   0
vblb#branch                        5.52988e-10
vbl#branch                        -9.42979e-12
vvdd#branch                       -5.92574e-10


No. of Data Rows : 429
Reset re-loads circuit * by-hand pex write-margin testbench, extracted leg (issue #95).

Circuit: * by-hand pex write-margin testbench, extracted leg (issue #95).

Doing analysis at TEMP = 25.000000 and TNOM = 27.000000

Using SPARSE 1.3 as Direct Linear Solver

Initial Transient Solution
--------------------------

Node                                   Voltage
----                                   -------
vdd                                        3.3
xdut.q__t3                            0.470528
xdut.wl__t0                                  0
xdut.bl__t0                                3.3
xdut.vss__t0                          0.470528
xdut.blb__t0                       8.95841e-10
xdut.wl__t1                                  0
xdut.qb__t3                            3.29999
xdut.vss__t1                          0.470528
xdut.vss__t4                          0.470528
xdut.qb__t0                            3.29999
xdut.q__t4                            0.470528
xdut.vss__t2                          0.470528
xdut.qb__t4                            3.29999
xdut.q__t0                            0.470528
xdut.vss__t5                          0.470528
xdut.vss__t3                          0.470528
xdut.vdd__t2                               3.3
xdut.qb__t1                            3.29999
xdut.q__t1                            0.470528
xdut.vdd__t0                               3.3
xdut.qb__t2                            3.29999
xdut.q__t2                            0.470528
xdut.vdd__t3                               3.3
xdut.vdd__t1                               3.3
bl                                         3.3
xdut.vsubs                                   0
blb                                          0
q                                     0.470528
qb                                     3.29999
vss                                   0.470528
wl                                           0
vwl#branch                                   0
vblb#branch                        5.52988e-10
vbl#branch                        -9.42979e-12
vvdd#branch                       -5.92574e-10


No. of Data Rows : 429
Reset re-loads circuit * by-hand pex write-margin testbench, extracted leg (issue #95).

Circuit: * by-hand pex write-margin testbench, extracted leg (issue #95).

Doing analysis at TEMP = 25.000000 and TNOM = 27.000000

Using SPARSE 1.3 as Direct Linear Solver

Initial Transient Solution
--------------------------

Node                                   Voltage
----                                   -------
vdd                                        3.3
xdut.q__t3                            0.470528
xdut.wl__t0                                  0
xdut.bl__t0                                3.3
xdut.vss__t0                          0.470528
xdut.blb__t0                       8.95841e-10
xdut.wl__t1                                  0
xdut.qb__t3                            3.29999
xdut.vss__t1                          0.470528
xdut.vss__t4                          0.470528
xdut.qb__t0                            3.29999
xdut.q__t4                            0.470528
xdut.vss__t2                          0.470528
xdut.qb__t4                            3.29999
xdut.q__t0                            0.470528
xdut.vss__t5                          0.470528
xdut.vss__t3                          0.470528
xdut.vdd__t2                               3.3
xdut.qb__t1                            3.29999
xdut.q__t1                            0.470528
xdut.vdd__t0                               3.3
xdut.qb__t2                            3.29999
xdut.q__t2                            0.470528
xdut.vdd__t3                               3.3
xdut.vdd__t1                               3.3
bl                                         3.3
xdut.vsubs                                   0
blb                                          0
q                                     0.470528
qb                                     3.29999
vss                                   0.470528
wl                                           0
vwl#branch                                   0
vblb#branch                        5.52988e-10
vbl#branch                        -9.42979e-12
vvdd#branch                       -5.92574e-10


No. of Data Rows : 429
Reset re-loads circuit * by-hand pex write-margin testbench, extracted leg (issue #95).

Circuit: * by-hand pex write-margin testbench, extracted leg (issue #95).

Doing analysis at TEMP = 25.000000 and TNOM = 27.000000

Using SPARSE 1.3 as Direct Linear Solver

Initial Transient Solution
--------------------------

Node                                   Voltage
----                                   -------
vdd                                        3.3
xdut.q__t3                            0.470528
xdut.wl__t0                                  0
xdut.bl__t0                                3.3
xdut.vss__t0                          0.470528
xdut.blb__t0                       8.95841e-10
xdut.wl__t1                                  0
xdut.qb__t3                            3.29999
xdut.vss__t1                          0.470528
xdut.vss__t4                          0.470528
xdut.qb__t0                            3.29999
xdut.q__t4                            0.470528
xdut.vss__t2                          0.470528
xdut.qb__t4                            3.29999
xdut.q__t0                            0.470528
xdut.vss__t5                          0.470528
xdut.vss__t3                          0.470528
xdut.vdd__t2                               3.3
xdut.qb__t1                            3.29999
xdut.q__t1                            0.470528
xdut.vdd__t0                               3.3
xdut.qb__t2                            3.29999
xdut.q__t2                            0.470528
xdut.vdd__t3                               3.3
xdut.vdd__t1                               3.3
bl                                         3.3
xdut.vsubs                                   0
blb                                          0
q                                     0.470528
qb                                     3.29999
vss                                   0.470528
wl                                           0
vwl#branch                                   0
vblb#branch                        5.52988e-10
vbl#branch                        -9.42979e-12
vvdd#branch                       -5.92574e-10


No. of Data Rows : 429
Reset re-loads circuit * by-hand pex write-margin testbench, extracted leg (issue #95).

Circuit: * by-hand pex write-margin testbench, extracted leg (issue #95).

Doing analysis at TEMP = 25.000000 and TNOM = 27.000000

Using SPARSE 1.3 as Direct Linear Solver

Initial Transient Solution
--------------------------

Node                                   Voltage
----                                   -------
vdd                                        3.3
xdut.q__t3                            0.470528
xdut.wl__t0                                  0
xdut.bl__t0                                3.3
xdut.vss__t0                          0.470528
xdut.blb__t0                       8.95841e-10
xdut.wl__t1                                  0
xdut.qb__t3                            3.29999
xdut.vss__t1                          0.470528
xdut.vss__t4                          0.470528
xdut.qb__t0                            3.29999
xdut.q__t4                            0.470528
xdut.vss__t2                          0.470528
xdut.qb__t4                            3.29999
xdut.q__t0                            0.470528
xdut.vss__t5                          0.470528
xdut.vss__t3                          0.470528
xdut.vdd__t2                               3.3
xdut.qb__t1                            3.29999
xdut.q__t1                            0.470528
xdut.vdd__t0                               3.3
xdut.qb__t2                            3.29999
xdut.q__t2                            0.470528
xdut.vdd__t3                               3.3
xdut.vdd__t1                               3.3
bl                                         3.3
xdut.vsubs                                   0
blb                                          0
q                                     0.470528
qb                                     3.29999
vss                                   0.470528
wl                                           0
vwl#branch                                   0
vblb#branch                        5.52988e-10
vbl#branch                        -9.42979e-12
vvdd#branch                       -5.92574e-10


No. of Data Rows : 429
RESULT: write_trip_voltage_v = 1.85081
RESULT: write_vdd_v = 3.3
Note: Simulation executed from .control section 
=== corner: ff_25c_3.30v (process=ff temp=25C vdd=3.30V) ===
=== ngspice exit status: 0 ===
