
Note: No compatibility mode selected!


Circuit: * by-hand pex write-margin testbench, extracted leg (issue #95).

Reset re-loads circuit * by-hand pex write-margin testbench, extracted leg (issue #95).

Circuit: * by-hand pex write-margin testbench, extracted leg (issue #95).

Doing analysis at TEMP = -40.000000 and TNOM = 27.000000

Using SPARSE 1.3 as Direct Linear Solver

Initial Transient Solution
--------------------------

Node                                   Voltage
----                                   -------
vdd                                       2.97
xdut.q__t3                                2.97
xdut.wl__t0                                  0
xdut.bl__t0                               2.97
xdut.vss__t0                          0.581887
xdut.blb__t0                        3.2175e-12
xdut.wl__t1                                  0
xdut.qb__t3                           0.581887
xdut.vss__t1                          0.581887
xdut.vss__t4                          0.581887
xdut.qb__t0                           0.581887
xdut.q__t4                                2.97
xdut.vss__t2                          0.581887
xdut.qb__t4                           0.581887
xdut.q__t0                                2.97
xdut.vss__t5                          0.581887
xdut.vss__t3                          0.581887
xdut.vdd__t2                              2.97
xdut.qb__t1                           0.581887
xdut.q__t1                                2.97
xdut.vdd__t0                              2.97
xdut.qb__t2                           0.581887
xdut.q__t2                                2.97
xdut.vdd__t3                              2.97
xdut.vdd__t1                              2.97
bl                                        2.97
xdut.vsubs                                   0
blb                                          0
q                                         2.97
qb                                    0.581887
vss                                   0.581887
wl                                           0
vwl#branch                                   0
vblb#branch                        1.98611e-12
vbl#branch                        -8.32778e-12
vvdd#branch                       -3.98348e-11


No. of Data Rows : 429
Reset re-loads circuit * by-hand pex write-margin testbench, extracted leg (issue #95).

Circuit: * by-hand pex write-margin testbench, extracted leg (issue #95).

Doing analysis at TEMP = -40.000000 and TNOM = 27.000000

Using SPARSE 1.3 as Direct Linear Solver

Initial Transient Solution
--------------------------

Node                                   Voltage
----                                   -------
vdd                                       2.97
xdut.q__t3                                2.97
xdut.wl__t0                                  0
xdut.bl__t0                               2.97
xdut.vss__t0                          0.581887
xdut.blb__t0                        3.2175e-12
xdut.wl__t1                                  0
xdut.qb__t3                           0.581887
xdut.vss__t1                          0.581887
xdut.vss__t4                          0.581887
xdut.qb__t0                           0.581887
xdut.q__t4                                2.97
xdut.vss__t2                          0.581887
xdut.qb__t4                           0.581887
xdut.q__t0                                2.97
xdut.vss__t5                          0.581887
xdut.vss__t3                          0.581887
xdut.vdd__t2                              2.97
xdut.qb__t1                           0.581887
xdut.q__t1                                2.97
xdut.vdd__t0                              2.97
xdut.qb__t2                           0.581887
xdut.q__t2                                2.97
xdut.vdd__t3                              2.97
xdut.vdd__t1                              2.97
bl                                        2.97
xdut.vsubs                                   0
blb                                          0
q                                         2.97
qb                                    0.581887
vss                                   0.581887
wl                                           0
vwl#branch                                   0
vblb#branch                        1.98611e-12
vbl#branch                        -8.32778e-12
vvdd#branch                       -3.98348e-11


No. of Data Rows : 429
Reset re-loads circuit * by-hand pex write-margin testbench, extracted leg (issue #95).

Circuit: * by-hand pex write-margin testbench, extracted leg (issue #95).

Doing analysis at TEMP = -40.000000 and TNOM = 27.000000

Using SPARSE 1.3 as Direct Linear Solver

Initial Transient Solution
--------------------------

Node                                   Voltage
----                                   -------
vdd                                       2.97
xdut.q__t3                                2.97
xdut.wl__t0                                  0
xdut.bl__t0                               2.97
xdut.vss__t0                          0.581887
xdut.blb__t0                        3.2175e-12
xdut.wl__t1                                  0
xdut.qb__t3                           0.581887
xdut.vss__t1                          0.581887
xdut.vss__t4                          0.581887
xdut.qb__t0                           0.581887
xdut.q__t4                                2.97
xdut.vss__t2                          0.581887
xdut.qb__t4                           0.581887
xdut.q__t0                                2.97
xdut.vss__t5                          0.581887
xdut.vss__t3                          0.581887
xdut.vdd__t2                              2.97
xdut.qb__t1                           0.581887
xdut.q__t1                                2.97
xdut.vdd__t0                              2.97
xdut.qb__t2                           0.581887
xdut.q__t2                                2.97
xdut.vdd__t3                              2.97
xdut.vdd__t1                              2.97
bl                                        2.97
xdut.vsubs                                   0
blb                                          0
q                                         2.97
qb                                    0.581887
vss                                   0.581887
wl                                           0
vwl#branch                                   0
vblb#branch                        1.98611e-12
vbl#branch                        -8.32778e-12
vvdd#branch                       -3.98348e-11


No. of Data Rows : 429
Reset re-loads circuit * by-hand pex write-margin testbench, extracted leg (issue #95).

Circuit: * by-hand pex write-margin testbench, extracted leg (issue #95).

Doing analysis at TEMP = -40.000000 and TNOM = 27.000000

Using SPARSE 1.3 as Direct Linear Solver

Initial Transient Solution
--------------------------

Node                                   Voltage
----                                   -------
vdd                                       2.97
xdut.q__t3                                2.97
xdut.wl__t0                                  0
xdut.bl__t0                               2.97
xdut.vss__t0                          0.581887
xdut.blb__t0                        3.2175e-12
xdut.wl__t1                                  0
xdut.qb__t3                           0.581887
xdut.vss__t1                          0.581887
xdut.vss__t4                          0.581887
xdut.qb__t0                           0.581887
xdut.q__t4                                2.97
xdut.vss__t2                          0.581887
xdut.qb__t4                           0.581887
xdut.q__t0                                2.97
xdut.vss__t5                          0.581887
xdut.vss__t3                          0.581887
xdut.vdd__t2                              2.97
xdut.qb__t1                           0.581887
xdut.q__t1                                2.97
xdut.vdd__t0                              2.97
xdut.qb__t2                           0.581887
xdut.q__t2                                2.97
xdut.vdd__t3                              2.97
xdut.vdd__t1                              2.97
bl                                        2.97
xdut.vsubs                                   0
blb                                          0
q                                         2.97
qb                                    0.581887
vss                                   0.581887
wl                                           0
vwl#branch                                   0
vblb#branch                        1.98611e-12
vbl#branch                        -8.32778e-12
vvdd#branch                       -3.98348e-11


No. of Data Rows : 429
Reset re-loads circuit * by-hand pex write-margin testbench, extracted leg (issue #95).

Circuit: * by-hand pex write-margin testbench, extracted leg (issue #95).

Doing analysis at TEMP = -40.000000 and TNOM = 27.000000

Using SPARSE 1.3 as Direct Linear Solver

Initial Transient Solution
--------------------------

Node                                   Voltage
----                                   -------
vdd                                       2.97
xdut.q__t3                                2.97
xdut.wl__t0                                  0
xdut.bl__t0                               2.97
xdut.vss__t0                          0.581887
xdut.blb__t0                        3.2175e-12
xdut.wl__t1                                  0
xdut.qb__t3                           0.581887
xdut.vss__t1                          0.581887
xdut.vss__t4                          0.581887
xdut.qb__t0                           0.581887
xdut.q__t4                                2.97
xdut.vss__t2                          0.581887
xdut.qb__t4                           0.581887
xdut.q__t0                                2.97
xdut.vss__t5                          0.581887
xdut.vss__t3                          0.581887
xdut.vdd__t2                              2.97
xdut.qb__t1                           0.581887
xdut.q__t1                                2.97
xdut.vdd__t0                              2.97
xdut.qb__t2                           0.581887
xdut.q__t2                                2.97
xdut.vdd__t3                              2.97
xdut.vdd__t1                              2.97
bl                                        2.97
xdut.vsubs                                   0
blb                                          0
q                                         2.97
qb                                    0.581887
vss                                   0.581887
wl                                           0
vwl#branch                                   0
vblb#branch                        1.98611e-12
vbl#branch                        -8.32778e-12
vvdd#branch                       -3.98348e-11


No. of Data Rows : 429
Reset re-loads circuit * by-hand pex write-margin testbench, extracted leg (issue #95).

Circuit: * by-hand pex write-margin testbench, extracted leg (issue #95).

Doing analysis at TEMP = -40.000000 and TNOM = 27.000000

Using SPARSE 1.3 as Direct Linear Solver

Initial Transient Solution
--------------------------

Node                                   Voltage
----                                   -------
vdd                                       2.97
xdut.q__t3                                2.97
xdut.wl__t0                                  0
xdut.bl__t0                               2.97
xdut.vss__t0                          0.581887
xdut.blb__t0                        3.2175e-12
xdut.wl__t1                                  0
xdut.qb__t3                           0.581887
xdut.vss__t1                          0.581887
xdut.vss__t4                          0.581887
xdut.qb__t0                           0.581887
xdut.q__t4                                2.97
xdut.vss__t2                          0.581887
xdut.qb__t4                           0.581887
xdut.q__t0                                2.97
xdut.vss__t5                          0.581887
xdut.vss__t3                          0.581887
xdut.vdd__t2                              2.97
xdut.qb__t1                           0.581887
xdut.q__t1                                2.97
xdut.vdd__t0                              2.97
xdut.qb__t2                           0.581887
xdut.q__t2                                2.97
xdut.vdd__t3                              2.97
xdut.vdd__t1                              2.97
bl                                        2.97
xdut.vsubs                                   0
blb                                          0
q                                         2.97
qb                                    0.581887
vss                                   0.581887
wl                                           0
vwl#branch                                   0
vblb#branch                        1.98611e-12
vbl#branch                        -8.32778e-12
vvdd#branch                       -3.98348e-11


No. of Data Rows : 429
Reset re-loads circuit * by-hand pex write-margin testbench, extracted leg (issue #95).

Circuit: * by-hand pex write-margin testbench, extracted leg (issue #95).

Doing analysis at TEMP = -40.000000 and TNOM = 27.000000

Using SPARSE 1.3 as Direct Linear Solver

Initial Transient Solution
--------------------------

Node                                   Voltage
----                                   -------
vdd                                       2.97
xdut.q__t3                                2.97
xdut.wl__t0                                  0
xdut.bl__t0                               2.97
xdut.vss__t0                          0.581887
xdut.blb__t0                        3.2175e-12
xdut.wl__t1                                  0
xdut.qb__t3                           0.581887
xdut.vss__t1                          0.581887
xdut.vss__t4                          0.581887
xdut.qb__t0                           0.581887
xdut.q__t4                                2.97
xdut.vss__t2                          0.581887
xdut.qb__t4                           0.581887
xdut.q__t0                                2.97
xdut.vss__t5                          0.581887
xdut.vss__t3                          0.581887
xdut.vdd__t2                              2.97
xdut.qb__t1                           0.581887
xdut.q__t1                                2.97
xdut.vdd__t0                              2.97
xdut.qb__t2                           0.581887
xdut.q__t2                                2.97
xdut.vdd__t3                              2.97
xdut.vdd__t1                              2.97
bl                                        2.97
xdut.vsubs                                   0
blb                                          0
q                                         2.97
qb                                    0.581887
vss                                   0.581887
wl                                           0
vwl#branch                                   0
vblb#branch                        1.98611e-12
vbl#branch                        -8.32778e-12
vvdd#branch                       -3.98348e-11


No. of Data Rows : 429
Reset re-loads circuit * by-hand pex write-margin testbench, extracted leg (issue #95).

Circuit: * by-hand pex write-margin testbench, extracted leg (issue #95).

Doing analysis at TEMP = -40.000000 and TNOM = 27.000000

Using SPARSE 1.3 as Direct Linear Solver

Initial Transient Solution
--------------------------

Node                                   Voltage
----                                   -------
vdd                                       2.97
xdut.q__t3                                2.97
xdut.wl__t0                                  0
xdut.bl__t0                               2.97
xdut.vss__t0                          0.581887
xdut.blb__t0                        3.2175e-12
xdut.wl__t1                                  0
xdut.qb__t3                           0.581887
xdut.vss__t1                          0.581887
xdut.vss__t4                          0.581887
xdut.qb__t0                           0.581887
xdut.q__t4                                2.97
xdut.vss__t2                          0.581887
xdut.qb__t4                           0.581887
xdut.q__t0                                2.97
xdut.vss__t5                          0.581887
xdut.vss__t3                          0.581887
xdut.vdd__t2                              2.97
xdut.qb__t1                           0.581887
xdut.q__t1                                2.97
xdut.vdd__t0                              2.97
xdut.qb__t2                           0.581887
xdut.q__t2                                2.97
xdut.vdd__t3                              2.97
xdut.vdd__t1                              2.97
bl                                        2.97
xdut.vsubs                                   0
blb                                          0
q                                         2.97
qb                                    0.581887
vss                                   0.581887
wl                                           0
vwl#branch                                   0
vblb#branch                        1.98611e-12
vbl#branch                        -8.32778e-12
vvdd#branch                       -3.98348e-11


No. of Data Rows : 429
Reset re-loads circuit * by-hand pex write-margin testbench, extracted leg (issue #95).

Circuit: * by-hand pex write-margin testbench, extracted leg (issue #95).

Doing analysis at TEMP = -40.000000 and TNOM = 27.000000

Using SPARSE 1.3 as Direct Linear Solver

Initial Transient Solution
--------------------------

Node                                   Voltage
----                                   -------
vdd                                       2.97
xdut.q__t3                                2.97
xdut.wl__t0                                  0
xdut.bl__t0                               2.97
xdut.vss__t0                          0.581887
xdut.blb__t0                        3.2175e-12
xdut.wl__t1                                  0
xdut.qb__t3                           0.581887
xdut.vss__t1                          0.581887
xdut.vss__t4                          0.581887
xdut.qb__t0                           0.581887
xdut.q__t4                                2.97
xdut.vss__t2                          0.581887
xdut.qb__t4                           0.581887
xdut.q__t0                                2.97
xdut.vss__t5                          0.581887
xdut.vss__t3                          0.581887
xdut.vdd__t2                              2.97
xdut.qb__t1                           0.581887
xdut.q__t1                                2.97
xdut.vdd__t0                              2.97
xdut.qb__t2                           0.581887
xdut.q__t2                                2.97
xdut.vdd__t3                              2.97
xdut.vdd__t1                              2.97
bl                                        2.97
xdut.vsubs                                   0
blb                                          0
q                                         2.97
qb                                    0.581887
vss                                   0.581887
wl                                           0
vwl#branch                                   0
vblb#branch                        1.98611e-12
vbl#branch                        -8.32778e-12
vvdd#branch                       -3.98348e-11


No. of Data Rows : 429
Reset re-loads circuit * by-hand pex write-margin testbench, extracted leg (issue #95).

Circuit: * by-hand pex write-margin testbench, extracted leg (issue #95).

Doing analysis at TEMP = -40.000000 and TNOM = 27.000000

Using SPARSE 1.3 as Direct Linear Solver

Initial Transient Solution
--------------------------

Node                                   Voltage
----                                   -------
vdd                                       2.97
xdut.q__t3                                2.97
xdut.wl__t0                                  0
xdut.bl__t0                               2.97
xdut.vss__t0                          0.581887
xdut.blb__t0                        3.2175e-12
xdut.wl__t1                                  0
xdut.qb__t3                           0.581887
xdut.vss__t1                          0.581887
xdut.vss__t4                          0.581887
xdut.qb__t0                           0.581887
xdut.q__t4                                2.97
xdut.vss__t2                          0.581887
xdut.qb__t4                           0.581887
xdut.q__t0                                2.97
xdut.vss__t5                          0.581887
xdut.vss__t3                          0.581887
xdut.vdd__t2                              2.97
xdut.qb__t1                           0.581887
xdut.q__t1                                2.97
xdut.vdd__t0                              2.97
xdut.qb__t2                           0.581887
xdut.q__t2                                2.97
xdut.vdd__t3                              2.97
xdut.vdd__t1                              2.97
bl                                        2.97
xdut.vsubs                                   0
blb                                          0
q                                         2.97
qb                                    0.581887
vss                                   0.581887
wl                                           0
vwl#branch                                   0
vblb#branch                        1.98611e-12
vbl#branch                        -8.32778e-12
vvdd#branch                       -3.98348e-11


No. of Data Rows : 429
Reset re-loads circuit * by-hand pex write-margin testbench, extracted leg (issue #95).

Circuit: * by-hand pex write-margin testbench, extracted leg (issue #95).

Doing analysis at TEMP = -40.000000 and TNOM = 27.000000

Using SPARSE 1.3 as Direct Linear Solver

Initial Transient Solution
--------------------------

Node                                   Voltage
----                                   -------
vdd                                       2.97
xdut.q__t3                                2.97
xdut.wl__t0                                  0
xdut.bl__t0                               2.97
xdut.vss__t0                          0.581887
xdut.blb__t0                        3.2175e-12
xdut.wl__t1                                  0
xdut.qb__t3                           0.581887
xdut.vss__t1                          0.581887
xdut.vss__t4                          0.581887
xdut.qb__t0                           0.581887
xdut.q__t4                                2.97
xdut.vss__t2                          0.581887
xdut.qb__t4                           0.581887
xdut.q__t0                                2.97
xdut.vss__t5                          0.581887
xdut.vss__t3                          0.581887
xdut.vdd__t2                              2.97
xdut.qb__t1                           0.581887
xdut.q__t1                                2.97
xdut.vdd__t0                              2.97
xdut.qb__t2                           0.581887
xdut.q__t2                                2.97
xdut.vdd__t3                              2.97
xdut.vdd__t1                              2.97
bl                                        2.97
xdut.vsubs                                   0
blb                                          0
q                                         2.97
qb                                    0.581887
vss                                   0.581887
wl                                           0
vwl#branch                                   0
vblb#branch                        1.98611e-12
vbl#branch                        -8.32778e-12
vvdd#branch                       -3.98348e-11


No. of Data Rows : 429
Reset re-loads circuit * by-hand pex write-margin testbench, extracted leg (issue #95).

Circuit: * by-hand pex write-margin testbench, extracted leg (issue #95).

Doing analysis at TEMP = -40.000000 and TNOM = 27.000000

Using SPARSE 1.3 as Direct Linear Solver

Initial Transient Solution
--------------------------

Node                                   Voltage
----                                   -------
vdd                                       2.97
xdut.q__t3                                2.97
xdut.wl__t0                                  0
xdut.bl__t0                               2.97
xdut.vss__t0                          0.581887
xdut.blb__t0                        3.2175e-12
xdut.wl__t1                                  0
xdut.qb__t3                           0.581887
xdut.vss__t1                          0.581887
xdut.vss__t4                          0.581887
xdut.qb__t0                           0.581887
xdut.q__t4                                2.97
xdut.vss__t2                          0.581887
xdut.qb__t4                           0.581887
xdut.q__t0                                2.97
xdut.vss__t5                          0.581887
xdut.vss__t3                          0.581887
xdut.vdd__t2                              2.97
xdut.qb__t1                           0.581887
xdut.q__t1                                2.97
xdut.vdd__t0                              2.97
xdut.qb__t2                           0.581887
xdut.q__t2                                2.97
xdut.vdd__t3                              2.97
xdut.vdd__t1                              2.97
bl                                        2.97
xdut.vsubs                                   0
blb                                          0
q                                         2.97
qb                                    0.581887
vss                                   0.581887
wl                                           0
vwl#branch                                   0
vblb#branch                        1.98611e-12
vbl#branch                        -8.32778e-12
vvdd#branch                       -3.98348e-11


No. of Data Rows : 429
Reset re-loads circuit * by-hand pex write-margin testbench, extracted leg (issue #95).

Circuit: * by-hand pex write-margin testbench, extracted leg (issue #95).

Doing analysis at TEMP = -40.000000 and TNOM = 27.000000

Using SPARSE 1.3 as Direct Linear Solver

Initial Transient Solution
--------------------------

Node                                   Voltage
----                                   -------
vdd                                       2.97
xdut.q__t3                                2.97
xdut.wl__t0                                  0
xdut.bl__t0                               2.97
xdut.vss__t0                          0.581887
xdut.blb__t0                        3.2175e-12
xdut.wl__t1                                  0
xdut.qb__t3                           0.581887
xdut.vss__t1                          0.581887
xdut.vss__t4                          0.581887
xdut.qb__t0                           0.581887
xdut.q__t4                                2.97
xdut.vss__t2                          0.581887
xdut.qb__t4                           0.581887
xdut.q__t0                                2.97
xdut.vss__t5                          0.581887
xdut.vss__t3                          0.581887
xdut.vdd__t2                              2.97
xdut.qb__t1                           0.581887
xdut.q__t1                                2.97
xdut.vdd__t0                              2.97
xdut.qb__t2                           0.581887
xdut.q__t2                                2.97
xdut.vdd__t3                              2.97
xdut.vdd__t1                              2.97
bl                                        2.97
xdut.vsubs                                   0
blb                                          0
q                                         2.97
qb                                    0.581887
vss                                   0.581887
wl                                           0
vwl#branch                                   0
vblb#branch                        1.98611e-12
vbl#branch                        -8.32778e-12
vvdd#branch                       -3.98348e-11


No. of Data Rows : 429
Reset re-loads circuit * by-hand pex write-margin testbench, extracted leg (issue #95).

Circuit: * by-hand pex write-margin testbench, extracted leg (issue #95).

Doing analysis at TEMP = -40.000000 and TNOM = 27.000000

Using SPARSE 1.3 as Direct Linear Solver

Initial Transient Solution
--------------------------

Node                                   Voltage
----                                   -------
vdd                                       2.97
xdut.q__t3                                2.97
xdut.wl__t0                                  0
xdut.bl__t0                               2.97
xdut.vss__t0                          0.581887
xdut.blb__t0                        3.2175e-12
xdut.wl__t1                                  0
xdut.qb__t3                           0.581887
xdut.vss__t1                          0.581887
xdut.vss__t4                          0.581887
xdut.qb__t0                           0.581887
xdut.q__t4                                2.97
xdut.vss__t2                          0.581887
xdut.qb__t4                           0.581887
xdut.q__t0                                2.97
xdut.vss__t5                          0.581887
xdut.vss__t3                          0.581887
xdut.vdd__t2                              2.97
xdut.qb__t1                           0.581887
xdut.q__t1                                2.97
xdut.vdd__t0                              2.97
xdut.qb__t2                           0.581887
xdut.q__t2                                2.97
xdut.vdd__t3                              2.97
xdut.vdd__t1                              2.97
bl                                        2.97
xdut.vsubs                                   0
blb                                          0
q                                         2.97
qb                                    0.581887
vss                                   0.581887
wl                                           0
vwl#branch                                   0
vblb#branch                        1.98611e-12
vbl#branch                        -8.32778e-12
vvdd#branch                       -3.98348e-11


No. of Data Rows : 429
Reset re-loads circuit * by-hand pex write-margin testbench, extracted leg (issue #95).

Circuit: * by-hand pex write-margin testbench, extracted leg (issue #95).

Doing analysis at TEMP = -40.000000 and TNOM = 27.000000

Using SPARSE 1.3 as Direct Linear Solver

Initial Transient Solution
--------------------------

Node                                   Voltage
----                                   -------
vdd                                       2.97
xdut.q__t3                                2.97
xdut.wl__t0                                  0
xdut.bl__t0                               2.97
xdut.vss__t0                          0.581887
xdut.blb__t0                        3.2175e-12
xdut.wl__t1                                  0
xdut.qb__t3                           0.581887
xdut.vss__t1                          0.581887
xdut.vss__t4                          0.581887
xdut.qb__t0                           0.581887
xdut.q__t4                                2.97
xdut.vss__t2                          0.581887
xdut.qb__t4                           0.581887
xdut.q__t0                                2.97
xdut.vss__t5                          0.581887
xdut.vss__t3                          0.581887
xdut.vdd__t2                              2.97
xdut.qb__t1                           0.581887
xdut.q__t1                                2.97
xdut.vdd__t0                              2.97
xdut.qb__t2                           0.581887
xdut.q__t2                                2.97
xdut.vdd__t3                              2.97
xdut.vdd__t1                              2.97
bl                                        2.97
xdut.vsubs                                   0
blb                                          0
q                                         2.97
qb                                    0.581887
vss                                   0.581887
wl                                           0
vwl#branch                                   0
vblb#branch                        1.98611e-12
vbl#branch                        -8.32778e-12
vvdd#branch                       -3.98348e-11


No. of Data Rows : 429
Reset re-loads circuit * by-hand pex write-margin testbench, extracted leg (issue #95).

Circuit: * by-hand pex write-margin testbench, extracted leg (issue #95).

Doing analysis at TEMP = -40.000000 and TNOM = 27.000000

Using SPARSE 1.3 as Direct Linear Solver

Initial Transient Solution
--------------------------

Node                                   Voltage
----                                   -------
vdd                                       2.97
xdut.q__t3                                2.97
xdut.wl__t0                                  0
xdut.bl__t0                               2.97
xdut.vss__t0                          0.581887
xdut.blb__t0                        3.2175e-12
xdut.wl__t1                                  0
xdut.qb__t3                           0.581887
xdut.vss__t1                          0.581887
xdut.vss__t4                          0.581887
xdut.qb__t0                           0.581887
xdut.q__t4                                2.97
xdut.vss__t2                          0.581887
xdut.qb__t4                           0.581887
xdut.q__t0                                2.97
xdut.vss__t5                          0.581887
xdut.vss__t3                          0.581887
xdut.vdd__t2                              2.97
xdut.qb__t1                           0.581887
xdut.q__t1                                2.97
xdut.vdd__t0                              2.97
xdut.qb__t2                           0.581887
xdut.q__t2                                2.97
xdut.vdd__t3                              2.97
xdut.vdd__t1                              2.97
bl                                        2.97
xdut.vsubs                                   0
blb                                          0
q                                         2.97
qb                                    0.581887
vss                                   0.581887
wl                                           0
vwl#branch                                   0
vblb#branch                        1.98611e-12
vbl#branch                        -8.32778e-12
vvdd#branch                       -3.98348e-11


No. of Data Rows : 429
RESULT: write_trip_voltage_v = 1.71903
RESULT: write_vdd_v = 2.97
Note: Simulation executed from .control section 
=== corner: ss_-40c_2.97v (process=ss temp=-40C vdd=2.97V) ===
=== ngspice exit status: 0 ===
