
Note: No compatibility mode selected!


Circuit: * by-hand pex write-margin testbench, extracted leg (issue #95).

Reset re-loads circuit * by-hand pex write-margin testbench, extracted leg (issue #95).

Circuit: * by-hand pex write-margin testbench, extracted leg (issue #95).

Doing analysis at TEMP = 125.000000 and TNOM = 27.000000

Using SPARSE 1.3 as Direct Linear Solver

Initial Transient Solution
--------------------------

Node                                   Voltage
----                                   -------
vdd                                       2.97
xdut.q__t3                             1.55702
xdut.wl__t0                                  0
xdut.bl__t0                               2.97
xdut.vss__t0                          0.643781
xdut.blb__t0                       1.82015e-05
xdut.wl__t1                                  0
xdut.qb__t3                            1.55704
xdut.vss__t1                          0.643775
xdut.vss__t4                          0.643782
xdut.qb__t0                            1.55704
xdut.q__t4                             1.55694
xdut.vss__t2                          0.643781
xdut.qb__t4                            1.55696
xdut.q__t0                             1.55702
xdut.vss__t5                          0.643782
xdut.vss__t3                          0.643781
xdut.vdd__t2                              2.97
xdut.qb__t1                            1.55704
xdut.q__t1                             1.55713
xdut.vdd__t0                              2.97
xdut.qb__t2                            1.55715
xdut.q__t2                             1.55702
xdut.vdd__t3                              2.97
xdut.vdd__t1                              2.97
bl                                        2.97
xdut.vsubs                                   0
blb                                          0
q                                      1.55702
qb                                     1.55704
vss                                   0.643781
wl                                           0
vwl#branch                                   0
vblb#branch                        1.12355e-05
vbl#branch                         -8.3622e-12
vvdd#branch                       -1.12355e-05


No. of Data Rows : 429
Reset re-loads circuit * by-hand pex write-margin testbench, extracted leg (issue #95).

Circuit: * by-hand pex write-margin testbench, extracted leg (issue #95).

Doing analysis at TEMP = 125.000000 and TNOM = 27.000000

Using SPARSE 1.3 as Direct Linear Solver

Initial Transient Solution
--------------------------

Node                                   Voltage
----                                   -------
vdd                                       2.97
xdut.q__t3                             1.55702
xdut.wl__t0                                  0
xdut.bl__t0                               2.97
xdut.vss__t0                          0.643781
xdut.blb__t0                       1.82015e-05
xdut.wl__t1                                  0
xdut.qb__t3                            1.55704
xdut.vss__t1                          0.643775
xdut.vss__t4                          0.643782
xdut.qb__t0                            1.55704
xdut.q__t4                             1.55694
xdut.vss__t2                          0.643781
xdut.qb__t4                            1.55696
xdut.q__t0                             1.55702
xdut.vss__t5                          0.643782
xdut.vss__t3                          0.643781
xdut.vdd__t2                              2.97
xdut.qb__t1                            1.55704
xdut.q__t1                             1.55713
xdut.vdd__t0                              2.97
xdut.qb__t2                            1.55715
xdut.q__t2                             1.55702
xdut.vdd__t3                              2.97
xdut.vdd__t1                              2.97
bl                                        2.97
xdut.vsubs                                   0
blb                                          0
q                                      1.55702
qb                                     1.55704
vss                                   0.643781
wl                                           0
vwl#branch                                   0
vblb#branch                        1.12355e-05
vbl#branch                         -8.3622e-12
vvdd#branch                       -1.12355e-05


No. of Data Rows : 429
Reset re-loads circuit * by-hand pex write-margin testbench, extracted leg (issue #95).

Circuit: * by-hand pex write-margin testbench, extracted leg (issue #95).

Doing analysis at TEMP = 125.000000 and TNOM = 27.000000

Using SPARSE 1.3 as Direct Linear Solver

Initial Transient Solution
--------------------------

Node                                   Voltage
----                                   -------
vdd                                       2.97
xdut.q__t3                             1.55702
xdut.wl__t0                                  0
xdut.bl__t0                               2.97
xdut.vss__t0                          0.643781
xdut.blb__t0                       1.82015e-05
xdut.wl__t1                                  0
xdut.qb__t3                            1.55704
xdut.vss__t1                          0.643775
xdut.vss__t4                          0.643782
xdut.qb__t0                            1.55704
xdut.q__t4                             1.55694
xdut.vss__t2                          0.643781
xdut.qb__t4                            1.55696
xdut.q__t0                             1.55702
xdut.vss__t5                          0.643782
xdut.vss__t3                          0.643781
xdut.vdd__t2                              2.97
xdut.qb__t1                            1.55704
xdut.q__t1                             1.55713
xdut.vdd__t0                              2.97
xdut.qb__t2                            1.55715
xdut.q__t2                             1.55702
xdut.vdd__t3                              2.97
xdut.vdd__t1                              2.97
bl                                        2.97
xdut.vsubs                                   0
blb                                          0
q                                      1.55702
qb                                     1.55704
vss                                   0.643781
wl                                           0
vwl#branch                                   0
vblb#branch                        1.12355e-05
vbl#branch                         -8.3622e-12
vvdd#branch                       -1.12355e-05


No. of Data Rows : 429
Reset re-loads circuit * by-hand pex write-margin testbench, extracted leg (issue #95).

Circuit: * by-hand pex write-margin testbench, extracted leg (issue #95).

Doing analysis at TEMP = 125.000000 and TNOM = 27.000000

Using SPARSE 1.3 as Direct Linear Solver

Initial Transient Solution
--------------------------

Node                                   Voltage
----                                   -------
vdd                                       2.97
xdut.q__t3                             1.55702
xdut.wl__t0                                  0
xdut.bl__t0                               2.97
xdut.vss__t0                          0.643781
xdut.blb__t0                       1.82015e-05
xdut.wl__t1                                  0
xdut.qb__t3                            1.55704
xdut.vss__t1                          0.643775
xdut.vss__t4                          0.643782
xdut.qb__t0                            1.55704
xdut.q__t4                             1.55694
xdut.vss__t2                          0.643781
xdut.qb__t4                            1.55696
xdut.q__t0                             1.55702
xdut.vss__t5                          0.643782
xdut.vss__t3                          0.643781
xdut.vdd__t2                              2.97
xdut.qb__t1                            1.55704
xdut.q__t1                             1.55713
xdut.vdd__t0                              2.97
xdut.qb__t2                            1.55715
xdut.q__t2                             1.55702
xdut.vdd__t3                              2.97
xdut.vdd__t1                              2.97
bl                                        2.97
xdut.vsubs                                   0
blb                                          0
q                                      1.55702
qb                                     1.55704
vss                                   0.643781
wl                                           0
vwl#branch                                   0
vblb#branch                        1.12355e-05
vbl#branch                         -8.3622e-12
vvdd#branch                       -1.12355e-05


No. of Data Rows : 429
Reset re-loads circuit * by-hand pex write-margin testbench, extracted leg (issue #95).

Circuit: * by-hand pex write-margin testbench, extracted leg (issue #95).

Doing analysis at TEMP = 125.000000 and TNOM = 27.000000

Using SPARSE 1.3 as Direct Linear Solver

Initial Transient Solution
--------------------------

Node                                   Voltage
----                                   -------
vdd                                       2.97
xdut.q__t3                             1.55702
xdut.wl__t0                                  0
xdut.bl__t0                               2.97
xdut.vss__t0                          0.643781
xdut.blb__t0                       1.82015e-05
xdut.wl__t1                                  0
xdut.qb__t3                            1.55704
xdut.vss__t1                          0.643775
xdut.vss__t4                          0.643782
xdut.qb__t0                            1.55704
xdut.q__t4                             1.55694
xdut.vss__t2                          0.643781
xdut.qb__t4                            1.55696
xdut.q__t0                             1.55702
xdut.vss__t5                          0.643782
xdut.vss__t3                          0.643781
xdut.vdd__t2                              2.97
xdut.qb__t1                            1.55704
xdut.q__t1                             1.55713
xdut.vdd__t0                              2.97
xdut.qb__t2                            1.55715
xdut.q__t2                             1.55702
xdut.vdd__t3                              2.97
xdut.vdd__t1                              2.97
bl                                        2.97
xdut.vsubs                                   0
blb                                          0
q                                      1.55702
qb                                     1.55704
vss                                   0.643781
wl                                           0
vwl#branch                                   0
vblb#branch                        1.12355e-05
vbl#branch                         -8.3622e-12
vvdd#branch                       -1.12355e-05


No. of Data Rows : 429
Reset re-loads circuit * by-hand pex write-margin testbench, extracted leg (issue #95).

Circuit: * by-hand pex write-margin testbench, extracted leg (issue #95).

Doing analysis at TEMP = 125.000000 and TNOM = 27.000000

Using SPARSE 1.3 as Direct Linear Solver

Initial Transient Solution
--------------------------

Node                                   Voltage
----                                   -------
vdd                                       2.97
xdut.q__t3                             1.55702
xdut.wl__t0                                  0
xdut.bl__t0                               2.97
xdut.vss__t0                          0.643781
xdut.blb__t0                       1.82015e-05
xdut.wl__t1                                  0
xdut.qb__t3                            1.55704
xdut.vss__t1                          0.643775
xdut.vss__t4                          0.643782
xdut.qb__t0                            1.55704
xdut.q__t4                             1.55694
xdut.vss__t2                          0.643781
xdut.qb__t4                            1.55696
xdut.q__t0                             1.55702
xdut.vss__t5                          0.643782
xdut.vss__t3                          0.643781
xdut.vdd__t2                              2.97
xdut.qb__t1                            1.55704
xdut.q__t1                             1.55713
xdut.vdd__t0                              2.97
xdut.qb__t2                            1.55715
xdut.q__t2                             1.55702
xdut.vdd__t3                              2.97
xdut.vdd__t1                              2.97
bl                                        2.97
xdut.vsubs                                   0
blb                                          0
q                                      1.55702
qb                                     1.55704
vss                                   0.643781
wl                                           0
vwl#branch                                   0
vblb#branch                        1.12355e-05
vbl#branch                         -8.3622e-12
vvdd#branch                       -1.12355e-05


No. of Data Rows : 429
Reset re-loads circuit * by-hand pex write-margin testbench, extracted leg (issue #95).

Circuit: * by-hand pex write-margin testbench, extracted leg (issue #95).

Doing analysis at TEMP = 125.000000 and TNOM = 27.000000

Using SPARSE 1.3 as Direct Linear Solver

Initial Transient Solution
--------------------------

Node                                   Voltage
----                                   -------
vdd                                       2.97
xdut.q__t3                             1.55702
xdut.wl__t0                                  0
xdut.bl__t0                               2.97
xdut.vss__t0                          0.643781
xdut.blb__t0                       1.82015e-05
xdut.wl__t1                                  0
xdut.qb__t3                            1.55704
xdut.vss__t1                          0.643775
xdut.vss__t4                          0.643782
xdut.qb__t0                            1.55704
xdut.q__t4                             1.55694
xdut.vss__t2                          0.643781
xdut.qb__t4                            1.55696
xdut.q__t0                             1.55702
xdut.vss__t5                          0.643782
xdut.vss__t3                          0.643781
xdut.vdd__t2                              2.97
xdut.qb__t1                            1.55704
xdut.q__t1                             1.55713
xdut.vdd__t0                              2.97
xdut.qb__t2                            1.55715
xdut.q__t2                             1.55702
xdut.vdd__t3                              2.97
xdut.vdd__t1                              2.97
bl                                        2.97
xdut.vsubs                                   0
blb                                          0
q                                      1.55702
qb                                     1.55704
vss                                   0.643781
wl                                           0
vwl#branch                                   0
vblb#branch                        1.12355e-05
vbl#branch                         -8.3622e-12
vvdd#branch                       -1.12355e-05


No. of Data Rows : 429
Reset re-loads circuit * by-hand pex write-margin testbench, extracted leg (issue #95).

Circuit: * by-hand pex write-margin testbench, extracted leg (issue #95).

Doing analysis at TEMP = 125.000000 and TNOM = 27.000000

Using SPARSE 1.3 as Direct Linear Solver

Initial Transient Solution
--------------------------

Node                                   Voltage
----                                   -------
vdd                                       2.97
xdut.q__t3                             1.55702
xdut.wl__t0                                  0
xdut.bl__t0                               2.97
xdut.vss__t0                          0.643781
xdut.blb__t0                       1.82015e-05
xdut.wl__t1                                  0
xdut.qb__t3                            1.55704
xdut.vss__t1                          0.643775
xdut.vss__t4                          0.643782
xdut.qb__t0                            1.55704
xdut.q__t4                             1.55694
xdut.vss__t2                          0.643781
xdut.qb__t4                            1.55696
xdut.q__t0                             1.55702
xdut.vss__t5                          0.643782
xdut.vss__t3                          0.643781
xdut.vdd__t2                              2.97
xdut.qb__t1                            1.55704
xdut.q__t1                             1.55713
xdut.vdd__t0                              2.97
xdut.qb__t2                            1.55715
xdut.q__t2                             1.55702
xdut.vdd__t3                              2.97
xdut.vdd__t1                              2.97
bl                                        2.97
xdut.vsubs                                   0
blb                                          0
q                                      1.55702
qb                                     1.55704
vss                                   0.643781
wl                                           0
vwl#branch                                   0
vblb#branch                        1.12355e-05
vbl#branch                         -8.3622e-12
vvdd#branch                       -1.12355e-05


No. of Data Rows : 429
Reset re-loads circuit * by-hand pex write-margin testbench, extracted leg (issue #95).

Circuit: * by-hand pex write-margin testbench, extracted leg (issue #95).

Doing analysis at TEMP = 125.000000 and TNOM = 27.000000

Using SPARSE 1.3 as Direct Linear Solver

Initial Transient Solution
--------------------------

Node                                   Voltage
----                                   -------
vdd                                       2.97
xdut.q__t3                             1.55702
xdut.wl__t0                                  0
xdut.bl__t0                               2.97
xdut.vss__t0                          0.643781
xdut.blb__t0                       1.82015e-05
xdut.wl__t1                                  0
xdut.qb__t3                            1.55704
xdut.vss__t1                          0.643775
xdut.vss__t4                          0.643782
xdut.qb__t0                            1.55704
xdut.q__t4                             1.55694
xdut.vss__t2                          0.643781
xdut.qb__t4                            1.55696
xdut.q__t0                             1.55702
xdut.vss__t5                          0.643782
xdut.vss__t3                          0.643781
xdut.vdd__t2                              2.97
xdut.qb__t1                            1.55704
xdut.q__t1                             1.55713
xdut.vdd__t0                              2.97
xdut.qb__t2                            1.55715
xdut.q__t2                             1.55702
xdut.vdd__t3                              2.97
xdut.vdd__t1                              2.97
bl                                        2.97
xdut.vsubs                                   0
blb                                          0
q                                      1.55702
qb                                     1.55704
vss                                   0.643781
wl                                           0
vwl#branch                                   0
vblb#branch                        1.12355e-05
vbl#branch                         -8.3622e-12
vvdd#branch                       -1.12355e-05


No. of Data Rows : 429
Reset re-loads circuit * by-hand pex write-margin testbench, extracted leg (issue #95).

Circuit: * by-hand pex write-margin testbench, extracted leg (issue #95).

Doing analysis at TEMP = 125.000000 and TNOM = 27.000000

Using SPARSE 1.3 as Direct Linear Solver

Initial Transient Solution
--------------------------

Node                                   Voltage
----                                   -------
vdd                                       2.97
xdut.q__t3                             1.55702
xdut.wl__t0                                  0
xdut.bl__t0                               2.97
xdut.vss__t0                          0.643781
xdut.blb__t0                       1.82015e-05
xdut.wl__t1                                  0
xdut.qb__t3                            1.55704
xdut.vss__t1                          0.643775
xdut.vss__t4                          0.643782
xdut.qb__t0                            1.55704
xdut.q__t4                             1.55694
xdut.vss__t2                          0.643781
xdut.qb__t4                            1.55696
xdut.q__t0                             1.55702
xdut.vss__t5                          0.643782
xdut.vss__t3                          0.643781
xdut.vdd__t2                              2.97
xdut.qb__t1                            1.55704
xdut.q__t1                             1.55713
xdut.vdd__t0                              2.97
xdut.qb__t2                            1.55715
xdut.q__t2                             1.55702
xdut.vdd__t3                              2.97
xdut.vdd__t1                              2.97
bl                                        2.97
xdut.vsubs                                   0
blb                                          0
q                                      1.55702
qb                                     1.55704
vss                                   0.643781
wl                                           0
vwl#branch                                   0
vblb#branch                        1.12355e-05
vbl#branch                         -8.3622e-12
vvdd#branch                       -1.12355e-05


No. of Data Rows : 429
Reset re-loads circuit * by-hand pex write-margin testbench, extracted leg (issue #95).

Circuit: * by-hand pex write-margin testbench, extracted leg (issue #95).

Doing analysis at TEMP = 125.000000 and TNOM = 27.000000

Using SPARSE 1.3 as Direct Linear Solver

Initial Transient Solution
--------------------------

Node                                   Voltage
----                                   -------
vdd                                       2.97
xdut.q__t3                             1.55702
xdut.wl__t0                                  0
xdut.bl__t0                               2.97
xdut.vss__t0                          0.643781
xdut.blb__t0                       1.82015e-05
xdut.wl__t1                                  0
xdut.qb__t3                            1.55704
xdut.vss__t1                          0.643775
xdut.vss__t4                          0.643782
xdut.qb__t0                            1.55704
xdut.q__t4                             1.55694
xdut.vss__t2                          0.643781
xdut.qb__t4                            1.55696
xdut.q__t0                             1.55702
xdut.vss__t5                          0.643782
xdut.vss__t3                          0.643781
xdut.vdd__t2                              2.97
xdut.qb__t1                            1.55704
xdut.q__t1                             1.55713
xdut.vdd__t0                              2.97
xdut.qb__t2                            1.55715
xdut.q__t2                             1.55702
xdut.vdd__t3                              2.97
xdut.vdd__t1                              2.97
bl                                        2.97
xdut.vsubs                                   0
blb                                          0
q                                      1.55702
qb                                     1.55704
vss                                   0.643781
wl                                           0
vwl#branch                                   0
vblb#branch                        1.12355e-05
vbl#branch                         -8.3622e-12
vvdd#branch                       -1.12355e-05


No. of Data Rows : 429
Reset re-loads circuit * by-hand pex write-margin testbench, extracted leg (issue #95).

Circuit: * by-hand pex write-margin testbench, extracted leg (issue #95).

Doing analysis at TEMP = 125.000000 and TNOM = 27.000000

Using SPARSE 1.3 as Direct Linear Solver

Initial Transient Solution
--------------------------

Node                                   Voltage
----                                   -------
vdd                                       2.97
xdut.q__t3                             1.55702
xdut.wl__t0                                  0
xdut.bl__t0                               2.97
xdut.vss__t0                          0.643781
xdut.blb__t0                       1.82015e-05
xdut.wl__t1                                  0
xdut.qb__t3                            1.55704
xdut.vss__t1                          0.643775
xdut.vss__t4                          0.643782
xdut.qb__t0                            1.55704
xdut.q__t4                             1.55694
xdut.vss__t2                          0.643781
xdut.qb__t4                            1.55696
xdut.q__t0                             1.55702
xdut.vss__t5                          0.643782
xdut.vss__t3                          0.643781
xdut.vdd__t2                              2.97
xdut.qb__t1                            1.55704
xdut.q__t1                             1.55713
xdut.vdd__t0                              2.97
xdut.qb__t2                            1.55715
xdut.q__t2                             1.55702
xdut.vdd__t3                              2.97
xdut.vdd__t1                              2.97
bl                                        2.97
xdut.vsubs                                   0
blb                                          0
q                                      1.55702
qb                                     1.55704
vss                                   0.643781
wl                                           0
vwl#branch                                   0
vblb#branch                        1.12355e-05
vbl#branch                         -8.3622e-12
vvdd#branch                       -1.12355e-05


No. of Data Rows : 429
Reset re-loads circuit * by-hand pex write-margin testbench, extracted leg (issue #95).

Circuit: * by-hand pex write-margin testbench, extracted leg (issue #95).

Doing analysis at TEMP = 125.000000 and TNOM = 27.000000

Using SPARSE 1.3 as Direct Linear Solver

Initial Transient Solution
--------------------------

Node                                   Voltage
----                                   -------
vdd                                       2.97
xdut.q__t3                             1.55702
xdut.wl__t0                                  0
xdut.bl__t0                               2.97
xdut.vss__t0                          0.643781
xdut.blb__t0                       1.82015e-05
xdut.wl__t1                                  0
xdut.qb__t3                            1.55704
xdut.vss__t1                          0.643775
xdut.vss__t4                          0.643782
xdut.qb__t0                            1.55704
xdut.q__t4                             1.55694
xdut.vss__t2                          0.643781
xdut.qb__t4                            1.55696
xdut.q__t0                             1.55702
xdut.vss__t5                          0.643782
xdut.vss__t3                          0.643781
xdut.vdd__t2                              2.97
xdut.qb__t1                            1.55704
xdut.q__t1                             1.55713
xdut.vdd__t0                              2.97
xdut.qb__t2                            1.55715
xdut.q__t2                             1.55702
xdut.vdd__t3                              2.97
xdut.vdd__t1                              2.97
bl                                        2.97
xdut.vsubs                                   0
blb                                          0
q                                      1.55702
qb                                     1.55704
vss                                   0.643781
wl                                           0
vwl#branch                                   0
vblb#branch                        1.12355e-05
vbl#branch                         -8.3622e-12
vvdd#branch                       -1.12355e-05


No. of Data Rows : 429
Reset re-loads circuit * by-hand pex write-margin testbench, extracted leg (issue #95).

Circuit: * by-hand pex write-margin testbench, extracted leg (issue #95).

Doing analysis at TEMP = 125.000000 and TNOM = 27.000000

Using SPARSE 1.3 as Direct Linear Solver

Initial Transient Solution
--------------------------

Node                                   Voltage
----                                   -------
vdd                                       2.97
xdut.q__t3                             1.55702
xdut.wl__t0                                  0
xdut.bl__t0                               2.97
xdut.vss__t0                          0.643781
xdut.blb__t0                       1.82015e-05
xdut.wl__t1                                  0
xdut.qb__t3                            1.55704
xdut.vss__t1                          0.643775
xdut.vss__t4                          0.643782
xdut.qb__t0                            1.55704
xdut.q__t4                             1.55694
xdut.vss__t2                          0.643781
xdut.qb__t4                            1.55696
xdut.q__t0                             1.55702
xdut.vss__t5                          0.643782
xdut.vss__t3                          0.643781
xdut.vdd__t2                              2.97
xdut.qb__t1                            1.55704
xdut.q__t1                             1.55713
xdut.vdd__t0                              2.97
xdut.qb__t2                            1.55715
xdut.q__t2                             1.55702
xdut.vdd__t3                              2.97
xdut.vdd__t1                              2.97
bl                                        2.97
xdut.vsubs                                   0
blb                                          0
q                                      1.55702
qb                                     1.55704
vss                                   0.643781
wl                                           0
vwl#branch                                   0
vblb#branch                        1.12355e-05
vbl#branch                         -8.3622e-12
vvdd#branch                       -1.12355e-05


No. of Data Rows : 429
Reset re-loads circuit * by-hand pex write-margin testbench, extracted leg (issue #95).

Circuit: * by-hand pex write-margin testbench, extracted leg (issue #95).

Doing analysis at TEMP = 125.000000 and TNOM = 27.000000

Using SPARSE 1.3 as Direct Linear Solver

Initial Transient Solution
--------------------------

Node                                   Voltage
----                                   -------
vdd                                       2.97
xdut.q__t3                             1.55702
xdut.wl__t0                                  0
xdut.bl__t0                               2.97
xdut.vss__t0                          0.643781
xdut.blb__t0                       1.82015e-05
xdut.wl__t1                                  0
xdut.qb__t3                            1.55704
xdut.vss__t1                          0.643775
xdut.vss__t4                          0.643782
xdut.qb__t0                            1.55704
xdut.q__t4                             1.55694
xdut.vss__t2                          0.643781
xdut.qb__t4                            1.55696
xdut.q__t0                             1.55702
xdut.vss__t5                          0.643782
xdut.vss__t3                          0.643781
xdut.vdd__t2                              2.97
xdut.qb__t1                            1.55704
xdut.q__t1                             1.55713
xdut.vdd__t0                              2.97
xdut.qb__t2                            1.55715
xdut.q__t2                             1.55702
xdut.vdd__t3                              2.97
xdut.vdd__t1                              2.97
bl                                        2.97
xdut.vsubs                                   0
blb                                          0
q                                      1.55702
qb                                     1.55704
vss                                   0.643781
wl                                           0
vwl#branch                                   0
vblb#branch                        1.12355e-05
vbl#branch                         -8.3622e-12
vvdd#branch                       -1.12355e-05


No. of Data Rows : 429
Reset re-loads circuit * by-hand pex write-margin testbench, extracted leg (issue #95).

Circuit: * by-hand pex write-margin testbench, extracted leg (issue #95).

Doing analysis at TEMP = 125.000000 and TNOM = 27.000000

Using SPARSE 1.3 as Direct Linear Solver

Initial Transient Solution
--------------------------

Node                                   Voltage
----                                   -------
vdd                                       2.97
xdut.q__t3                             1.55702
xdut.wl__t0                                  0
xdut.bl__t0                               2.97
xdut.vss__t0                          0.643781
xdut.blb__t0                       1.82015e-05
xdut.wl__t1                                  0
xdut.qb__t3                            1.55704
xdut.vss__t1                          0.643775
xdut.vss__t4                          0.643782
xdut.qb__t0                            1.55704
xdut.q__t4                             1.55694
xdut.vss__t2                          0.643781
xdut.qb__t4                            1.55696
xdut.q__t0                             1.55702
xdut.vss__t5                          0.643782
xdut.vss__t3                          0.643781
xdut.vdd__t2                              2.97
xdut.qb__t1                            1.55704
xdut.q__t1                             1.55713
xdut.vdd__t0                              2.97
xdut.qb__t2                            1.55715
xdut.q__t2                             1.55702
xdut.vdd__t3                              2.97
xdut.vdd__t1                              2.97
bl                                        2.97
xdut.vsubs                                   0
blb                                          0
q                                      1.55702
qb                                     1.55704
vss                                   0.643781
wl                                           0
vwl#branch                                   0
vblb#branch                        1.12355e-05
vbl#branch                         -8.3622e-12
vvdd#branch                       -1.12355e-05


No. of Data Rows : 429
RESULT: write_trip_voltage_v = 1.67171
RESULT: write_vdd_v = 2.97
Note: Simulation executed from .control section 
=== corner: ss_125c_2.97v (process=ss temp=125C vdd=2.97V) ===
=== ngspice exit status: 0 ===
