=== corner ff_-40c_2.97v -- mismatch samples (sw_stat_mismatch=1) ===
sample 0 seed=L=154443064,R=215875836: RESULT: read_snm_v = 0.3237
sample 1 seed=L=126191877,R=1626989560: RESULT: read_snm_v = 0.326458
sample 2 seed=L=972172943,R=702250091: RESULT: read_snm_v = 0.402274
sample 3 seed=L=1692157437,R=1891067968: RESULT: read_snm_v = 0.358276
sample 4 seed=L=204868659,R=1444599342: RESULT: read_snm_v = 0.346663
sample 5 seed=L=104573144,R=1039368326: RESULT: read_snm_v = 0.362784
sample 6 seed=L=982655211,R=1693059338: RESULT: read_snm_v = 0.358626
sample 7 seed=L=25150885,R=471223972: RESULT: read_snm_v = 0.304536
sample 8 seed=L=1655690764,R=1554455107: RESULT: read_snm_v = 0.333117
sample 9 seed=L=1516835617,R=1913213613: RESULT: read_snm_v = 0.325029
sample 10 seed=L=120261446,R=1896033446: RESULT: read_snm_v = 0.383577
sample 11 seed=L=1604966524,R=205431851: RESULT: read_snm_v = 0.35953
sample 12 seed=L=1469532018,R=709591650: RESULT: read_snm_v = 0.327463
sample 13 seed=L=752305594,R=1538022888: RESULT: read_snm_v = 0.322703
sample 14 seed=L=867706586,R=1458458961: RESULT: read_snm_v = 0.319554
sample 15 seed=L=1525865306,R=1996531660: RESULT: read_snm_v = 0.372179
sample 16 seed=L=1576195526,R=1366417930: RESULT: read_snm_v = 0.301961
sample 17 seed=L=865455388,R=268694170: RESULT: read_snm_v = 0.326409
sample 18 seed=L=239300271,R=272099921: RESULT: read_snm_v = 0.344736
sample 19 seed=L=908223855,R=1494074585: RESULT: read_snm_v = 0.356653
sample 20 seed=L=372060027,R=227840273: RESULT: read_snm_v = 0.34255
sample 21 seed=L=1453117372,R=819460349: RESULT: read_snm_v = 0.329926
sample 22 seed=L=57744514,R=722304152: RESULT: read_snm_v = 0.341961
sample 23 seed=L=710605440,R=1714428975: RESULT: read_snm_v = 0.34886
sample 24 seed=L=196394271,R=718750191: RESULT: read_snm_v = 0.360484
sample 25 seed=L=1700271470,R=1143687425: RESULT: read_snm_v = 0.323722
sample 26 seed=L=829016689,R=479412143: RESULT: read_snm_v = 0.306517
sample 27 seed=L=325843185,R=1123694581: RESULT: read_snm_v = 0.338636
sample 28 seed=L=89510119,R=959574752: RESULT: read_snm_v = 0.376419
sample 29 seed=L=1567925929,R=437762385: RESULT: read_snm_v = 0.339039
sample 30 seed=L=266095851,R=72087536: RESULT: read_snm_v = 0.353099
sample 31 seed=L=1646502600,R=800910684: RESULT: read_snm_v = 0.354148
sample 32 seed=L=888306280,R=1555566032: RESULT: read_snm_v = 0.369785
sample 33 seed=L=1156809922,R=1151832876: RESULT: read_snm_v = 0.374444
sample 34 seed=L=187255419,R=1887482784: RESULT: read_snm_v = 0.321989
sample 35 seed=L=1576994306,R=1054616079: RESULT: read_snm_v = 0.344385
sample 36 seed=L=42554503,R=1666429755: RESULT: read_snm_v = 0.350218
sample 37 seed=L=50830768,R=1875024388: RESULT: read_snm_v = 0.358226
sample 38 seed=L=1710927488,R=616970251: RESULT: read_snm_v = 0.362893
sample 39 seed=L=806102561,R=694041918: RESULT: read_snm_v = 0.316805
sample 40 seed=L=1210614375,R=1357424021: RESULT: read_snm_v = 0.350079
sample 41 seed=L=1504028734,R=81611092: RESULT: read_snm_v = 0.322818
sample 42 seed=L=1727763984,R=468600569: RESULT: read_snm_v = 0.365543
sample 43 seed=L=1168812704,R=197777275: RESULT: read_snm_v = 0.329315
sample 44 seed=L=1903817669,R=436200896: RESULT: read_snm_v = 0.339524
sample 45 seed=L=1107697353,R=1691458614: RESULT: read_snm_v = 0.344668
sample 46 seed=L=128618648,R=211708748: RESULT: read_snm_v = 0.365526
sample 47 seed=L=1935762305,R=355116700: RESULT: read_snm_v = 0.348441
sample 48 seed=L=895530091,R=1903907064: RESULT: read_snm_v = 0.360709
sample 49 seed=L=1068974402,R=1669769595: RESULT: read_snm_v = 0.322382
sample 50 seed=L=1353674678,R=106982923: RESULT: read_snm_v = 0.340333
sample 51 seed=L=557822322,R=1596254898: RESULT: read_snm_v = 0.311164
sample 52 seed=L=1278002870,R=1981438263: RESULT: read_snm_v = 0.340463
sample 53 seed=L=177233469,R=1828830314: RESULT: read_snm_v = 0.343784
sample 54 seed=L=1816603892,R=1725307650: RESULT: read_snm_v = 0.316297
sample 55 seed=L=1615689659,R=1034940484: RESULT: read_snm_v = 0.335457
sample 56 seed=L=1288968926,R=898022314: RESULT: read_snm_v = 0.332898
sample 57 seed=L=711360732,R=974581633: RESULT: read_snm_v = 0.334926
sample 58 seed=L=988303008,R=1978793895: RESULT: read_snm_v = 0.366215
sample 59 seed=L=1952544872,R=952566647: RESULT: read_snm_v = 0.328375
sample 60 seed=L=649561615,R=55922047: RESULT: read_snm_v = 0.329621
sample 61 seed=L=642168570,R=1358321415: RESULT: read_snm_v = 0.305941
sample 62 seed=L=130865698,R=796992084: RESULT: read_snm_v = 0.303856
sample 63 seed=L=532653833,R=537499229: RESULT: read_snm_v = 0.355514
sample 64 seed=L=808407325,R=1081979954: RESULT: read_snm_v = 0.364156
sample 65 seed=L=113539964,R=1962965509: RESULT: read_snm_v = 0.312517
sample 66 seed=L=206981769,R=54140052: RESULT: read_snm_v = 0.377809
sample 67 seed=L=709227135,R=1250808883: RESULT: read_snm_v = 0.346572
sample 68 seed=L=782468117,R=388367002: RESULT: read_snm_v = 0.396662
sample 69 seed=L=920302872,R=275416127: RESULT: read_snm_v = 0.355079
sample 70 seed=L=247407277,R=662184679: RESULT: read_snm_v = 0.330377
sample 71 seed=L=973407467,R=1849939971: RESULT: read_snm_v = 0.313822
sample 72 seed=L=1301055272,R=95871450: RESULT: read_snm_v = 0.330034
sample 73 seed=L=1740647467,R=1820982310: RESULT: read_snm_v = 0.332297
sample 74 seed=L=1219528425,R=217418887: RESULT: read_snm_v = 0.345638
sample 75 seed=L=1481260493,R=789098080: RESULT: read_snm_v = 0.343784
sample 76 seed=L=67831699,R=519283199: RESULT: read_snm_v = 0.384435
sample 77 seed=L=718591942,R=1602723589: RESULT: read_snm_v = 0.342959
sample 78 seed=L=1269720481,R=66398900: RESULT: read_snm_v = 0.380818
sample 79 seed=L=1702222956,R=1759773510: RESULT: read_snm_v = 0.376711
sample 80 seed=L=975333762,R=1298169832: RESULT: read_snm_v = 0.358652
sample 81 seed=L=702107889,R=1660555914: RESULT: read_snm_v = 0.361621
sample 82 seed=L=1329405111,R=891792105: RESULT: read_snm_v = 0.387709
sample 83 seed=L=247779396,R=110533052: RESULT: read_snm_v = 0.336136
sample 84 seed=L=1162740001,R=1810041971: RESULT: read_snm_v = 0.337863
sample 85 seed=L=1143616979,R=123552933: RESULT: read_snm_v = 0.341515
sample 86 seed=L=1330205305,R=1726962000: RESULT: read_snm_v = 0.328253
sample 87 seed=L=347347481,R=1323319531: RESULT: read_snm_v = 0.332774
sample 88 seed=L=1677047166,R=208605055: RESULT: read_snm_v = 0.381007
sample 89 seed=L=1417130491,R=543481584: RESULT: read_snm_v = 0.363783
sample 90 seed=L=1375281811,R=664705222: RESULT: read_snm_v = 0.391081
sample 91 seed=L=950710431,R=1792093848: RESULT: read_snm_v = 0.34707
sample 92 seed=L=883879336,R=1137678209: RESULT: read_snm_v = 0.305419
sample 93 seed=L=1529436139,R=93729599: RESULT: read_snm_v = 0.38638
sample 94 seed=L=1701345910,R=1280262341: RESULT: read_snm_v = 0.354311
sample 95 seed=L=231761107,R=1306138210: RESULT: read_snm_v = 0.337275
sample 96 seed=L=1729330820,R=479059712: RESULT: read_snm_v = 0.358405
sample 97 seed=L=662765737,R=1472948094: RESULT: read_snm_v = 0.374666
sample 98 seed=L=1647221557,R=1002971884: RESULT: read_snm_v = 0.367178
sample 99 seed=L=28671699,R=562946852: RESULT: read_snm_v = 0.330796
sample 100 seed=L=236581254,R=346385909: RESULT: read_snm_v = 0.335209
sample 101 seed=L=162196906,R=44936045: RESULT: read_snm_v = 0.369524
sample 102 seed=L=243299982,R=1678325660: RESULT: read_snm_v = 0.359597
sample 103 seed=L=572447458,R=1119383094: RESULT: read_snm_v = 0.331318
sample 104 seed=L=1634702799,R=191152821: RESULT: read_snm_v = 0.334308
sample 105 seed=L=1563318948,R=1736918075: RESULT: read_snm_v = 0.346272
sample 106 seed=L=1340252683,R=486138908: RESULT: read_snm_v = 0.365795
sample 107 seed=L=894081614,R=502123131: RESULT: read_snm_v = 0.312251
sample 108 seed=L=27341827,R=1526822362: RESULT: read_snm_v = 0.37271
sample 109 seed=L=1811246516,R=342676879: RESULT: read_snm_v = 0.343898
sample 110 seed=L=169594852,R=176051932: RESULT: read_snm_v = 0.331569
sample 111 seed=L=1930644197,R=1074468006: RESULT: read_snm_v = 0.351063
sample 112 seed=L=1499902678,R=936363085: RESULT: read_snm_v = 0.351484
sample 113 seed=L=968838271,R=1661957552: RESULT: read_snm_v = 0.358124
sample 114 seed=L=596367689,R=789571608: RESULT: read_snm_v = 0.367546
sample 115 seed=L=949663443,R=342951538: RESULT: read_snm_v = 0.34221
sample 116 seed=L=1079886708,R=1429694927: RESULT: read_snm_v = 0.325373
sample 117 seed=L=74512161,R=1481063354: RESULT: read_snm_v = 0.355143
sample 118 seed=L=42759635,R=1809734054: RESULT: read_snm_v = 0.344279
sample 119 seed=L=467884849,R=682173742: RESULT: read_snm_v = 0.350652
sample 120 seed=L=586211624,R=1280317619: RESULT: read_snm_v = 0.343122
sample 121 seed=L=601508900,R=632762412: RESULT: read_snm_v = 0.337258
sample 122 seed=L=20992763,R=1229475409: RESULT: read_snm_v = 0.327529
sample 123 seed=L=1678780229,R=1856401206: RESULT: read_snm_v = 0.364525
sample 124 seed=L=1580043002,R=732874067: RESULT: read_snm_v = 0.325653
sample 125 seed=L=1378281651,R=726918848: RESULT: read_snm_v = 0.315807
sample 126 seed=L=1932958114,R=115869499: RESULT: read_snm_v = 0.312746
sample 127 seed=L=949590436,R=1798164517: RESULT: read_snm_v = 0.356081
sample 128 seed=L=668192320,R=199916447: RESULT: read_snm_v = 0.388511
sample 129 seed=L=13894113,R=1348660963: RESULT: read_snm_v = 0.405612
sample 130 seed=L=1615590847,R=1844178731: RESULT: read_snm_v = 0.310609
sample 131 seed=L=1581070181,R=10662386: RESULT: read_snm_v = 0.355046
sample 132 seed=L=1923091746,R=33341030: RESULT: read_snm_v = 0.372813
sample 133 seed=L=111621206,R=702252458: RESULT: read_snm_v = 0.375947
sample 134 seed=L=1443341709,R=1165384510: RESULT: read_snm_v = 0.339786
sample 135 seed=L=1247985994,R=1024207916: RESULT: read_snm_v = 0.335372
sample 136 seed=L=1571893010,R=1024278698: RESULT: read_snm_v = 0.326262
sample 137 seed=L=126641343,R=1062192300: RESULT: read_snm_v = 0.368697
sample 138 seed=L=1050892489,R=624790904: RESULT: read_snm_v = 0.357858
sample 139 seed=L=1781335883,R=1371895593: RESULT: read_snm_v = 0.374902
sample 140 seed=L=635638572,R=935416535: RESULT: read_snm_v = 0.319206
sample 141 seed=L=1769846411,R=1941991753: RESULT: read_snm_v = 0.361966
sample 142 seed=L=720028022,R=855160125: RESULT: read_snm_v = 0.369514
sample 143 seed=L=724265924,R=720756080: RESULT: read_snm_v = 0.338822
sample 144 seed=L=1807656844,R=222777984: RESULT: read_snm_v = 0.383163
sample 145 seed=L=82170266,R=970183792: RESULT: read_snm_v = 0.342645
sample 146 seed=L=1567434831,R=119652580: RESULT: read_snm_v = 0.346973
sample 147 seed=L=1731378631,R=1933895143: RESULT: read_snm_v = 0.37815
sample 148 seed=L=112262058,R=1617695825: RESULT: read_snm_v = 0.340509
sample 149 seed=L=481976693,R=146678568: RESULT: read_snm_v = 0.379112
sample 150 seed=L=558122763,R=890392346: RESULT: read_snm_v = 0.314506
sample 151 seed=L=243199186,R=1769829918: RESULT: read_snm_v = 0.338388
sample 152 seed=L=1586170408,R=481906171: RESULT: read_snm_v = 0.364505
sample 153 seed=L=117934419,R=40787330: RESULT: read_snm_v = 0.353092
sample 154 seed=L=300977699,R=1448289607: RESULT: read_snm_v = 0.380271
sample 155 seed=L=109154015,R=1425232703: RESULT: read_snm_v = 0.362773
sample 156 seed=L=521050901,R=290182814: RESULT: read_snm_v = 0.315745
sample 157 seed=L=706513742,R=150340631: RESULT: read_snm_v = 0.349934
sample 158 seed=L=85591541,R=804576020: RESULT: read_snm_v = 0.387827
sample 159 seed=L=996366384,R=1151912840: RESULT: read_snm_v = 0.28252
sample 160 seed=L=1403289414,R=1561536862: RESULT: read_snm_v = 0.308143
sample 161 seed=L=1029230681,R=195734621: RESULT: read_snm_v = 0.331196
sample 162 seed=L=993155746,R=1732496929: RESULT: read_snm_v = 0.399082
sample 163 seed=L=1809231680,R=1950040790: RESULT: read_snm_v = 0.337895
sample 164 seed=L=692450350,R=96252035: RESULT: read_snm_v = 0.349925
sample 165 seed=L=826491243,R=1157457956: RESULT: read_snm_v = 0.369432
sample 166 seed=L=1773297877,R=48940096: RESULT: read_snm_v = 0.375826
sample 167 seed=L=324598078,R=730443817: RESULT: read_snm_v = 0.330582
sample 168 seed=L=143334697,R=77486690: RESULT: read_snm_v = 0.327151
sample 169 seed=L=1280366034,R=1926558514: RESULT: read_snm_v = 0.366364
sample 170 seed=L=849735250,R=299351457: RESULT: read_snm_v = 0.371418
sample 171 seed=L=1141375235,R=690654799: RESULT: read_snm_v = 0.33231
sample 172 seed=L=818329616,R=1849575921: RESULT: read_snm_v = 0.350522
sample 173 seed=L=873507620,R=719726914: RESULT: read_snm_v = 0.352529
sample 174 seed=L=870319203,R=1355481632: RESULT: read_snm_v = 0.37044
sample 175 seed=L=670734175,R=518255356: RESULT: read_snm_v = 0.354745
sample 176 seed=L=1195849568,R=1208650037: RESULT: read_snm_v = 0.3889
sample 177 seed=L=1460345805,R=870174344: RESULT: read_snm_v = 0.323119
sample 178 seed=L=552933648,R=1647546776: RESULT: read_snm_v = 0.345287
sample 179 seed=L=539915937,R=1154071275: RESULT: read_snm_v = 0.335602
sample 180 seed=L=1352797972,R=1879898613: RESULT: read_snm_v = 0.325217
sample 181 seed=L=704144845,R=1283489007: RESULT: read_snm_v = 0.354902
sample 182 seed=L=1323603740,R=1604963169: RESULT: read_snm_v = 0.333823
sample 183 seed=L=1263889719,R=627764769: RESULT: read_snm_v = 0.353156
sample 184 seed=L=1480697925,R=1680260630: RESULT: read_snm_v = 0.339539
sample 185 seed=L=1331387155,R=824106232: RESULT: read_snm_v = 0.33325
sample 186 seed=L=594038651,R=1894975882: RESULT: read_snm_v = 0.364137
sample 187 seed=L=346143137,R=125665350: RESULT: read_snm_v = 0.334486
sample 188 seed=L=1226900087,R=193356287: RESULT: read_snm_v = 0.36349
sample 189 seed=L=596556193,R=1729832777: RESULT: read_snm_v = 0.314974
sample 190 seed=L=1914723294,R=1051782371: RESULT: read_snm_v = 0.336019
sample 191 seed=L=1797065199,R=1283489089: RESULT: read_snm_v = 0.362683
sample 192 seed=L=241099470,R=976941711: RESULT: read_snm_v = 0.381926
sample 193 seed=L=875931256,R=24880222: RESULT: read_snm_v = 0.345867
sample 194 seed=L=436077845,R=1269892463: RESULT: read_snm_v = 0.346481
sample 195 seed=L=110641949,R=215882936: RESULT: read_snm_v = 0.369157
sample 196 seed=L=1835115193,R=733448653: RESULT: read_snm_v = 0.367087
sample 197 seed=L=957535975,R=316605786: RESULT: read_snm_v = 0.332522
sample 198 seed=L=493955078,R=1901708210: RESULT: read_snm_v = 0.318463
sample 199 seed=L=1738019810,R=196068090: RESULT: read_snm_v = 0.335584

=== corner ff_-40c_2.97v -- determinism control (sw_stat_mismatch=0) ===
sample 0 seed=L=1479356796,R=1235034667: RESULT: read_snm_v = 0.346745
sample 1 seed=L=662271285,R=708230429: RESULT: read_snm_v = 0.346745
sample 2 seed=L=69753409,R=217447997: RESULT: read_snm_v = 0.346745
sample 3 seed=L=508815650,R=473112775: RESULT: read_snm_v = 0.346745

=== corner ff_-40c_2.97v -- negative control (known-bad variant: sw_stat_mismatch=20 (20x the PDK's per-instance Vt/current-factor mismatch sigma)) ===
sample 0 seed=L=70210340,R=692150853: RESULT: read_snm_v = 0.461637
sample 1 seed=L=1574805701,R=395346828: RESULT: read_snm_v = 0.295937
sample 2 seed=L=563637968,R=509281803: RESULT: read_snm_v = 0.723965
sample 3 seed=L=1036721157,R=1681918609: RESULT: read_snm_v = 0.16702
sample 4 seed=L=404961502,R=87446848: RESULT: read_snm_v = -0.059889
sample 5 seed=L=633738041,R=619800744: RESULT: read_snm_v = 0.721603
sample 6 seed=L=996463420,R=45103451: RESULT: read_snm_v = -0.057236
sample 7 seed=L=261421301,R=1603464426: RESULT: read_snm_v = -0.060824
sample 8 seed=L=192749634,R=1162325404: RESULT: read_snm_v = 0.505227
sample 9 seed=L=615079901,R=1146762324: RESULT: read_snm_v = -0.059957
sample 10 seed=L=1889208276,R=81354992: RESULT: read_snm_v = 0.643706
sample 11 seed=L=1653747147,R=1212004552: RESULT: read_snm_v = 0.169552
sample 12 seed=L=1388915099,R=1621806135: RESULT: read_snm_v = 0.193694
sample 13 seed=L=1341333612,R=181695437: RESULT: read_snm_v = -0.061907
sample 14 seed=L=1486752057,R=897983449: RESULT: read_snm_v = -0.062324
sample 15 seed=L=1100110399,R=1747986233: RESULT: read_snm_v = -0.059422
sample 16 seed=L=452624450,R=171037308: RESULT: read_snm_v = 0.000544
sample 17 seed=L=823580829,R=482974933: RESULT: read_snm_v = 0.350579
sample 18 seed=L=848726501,R=276629639: RESULT: read_snm_v = 0.488455
sample 19 seed=L=510321955,R=663037014: RESULT: read_snm_v = -0.06
sample 20 seed=L=1452254454,R=149578358: RESULT: read_snm_v = -0.061043
sample 21 seed=L=1042776995,R=1092646120: RESULT: read_snm_v = 0.557599
sample 22 seed=L=233939337,R=1474780357: RESULT: read_snm_v = 0.443568
sample 23 seed=L=846687087,R=50834384: RESULT: read_snm_v = 0.356477
sample 24 seed=L=1037285275,R=1890924285: RESULT: read_snm_v = -0.053038
sample 25 seed=L=1721224600,R=520728661: RESULT: read_snm_v = -0.062098
sample 26 seed=L=282773766,R=1178084010: RESULT: read_snm_v = -0.059979
sample 27 seed=L=73228478,R=985437855: RESULT: read_snm_v = -0.061715
sample 28 seed=L=245936133,R=110139217: RESULT: read_snm_v = 0.772862
sample 29 seed=L=702939500,R=1517238874: RESULT: read_snm_v = 0.0847
sample 30 seed=L=1122332231,R=778585423: OPEN -- R: expected data file read_snm_sweep.txt not produced (ngspice exit 1)
sample 31 seed=L=12732997,R=1178163741: RESULT: read_snm_v = -0.059731
sample 32 seed=L=102502991,R=46170748: RESULT: read_snm_v = 0.020826
sample 33 seed=L=1663782863,R=593685627: RESULT: read_snm_v = -0.061407
sample 34 seed=L=310817878,R=1694986066: RESULT: read_snm_v = -0.003165
sample 35 seed=L=1277360196,R=1422154570: RESULT: read_snm_v = 0.533212
sample 36 seed=L=280065787,R=48022495: RESULT: read_snm_v = 0.16056
sample 37 seed=L=1032704762,R=875539788: RESULT: read_snm_v = -0.06
sample 38 seed=L=1343226321,R=196899569: RESULT: read_snm_v = -0.06
sample 39 seed=L=381721288,R=731074729: RESULT: read_snm_v = -0.06
sample 40 seed=L=901983519,R=612650965: RESULT: read_snm_v = 0.136204
sample 41 seed=L=840749006,R=420424528: RESULT: read_snm_v = 0.257498
sample 42 seed=L=542669026,R=77795414: RESULT: read_snm_v = -0.062283
sample 43 seed=L=434068643,R=1037239586: RESULT: read_snm_v = 0.028677
sample 44 seed=L=37962615,R=1586931242: RESULT: read_snm_v = 0.778952
sample 45 seed=L=1819113372,R=1769148634: RESULT: read_snm_v = 0.580416
sample 46 seed=L=197232524,R=1301180192: RESULT: read_snm_v = -0.06
sample 47 seed=L=1972504213,R=1975074321: RESULT: read_snm_v = -0.004371
sample 48 seed=L=201486187,R=338646710: RESULT: read_snm_v = 0.827799
sample 49 seed=L=116306078,R=1234438474: RESULT: read_snm_v = 0.51029
sample 50 seed=L=1191992118,R=1883553023: RESULT: read_snm_v = 0.392742
sample 51 seed=L=1440545042,R=595125673: RESULT: read_snm_v = 0.344356
sample 52 seed=L=1751167975,R=128053322: RESULT: read_snm_v = -0.06
sample 53 seed=L=575565201,R=1846778121: RESULT: read_snm_v = 0.512335
sample 54 seed=L=1617515512,R=605189412: RESULT: read_snm_v = -0.05967
sample 55 seed=L=201544900,R=138537526: RESULT: read_snm_v = 0.313187
sample 56 seed=L=1166365531,R=1923092460: RESULT: read_snm_v = -0.062195
sample 57 seed=L=1263456260,R=1095204270: RESULT: read_snm_v = -0.061016
sample 58 seed=L=1728624878,R=820516057: RESULT: read_snm_v = 0.094163
sample 59 seed=L=227996194,R=1656206416: RESULT: read_snm_v = -0.014101
sample 60 seed=L=941579230,R=1836566663: RESULT: read_snm_v = -0.024859
sample 61 seed=L=898655688,R=1659858126: RESULT: read_snm_v = 0.049115
sample 62 seed=L=1887011164,R=537129211: RESULT: read_snm_v = 0.118183
sample 63 seed=L=1797946553,R=1306625175: RESULT: read_snm_v = -0.062423
sample 64 seed=L=650678623,R=183201041: RESULT: read_snm_v = -0.061845
sample 65 seed=L=1632094859,R=1146710937: RESULT: read_snm_v = -0.062384
sample 66 seed=L=1300615029,R=1039872324: RESULT: read_snm_v = 0.237101
sample 67 seed=L=96939630,R=1581006691: RESULT: read_snm_v = 0.31468
sample 68 seed=L=685643093,R=1283170364: RESULT: read_snm_v = 0.405175
sample 69 seed=L=987886981,R=811531260: RESULT: read_snm_v = 0.054148
sample 70 seed=L=1360521092,R=1863091994: OPEN -- L: expected data file read_snm_sweep.txt not produced (ngspice exit 1); R: expected data file read_snm_sweep.txt not produced (ngspice exit 1)
sample 71 seed=L=409589739,R=130679774: RESULT: read_snm_v = 0.33235
sample 72 seed=L=827489014,R=1318474374: RESULT: read_snm_v = -0.060278
sample 73 seed=L=856526452,R=1167677653: RESULT: read_snm_v = -0.016028
sample 74 seed=L=1358637114,R=728136658: RESULT: read_snm_v = -0.057819
sample 75 seed=L=1065666322,R=191333744: RESULT: read_snm_v = 0.349229
sample 76 seed=L=1094050464,R=192569074: RESULT: read_snm_v = 0.128456
sample 77 seed=L=973914069,R=1624748458: RESULT: read_snm_v = 0.087029
sample 78 seed=L=1258625369,R=581093085: RESULT: read_snm_v = -0.06
sample 79 seed=L=69123478,R=1581689305: RESULT: read_snm_v = 0.342411
sample 80 seed=L=755126882,R=294624538: OPEN -- R: expected data file read_snm_sweep.txt not produced (ngspice exit 1)
sample 81 seed=L=1616589356,R=1692937783: RESULT: read_snm_v = 0.223586
sample 82 seed=L=1083209517,R=282545587: RESULT: read_snm_v = -0.06065
sample 83 seed=L=1408277291,R=610230074: RESULT: read_snm_v = -0.05875
sample 84 seed=L=1777132943,R=1135384130: RESULT: read_snm_v = 0.543009
sample 85 seed=L=1968647362,R=991325640: OPEN -- R: expected data file read_snm_sweep.txt not produced (ngspice exit 1)
sample 86 seed=L=1139930093,R=20497833: RESULT: read_snm_v = 0.464494
sample 87 seed=L=147002596,R=350466862: OPEN -- L: expected data file read_snm_sweep.txt not produced (ngspice exit 1)
sample 88 seed=L=775505347,R=492291408: RESULT: read_snm_v = 0.258664
sample 89 seed=L=1786995375,R=1622615726: OPEN -- R: expected data file read_snm_sweep.txt not produced (ngspice exit 1)
sample 90 seed=L=1980936524,R=1924346188: RESULT: read_snm_v = 0.467291
sample 91 seed=L=1095413733,R=1956618191: RESULT: read_snm_v = -0.037148
sample 92 seed=L=142734877,R=512735390: RESULT: read_snm_v = 0.02873
sample 93 seed=L=956652137,R=935780111: RESULT: read_snm_v = 0.563096
sample 94 seed=L=186881651,R=1548830157: RESULT: read_snm_v = -0.06
sample 95 seed=L=1686963041,R=1335855915: RESULT: read_snm_v = -0.06
sample 96 seed=L=7754337,R=320748557: RESULT: read_snm_v = 0.824876
sample 97 seed=L=275941955,R=444755130: RESULT: read_snm_v = 0.323822
sample 98 seed=L=1200273839,R=244143108: RESULT: read_snm_v = 0.36542
sample 99 seed=L=1195022078,R=681544407: RESULT: read_snm_v = 0.409356
