=== corner ss_-40c_3.63v -- mismatch samples (sw_stat_mismatch=1) ===
sample 0 seed=L=873889528,R=462912262: RESULT: read_snm_v = 0.559326
sample 1 seed=L=820038911,R=498480225: RESULT: read_snm_v = 0.578033
sample 2 seed=L=161775501,R=481699770: RESULT: read_snm_v = 0.562317
sample 3 seed=L=1304567384,R=1786012895: RESULT: read_snm_v = 0.540017
sample 4 seed=L=913168886,R=570423124: RESULT: read_snm_v = 0.56283
sample 5 seed=L=549976036,R=1976353944: RESULT: read_snm_v = 0.525546
sample 6 seed=L=1123106521,R=1837223680: RESULT: read_snm_v = 0.564443
sample 7 seed=L=1752629302,R=719188327: RESULT: read_snm_v = 0.54105
sample 8 seed=L=602515461,R=1303083159: RESULT: read_snm_v = 0.569082
sample 9 seed=L=1510034767,R=50881730: RESULT: read_snm_v = 0.570329
sample 10 seed=L=705543602,R=1352351: RESULT: read_snm_v = 0.562249
sample 11 seed=L=462317096,R=1976437092: RESULT: read_snm_v = 0.579684
sample 12 seed=L=148470264,R=945473364: RESULT: read_snm_v = 0.547293
sample 13 seed=L=263757702,R=730009549: RESULT: read_snm_v = 0.58659
sample 14 seed=L=1529265982,R=918854714: RESULT: read_snm_v = 0.571286
sample 15 seed=L=265758890,R=967967518: RESULT: read_snm_v = 0.558579
sample 16 seed=L=1134689753,R=776063026: RESULT: read_snm_v = 0.517333
sample 17 seed=L=1817634737,R=797901144: RESULT: read_snm_v = 0.547817
sample 18 seed=L=136769938,R=1103101199: RESULT: read_snm_v = 0.58426
sample 19 seed=L=356665147,R=510489913: RESULT: read_snm_v = 0.562501
sample 20 seed=L=1282904536,R=731124267: RESULT: read_snm_v = 0.536506
sample 21 seed=L=1805887922,R=878214592: RESULT: read_snm_v = 0.585806
sample 22 seed=L=1645619067,R=153092278: RESULT: read_snm_v = 0.569658
sample 23 seed=L=655359580,R=256736887: RESULT: read_snm_v = 0.540533
sample 24 seed=L=794704345,R=1374471439: RESULT: read_snm_v = 0.566367
sample 25 seed=L=1023469785,R=798289832: RESULT: read_snm_v = 0.525495
sample 26 seed=L=1293970917,R=257910090: RESULT: read_snm_v = 0.565359
sample 27 seed=L=1494096046,R=1443465766: RESULT: read_snm_v = 0.577125
sample 28 seed=L=494206952,R=488864638: RESULT: read_snm_v = 0.557726
sample 29 seed=L=1128157891,R=1091419656: RESULT: read_snm_v = 0.569653
sample 30 seed=L=1136864791,R=761663504: RESULT: read_snm_v = 0.523021
sample 31 seed=L=1186836524,R=1252523184: RESULT: read_snm_v = 0.553647
sample 32 seed=L=1917433115,R=1892910447: RESULT: read_snm_v = 0.546009
sample 33 seed=L=99017127,R=949238474: RESULT: read_snm_v = 0.547199
sample 34 seed=L=110180469,R=787185680: RESULT: read_snm_v = 0.552653
sample 35 seed=L=752338465,R=1936634143: RESULT: read_snm_v = 0.587511
sample 36 seed=L=101773367,R=613347250: RESULT: read_snm_v = 0.555041
sample 37 seed=L=703631224,R=56389547: RESULT: read_snm_v = 0.540026
sample 38 seed=L=1786966664,R=1069565197: RESULT: read_snm_v = 0.584043
sample 39 seed=L=1543933754,R=692997403: RESULT: read_snm_v = 0.557499
sample 40 seed=L=1328422515,R=1571550642: RESULT: read_snm_v = 0.570957
sample 41 seed=L=1346047082,R=1704649200: RESULT: read_snm_v = 0.585618
sample 42 seed=L=1054558908,R=324811278: RESULT: read_snm_v = 0.554488
sample 43 seed=L=131884125,R=278931182: RESULT: read_snm_v = 0.548378
sample 44 seed=L=681284007,R=1000673921: RESULT: read_snm_v = 0.592373
sample 45 seed=L=1820161573,R=782881854: RESULT: read_snm_v = 0.552994
sample 46 seed=L=254275585,R=1009408559: RESULT: read_snm_v = 0.550473
sample 47 seed=L=192901103,R=126492635: RESULT: read_snm_v = 0.571971
sample 48 seed=L=989409661,R=210754159: RESULT: read_snm_v = 0.585513
sample 49 seed=L=555070415,R=111639522: RESULT: read_snm_v = 0.54402
sample 50 seed=L=226992128,R=1901589221: RESULT: read_snm_v = 0.564143
sample 51 seed=L=1027464359,R=1444531850: RESULT: read_snm_v = 0.534638
sample 52 seed=L=1648378858,R=698953464: RESULT: read_snm_v = 0.583707
sample 53 seed=L=92241966,R=107943449: RESULT: read_snm_v = 0.59891
sample 54 seed=L=1128317745,R=1311768921: RESULT: read_snm_v = 0.581795
sample 55 seed=L=710028148,R=1906274131: RESULT: read_snm_v = 0.557649
sample 56 seed=L=1711228475,R=722346739: RESULT: read_snm_v = 0.598664
sample 57 seed=L=276294363,R=27856942: RESULT: read_snm_v = 0.528083
sample 58 seed=L=1002227951,R=1147142315: RESULT: read_snm_v = 0.560191
sample 59 seed=L=558040711,R=1989628022: RESULT: read_snm_v = 0.556294
sample 60 seed=L=1744354366,R=462262412: RESULT: read_snm_v = 0.555114
sample 61 seed=L=556596261,R=638199256: RESULT: read_snm_v = 0.592211
sample 62 seed=L=19891942,R=1876043752: RESULT: read_snm_v = 0.593333
sample 63 seed=L=629404016,R=1656891782: RESULT: read_snm_v = 0.550319
sample 64 seed=L=189097837,R=194598855: RESULT: read_snm_v = 0.528998
sample 65 seed=L=554940696,R=382641065: RESULT: read_snm_v = 0.587793
sample 66 seed=L=662049396,R=1301511266: RESULT: read_snm_v = 0.56484
sample 67 seed=L=47031052,R=58224088: RESULT: read_snm_v = 0.545784
sample 68 seed=L=223797375,R=1172164931: RESULT: read_snm_v = 0.565251
sample 69 seed=L=1731309920,R=1050233592: RESULT: read_snm_v = 0.584705
sample 70 seed=L=1896948205,R=1331176895: RESULT: read_snm_v = 0.54207
sample 71 seed=L=575805861,R=1888450773: RESULT: read_snm_v = 0.58387
sample 72 seed=L=1060716690,R=477259004: RESULT: read_snm_v = 0.560026
sample 73 seed=L=1894830266,R=772278223: RESULT: read_snm_v = 0.587002
sample 74 seed=L=1768240937,R=185300126: RESULT: read_snm_v = 0.575402
sample 75 seed=L=546461093,R=189875262: RESULT: read_snm_v = 0.562936
sample 76 seed=L=1064385733,R=1612030497: RESULT: read_snm_v = 0.566586
sample 77 seed=L=832928592,R=750224657: RESULT: read_snm_v = 0.536559
sample 78 seed=L=71298340,R=39812723: RESULT: read_snm_v = 0.591878
sample 79 seed=L=1652647576,R=1792814681: RESULT: read_snm_v = 0.57319
sample 80 seed=L=1589937774,R=174439262: RESULT: read_snm_v = 0.571127
sample 81 seed=L=1546433150,R=1105095207: RESULT: read_snm_v = 0.560264
sample 82 seed=L=524293331,R=147225690: RESULT: read_snm_v = 0.557918
sample 83 seed=L=99732477,R=469039941: RESULT: read_snm_v = 0.578201
sample 84 seed=L=627635669,R=1032143536: RESULT: read_snm_v = 0.541627
sample 85 seed=L=552975,R=1824776394: RESULT: read_snm_v = 0.553701
sample 86 seed=L=1420417438,R=1762386613: RESULT: read_snm_v = 0.56145
sample 87 seed=L=43027498,R=1394660749: RESULT: read_snm_v = 0.581751
sample 88 seed=L=80453416,R=1060441151: RESULT: read_snm_v = 0.583357
sample 89 seed=L=1545855616,R=788287631: RESULT: read_snm_v = 0.569502
sample 90 seed=L=791037866,R=1081886586: RESULT: read_snm_v = 0.569293
sample 91 seed=L=650281370,R=1824672931: RESULT: read_snm_v = 0.581681
sample 92 seed=L=363906673,R=1678224073: RESULT: read_snm_v = 0.548791
sample 93 seed=L=1325054816,R=1912365251: RESULT: read_snm_v = 0.533169
sample 94 seed=L=1673282314,R=378500123: RESULT: read_snm_v = 0.622525
sample 95 seed=L=69440348,R=1634602148: RESULT: read_snm_v = 0.551504
sample 96 seed=L=1965755319,R=1449344569: RESULT: read_snm_v = 0.581065
sample 97 seed=L=217102121,R=1872177096: RESULT: read_snm_v = 0.564485
sample 98 seed=L=638678236,R=1130840306: RESULT: read_snm_v = 0.540721
sample 99 seed=L=177554408,R=59972594: RESULT: read_snm_v = 0.56056
sample 100 seed=L=772095575,R=987274769: RESULT: read_snm_v = 0.550156
sample 101 seed=L=622949473,R=879662720: RESULT: read_snm_v = 0.579337
sample 102 seed=L=1042464465,R=600541613: RESULT: read_snm_v = 0.549769
sample 103 seed=L=1562520226,R=1831313015: RESULT: read_snm_v = 0.604587
sample 104 seed=L=1586783732,R=682908875: RESULT: read_snm_v = 0.571823
sample 105 seed=L=1667603564,R=1922790387: RESULT: read_snm_v = 0.550666
sample 106 seed=L=347327897,R=711634931: RESULT: read_snm_v = 0.573079
sample 107 seed=L=1610995744,R=11576411: RESULT: read_snm_v = 0.572439
sample 108 seed=L=139911,R=170912089: RESULT: read_snm_v = 0.592503
sample 109 seed=L=973258694,R=1958677478: RESULT: read_snm_v = 0.577988
sample 110 seed=L=192130076,R=773737977: RESULT: read_snm_v = 0.589405
sample 111 seed=L=791452306,R=1493548750: RESULT: read_snm_v = 0.604079
sample 112 seed=L=1265690253,R=1210416148: RESULT: read_snm_v = 0.580918
sample 113 seed=L=1801074752,R=336586152: RESULT: read_snm_v = 0.573905
sample 114 seed=L=784956791,R=1398849201: RESULT: read_snm_v = 0.527677
sample 115 seed=L=1496508375,R=1489427942: RESULT: read_snm_v = 0.545673
sample 116 seed=L=1158603314,R=815177697: RESULT: read_snm_v = 0.565088
sample 117 seed=L=1717858665,R=1940255317: RESULT: read_snm_v = 0.576047
sample 118 seed=L=1472028967,R=1382461068: RESULT: read_snm_v = 0.541395
sample 119 seed=L=722363439,R=114506847: RESULT: read_snm_v = 0.527631
sample 120 seed=L=834134632,R=1569101593: RESULT: read_snm_v = 0.572384
sample 121 seed=L=844130480,R=828263598: RESULT: read_snm_v = 0.560588
sample 122 seed=L=1974515600,R=1137913623: RESULT: read_snm_v = 0.566562
sample 123 seed=L=701690275,R=152608324: RESULT: read_snm_v = 0.546418
sample 124 seed=L=1232513934,R=1177115887: RESULT: read_snm_v = 0.559603
sample 125 seed=L=611201156,R=830820624: RESULT: read_snm_v = 0.54449
sample 126 seed=L=187180876,R=1342450362: RESULT: read_snm_v = 0.566669
sample 127 seed=L=1424428383,R=1535322139: RESULT: read_snm_v = 0.561123
sample 128 seed=L=350493797,R=302045415: RESULT: read_snm_v = 0.602848
sample 129 seed=L=1330332852,R=290088329: RESULT: read_snm_v = 0.58715
sample 130 seed=L=454754635,R=1948251689: RESULT: read_snm_v = 0.525582
sample 131 seed=L=1936602890,R=1237348599: RESULT: read_snm_v = 0.606074
sample 132 seed=L=874835380,R=1676557775: RESULT: read_snm_v = 0.541452
sample 133 seed=L=204978028,R=1264624817: RESULT: read_snm_v = 0.578649
sample 134 seed=L=54216854,R=751953791: RESULT: read_snm_v = 0.537274
sample 135 seed=L=1313062556,R=1238484471: RESULT: read_snm_v = 0.581766
sample 136 seed=L=184626980,R=1012846240: RESULT: read_snm_v = 0.541712
sample 137 seed=L=483927577,R=316894288: RESULT: read_snm_v = 0.542435
sample 138 seed=L=1371988308,R=1324291401: RESULT: read_snm_v = 0.535186
sample 139 seed=L=129960578,R=984097333: RESULT: read_snm_v = 0.602893
sample 140 seed=L=512887259,R=237628158: RESULT: read_snm_v = 0.525554
sample 141 seed=L=228853289,R=1298857342: RESULT: read_snm_v = 0.564472
sample 142 seed=L=408279886,R=337520899: RESULT: read_snm_v = 0.533152
sample 143 seed=L=336129771,R=463815778: RESULT: read_snm_v = 0.51982
sample 144 seed=L=635390641,R=1686946983: RESULT: read_snm_v = 0.561881
sample 145 seed=L=363599003,R=183756296: RESULT: read_snm_v = 0.534004
sample 146 seed=L=576636827,R=1812843827: RESULT: read_snm_v = 0.538035
sample 147 seed=L=452088657,R=1061429628: RESULT: read_snm_v = 0.537664
sample 148 seed=L=1972842281,R=239766889: RESULT: read_snm_v = 0.529082
sample 149 seed=L=1129367689,R=1152568766: RESULT: read_snm_v = 0.567372
sample 150 seed=L=113655613,R=1771320781: RESULT: read_snm_v = 0.563633
sample 151 seed=L=1398158202,R=688915087: RESULT: read_snm_v = 0.535406
sample 152 seed=L=1745836291,R=1889502992: RESULT: read_snm_v = 0.543355
sample 153 seed=L=566475526,R=1122543352: RESULT: read_snm_v = 0.555955
sample 154 seed=L=781075983,R=674726814: RESULT: read_snm_v = 0.56583
sample 155 seed=L=1479856520,R=154475004: RESULT: read_snm_v = 0.580331
sample 156 seed=L=1536553299,R=11812003: RESULT: read_snm_v = 0.538924
sample 157 seed=L=133479839,R=367174324: RESULT: read_snm_v = 0.589134
sample 158 seed=L=702708386,R=635337332: RESULT: read_snm_v = 0.545737
sample 159 seed=L=443840699,R=1824385935: RESULT: read_snm_v = 0.562576
sample 160 seed=L=508053856,R=403903679: RESULT: read_snm_v = 0.580624
sample 161 seed=L=132233850,R=1178853820: RESULT: read_snm_v = 0.599993
sample 162 seed=L=1050304467,R=794315921: RESULT: read_snm_v = 0.5672
sample 163 seed=L=1090033349,R=197813257: RESULT: read_snm_v = 0.584883
sample 164 seed=L=229036791,R=336905746: RESULT: read_snm_v = 0.534846
sample 165 seed=L=779299572,R=860484016: RESULT: read_snm_v = 0.572938
sample 166 seed=L=862600520,R=1904954640: RESULT: read_snm_v = 0.55174
sample 167 seed=L=216583769,R=16952545: RESULT: read_snm_v = 0.582928
sample 168 seed=L=360687565,R=1880194293: RESULT: read_snm_v = 0.534121
sample 169 seed=L=757176988,R=589667875: RESULT: read_snm_v = 0.534275
sample 170 seed=L=436685844,R=1032424650: RESULT: read_snm_v = 0.604303
sample 171 seed=L=1004350371,R=1381438976: RESULT: read_snm_v = 0.592512
sample 172 seed=L=1322437671,R=729260362: RESULT: read_snm_v = 0.53958
sample 173 seed=L=904765773,R=228343382: RESULT: read_snm_v = 0.586971
sample 174 seed=L=1841533551,R=1603103869: RESULT: read_snm_v = 0.598521
sample 175 seed=L=305051956,R=811911891: RESULT: read_snm_v = 0.55343
sample 176 seed=L=632615033,R=528749061: RESULT: read_snm_v = 0.547053
sample 177 seed=L=552683760,R=1084425385: RESULT: read_snm_v = 0.547656
sample 178 seed=L=1325320257,R=648842008: RESULT: read_snm_v = 0.571303
sample 179 seed=L=132949321,R=521267336: RESULT: read_snm_v = 0.561335
sample 180 seed=L=685444539,R=1916961949: RESULT: read_snm_v = 0.596159
sample 181 seed=L=73639937,R=604162036: RESULT: read_snm_v = 0.542953
sample 182 seed=L=1806171734,R=1722105842: RESULT: read_snm_v = 0.552275
sample 183 seed=L=15445881,R=636987423: RESULT: read_snm_v = 0.544744
sample 184 seed=L=50219845,R=482958848: RESULT: read_snm_v = 0.549721
sample 185 seed=L=949782794,R=552297840: RESULT: read_snm_v = 0.543516
sample 186 seed=L=212759066,R=1177082842: RESULT: read_snm_v = 0.575323
sample 187 seed=L=1994709646,R=1192960593: RESULT: read_snm_v = 0.557092
sample 188 seed=L=290729166,R=306258156: RESULT: read_snm_v = 0.591471
sample 189 seed=L=746830726,R=441158824: RESULT: read_snm_v = 0.59333
sample 190 seed=L=1347988186,R=108050635: RESULT: read_snm_v = 0.572195
sample 191 seed=L=9396562,R=1594041916: RESULT: read_snm_v = 0.532196
sample 192 seed=L=1714042098,R=72501937: RESULT: read_snm_v = 0.565382
sample 193 seed=L=361850777,R=1793907200: RESULT: read_snm_v = 0.597303
sample 194 seed=L=175702868,R=1019038904: RESULT: read_snm_v = 0.593544
sample 195 seed=L=837286324,R=373379822: RESULT: read_snm_v = 0.526862
sample 196 seed=L=460282112,R=1600273568: RESULT: read_snm_v = 0.581364
sample 197 seed=L=1460260623,R=216490007: RESULT: read_snm_v = 0.55431
sample 198 seed=L=1003198112,R=157992180: RESULT: read_snm_v = 0.568129
sample 199 seed=L=1896546373,R=949350366: RESULT: read_snm_v = 0.54858

=== corner ss_-40c_3.63v -- determinism control (sw_stat_mismatch=0) ===
sample 0 seed=L=1507906684,R=1900487874: RESULT: read_snm_v = 0.56375
sample 1 seed=L=1397760471,R=1422989442: RESULT: read_snm_v = 0.56375
sample 2 seed=L=298195306,R=835823934: RESULT: read_snm_v = 0.56375
sample 3 seed=L=1944647909,R=743164129: RESULT: read_snm_v = 0.56375

=== corner ss_-40c_3.63v -- negative control (known-bad variant: sw_stat_mismatch=20 (20x the PDK's per-instance Vt/current-factor mismatch sigma)) ===
sample 0 seed=L=1790263276,R=359077946: RESULT: read_snm_v = 0.477085
sample 1 seed=L=1287025876,R=369833926: RESULT: read_snm_v = 0.427663
sample 2 seed=L=347196102,R=1349648201: RESULT: read_snm_v = 0.907183
sample 3 seed=L=1717177519,R=1171851543: RESULT: read_snm_v = 0.626601
sample 4 seed=L=630321901,R=1315771110: RESULT: read_snm_v = 0.47922
sample 5 seed=L=1793769216,R=449189550: RESULT: read_snm_v = 0.387987
sample 6 seed=L=1679648525,R=1914741844: RESULT: read_snm_v = 0.049019
sample 7 seed=L=68286686,R=1930326846: RESULT: read_snm_v = 0.433579
sample 8 seed=L=1528137123,R=456103244: RESULT: read_snm_v = 0.120301
sample 9 seed=L=1615404496,R=1913840624: RESULT: read_snm_v = 0.755476
sample 10 seed=L=1163858587,R=205765425: RESULT: read_snm_v = 0.614162
sample 11 seed=L=660353226,R=162418148: OPEN -- L: expected data file read_snm_sweep.txt not produced (ngspice exit 1)
sample 12 seed=L=73877332,R=647724868: RESULT: read_snm_v = 0.359434
sample 13 seed=L=1521984509,R=302023174: RESULT: read_snm_v = 0.89315
sample 14 seed=L=1348759067,R=856191492: RESULT: read_snm_v = 0.661931
sample 15 seed=L=1236146507,R=1584093929: RESULT: read_snm_v = 0.375685
sample 16 seed=L=1569379035,R=1667057841: RESULT: read_snm_v = -0.068983
sample 17 seed=L=221355714,R=586758330: RESULT: read_snm_v = 0.566385
sample 18 seed=L=1727017535,R=1242165346: RESULT: read_snm_v = 1.053618
sample 19 seed=L=362835272,R=722691128: RESULT: read_snm_v = 0.125188
sample 20 seed=L=1603098286,R=250336404: RESULT: read_snm_v = 0.658096
sample 21 seed=L=674471711,R=974691424: RESULT: read_snm_v = 0.558368
sample 22 seed=L=1193806710,R=140856896: RESULT: read_snm_v = 0.26044
sample 23 seed=L=401574599,R=218944480: RESULT: read_snm_v = -0.074505
sample 24 seed=L=58649189,R=271163712: RESULT: read_snm_v = 0.09053
sample 25 seed=L=1952110894,R=136929947: RESULT: read_snm_v = 1.048443
sample 26 seed=L=1272176546,R=971353321: RESULT: read_snm_v = 0.064538
sample 27 seed=L=1187892331,R=1133251997: RESULT: read_snm_v = 0.773377
sample 28 seed=L=1657343700,R=1895565616: RESULT: read_snm_v = 0.872449
sample 29 seed=L=260151767,R=1812839624: RESULT: read_snm_v = 0.07837
sample 30 seed=L=1061018008,R=672064132: RESULT: read_snm_v = -0.068199
sample 31 seed=L=1590641561,R=1064414358: RESULT: read_snm_v = -0.033597
sample 32 seed=L=760080746,R=917022336: RESULT: read_snm_v = 0.294678
sample 33 seed=L=217014371,R=109343345: RESULT: read_snm_v = 0.802133
sample 34 seed=L=1781163442,R=920265115: RESULT: read_snm_v = 0.812707
sample 35 seed=L=267863544,R=66093048: RESULT: read_snm_v = -0.041208
sample 36 seed=L=968612567,R=1085014666: RESULT: read_snm_v = 1.097331
sample 37 seed=L=1231592707,R=1093011223: RESULT: read_snm_v = 0.592753
sample 38 seed=L=1894016270,R=1918469181: RESULT: read_snm_v = 0.107355
sample 39 seed=L=1330216932,R=1818793605: RESULT: read_snm_v = -0.04611
sample 40 seed=L=1223236605,R=627734067: RESULT: read_snm_v = 0.523538
sample 41 seed=L=1282746803,R=1262930175: RESULT: read_snm_v = -0.002482
sample 42 seed=L=1721796670,R=37563659: RESULT: read_snm_v = 0.432805
sample 43 seed=L=1066255690,R=83352337: RESULT: read_snm_v = 0.575649
sample 44 seed=L=166061079,R=513821333: RESULT: read_snm_v = 0.030976
sample 45 seed=L=1231315829,R=712708236: RESULT: read_snm_v = 0.221648
sample 46 seed=L=130456348,R=172291829: RESULT: read_snm_v = 0.049122
sample 47 seed=L=706732572,R=1015709359: RESULT: read_snm_v = 0.381383
sample 48 seed=L=675982000,R=1547879461: RESULT: read_snm_v = -0.060284
sample 49 seed=L=1088316512,R=1906241468: RESULT: read_snm_v = 0.327673
sample 50 seed=L=608246786,R=1880787085: RESULT: read_snm_v = -0.058235
sample 51 seed=L=80649291,R=1202599146: RESULT: read_snm_v = 0.320185
sample 52 seed=L=1324591833,R=1281296923: RESULT: read_snm_v = -0.067909
sample 53 seed=L=418421153,R=1973696086: RESULT: read_snm_v = 0.269412
sample 54 seed=L=365329061,R=105176854: RESULT: read_snm_v = 0.228417
sample 55 seed=L=818873569,R=701390754: RESULT: read_snm_v = -0.075
sample 56 seed=L=1586676684,R=1155393878: OPEN -- L: expected data file read_snm_sweep.txt not produced (ngspice exit 1)
sample 57 seed=L=1592758867,R=253163225: RESULT: read_snm_v = 0.618536
sample 58 seed=L=293307238,R=44403532: RESULT: read_snm_v = 0.489376
sample 59 seed=L=658695498,R=1480621451: RESULT: read_snm_v = 0.453747
sample 60 seed=L=1782416094,R=572047085: RESULT: read_snm_v = 0.160958
sample 61 seed=L=17502401,R=1370335055: RESULT: read_snm_v = -0.039359
sample 62 seed=L=1838361146,R=183842074: RESULT: read_snm_v = -0.071459
sample 63 seed=L=1364360721,R=1074020413: RESULT: read_snm_v = 0.306289
sample 64 seed=L=1696235956,R=309492027: RESULT: read_snm_v = -0.073305
sample 65 seed=L=170491730,R=1063191081: RESULT: read_snm_v = 0.197409
sample 66 seed=L=253228143,R=443133410: RESULT: read_snm_v = 0.376176
sample 67 seed=L=1604554050,R=359443023: RESULT: read_snm_v = 0.060381
sample 68 seed=L=362226622,R=808031458: RESULT: read_snm_v = 0.54807
sample 69 seed=L=1150222810,R=652174126: RESULT: read_snm_v = -0.075
sample 70 seed=L=1440098830,R=636016615: RESULT: read_snm_v = -0.075
sample 71 seed=L=1406691950,R=13771196: RESULT: read_snm_v = 0.428964
sample 72 seed=L=649621577,R=380774813: RESULT: read_snm_v = -0.074654
sample 73 seed=L=668970453,R=1519807242: RESULT: read_snm_v = 0.198705
sample 74 seed=L=1366003980,R=1649304118: RESULT: read_snm_v = 0.318085
sample 75 seed=L=1001846829,R=1079868077: RESULT: read_snm_v = 0.744069
sample 76 seed=L=1673479696,R=895242844: RESULT: read_snm_v = 0.603466
sample 77 seed=L=1759109289,R=1877303230: RESULT: read_snm_v = 0.430369
sample 78 seed=L=1163975298,R=308503779: RESULT: read_snm_v = 0.331625
sample 79 seed=L=264144319,R=1225557337: RESULT: read_snm_v = 0.61097
sample 80 seed=L=728124458,R=1020020850: RESULT: read_snm_v = 0.139073
sample 81 seed=L=992980587,R=1485190347: RESULT: read_snm_v = 0.293478
sample 82 seed=L=1889460644,R=212977831: OPEN -- L: expected data file read_snm_sweep.txt not produced (ngspice exit 1)
sample 83 seed=L=1829112736,R=770063174: RESULT: read_snm_v = 0.186855
sample 84 seed=L=1591790262,R=792321527: RESULT: read_snm_v = 0.139039
sample 85 seed=L=626132986,R=1005228948: RESULT: read_snm_v = 0.516461
sample 86 seed=L=1719248475,R=408327920: RESULT: read_snm_v = 0.81124
sample 87 seed=L=1819569601,R=1208845611: RESULT: read_snm_v = 0.881007
sample 88 seed=L=978712796,R=541813028: RESULT: read_snm_v = -0.073143
sample 89 seed=L=391804912,R=794277462: RESULT: read_snm_v = -0.075
sample 90 seed=L=1195809988,R=532038064: RESULT: read_snm_v = 0.516813
sample 91 seed=L=989084952,R=23383881: RESULT: read_snm_v = 0.597109
sample 92 seed=L=589566623,R=1114164487: RESULT: read_snm_v = 0.565339
sample 93 seed=L=1111186516,R=84536870: RESULT: read_snm_v = -0.07364
sample 94 seed=L=302917402,R=1913787888: RESULT: read_snm_v = 0.692106
sample 95 seed=L=791851616,R=1162460306: RESULT: read_snm_v = 0.183144
sample 96 seed=L=747531304,R=1588412285: RESULT: read_snm_v = 0.218967
sample 97 seed=L=551419432,R=1787625160: RESULT: read_snm_v = 0.623736
sample 98 seed=L=206893678,R=853213499: RESULT: read_snm_v = 0.632553
sample 99 seed=L=280839082,R=1742502068: RESULT: read_snm_v = 0.392425
