=== corner tt_25c_3.30v -- mismatch samples (sw_stat_mismatch=1) ===
sample 0 seed=L=1999001477,R=1742374616: RESULT: read_snm_v = 0.344212
sample 1 seed=L=492608256,R=1075919187: RESULT: read_snm_v = 0.378718
sample 2 seed=L=1867497829,R=1845146306: RESULT: read_snm_v = 0.410938
sample 3 seed=L=260652866,R=282188487: RESULT: read_snm_v = 0.391554
sample 4 seed=L=1008936216,R=1439492357: RESULT: read_snm_v = 0.423545
sample 5 seed=L=488036324,R=1748451413: RESULT: read_snm_v = 0.359796
sample 6 seed=L=281927282,R=1752778283: RESULT: read_snm_v = 0.367858
sample 7 seed=L=468556124,R=335601336: RESULT: read_snm_v = 0.363954
sample 8 seed=L=145130755,R=1008105675: RESULT: read_snm_v = 0.39582
sample 9 seed=L=32663419,R=1902532242: RESULT: read_snm_v = 0.393268
sample 10 seed=L=1898995466,R=212334675: RESULT: read_snm_v = 0.385599
sample 11 seed=L=443715143,R=765081066: RESULT: read_snm_v = 0.425132
sample 12 seed=L=351569369,R=1695311564: RESULT: read_snm_v = 0.358768
sample 13 seed=L=1239973132,R=1139887880: RESULT: read_snm_v = 0.353976
sample 14 seed=L=1562246892,R=971076770: RESULT: read_snm_v = 0.396822
sample 15 seed=L=565515003,R=963060736: RESULT: read_snm_v = 0.398243
sample 16 seed=L=64082927,R=413239489: RESULT: read_snm_v = 0.411433
sample 17 seed=L=286879630,R=1251720401: RESULT: read_snm_v = 0.348845
sample 18 seed=L=1954400981,R=489244574: RESULT: read_snm_v = 0.340132
sample 19 seed=L=1053296432,R=1716076399: RESULT: read_snm_v = 0.383666
sample 20 seed=L=1979581650,R=1992494905: RESULT: read_snm_v = 0.364541
sample 21 seed=L=1461834630,R=522530618: RESULT: read_snm_v = 0.332338
sample 22 seed=L=659478900,R=556481591: RESULT: read_snm_v = 0.370153
sample 23 seed=L=252639673,R=859271008: RESULT: read_snm_v = 0.459384
sample 24 seed=L=737099261,R=267954012: RESULT: read_snm_v = 0.345945
sample 25 seed=L=150146579,R=635294813: RESULT: read_snm_v = 0.363631
sample 26 seed=L=1210233698,R=1886041754: RESULT: read_snm_v = 0.397053
sample 27 seed=L=1540413016,R=1151972453: RESULT: read_snm_v = 0.373197
sample 28 seed=L=651053435,R=63106309: RESULT: read_snm_v = 0.430856
sample 29 seed=L=855213501,R=519892278: RESULT: read_snm_v = 0.375358
sample 30 seed=L=1100094050,R=1617314875: RESULT: read_snm_v = 0.404522
sample 31 seed=L=1316421148,R=1431625034: RESULT: read_snm_v = 0.365105
sample 32 seed=L=1265351300,R=1879625526: RESULT: read_snm_v = 0.407535
sample 33 seed=L=683174876,R=225220986: RESULT: read_snm_v = 0.438038
sample 34 seed=L=160927361,R=926962904: RESULT: read_snm_v = 0.387447
sample 35 seed=L=894656586,R=928514569: RESULT: read_snm_v = 0.342311
sample 36 seed=L=26178744,R=71790821: RESULT: read_snm_v = 0.378348
sample 37 seed=L=1230379201,R=110812572: RESULT: read_snm_v = 0.366099
sample 38 seed=L=1067134189,R=81914622: RESULT: read_snm_v = 0.393189
sample 39 seed=L=747736294,R=156044858: RESULT: read_snm_v = 0.379353
sample 40 seed=L=497948624,R=1246469127: RESULT: read_snm_v = 0.413363
sample 41 seed=L=1287354714,R=722607292: RESULT: read_snm_v = 0.350973
sample 42 seed=L=447772353,R=800182515: RESULT: read_snm_v = 0.400255
sample 43 seed=L=1886236879,R=1724891755: RESULT: read_snm_v = 0.385722
sample 44 seed=L=154982450,R=874758696: RESULT: read_snm_v = 0.433897
sample 45 seed=L=834599735,R=563334439: RESULT: read_snm_v = 0.41417
sample 46 seed=L=1859062298,R=1685459146: RESULT: read_snm_v = 0.360494
sample 47 seed=L=1061701,R=1811975259: RESULT: read_snm_v = 0.400666
sample 48 seed=L=1410488161,R=996371017: RESULT: read_snm_v = 0.412548
sample 49 seed=L=312725326,R=808374786: RESULT: read_snm_v = 0.384552
sample 50 seed=L=749881334,R=1041895296: RESULT: read_snm_v = 0.361592
sample 51 seed=L=86634824,R=1634159630: RESULT: read_snm_v = 0.350074
sample 52 seed=L=1119204924,R=215206989: RESULT: read_snm_v = 0.379851
sample 53 seed=L=293901096,R=269616253: RESULT: read_snm_v = 0.344068
sample 54 seed=L=437894506,R=372669898: RESULT: read_snm_v = 0.401439
sample 55 seed=L=573566095,R=1695082656: RESULT: read_snm_v = 0.409672
sample 56 seed=L=410407822,R=634950393: RESULT: read_snm_v = 0.365385
sample 57 seed=L=1330097689,R=521746403: RESULT: read_snm_v = 0.356293
sample 58 seed=L=1156386003,R=1708510875: RESULT: read_snm_v = 0.385318
sample 59 seed=L=1835881335,R=597689992: RESULT: read_snm_v = 0.38473
sample 60 seed=L=869493407,R=1761660764: RESULT: read_snm_v = 0.387251
sample 61 seed=L=128489659,R=705598335: RESULT: read_snm_v = 0.362206
sample 62 seed=L=93081690,R=285328264: RESULT: read_snm_v = 0.425429
sample 63 seed=L=487639489,R=1981886545: RESULT: read_snm_v = 0.400206
sample 64 seed=L=1682518974,R=288735514: RESULT: read_snm_v = 0.402992
sample 65 seed=L=1730231061,R=1385604560: RESULT: read_snm_v = 0.377153
sample 66 seed=L=1768400342,R=1470632464: RESULT: read_snm_v = 0.349413
sample 67 seed=L=1095084472,R=526399040: RESULT: read_snm_v = 0.391137
sample 68 seed=L=1128097341,R=331820145: RESULT: read_snm_v = 0.418894
sample 69 seed=L=1565623438,R=1558535604: RESULT: read_snm_v = 0.328127
sample 70 seed=L=1217138905,R=1550419177: RESULT: read_snm_v = 0.383282
sample 71 seed=L=303572715,R=978315181: RESULT: read_snm_v = 0.420414
sample 72 seed=L=1921878702,R=1889486127: RESULT: read_snm_v = 0.347762
sample 73 seed=L=1325142374,R=209219405: RESULT: read_snm_v = 0.400717
sample 74 seed=L=1347749424,R=1495057664: RESULT: read_snm_v = 0.384674
sample 75 seed=L=1135658225,R=1776720925: RESULT: read_snm_v = 0.372819
sample 76 seed=L=257551821,R=1671400427: RESULT: read_snm_v = 0.378262
sample 77 seed=L=1839966010,R=838413940: RESULT: read_snm_v = 0.393638
sample 78 seed=L=456769856,R=355225127: RESULT: read_snm_v = 0.408119
sample 79 seed=L=1082286591,R=126069485: RESULT: read_snm_v = 0.371883
sample 80 seed=L=1500668314,R=36601915: RESULT: read_snm_v = 0.383217
sample 81 seed=L=1514594695,R=481940736: RESULT: read_snm_v = 0.376005
sample 82 seed=L=1419189500,R=265868724: RESULT: read_snm_v = 0.383936
sample 83 seed=L=430719982,R=1025928135: RESULT: read_snm_v = 0.413521
sample 84 seed=L=214889426,R=1586900702: RESULT: read_snm_v = 0.401383
sample 85 seed=L=534644476,R=1921520844: RESULT: read_snm_v = 0.378259
sample 86 seed=L=258423035,R=1846759661: RESULT: read_snm_v = 0.349243
sample 87 seed=L=488156524,R=998805854: RESULT: read_snm_v = 0.378652
sample 88 seed=L=204859518,R=465908468: RESULT: read_snm_v = 0.378763
sample 89 seed=L=1690364143,R=764896485: RESULT: read_snm_v = 0.37819
sample 90 seed=L=75660786,R=1376395281: RESULT: read_snm_v = 0.393227
sample 91 seed=L=1315450197,R=1140551097: RESULT: read_snm_v = 0.375657
sample 92 seed=L=1881402532,R=1307279787: RESULT: read_snm_v = 0.376192
sample 93 seed=L=1129385245,R=1847325767: RESULT: read_snm_v = 0.383625
sample 94 seed=L=1159370227,R=358481956: RESULT: read_snm_v = 0.381769
sample 95 seed=L=1624846225,R=1251693438: RESULT: read_snm_v = 0.371329
sample 96 seed=L=1858591487,R=1388776496: RESULT: read_snm_v = 0.399661
sample 97 seed=L=1048250698,R=51558005: RESULT: read_snm_v = 0.366428
sample 98 seed=L=778181761,R=1754893948: RESULT: read_snm_v = 0.368802
sample 99 seed=L=1878706377,R=1008994943: RESULT: read_snm_v = 0.352975
sample 100 seed=L=1576328060,R=1444379039: RESULT: read_snm_v = 0.394876
sample 101 seed=L=490139695,R=1204467682: RESULT: read_snm_v = 0.347338
sample 102 seed=L=1118852683,R=1807911992: RESULT: read_snm_v = 0.368399
sample 103 seed=L=1226825746,R=461475417: RESULT: read_snm_v = 0.365358
sample 104 seed=L=1314075487,R=295600020: RESULT: read_snm_v = 0.390937
sample 105 seed=L=284605179,R=518029655: RESULT: read_snm_v = 0.381387
sample 106 seed=L=1771225887,R=1276818732: RESULT: read_snm_v = 0.386486
sample 107 seed=L=59091935,R=1905512469: RESULT: read_snm_v = 0.385055
sample 108 seed=L=1792852560,R=1084082347: RESULT: read_snm_v = 0.366061
sample 109 seed=L=658510458,R=588287683: RESULT: read_snm_v = 0.374186
sample 110 seed=L=1566292638,R=1738561494: RESULT: read_snm_v = 0.368426
sample 111 seed=L=10043105,R=293915256: RESULT: read_snm_v = 0.373847
sample 112 seed=L=541394600,R=1258254609: RESULT: read_snm_v = 0.433434
sample 113 seed=L=1697053465,R=73829336: RESULT: read_snm_v = 0.405019
sample 114 seed=L=784965154,R=1798562054: RESULT: read_snm_v = 0.371048
sample 115 seed=L=350904195,R=771649817: RESULT: read_snm_v = 0.335205
sample 116 seed=L=208109345,R=807443586: RESULT: read_snm_v = 0.375643
sample 117 seed=L=868656677,R=1812933071: RESULT: read_snm_v = 0.388957
sample 118 seed=L=1970009464,R=656416784: RESULT: read_snm_v = 0.352202
sample 119 seed=L=75445511,R=1929423991: RESULT: read_snm_v = 0.390315
sample 120 seed=L=149986328,R=1694247874: RESULT: read_snm_v = 0.409947
sample 121 seed=L=1893700995,R=1921279676: RESULT: read_snm_v = 0.38197
sample 122 seed=L=692893937,R=193657518: RESULT: read_snm_v = 0.425423
sample 123 seed=L=1097981653,R=472208884: RESULT: read_snm_v = 0.394804
sample 124 seed=L=1853857840,R=1706790259: RESULT: read_snm_v = 0.413603
sample 125 seed=L=912754764,R=753672038: RESULT: read_snm_v = 0.378129
sample 126 seed=L=918670934,R=981674298: RESULT: read_snm_v = 0.401256
sample 127 seed=L=1049840896,R=1711168582: RESULT: read_snm_v = 0.385104
sample 128 seed=L=1484346050,R=1052927177: RESULT: read_snm_v = 0.377583
sample 129 seed=L=131424267,R=1976228635: RESULT: read_snm_v = 0.409749
sample 130 seed=L=1860531829,R=726883160: RESULT: read_snm_v = 0.36449
sample 131 seed=L=1942519763,R=313273688: RESULT: read_snm_v = 0.354864
sample 132 seed=L=1415476215,R=1795249714: RESULT: read_snm_v = 0.3125
sample 133 seed=L=422453324,R=273319413: RESULT: read_snm_v = 0.376715
sample 134 seed=L=1640318046,R=680558273: RESULT: read_snm_v = 0.425138
sample 135 seed=L=234922239,R=704339679: RESULT: read_snm_v = 0.389661
sample 136 seed=L=971255975,R=1446395620: RESULT: read_snm_v = 0.391697
sample 137 seed=L=572547088,R=1851795141: RESULT: read_snm_v = 0.394765
sample 138 seed=L=940558135,R=1509356201: RESULT: read_snm_v = 0.329639
sample 139 seed=L=796135625,R=1107461667: RESULT: read_snm_v = 0.365633
sample 140 seed=L=635425983,R=21664485: RESULT: read_snm_v = 0.381225
sample 141 seed=L=1231940375,R=130606194: RESULT: read_snm_v = 0.394267
sample 142 seed=L=1139821046,R=18509519: RESULT: read_snm_v = 0.378321
sample 143 seed=L=278757693,R=1347976269: RESULT: read_snm_v = 0.364125
sample 144 seed=L=1586879435,R=692476813: RESULT: read_snm_v = 0.374319
sample 145 seed=L=1079127912,R=1052857676: RESULT: read_snm_v = 0.393256
sample 146 seed=L=576020875,R=183245062: RESULT: read_snm_v = 0.376046
sample 147 seed=L=1613216811,R=1939918430: RESULT: read_snm_v = 0.390823
sample 148 seed=L=441426170,R=1374612032: RESULT: read_snm_v = 0.390847
sample 149 seed=L=895481282,R=719505091: RESULT: read_snm_v = 0.419092
sample 150 seed=L=1541319647,R=1106469108: RESULT: read_snm_v = 0.381682
sample 151 seed=L=1541016970,R=242546882: RESULT: read_snm_v = 0.407936
sample 152 seed=L=1611639745,R=34147544: RESULT: read_snm_v = 0.369205
sample 153 seed=L=720204268,R=386893354: RESULT: read_snm_v = 0.369521
sample 154 seed=L=1975425350,R=534409557: RESULT: read_snm_v = 0.359058
sample 155 seed=L=207807208,R=1802901407: RESULT: read_snm_v = 0.432715
sample 156 seed=L=1936850174,R=1597723652: RESULT: read_snm_v = 0.394534
sample 157 seed=L=977784616,R=426913926: RESULT: read_snm_v = 0.358722
sample 158 seed=L=370812844,R=1945640202: RESULT: read_snm_v = 0.393435
sample 159 seed=L=915448698,R=110810521: RESULT: read_snm_v = 0.351254
sample 160 seed=L=837310093,R=1661348930: RESULT: read_snm_v = 0.363752
sample 161 seed=L=437927990,R=237375868: RESULT: read_snm_v = 0.406316
sample 162 seed=L=1782552181,R=1114498573: RESULT: read_snm_v = 0.367536
sample 163 seed=L=1677382863,R=322077108: RESULT: read_snm_v = 0.357625
sample 164 seed=L=376857286,R=765811730: RESULT: read_snm_v = 0.417706
sample 165 seed=L=304128617,R=1111525014: RESULT: read_snm_v = 0.341314
sample 166 seed=L=978709521,R=1105752538: RESULT: read_snm_v = 0.366462
sample 167 seed=L=960419300,R=840357719: RESULT: read_snm_v = 0.374775
sample 168 seed=L=599988311,R=250077199: RESULT: read_snm_v = 0.417665
sample 169 seed=L=270381964,R=1092774432: RESULT: read_snm_v = 0.384059
sample 170 seed=L=234927117,R=1739284389: RESULT: read_snm_v = 0.385247
sample 171 seed=L=158363858,R=1895429092: RESULT: read_snm_v = 0.375501
sample 172 seed=L=1498300367,R=1588460374: RESULT: read_snm_v = 0.369108
sample 173 seed=L=1353899744,R=1200260282: RESULT: read_snm_v = 0.399658
sample 174 seed=L=1588453631,R=1753055291: RESULT: read_snm_v = 0.397374
sample 175 seed=L=790908470,R=18571932: RESULT: read_snm_v = 0.342465
sample 176 seed=L=162215615,R=359304024: RESULT: read_snm_v = 0.390635
sample 177 seed=L=953288890,R=995386552: RESULT: read_snm_v = 0.398387
sample 178 seed=L=1613440007,R=1500689457: RESULT: read_snm_v = 0.374887
sample 179 seed=L=1306949743,R=1624756111: RESULT: read_snm_v = 0.372568
sample 180 seed=L=1363254762,R=284674330: RESULT: read_snm_v = 0.390354
sample 181 seed=L=1176846732,R=284614195: RESULT: read_snm_v = 0.356694
sample 182 seed=L=1324857660,R=1043484627: RESULT: read_snm_v = 0.390923
sample 183 seed=L=1583527736,R=446890082: RESULT: read_snm_v = 0.421716
sample 184 seed=L=494609866,R=1822131913: RESULT: read_snm_v = 0.391275
sample 185 seed=L=673306073,R=453976113: RESULT: read_snm_v = 0.363404
sample 186 seed=L=212541088,R=1737190524: RESULT: read_snm_v = 0.388638
sample 187 seed=L=513795150,R=1479653903: RESULT: read_snm_v = 0.408836
sample 188 seed=L=192723746,R=1957690653: RESULT: read_snm_v = 0.381696
sample 189 seed=L=1916523850,R=985193509: RESULT: read_snm_v = 0.38208
sample 190 seed=L=736640269,R=295522689: RESULT: read_snm_v = 0.378569
sample 191 seed=L=838481501,R=1998124843: RESULT: read_snm_v = 0.36516
sample 192 seed=L=1256589684,R=1038549899: RESULT: read_snm_v = 0.35656
sample 193 seed=L=1064426337,R=84779269: RESULT: read_snm_v = 0.385925
sample 194 seed=L=1075243953,R=937969637: RESULT: read_snm_v = 0.410733
sample 195 seed=L=1769363003,R=240749310: RESULT: read_snm_v = 0.379821
sample 196 seed=L=79755352,R=234390193: RESULT: read_snm_v = 0.383786
sample 197 seed=L=1019676306,R=1182309339: RESULT: read_snm_v = 0.400636
sample 198 seed=L=405031449,R=1004521088: RESULT: read_snm_v = 0.392191
sample 199 seed=L=259387003,R=1068642473: RESULT: read_snm_v = 0.388365

=== corner tt_25c_3.30v -- determinism control (sw_stat_mismatch=0) ===
sample 0 seed=L=1887323047,R=470306919: RESULT: read_snm_v = 0.381267
sample 1 seed=L=912206832,R=1223731974: RESULT: read_snm_v = 0.381267
sample 2 seed=L=1254104611,R=1116542290: RESULT: read_snm_v = 0.381267
sample 3 seed=L=1924115895,R=784795791: RESULT: read_snm_v = 0.381267

=== corner tt_25c_3.30v -- negative control (known-bad variant: sw_stat_mismatch=20 (20x the PDK's per-instance Vt/current-factor mismatch sigma)) ===
sample 0 seed=L=165686784,R=1326476780: RESULT: read_snm_v = -0.066754
sample 1 seed=L=118007308,R=805397404: RESULT: read_snm_v = 0.467241
sample 2 seed=L=1645801770,R=1956076500: RESULT: read_snm_v = 0.035203
sample 3 seed=L=473356044,R=1445059278: RESULT: read_snm_v = -0.031103
sample 4 seed=L=727555529,R=1048033289: RESULT: read_snm_v = 0.753849
sample 5 seed=L=40135564,R=953723038: RESULT: read_snm_v = -0.067054
sample 6 seed=L=209281292,R=1439553002: RESULT: read_snm_v = -0.066068
sample 7 seed=L=26307574,R=1179216290: RESULT: read_snm_v = 0.165637
sample 8 seed=L=790438288,R=617355667: RESULT: read_snm_v = 0.132022
sample 9 seed=L=1826470975,R=1092738707: RESULT: read_snm_v = 0.676215
sample 10 seed=L=55487530,R=1163071768: RESULT: read_snm_v = 0.308409
sample 11 seed=L=856778157,R=225958995: RESULT: read_snm_v = -0.07
sample 12 seed=L=663118224,R=233368892: RESULT: read_snm_v = -0.053704
sample 13 seed=L=1091542802,R=1408435407: RESULT: read_snm_v = 0.681889
sample 14 seed=L=1598153105,R=1180466027: RESULT: read_snm_v = -0.066284
sample 15 seed=L=106875459,R=553370708: RESULT: read_snm_v = -0.019722
sample 16 seed=L=531220303,R=1817516722: RESULT: read_snm_v = 0.461752
sample 17 seed=L=998119850,R=209008549: RESULT: read_snm_v = 0.192774
sample 18 seed=L=1554696071,R=22675391: RESULT: read_snm_v = -0.054656
sample 19 seed=L=1697546287,R=1535337913: RESULT: read_snm_v = 0.514576
sample 20 seed=L=1364943856,R=1191238957: RESULT: read_snm_v = -0.06997
sample 21 seed=L=111633459,R=400085462: RESULT: read_snm_v = 0.818413
sample 22 seed=L=828218917,R=1133044363: RESULT: read_snm_v = 1.022704
sample 23 seed=L=441255735,R=10653176: RESULT: read_snm_v = 0.351625
sample 24 seed=L=109589188,R=1035560186: RESULT: read_snm_v = 0.78552
sample 25 seed=L=1371471494,R=291176655: RESULT: read_snm_v = 0.37279
sample 26 seed=L=1221476972,R=1896644329: RESULT: read_snm_v = 0.466499
sample 27 seed=L=1368732804,R=675260657: RESULT: read_snm_v = 1.03722
sample 28 seed=L=243682998,R=1067103345: RESULT: read_snm_v = 0.396146
sample 29 seed=L=1817017069,R=351522784: RESULT: read_snm_v = -0.07
sample 30 seed=L=175134097,R=1793015328: RESULT: read_snm_v = -0.069784
sample 31 seed=L=1145537233,R=537974560: RESULT: read_snm_v = 0.629858
sample 32 seed=L=1882759663,R=729814992: RESULT: read_snm_v = -0.046322
sample 33 seed=L=1638169122,R=225740806: RESULT: read_snm_v = 0.281046
sample 34 seed=L=513531359,R=500052517: RESULT: read_snm_v = -0.06995
sample 35 seed=L=33046927,R=1689391010: RESULT: read_snm_v = 0.050299
sample 36 seed=L=572702602,R=1186083702: RESULT: read_snm_v = 0.203527
sample 37 seed=L=1041409929,R=1157178648: RESULT: read_snm_v = -0.069923
sample 38 seed=L=1415918918,R=1879051449: RESULT: read_snm_v = -0.07
sample 39 seed=L=1059467916,R=1083485654: RESULT: read_snm_v = -0.068862
sample 40 seed=L=1394820505,R=1905007148: RESULT: read_snm_v = -0.066094
sample 41 seed=L=918071686,R=444631205: RESULT: read_snm_v = -0.07
sample 42 seed=L=92625770,R=713001732: RESULT: read_snm_v = 0.281555
sample 43 seed=L=1438883765,R=90434029: RESULT: read_snm_v = -0.07
sample 44 seed=L=948531485,R=811645370: RESULT: read_snm_v = 0.51758
sample 45 seed=L=124728391,R=1780062375: RESULT: read_snm_v = -0.066201
sample 46 seed=L=919653209,R=1758266590: RESULT: read_snm_v = -0.061255
sample 47 seed=L=1857840970,R=1982685532: RESULT: read_snm_v = 0.560757
sample 48 seed=L=212868034,R=345935936: RESULT: read_snm_v = -0.067081
sample 49 seed=L=1542600083,R=738245171: RESULT: read_snm_v = 0.251506
sample 50 seed=L=1352171099,R=146508125: RESULT: read_snm_v = -0.066699
sample 51 seed=L=469531861,R=226144644: RESULT: read_snm_v = -0.06665
sample 52 seed=L=175081582,R=1305776198: RESULT: read_snm_v = -0.0672
sample 53 seed=L=415032196,R=857013906: RESULT: read_snm_v = -0.07
sample 54 seed=L=1120691367,R=1842753742: RESULT: read_snm_v = 0.051268
sample 55 seed=L=1811376920,R=45068921: RESULT: read_snm_v = -0.067762
sample 56 seed=L=1870069726,R=113631986: RESULT: read_snm_v = 0.069415
sample 57 seed=L=111734324,R=1386019262: RESULT: read_snm_v = 0.54432
sample 58 seed=L=1742610528,R=1561972883: RESULT: read_snm_v = 0.726585
sample 59 seed=L=708778484,R=1721026493: RESULT: read_snm_v = -0.063601
sample 60 seed=L=991624712,R=40658592: RESULT: read_snm_v = -0.067384
sample 61 seed=L=966486604,R=1511285724: RESULT: read_snm_v = -0.067309
sample 62 seed=L=1113508085,R=1347618618: RESULT: read_snm_v = 0.055695
sample 63 seed=L=374461520,R=1734873664: RESULT: read_snm_v = 0.11608
sample 64 seed=L=901716589,R=555785555: RESULT: read_snm_v = 0.028719
sample 65 seed=L=1680751034,R=478425796: RESULT: read_snm_v = -0.069722
sample 66 seed=L=70604038,R=1603943868: RESULT: read_snm_v = -0.051191
sample 67 seed=L=1591680983,R=808115541: RESULT: read_snm_v = -0.06663
sample 68 seed=L=1376664573,R=1510580049: RESULT: read_snm_v = 0.751448
sample 69 seed=L=1718844787,R=1063588921: RESULT: read_snm_v = -0.067136
sample 70 seed=L=435899660,R=173169051: RESULT: read_snm_v = 0.261101
sample 71 seed=L=125370188,R=1288982962: RESULT: read_snm_v = -0.067189
sample 72 seed=L=1594294832,R=486362888: RESULT: read_snm_v = 0.656273
sample 73 seed=L=72981083,R=404521979: RESULT: read_snm_v = 0.263469
sample 74 seed=L=1032017480,R=953813529: RESULT: read_snm_v = -0.057985
sample 75 seed=L=886076066,R=1031630720: RESULT: read_snm_v = -0.066024
sample 76 seed=L=1699989293,R=1168955419: RESULT: read_snm_v = 0.519485
sample 77 seed=L=30176196,R=756152696: RESULT: read_snm_v = -0.064295
sample 78 seed=L=453882675,R=288167257: RESULT: read_snm_v = 0.035962
sample 79 seed=L=1925641088,R=201935542: RESULT: read_snm_v = -0.07
sample 80 seed=L=394526993,R=232895192: RESULT: read_snm_v = 0.08734
sample 81 seed=L=73985901,R=1635063236: RESULT: read_snm_v = 0.787025
sample 82 seed=L=1075240932,R=1900944029: RESULT: read_snm_v = 0.093861
sample 83 seed=L=1004167359,R=125361943: RESULT: read_snm_v = 0.088813
sample 84 seed=L=642468740,R=846078793: RESULT: read_snm_v = 0.131201
sample 85 seed=L=1808930182,R=1190930612: RESULT: read_snm_v = 0.361665
sample 86 seed=L=1225717732,R=1147128494: RESULT: read_snm_v = 0.672821
sample 87 seed=L=703472321,R=1252001864: RESULT: read_snm_v = 0.062972
sample 88 seed=L=702098937,R=109862323: RESULT: read_snm_v = 0.435943
sample 89 seed=L=527028369,R=1093335826: OPEN -- R: expected data file read_snm_sweep.txt not produced (ngspice exit 1)
sample 90 seed=L=1058596166,R=1323935390: RESULT: read_snm_v = -0.07
sample 91 seed=L=168064149,R=395994413: RESULT: read_snm_v = -0.044971
sample 92 seed=L=168034202,R=1347915810: RESULT: read_snm_v = 0.534717
sample 93 seed=L=1407663818,R=64154903: RESULT: read_snm_v = -0.051522
sample 94 seed=L=1643960790,R=945924497: RESULT: read_snm_v = 0.715515
sample 95 seed=L=1232746602,R=1271287440: RESULT: read_snm_v = 0.338442
sample 96 seed=L=435786805,R=122254731: RESULT: read_snm_v = -0.043666
sample 97 seed=L=1663551103,R=1662982059: RESULT: read_snm_v = -0.00389
sample 98 seed=L=34886324,R=423073438: RESULT: read_snm_v = -0.07
sample 99 seed=L=913687961,R=1692739130: RESULT: read_snm_v = 0.149298
